Build started 02/17/2026 10:47:18 PM.
Logging verbosity is set to: Detailed.     0>Process = "C:\Program Files\dotnet\dotnet.exe"
       MSBuild executable path = "C:\Program Files\dotnet\sdk\9.0.304\MSBuild.dll"
       Command line arguments = "C:\Program Files\dotnet\sdk\9.0.304\MSBuild.dll -maxcpucount -verbosity:m -tlp:default=auto -nologo -restore -consoleloggerparameters:Summary backend/BSkyClone.csproj /v:q /flp:logfile=build_errors.log -distributedlogger:Microsoft.DotNet.Tools.MSBuild.MSBuildLogger,C:\Program Files\dotnet\sdk\9.0.304\dotnet.dll*Microsoft.DotNet.Tools.MSBuild.MSBuildForwardingLogger,C:\Program Files\dotnet\sdk\9.0.304\dotnet.dll"
       Current directory = "C:\Projects\BlueSky"
       MSBuild version = "17.14.16+5d8159c5f"
       Based on the Windows registry key LongPathsEnabled, the LongPaths feature is enabled.
       Based on the Windows registry key VerifiedAndReputablePolicyState, SAC state = 0: turned off.
       The SDK "Microsoft.NET.Sdk.Web" was successfully resolved by the "DefaultSdkResolver" resolver to location "C:\Program Files\dotnet\sdk\9.0.304\Sdks\Microsoft.NET.Sdk.Web\Sdk" and version "".
       Assembly loaded during Evaluation: NuGet.Frameworks, Version=6.14.0.116, Culture=neutral, PublicKeyToken=31bf3856ad364e35 (location: C:\Program Files\dotnet\sdk\9.0.304\NuGet.Frameworks.dll, MVID: 6b5909cd-5145-46c4-9595-25461e82c126, AssemblyLoadContext: Assembly.LoadFile(C:\Program Files\dotnet\sdk\9.0.304\NuGet.Frameworks.dll))
       The SDK "Microsoft.NET.Sdk" was successfully resolved by the "DefaultSdkResolver" resolver to location "C:\Program Files\dotnet\sdk\9.0.304\Sdks\Microsoft.NET.Sdk\Sdk" and version "".
       C:\Program Files\dotnet\sdk\9.0.304\Sdks\Microsoft.NET.Sdk\Sdk\Sdk.props(49,11): message : Property 'MSBuildExtensionsPath' with value 'C:\Program Files\dotnet\sdk\9.0.304\' expanded from the environment.
       C:\Program Files\dotnet\sdk\9.0.304\Current\Microsoft.Common.props(60,5): message : Property reassignment: $(MSBuildProjectExtensionsPath)="C:\Projects\BlueSky\backend\obj\" (previous value: "obj\") at C:\Program Files\dotnet\sdk\9.0.304\Current\Microsoft.Common.props (60,5)
       C:\Program Files\dotnet\sdk\9.0.304\Current\Microsoft.Common.props(84,119): message : Property 'MSBuildUserExtensionsPath' with value 'C:\Users\nguye\AppData\Local\Microsoft\MSBuild' expanded from the environment.
       C:\Program Files\dotnet\sdk\9.0.304\Sdks\Microsoft.NET.Sdk\targets\Microsoft.NET.Sdk.props(90,5): message : Property reassignment: $(AssemblySearchPaths)="{CandidateAssemblyFiles};{HintPathFromItem}" (previous value: "{CandidateAssemblyFiles}") at C:\Program Files\dotnet\sdk\9.0.304\Sdks\Microsoft.NET.Sdk\targets\Microsoft.NET.Sdk.props (90,5)
       C:\Program Files\dotnet\sdk\9.0.304\Sdks\Microsoft.NET.Sdk\targets\Microsoft.NET.Sdk.props(91,5): message : Property reassignment: $(AssemblySearchPaths)="{CandidateAssemblyFiles};{HintPathFromItem};{TargetFrameworkDirectory}" (previous value: "{CandidateAssemblyFiles};{HintPathFromItem}") at C:\Program Files\dotnet\sdk\9.0.304\Sdks\Microsoft.NET.Sdk\targets\Microsoft.NET.Sdk.props (91,5)
       C:\Program Files\dotnet\sdk\9.0.304\Sdks\Microsoft.NET.Sdk\targets\Microsoft.NET.Sdk.props(92,5): message : Property reassignment: $(AssemblySearchPaths)="{CandidateAssemblyFiles};{HintPathFromItem};{TargetFrameworkDirectory};{RawFileName}" (previous value: "{CandidateAssemblyFiles};{HintPathFromItem};{TargetFrameworkDirectory}") at C:\Program Files\dotnet\sdk\9.0.304\Sdks\Microsoft.NET.Sdk\targets\Microsoft.NET.Sdk.props (92,5)
       The "DefaultSdkResolver" resolver attempted to resolve the SDK "Microsoft.NET.SDK.WorkloadAutoImportPropsLocator".
       Warnings: null
       Errors: MSB4276: The default SDK resolver failed to resolve SDK "Microsoft.NET.SDK.WorkloadAutoImportPropsLocator" because directory "C:\Program Files\dotnet\sdk\9.0.304\Sdks\Microsoft.NET.SDK.WorkloadAutoImportPropsLocator\Sdk" did not exist.
       Assembly loaded during Evaluation: Microsoft.Build.NuGetSdkResolver, Version=6.14.0.116, Culture=neutral, PublicKeyToken=31bf3856ad364e35 (location: C:\Program Files\dotnet\sdk\9.0.304\Microsoft.Build.NuGetSdkResolver.dll, MVID: ee5cca45-a90e-417e-aaf7-f0e96f222226, AssemblyLoadContext: MSBuild plugin C:\Program Files\dotnet\sdk\9.0.304\Microsoft.Build.NuGetSdkResolver.dll)
       Assembly loaded during Evaluation: System.Reflection.Metadata, Version=9.0.0.0, Culture=neutral, PublicKeyToken=b03f5f7f11d50a3a (location: C:\Program Files\dotnet\shared\Microsoft.NETCore.App\9.0.8\System.Reflection.Metadata.dll, MVID: dbaf5a55-ca96-423e-a0a5-854421f927b8, AssemblyLoadContext: Default)
       Assembly loaded during Evaluation: NuGet.Common, Version=6.14.0.116, Culture=neutral, PublicKeyToken=31bf3856ad364e35 (location: C:\Program Files\dotnet\sdk\9.0.304\NuGet.Common.dll, MVID: 0fbb79ae-e358-4591-bc91-e34371a3d05b, AssemblyLoadContext: MSBuild plugin C:\Program Files\dotnet\sdk\9.0.304\Microsoft.Build.NuGetSdkResolver.dll)
       Assembly loaded during Evaluation: Microsoft.NET.Sdk.WorkloadMSBuildSdkResolver, Version=9.0.304.0, Culture=neutral, PublicKeyToken=31bf3856ad364e35 (location: C:\Program Files\dotnet\sdk\9.0.304\Microsoft.NET.Sdk.WorkloadMSBuildSdkResolver.dll, MVID: dfdd5c1a-5060-4680-9639-77b3556ef1bf, AssemblyLoadContext: MSBuild plugin C:\Program Files\dotnet\sdk\9.0.304\Microsoft.NET.Sdk.WorkloadMSBuildSdkResolver.dll)
       Assembly loaded during Evaluation: Microsoft.DotNet.Cli.Utils, Version=9.0.304.0, Culture=neutral, PublicKeyToken=adb9793829ddae60 (location: C:\Program Files\dotnet\sdk\9.0.304\Microsoft.DotNet.Cli.Utils.dll, MVID: 5071ae22-7291-48bf-8ac1-4379ce6129aa, AssemblyLoadContext: MSBuild plugin C:\Program Files\dotnet\sdk\9.0.304\Microsoft.NET.Sdk.WorkloadMSBuildSdkResolver.dll)
       Assembly loaded during Evaluation: Microsoft.NET.Sdk.WorkloadManifestReader, Version=9.0.304.0, Culture=neutral, PublicKeyToken=adb9793829ddae60 (location: C:\Program Files\dotnet\sdk\9.0.304\Microsoft.NET.Sdk.WorkloadManifestReader.dll, MVID: 6795db4c-5bdb-415d-8726-5b9c311aabae, AssemblyLoadContext: MSBuild plugin C:\Program Files\dotnet\sdk\9.0.304\Microsoft.NET.Sdk.WorkloadMSBuildSdkResolver.dll)
       Assembly loaded during Evaluation: Microsoft.Deployment.DotNet.Releases, Version=2.0.0.0, Culture=neutral, PublicKeyToken=31bf3856ad364e35 (location: C:\Program Files\dotnet\sdk\9.0.304\Microsoft.Deployment.DotNet.Releases.dll, MVID: 400d16c0-099c-46d2-bc0e-802a0637399b, AssemblyLoadContext: MSBuild plugin C:\Program Files\dotnet\sdk\9.0.304\Microsoft.NET.Sdk.WorkloadMSBuildSdkResolver.dll)
       The SDK "Microsoft.NET.SDK.WorkloadAutoImportPropsLocator" was successfully resolved by the "Microsoft.DotNet.MSBuildWorkloadSdkResolver" resolver to location "C:\Program Files\dotnet\packs\Microsoft.Android.Sdk.Windows\35.0.78\Sdk" and version "null".
       C:\Program Files\dotnet\sdk\9.0.304\Sdks\Microsoft.NET.Sdk\targets\Microsoft.NET.PackProjectTool.props(15,5): message : Property reassignment: $(TargetsForTfmSpecificContentInPackage)=";PackTool;_PackProjectToolValidation" (previous value: ";PackTool") at C:\Program Files\dotnet\sdk\9.0.304\Sdks\Microsoft.NET.Sdk\targets\Microsoft.NET.PackProjectTool.props (15,5)
       The SDK "Microsoft.NET.Sdk.Razor" was successfully resolved by the "DefaultSdkResolver" resolver to location "C:\Program Files\dotnet\sdk\9.0.304\Sdks\Microsoft.NET.Sdk.Razor\Sdk" and version "".
       The SDK "Microsoft.NET.Sdk.StaticWebAssets" was successfully resolved by the "DefaultSdkResolver" resolver to location "C:\Program Files\dotnet\sdk\9.0.304\Sdks\Microsoft.NET.Sdk.StaticWebAssets\Sdk" and version "".
       C:\Program Files\dotnet\sdk\9.0.304\Sdks\Microsoft.NET.Sdk.StaticWebAssets\Sdk\Sdk.StaticWebAssets.StaticAssets.ProjectSystem.props(23,5): message : Property reassignment: $(DefaultItemExcludes)=";**\node_modules\**;node_modules\**;**\jspm_packages\**;jspm_packages\**" (previous value: ";**\node_modules\**;node_modules\**") at C:\Program Files\dotnet\sdk\9.0.304\Sdks\Microsoft.NET.Sdk.StaticWebAssets\Sdk\Sdk.StaticWebAssets.StaticAssets.ProjectSystem.props (23,5)
       C:\Program Files\dotnet\sdk\9.0.304\Sdks\Microsoft.NET.Sdk.StaticWebAssets\Sdk\Sdk.StaticWebAssets.StaticAssets.ProjectSystem.props(24,5): message : Property reassignment: $(DefaultItemExcludes)=";**\node_modules\**;node_modules\**;**\jspm_packages\**;jspm_packages\**;**\bower_components\**;bower_components\**" (previous value: ";**\node_modules\**;node_modules\**;**\jspm_packages\**;jspm_packages\**") at C:\Program Files\dotnet\sdk\9.0.304\Sdks\Microsoft.NET.Sdk.StaticWebAssets\Sdk\Sdk.StaticWebAssets.StaticAssets.ProjectSystem.props (24,5)
       C:\Program Files\dotnet\sdk\9.0.304\Sdks\Microsoft.NET.Sdk.StaticWebAssets\Sdk\Sdk.StaticWebAssets.StaticAssets.ProjectSystem.props(25,5): message : Property reassignment: $(DefaultItemExcludes)=";**\node_modules\**;node_modules\**;**\jspm_packages\**;jspm_packages\**;**\bower_components\**;bower_components\**;**\packages.lock.json" (previous value: ";**\node_modules\**;node_modules\**;**\jspm_packages\**;jspm_packages\**;**\bower_components\**;bower_components\**") at C:\Program Files\dotnet\sdk\9.0.304\Sdks\Microsoft.NET.Sdk.StaticWebAssets\Sdk\Sdk.StaticWebAssets.StaticAssets.ProjectSystem.props (25,5)
       The SDK "Microsoft.NET.Sdk.Web.ProjectSystem" was successfully resolved by the "DefaultSdkResolver" resolver to location "C:\Program Files\dotnet\sdk\9.0.304\Sdks\Microsoft.NET.Sdk.Web.ProjectSystem\Sdk" and version "".
       C:\Program Files\dotnet\sdk\9.0.304\Sdks\Microsoft.NET.Sdk.Web.ProjectSystem\targets\Microsoft.NET.Sdk.Web.ProjectSystem.props(16,5): message : Property reassignment: $(OutputType)="Exe" (previous value: "Library") at C:\Program Files\dotnet\sdk\9.0.304\Sdks\Microsoft.NET.Sdk.Web.ProjectSystem\targets\Microsoft.NET.Sdk.Web.ProjectSystem.props (16,5)
       The SDK "Microsoft.NET.Sdk.Publish" was successfully resolved by the "DefaultSdkResolver" resolver to location "C:\Program Files\dotnet\sdk\9.0.304\Sdks\Microsoft.NET.Sdk.Publish\Sdk" and version "".
       C:\Program Files\dotnet\sdk\9.0.304\Sdks\Microsoft.NET.Sdk\targets\Microsoft.NET.Sdk.ImportPublishProfile.targets(28,5): message : Property reassignment: $(PublishProfileImported)="false" (previous value: "true") at C:\Program Files\dotnet\sdk\9.0.304\Sdks\Microsoft.NET.Sdk\targets\Microsoft.NET.Sdk.ImportPublishProfile.targets (28,5)
       C:\Program Files\dotnet\sdk\9.0.304\Sdks\Microsoft.NET.Sdk\targets\Microsoft.NET.TargetFrameworkInference.targets(69,5): message : Property reassignment: $(TargetPlatformVersion)="" (previous value: "0.0") at C:\Program Files\dotnet\sdk\9.0.304\Sdks\Microsoft.NET.Sdk\targets\Microsoft.NET.TargetFrameworkInference.targets (69,5)
       C:\Program Files\dotnet\sdk\9.0.304\Sdks\Microsoft.NET.Sdk\targets\Microsoft.NET.DefaultOutputPaths.targets(121,5): message : Property reassignment: $(DefaultItemExcludes)=";**\node_modules\**;node_modules\**;**\jspm_packages\**;jspm_packages\**;**\bower_components\**;bower_components\**;**\packages.lock.json;bin\Debug\/**" (previous value: ";**\node_modules\**;node_modules\**;**\jspm_packages\**;jspm_packages\**;**\bower_components\**;bower_components\**;**\packages.lock.json") at C:\Program Files\dotnet\sdk\9.0.304\Sdks\Microsoft.NET.Sdk\targets\Microsoft.NET.DefaultOutputPaths.targets (121,5)
       C:\Program Files\dotnet\sdk\9.0.304\Sdks\Microsoft.NET.Sdk\targets\Microsoft.NET.DefaultOutputPaths.targets(122,5): message : Property reassignment: $(DefaultItemExcludes)=";**\node_modules\**;node_modules\**;**\jspm_packages\**;jspm_packages\**;**\bower_components\**;bower_components\**;**\packages.lock.json;bin\Debug\/**;obj\Debug\/**" (previous value: ";**\node_modules\**;node_modules\**;**\jspm_packages\**;jspm_packages\**;**\bower_components\**;bower_components\**;**\packages.lock.json;bin\Debug\/**") at C:\Program Files\dotnet\sdk\9.0.304\Sdks\Microsoft.NET.Sdk\targets\Microsoft.NET.DefaultOutputPaths.targets (122,5)
       C:\Program Files\dotnet\sdk\9.0.304\Sdks\Microsoft.NET.Sdk\targets\Microsoft.NET.DefaultOutputPaths.targets(137,5): message : Property reassignment: $(OutputPath)="bin\Debug\net9.0\" (previous value: "bin\Debug\") at C:\Program Files\dotnet\sdk\9.0.304\Sdks\Microsoft.NET.Sdk\targets\Microsoft.NET.DefaultOutputPaths.targets (137,5)
       C:\Program Files\dotnet\sdk\9.0.304\Sdks\Microsoft.NET.Sdk\targets\Microsoft.NET.DefaultOutputPaths.targets(142,5): message : Property reassignment: $(IntermediateOutputPath)="obj\Debug\net9.0\" (previous value: "obj\Debug\") at C:\Program Files\dotnet\sdk\9.0.304\Sdks\Microsoft.NET.Sdk\targets\Microsoft.NET.DefaultOutputPaths.targets (142,5)
       The "DefaultSdkResolver" resolver attempted to resolve the SDK "Microsoft.NET.SDK.WorkloadManifestTargetsLocator".
       Warnings: null
       Errors: MSB4276: The default SDK resolver failed to resolve SDK "Microsoft.NET.SDK.WorkloadManifestTargetsLocator" because directory "C:\Program Files\dotnet\sdk\9.0.304\Sdks\Microsoft.NET.SDK.WorkloadManifestTargetsLocator\Sdk" did not exist.
       The SDK "Microsoft.NET.SDK.WorkloadManifestTargetsLocator" was successfully resolved by the "Microsoft.DotNet.MSBuildWorkloadSdkResolver" resolver to location "C:\Program Files\dotnet\sdk-manifests\9.0.100\microsoft.net.sdk.android\35.0.78" and version "null".
       C:\Program Files\dotnet\sdk\9.0.304\Sdks\Microsoft.NET.Sdk\targets\Microsoft.NET.Sdk.BeforeCommon.targets(187,5): message : Property reassignment: $(_FrameworkIdentifierForImplicitDefine)="NET" (previous value: "NETCOREAPP") at C:\Program Files\dotnet\sdk\9.0.304\Sdks\Microsoft.NET.Sdk\targets\Microsoft.NET.Sdk.BeforeCommon.targets (187,5)
       C:\Program Files\dotnet\sdk\9.0.304\Sdks\Microsoft.NET.Sdk\targets\Microsoft.NET.Sdk.BeforeCommon.targets(192,5): message : Property reassignment: $(_FrameworkVersionForImplicitDefine)="9_0" (previous value: "9.0") at C:\Program Files\dotnet\sdk\9.0.304\Sdks\Microsoft.NET.Sdk\targets\Microsoft.NET.Sdk.BeforeCommon.targets (192,5)
       C:\Program Files\dotnet\sdk\9.0.304\Roslyn\Microsoft.CSharp.Core.targets(200,5): message : Property reassignment: $(CommandLineArgsForDesignTimeEvaluation)="-langversion:13.0 -define:TRACE" (previous value: "-langversion:13.0") at C:\Program Files\dotnet\sdk\9.0.304\Roslyn\Microsoft.CSharp.Core.targets (200,5)
       Assembly loaded during Evaluation: Microsoft.Build.Utilities.Core, Version=15.1.0.0, Culture=neutral, PublicKeyToken=b03f5f7f11d50a3a (location: C:\Program Files\dotnet\sdk\9.0.304\Microsoft.Build.Utilities.Core.dll, MVID: a80e9bbc-a6fa-45e5-829b-e8cef913666f, AssemblyLoadContext: Default)
       C:\Program Files\dotnet\sdk\9.0.304\Microsoft.Common.CurrentVersion.targets(175,5): message : Property reassignment: $(_DebugSymbolsProduced)="true" (previous value: "false") at C:\Program Files\dotnet\sdk\9.0.304\Microsoft.Common.CurrentVersion.targets (175,5)
       C:\Program Files\dotnet\sdk\9.0.304\Microsoft.Common.CurrentVersion.targets(185,5): message : Property reassignment: $(_DocumentationFileProduced)="false" (previous value: "true") at C:\Program Files\dotnet\sdk\9.0.304\Microsoft.Common.CurrentVersion.targets (185,5)
       C:\Program Files\dotnet\sdk\9.0.304\Microsoft.Common.CurrentVersion.targets(393,5): message : Property reassignment: $(MSBuildCopyMarkerName)="BSkyClone.csproj.Up2Date" (previous value: "BSkyClone.csproj") at C:\Program Files\dotnet\sdk\9.0.304\Microsoft.Common.CurrentVersion.targets (393,5)
       C:\Program Files\dotnet\sdk\9.0.304\Microsoft.Common.CurrentVersion.targets(541,5): message : Property reassignment: $(ProcessorArchitecture)="msil" (previous value: "") at C:\Program Files\dotnet\sdk\9.0.304\Microsoft.Common.CurrentVersion.targets (541,5)
       C:\Program Files\dotnet\sdk\9.0.304\Microsoft.Common.CurrentVersion.targets(580,5): message : Property reassignment: $(DelaySign)="" (previous value: "false") at C:\Program Files\dotnet\sdk\9.0.304\Microsoft.Common.CurrentVersion.targets (580,5)
       C:\Program Files\dotnet\sdk\9.0.304\Microsoft.Common.CurrentVersion.targets(2619,5): message : Property 'LOCALAPPDATA' with value 'C:\Users\nguye\AppData\Local' expanded from the environment.
       C:\Program Files\dotnet\sdk\9.0.304\Microsoft.Common.CurrentVersion.targets(3947,5): message : Property reassignment: $(_SGenGenerateSerializationAssembliesConfig)="Auto" (previous value: "") at C:\Program Files\dotnet\sdk\9.0.304\Microsoft.Common.CurrentVersion.targets (3947,5)
       C:\Program Files\dotnet\sdk\9.0.304\Microsoft.Common.CurrentVersion.targets(3948,5): message : Property reassignment: $(_SGenGenerateSerializationAssembliesConfig)="Off" (previous value: "Auto") at C:\Program Files\dotnet\sdk\9.0.304\Microsoft.Common.CurrentVersion.targets (3948,5)
       C:\Program Files\dotnet\sdk\9.0.304\Microsoft.Common.CurrentVersion.targets(5159,5): message : Property reassignment: $(_TargetsThatPrepareProjectReferences)="
       C:\Program Files\dotnet\sdk\9.0.304\Microsoft.Common.CurrentVersion.targets(5159,5): message :       AssignProjectConfiguration;
       C:\Program Files\dotnet\sdk\9.0.304\Microsoft.Common.CurrentVersion.targets(5159,5): message :       _SplitProjectReferencesByFileExistence
       C:\Program Files\dotnet\sdk\9.0.304\Microsoft.Common.CurrentVersion.targets(5159,5): message :     " (previous value: "_SplitProjectReferencesByFileExistence") at C:\Program Files\dotnet\sdk\9.0.304\Microsoft.Common.CurrentVersion.targets (5159,5)
       C:\Program Files\dotnet\sdk\9.0.304\Microsoft.Common.CurrentVersion.targets(6954,5): message : Property 'MSBuildExtensionsPath32' with value 'C:\Program Files\dotnet\sdk\9.0.304' expanded from the environment.
       Assembly loaded during Evaluation: System.Threading.Tasks.Parallel, Version=9.0.0.0, Culture=neutral, PublicKeyToken=b03f5f7f11d50a3a (location: C:\Program Files\dotnet\shared\Microsoft.NETCore.App\9.0.8\System.Threading.Tasks.Parallel.dll, MVID: 1af4dee5-e6e2-41b4-8956-d0888b6207d0, AssemblyLoadContext: Default)
       C:\Program Files\dotnet\sdk\9.0.304\Sdks\Microsoft.NET.Sdk\targets\Microsoft.PackageDependencyResolution.targets(24,5): message : Property reassignment: $(ProjectAssetsFile)="C:\Projects\BlueSky\backend\obj\project.assets.json" (previous value: "C:\Projects\BlueSky\backend\obj\/project.assets.json") at C:\Program Files\dotnet\sdk\9.0.304\Sdks\Microsoft.NET.Sdk\targets\Microsoft.PackageDependencyResolution.targets (24,5)
       C:\Program Files\dotnet\sdk\9.0.304\Sdks\Microsoft.NET.Sdk\targets\Microsoft.PackageDependencyResolution.targets(29,5): message : Property reassignment: $(ProjectAssetsCacheFile)="C:\Projects\BlueSky\backend\obj\Debug\net9.0\BSkyClone.assets.cache" (previous value: "obj\Debug\net9.0\BSkyClone.assets.cache") at C:\Program Files\dotnet\sdk\9.0.304\Sdks\Microsoft.NET.Sdk\targets\Microsoft.PackageDependencyResolution.targets (29,5)
       C:\Program Files\dotnet\sdk\9.0.304\Sdks\Microsoft.NET.Sdk\targets\Microsoft.PackageDependencyResolution.targets(80,5): message : Property reassignment: $(ResolveAssemblyReferencesDependsOn)="
       C:\Program Files\dotnet\sdk\9.0.304\Sdks\Microsoft.NET.Sdk\targets\Microsoft.PackageDependencyResolution.targets(80,5): message :       
       C:\Program Files\dotnet\sdk\9.0.304\Sdks\Microsoft.NET.Sdk\targets\Microsoft.PackageDependencyResolution.targets(80,5): message :       ResolveProjectReferences;
       C:\Program Files\dotnet\sdk\9.0.304\Sdks\Microsoft.NET.Sdk\targets\Microsoft.PackageDependencyResolution.targets(80,5): message :       FindInvalidProjectReferences;
       C:\Program Files\dotnet\sdk\9.0.304\Sdks\Microsoft.NET.Sdk\targets\Microsoft.PackageDependencyResolution.targets(80,5): message :       GetFrameworkPaths;
       C:\Program Files\dotnet\sdk\9.0.304\Sdks\Microsoft.NET.Sdk\targets\Microsoft.PackageDependencyResolution.targets(80,5): message :       GetReferenceAssemblyPaths;
       C:\Program Files\dotnet\sdk\9.0.304\Sdks\Microsoft.NET.Sdk\targets\Microsoft.PackageDependencyResolution.targets(80,5): message :       PrepareForBuild;
       C:\Program Files\dotnet\sdk\9.0.304\Sdks\Microsoft.NET.Sdk\targets\Microsoft.PackageDependencyResolution.targets(80,5): message :       ResolveSDKReferences;
       C:\Program Files\dotnet\sdk\9.0.304\Sdks\Microsoft.NET.Sdk\targets\Microsoft.PackageDependencyResolution.targets(80,5): message :       ExpandSDKReferences;
       C:\Program Files\dotnet\sdk\9.0.304\Sdks\Microsoft.NET.Sdk\targets\Microsoft.PackageDependencyResolution.targets(80,5): message :     ;
       C:\Program Files\dotnet\sdk\9.0.304\Sdks\Microsoft.NET.Sdk\targets\Microsoft.PackageDependencyResolution.targets(80,5): message :       ResolvePackageDependenciesForBuild;
       C:\Program Files\dotnet\sdk\9.0.304\Sdks\Microsoft.NET.Sdk\targets\Microsoft.PackageDependencyResolution.targets(80,5): message :       _HandlePackageFileConflicts;
       C:\Program Files\dotnet\sdk\9.0.304\Sdks\Microsoft.NET.Sdk\targets\Microsoft.PackageDependencyResolution.targets(80,5): message :     " (previous value: "
       C:\Program Files\dotnet\sdk\9.0.304\Sdks\Microsoft.NET.Sdk\targets\Microsoft.PackageDependencyResolution.targets(80,5): message :       ResolveProjectReferences;
       C:\Program Files\dotnet\sdk\9.0.304\Sdks\Microsoft.NET.Sdk\targets\Microsoft.PackageDependencyResolution.targets(80,5): message :       FindInvalidProjectReferences;
       C:\Program Files\dotnet\sdk\9.0.304\Sdks\Microsoft.NET.Sdk\targets\Microsoft.PackageDependencyResolution.targets(80,5): message :       GetFrameworkPaths;
       C:\Program Files\dotnet\sdk\9.0.304\Sdks\Microsoft.NET.Sdk\targets\Microsoft.PackageDependencyResolution.targets(80,5): message :       GetReferenceAssemblyPaths;
       C:\Program Files\dotnet\sdk\9.0.304\Sdks\Microsoft.NET.Sdk\targets\Microsoft.PackageDependencyResolution.targets(80,5): message :       PrepareForBuild;
       C:\Program Files\dotnet\sdk\9.0.304\Sdks\Microsoft.NET.Sdk\targets\Microsoft.PackageDependencyResolution.targets(80,5): message :       ResolveSDKReferences;
       C:\Program Files\dotnet\sdk\9.0.304\Sdks\Microsoft.NET.Sdk\targets\Microsoft.PackageDependencyResolution.targets(80,5): message :       ExpandSDKReferences;
       C:\Program Files\dotnet\sdk\9.0.304\Sdks\Microsoft.NET.Sdk\targets\Microsoft.PackageDependencyResolution.targets(80,5): message :     ") at C:\Program Files\dotnet\sdk\9.0.304\Sdks\Microsoft.NET.Sdk\targets\Microsoft.PackageDependencyResolution.targets (80,5)
       C:\Program Files\dotnet\sdk\9.0.304\Sdks\Microsoft.NET.Sdk\targets\Microsoft.PackageDependencyResolution.targets(86,5): message : Property reassignment: $(PrepareResourcesDependsOn)="
       C:\Program Files\dotnet\sdk\9.0.304\Sdks\Microsoft.NET.Sdk\targets\Microsoft.PackageDependencyResolution.targets(86,5): message :       ResolvePackageDependenciesForBuild;
       C:\Program Files\dotnet\sdk\9.0.304\Sdks\Microsoft.NET.Sdk\targets\Microsoft.PackageDependencyResolution.targets(86,5): message :       _HandlePackageFileConflicts;
       C:\Program Files\dotnet\sdk\9.0.304\Sdks\Microsoft.NET.Sdk\targets\Microsoft.PackageDependencyResolution.targets(86,5): message :       
       C:\Program Files\dotnet\sdk\9.0.304\Sdks\Microsoft.NET.Sdk\targets\Microsoft.PackageDependencyResolution.targets(86,5): message :       ;
       C:\Program Files\dotnet\sdk\9.0.304\Sdks\Microsoft.NET.Sdk\targets\Microsoft.PackageDependencyResolution.targets(86,5): message :       PrepareResourceNames;
       C:\Program Files\dotnet\sdk\9.0.304\Sdks\Microsoft.NET.Sdk\targets\Microsoft.PackageDependencyResolution.targets(86,5): message :       ResGen;
       C:\Program Files\dotnet\sdk\9.0.304\Sdks\Microsoft.NET.Sdk\targets\Microsoft.PackageDependencyResolution.targets(86,5): message :       CompileLicxFiles
       C:\Program Files\dotnet\sdk\9.0.304\Sdks\Microsoft.NET.Sdk\targets\Microsoft.PackageDependencyResolution.targets(86,5): message :     
       C:\Program Files\dotnet\sdk\9.0.304\Sdks\Microsoft.NET.Sdk\targets\Microsoft.PackageDependencyResolution.targets(86,5): message :     " (previous value: "
       C:\Program Files\dotnet\sdk\9.0.304\Sdks\Microsoft.NET.Sdk\targets\Microsoft.PackageDependencyResolution.targets(86,5): message :       ;
       C:\Program Files\dotnet\sdk\9.0.304\Sdks\Microsoft.NET.Sdk\targets\Microsoft.PackageDependencyResolution.targets(86,5): message :       PrepareResourceNames;
       C:\Program Files\dotnet\sdk\9.0.304\Sdks\Microsoft.NET.Sdk\targets\Microsoft.PackageDependencyResolution.targets(86,5): message :       ResGen;
       C:\Program Files\dotnet\sdk\9.0.304\Sdks\Microsoft.NET.Sdk\targets\Microsoft.PackageDependencyResolution.targets(86,5): message :       CompileLicxFiles
       C:\Program Files\dotnet\sdk\9.0.304\Sdks\Microsoft.NET.Sdk\targets\Microsoft.PackageDependencyResolution.targets(86,5): message :     ") at C:\Program Files\dotnet\sdk\9.0.304\Sdks\Microsoft.NET.Sdk\targets\Microsoft.PackageDependencyResolution.targets (86,5)
       C:\Program Files\dotnet\sdk\9.0.304\Sdks\Microsoft.NET.Sdk\targets\Microsoft.NET.Sdk.DefaultItems.targets(27,5): message : Property reassignment: $(DefaultItemExcludes)=";**\node_modules\**;node_modules\**;**\jspm_packages\**;jspm_packages\**;**\bower_components\**;bower_components\**;**\packages.lock.json;bin\Debug\/**;obj\Debug\/**;bin\/**" (previous value: ";**\node_modules\**;node_modules\**;**\jspm_packages\**;jspm_packages\**;**\bower_components\**;bower_components\**;**\packages.lock.json;bin\Debug\/**;obj\Debug\/**") at C:\Program Files\dotnet\sdk\9.0.304\Sdks\Microsoft.NET.Sdk\targets\Microsoft.NET.Sdk.DefaultItems.targets (27,5)
       C:\Program Files\dotnet\sdk\9.0.304\Sdks\Microsoft.NET.Sdk\targets\Microsoft.NET.Sdk.DefaultItems.targets(29,5): message : Property reassignment: $(DefaultItemExcludes)=";**\node_modules\**;node_modules\**;**\jspm_packages\**;jspm_packages\**;**\bower_components\**;bower_components\**;**\packages.lock.json;bin\Debug\/**;obj\Debug\/**;bin\/**;obj\/**" (previous value: ";**\node_modules\**;node_modules\**;**\jspm_packages\**;jspm_packages\**;**\bower_components\**;bower_components\**;**\packages.lock.json;bin\Debug\/**;obj\Debug\/**;bin\/**") at C:\Program Files\dotnet\sdk\9.0.304\Sdks\Microsoft.NET.Sdk\targets\Microsoft.NET.Sdk.DefaultItems.targets (29,5)
       C:\Program Files\dotnet\sdk\9.0.304\Sdks\Microsoft.NET.Sdk\targets\Microsoft.NET.Sdk.DefaultItems.targets(32,5): message : Property reassignment: $(DefaultItemExcludes)=";**\node_modules\**;node_modules\**;**\jspm_packages\**;jspm_packages\**;**\bower_components\**;bower_components\**;**\packages.lock.json;bin\Debug\/**;obj\Debug\/**;bin\/**;obj\/**;**/*.user" (previous value: ";**\node_modules\**;node_modules\**;**\jspm_packages\**;jspm_packages\**;**\bower_components\**;bower_components\**;**\packages.lock.json;bin\Debug\/**;obj\Debug\/**;bin\/**;obj\/**") at C:\Program Files\dotnet\sdk\9.0.304\Sdks\Microsoft.NET.Sdk\targets\Microsoft.NET.Sdk.DefaultItems.targets (32,5)
       C:\Program Files\dotnet\sdk\9.0.304\Sdks\Microsoft.NET.Sdk\targets\Microsoft.NET.Sdk.DefaultItems.targets(33,5): message : Property reassignment: $(DefaultItemExcludes)=";**\node_modules\**;node_modules\**;**\jspm_packages\**;jspm_packages\**;**\bower_components\**;bower_components\**;**\packages.lock.json;bin\Debug\/**;obj\Debug\/**;bin\/**;obj\/**;**/*.user;**/*.*proj" (previous value: ";**\node_modules\**;node_modules\**;**\jspm_packages\**;jspm_packages\**;**\bower_components\**;bower_components\**;**\packages.lock.json;bin\Debug\/**;obj\Debug\/**;bin\/**;obj\/**;**/*.user") at C:\Program Files\dotnet\sdk\9.0.304\Sdks\Microsoft.NET.Sdk\targets\Microsoft.NET.Sdk.DefaultItems.targets (33,5)
       C:\Program Files\dotnet\sdk\9.0.304\Sdks\Microsoft.NET.Sdk\targets\Microsoft.NET.Sdk.DefaultItems.targets(34,5): message : Property reassignment: $(DefaultItemExcludes)=";**\node_modules\**;node_modules\**;**\jspm_packages\**;jspm_packages\**;**\bower_components\**;bower_components\**;**\packages.lock.json;bin\Debug\/**;obj\Debug\/**;bin\/**;obj\/**;**/*.user;**/*.*proj;**/*.sln" (previous value: ";**\node_modules\**;node_modules\**;**\jspm_packages\**;jspm_packages\**;**\bower_components\**;bower_components\**;**\packages.lock.json;bin\Debug\/**;obj\Debug\/**;bin\/**;obj\/**;**/*.user;**/*.*proj") at C:\Program Files\dotnet\sdk\9.0.304\Sdks\Microsoft.NET.Sdk\targets\Microsoft.NET.Sdk.DefaultItems.targets (34,5)
       C:\Program Files\dotnet\sdk\9.0.304\Sdks\Microsoft.NET.Sdk\targets\Microsoft.NET.Sdk.DefaultItems.targets(35,5): message : Property reassignment: $(DefaultItemExcludes)=";**\node_modules\**;node_modules\**;**\jspm_packages\**;jspm_packages\**;**\bower_components\**;bower_components\**;**\packages.lock.json;bin\Debug\/**;obj\Debug\/**;bin\/**;obj\/**;**/*.user;**/*.*proj;**/*.sln;**/*.slnx" (previous value: ";**\node_modules\**;node_modules\**;**\jspm_packages\**;jspm_packages\**;**\bower_components\**;bower_components\**;**\packages.lock.json;bin\Debug\/**;obj\Debug\/**;bin\/**;obj\/**;**/*.user;**/*.*proj;**/*.sln") at C:\Program Files\dotnet\sdk\9.0.304\Sdks\Microsoft.NET.Sdk\targets\Microsoft.NET.Sdk.DefaultItems.targets (35,5)
       C:\Program Files\dotnet\sdk\9.0.304\Sdks\Microsoft.NET.Sdk\targets\Microsoft.NET.Sdk.DefaultItems.targets(36,5): message : Property reassignment: $(DefaultItemExcludes)=";**\node_modules\**;node_modules\**;**\jspm_packages\**;jspm_packages\**;**\bower_components\**;bower_components\**;**\packages.lock.json;bin\Debug\/**;obj\Debug\/**;bin\/**;obj\/**;**/*.user;**/*.*proj;**/*.sln;**/*.slnx;**/*.vssscc" (previous value: ";**\node_modules\**;node_modules\**;**\jspm_packages\**;jspm_packages\**;**\bower_components\**;bower_components\**;**\packages.lock.json;bin\Debug\/**;obj\Debug\/**;bin\/**;obj\/**;**/*.user;**/*.*proj;**/*.sln;**/*.slnx") at C:\Program Files\dotnet\sdk\9.0.304\Sdks\Microsoft.NET.Sdk\targets\Microsoft.NET.Sdk.DefaultItems.targets (36,5)
       C:\Program Files\dotnet\sdk\9.0.304\Sdks\Microsoft.NET.Sdk\targets\Microsoft.NET.Sdk.DefaultItems.targets(37,5): message : Property reassignment: $(DefaultItemExcludes)=";**\node_modules\**;node_modules\**;**\jspm_packages\**;jspm_packages\**;**\bower_components\**;bower_components\**;**\packages.lock.json;bin\Debug\/**;obj\Debug\/**;bin\/**;obj\/**;**/*.user;**/*.*proj;**/*.sln;**/*.slnx;**/*.vssscc;**/.DS_Store" (previous value: ";**\node_modules\**;node_modules\**;**\jspm_packages\**;jspm_packages\**;**\bower_components\**;bower_components\**;**\packages.lock.json;bin\Debug\/**;obj\Debug\/**;bin\/**;obj\/**;**/*.user;**/*.*proj;**/*.sln;**/*.slnx;**/*.vssscc") at C:\Program Files\dotnet\sdk\9.0.304\Sdks\Microsoft.NET.Sdk\targets\Microsoft.NET.Sdk.DefaultItems.targets (37,5)
       C:\Program Files\dotnet\sdk\9.0.304\Sdks\Microsoft.NET.Sdk\targets\Microsoft.NET.Sdk.FrameworkReferenceResolution.targets(14,5): message : Property reassignment: $(ResolveAssemblyReferencesDependsOn)="
       C:\Program Files\dotnet\sdk\9.0.304\Sdks\Microsoft.NET.Sdk\targets\Microsoft.NET.Sdk.FrameworkReferenceResolution.targets(14,5): message :       
       C:\Program Files\dotnet\sdk\9.0.304\Sdks\Microsoft.NET.Sdk\targets\Microsoft.NET.Sdk.FrameworkReferenceResolution.targets(14,5): message :       
       C:\Program Files\dotnet\sdk\9.0.304\Sdks\Microsoft.NET.Sdk\targets\Microsoft.NET.Sdk.FrameworkReferenceResolution.targets(14,5): message :       ResolveProjectReferences;
       C:\Program Files\dotnet\sdk\9.0.304\Sdks\Microsoft.NET.Sdk\targets\Microsoft.NET.Sdk.FrameworkReferenceResolution.targets(14,5): message :       FindInvalidProjectReferences;
       C:\Program Files\dotnet\sdk\9.0.304\Sdks\Microsoft.NET.Sdk\targets\Microsoft.NET.Sdk.FrameworkReferenceResolution.targets(14,5): message :       GetFrameworkPaths;
       C:\Program Files\dotnet\sdk\9.0.304\Sdks\Microsoft.NET.Sdk\targets\Microsoft.NET.Sdk.FrameworkReferenceResolution.targets(14,5): message :       GetReferenceAssemblyPaths;
       C:\Program Files\dotnet\sdk\9.0.304\Sdks\Microsoft.NET.Sdk\targets\Microsoft.NET.Sdk.FrameworkReferenceResolution.targets(14,5): message :       PrepareForBuild;
       C:\Program Files\dotnet\sdk\9.0.304\Sdks\Microsoft.NET.Sdk\targets\Microsoft.NET.Sdk.FrameworkReferenceResolution.targets(14,5): message :       ResolveSDKReferences;
       C:\Program Files\dotnet\sdk\9.0.304\Sdks\Microsoft.NET.Sdk\targets\Microsoft.NET.Sdk.FrameworkReferenceResolution.targets(14,5): message :       ExpandSDKReferences;
       C:\Program Files\dotnet\sdk\9.0.304\Sdks\Microsoft.NET.Sdk\targets\Microsoft.NET.Sdk.FrameworkReferenceResolution.targets(14,5): message :     ;
       C:\Program Files\dotnet\sdk\9.0.304\Sdks\Microsoft.NET.Sdk\targets\Microsoft.NET.Sdk.FrameworkReferenceResolution.targets(14,5): message :       ResolvePackageDependenciesForBuild;
       C:\Program Files\dotnet\sdk\9.0.304\Sdks\Microsoft.NET.Sdk\targets\Microsoft.NET.Sdk.FrameworkReferenceResolution.targets(14,5): message :       _HandlePackageFileConflicts;
       C:\Program Files\dotnet\sdk\9.0.304\Sdks\Microsoft.NET.Sdk\targets\Microsoft.NET.Sdk.FrameworkReferenceResolution.targets(14,5): message :     ;
       C:\Program Files\dotnet\sdk\9.0.304\Sdks\Microsoft.NET.Sdk\targets\Microsoft.NET.Sdk.FrameworkReferenceResolution.targets(14,5): message :       ResolveTargetingPackAssets;
       C:\Program Files\dotnet\sdk\9.0.304\Sdks\Microsoft.NET.Sdk\targets\Microsoft.NET.Sdk.FrameworkReferenceResolution.targets(14,5): message :     " (previous value: "
       C:\Program Files\dotnet\sdk\9.0.304\Sdks\Microsoft.NET.Sdk\targets\Microsoft.NET.Sdk.FrameworkReferenceResolution.targets(14,5): message :       
       C:\Program Files\dotnet\sdk\9.0.304\Sdks\Microsoft.NET.Sdk\targets\Microsoft.NET.Sdk.FrameworkReferenceResolution.targets(14,5): message :       ResolveProjectReferences;
       C:\Program Files\dotnet\sdk\9.0.304\Sdks\Microsoft.NET.Sdk\targets\Microsoft.NET.Sdk.FrameworkReferenceResolution.targets(14,5): message :       FindInvalidProjectReferences;
       C:\Program Files\dotnet\sdk\9.0.304\Sdks\Microsoft.NET.Sdk\targets\Microsoft.NET.Sdk.FrameworkReferenceResolution.targets(14,5): message :       GetFrameworkPaths;
       C:\Program Files\dotnet\sdk\9.0.304\Sdks\Microsoft.NET.Sdk\targets\Microsoft.NET.Sdk.FrameworkReferenceResolution.targets(14,5): message :       GetReferenceAssemblyPaths;
       C:\Program Files\dotnet\sdk\9.0.304\Sdks\Microsoft.NET.Sdk\targets\Microsoft.NET.Sdk.FrameworkReferenceResolution.targets(14,5): message :       PrepareForBuild;
       C:\Program Files\dotnet\sdk\9.0.304\Sdks\Microsoft.NET.Sdk\targets\Microsoft.NET.Sdk.FrameworkReferenceResolution.targets(14,5): message :       ResolveSDKReferences;
       C:\Program Files\dotnet\sdk\9.0.304\Sdks\Microsoft.NET.Sdk\targets\Microsoft.NET.Sdk.FrameworkReferenceResolution.targets(14,5): message :       ExpandSDKReferences;
       C:\Program Files\dotnet\sdk\9.0.304\Sdks\Microsoft.NET.Sdk\targets\Microsoft.NET.Sdk.FrameworkReferenceResolution.targets(14,5): message :     ;
       C:\Program Files\dotnet\sdk\9.0.304\Sdks\Microsoft.NET.Sdk\targets\Microsoft.NET.Sdk.FrameworkReferenceResolution.targets(14,5): message :       ResolvePackageDependenciesForBuild;
       C:\Program Files\dotnet\sdk\9.0.304\Sdks\Microsoft.NET.Sdk\targets\Microsoft.NET.Sdk.FrameworkReferenceResolution.targets(14,5): message :       _HandlePackageFileConflicts;
       C:\Program Files\dotnet\sdk\9.0.304\Sdks\Microsoft.NET.Sdk\targets\Microsoft.NET.Sdk.FrameworkReferenceResolution.targets(14,5): message :     ") at C:\Program Files\dotnet\sdk\9.0.304\Sdks\Microsoft.NET.Sdk\targets\Microsoft.NET.Sdk.FrameworkReferenceResolution.targets (14,5)
       C:\Program Files\dotnet\sdk\9.0.304\Sdks\Microsoft.NET.Sdk\targets\Microsoft.NET.Sdk.targets(44,5): message : Property reassignment: $(_GenerateRuntimeConfigurationPropertyInputsCache)="C:\Projects\BlueSky\backend\obj\Debug\net9.0\BSkyClone.genruntimeconfig.cache" (previous value: "obj\Debug\net9.0\BSkyClone.genruntimeconfig.cache") at C:\Program Files\dotnet\sdk\9.0.304\Sdks\Microsoft.NET.Sdk\targets\Microsoft.NET.Sdk.targets (44,5)
       C:\Program Files\dotnet\sdk\9.0.304\Sdks\Microsoft.NET.Sdk\targets\Microsoft.NET.Sdk.targets(46,5): message : Property reassignment: $(_GeneratePublishDependencyFilePropertyInputsCache)="C:\Projects\BlueSky\backend\obj\Debug\net9.0\BSkyClone.genpublishdeps.cache" (previous value: "obj\Debug\net9.0\BSkyClone.genpublishdeps.cache") at C:\Program Files\dotnet\sdk\9.0.304\Sdks\Microsoft.NET.Sdk\targets\Microsoft.NET.Sdk.targets (46,5)
       C:\Program Files\dotnet\sdk\9.0.304\Sdks\Microsoft.NET.Sdk\targets\Microsoft.NET.Sdk.targets(48,5): message : Property reassignment: $(_GenerateSingleFileBundlePropertyInputsCache)="C:\Projects\BlueSky\backend\obj\Debug\net9.0\BSkyClone.genbundle.cache" (previous value: "obj\Debug\net9.0\BSkyClone.genbundle.cache") at C:\Program Files\dotnet\sdk\9.0.304\Sdks\Microsoft.NET.Sdk\targets\Microsoft.NET.Sdk.targets (48,5)
       C:\Program Files\dotnet\sdk\9.0.304\Sdks\Microsoft.NET.Sdk\targets\Microsoft.NET.Sdk.targets(81,5): message : Property reassignment: $(GenerateRuntimeConfigDevFile)="false" (previous value: "true") at C:\Program Files\dotnet\sdk\9.0.304\Sdks\Microsoft.NET.Sdk\targets\Microsoft.NET.Sdk.targets (81,5)
       C:\Program Files\dotnet\sdk\9.0.304\Sdks\Microsoft.NET.Sdk\targets\Microsoft.NET.Sdk.targets(97,5): message : Property 'USERPROFILE' with value 'C:\Users\nguye' expanded from the environment.
       C:\Program Files\dotnet\sdk\9.0.304\Sdks\Microsoft.NET.Sdk\targets\Microsoft.NET.Sdk.targets(97,5): message : Property reassignment: $(_DefaultUserProfileRuntimeStorePath)="C:\Users\nguye" (previous value: "") at C:\Program Files\dotnet\sdk\9.0.304\Sdks\Microsoft.NET.Sdk\targets\Microsoft.NET.Sdk.targets (97,5)
       C:\Program Files\dotnet\sdk\9.0.304\Sdks\Microsoft.NET.Sdk\targets\Microsoft.NET.Sdk.targets(98,5): message : Property reassignment: $(_DefaultUserProfileRuntimeStorePath)="C:\Users\nguye\.dotnet\store" (previous value: "C:\Users\nguye") at C:\Program Files\dotnet\sdk\9.0.304\Sdks\Microsoft.NET.Sdk\targets\Microsoft.NET.Sdk.targets (98,5)
       C:\Program Files\dotnet\sdk\9.0.304\Sdks\Microsoft.NET.Sdk\targets\Microsoft.NET.Sdk.targets(140,5): message : Property reassignment: $(AvailablePlatforms)="Any CPU,x86,x64,ARM32" (previous value: "Any CPU,x86,x64") at C:\Program Files\dotnet\sdk\9.0.304\Sdks\Microsoft.NET.Sdk\targets\Microsoft.NET.Sdk.targets (140,5)
       C:\Program Files\dotnet\sdk\9.0.304\Sdks\Microsoft.NET.Sdk\targets\Microsoft.NET.Sdk.targets(144,5): message : Property reassignment: $(AvailablePlatforms)="Any CPU,x86,x64,ARM32,ARM64" (previous value: "Any CPU,x86,x64,ARM32") at C:\Program Files\dotnet\sdk\9.0.304\Sdks\Microsoft.NET.Sdk\targets\Microsoft.NET.Sdk.targets (144,5)
       C:\Program Files\dotnet\sdk\9.0.304\Sdks\Microsoft.NET.Sdk\targets\Microsoft.NET.Sdk.targets(201,5): message : Property reassignment: $(CoreBuildDependsOn)="
       C:\Program Files\dotnet\sdk\9.0.304\Sdks\Microsoft.NET.Sdk\targets\Microsoft.NET.Sdk.targets(201,5): message :       _CheckForBuildWithNoBuild;
       C:\Program Files\dotnet\sdk\9.0.304\Sdks\Microsoft.NET.Sdk\targets\Microsoft.NET.Sdk.targets(201,5): message :       
       C:\Program Files\dotnet\sdk\9.0.304\Sdks\Microsoft.NET.Sdk\targets\Microsoft.NET.Sdk.targets(201,5): message :       BuildOnlySettings;
       C:\Program Files\dotnet\sdk\9.0.304\Sdks\Microsoft.NET.Sdk\targets\Microsoft.NET.Sdk.targets(201,5): message :       PrepareForBuild;
       C:\Program Files\dotnet\sdk\9.0.304\Sdks\Microsoft.NET.Sdk\targets\Microsoft.NET.Sdk.targets(201,5): message :       PreBuildEvent;
       C:\Program Files\dotnet\sdk\9.0.304\Sdks\Microsoft.NET.Sdk\targets\Microsoft.NET.Sdk.targets(201,5): message :       ResolveReferences;
       C:\Program Files\dotnet\sdk\9.0.304\Sdks\Microsoft.NET.Sdk\targets\Microsoft.NET.Sdk.targets(201,5): message :       PrepareResources;
       C:\Program Files\dotnet\sdk\9.0.304\Sdks\Microsoft.NET.Sdk\targets\Microsoft.NET.Sdk.targets(201,5): message :       ResolveKeySource;
       C:\Program Files\dotnet\sdk\9.0.304\Sdks\Microsoft.NET.Sdk\targets\Microsoft.NET.Sdk.targets(201,5): message :       Compile;
       C:\Program Files\dotnet\sdk\9.0.304\Sdks\Microsoft.NET.Sdk\targets\Microsoft.NET.Sdk.targets(201,5): message :       ExportWindowsMDFile;
       C:\Program Files\dotnet\sdk\9.0.304\Sdks\Microsoft.NET.Sdk\targets\Microsoft.NET.Sdk.targets(201,5): message :       UnmanagedUnregistration;
       C:\Program Files\dotnet\sdk\9.0.304\Sdks\Microsoft.NET.Sdk\targets\Microsoft.NET.Sdk.targets(201,5): message :       GenerateSerializationAssemblies;
       C:\Program Files\dotnet\sdk\9.0.304\Sdks\Microsoft.NET.Sdk\targets\Microsoft.NET.Sdk.targets(201,5): message :       CreateSatelliteAssemblies;
       C:\Program Files\dotnet\sdk\9.0.304\Sdks\Microsoft.NET.Sdk\targets\Microsoft.NET.Sdk.targets(201,5): message :       GenerateManifests;
       C:\Program Files\dotnet\sdk\9.0.304\Sdks\Microsoft.NET.Sdk\targets\Microsoft.NET.Sdk.targets(201,5): message :       GetTargetPath;
       C:\Program Files\dotnet\sdk\9.0.304\Sdks\Microsoft.NET.Sdk\targets\Microsoft.NET.Sdk.targets(201,5): message :       PrepareForRun;
       C:\Program Files\dotnet\sdk\9.0.304\Sdks\Microsoft.NET.Sdk\targets\Microsoft.NET.Sdk.targets(201,5): message :       UnmanagedRegistration;
       C:\Program Files\dotnet\sdk\9.0.304\Sdks\Microsoft.NET.Sdk\targets\Microsoft.NET.Sdk.targets(201,5): message :       IncrementalClean;
       C:\Program Files\dotnet\sdk\9.0.304\Sdks\Microsoft.NET.Sdk\targets\Microsoft.NET.Sdk.targets(201,5): message :       PostBuildEvent
       C:\Program Files\dotnet\sdk\9.0.304\Sdks\Microsoft.NET.Sdk\targets\Microsoft.NET.Sdk.targets(201,5): message :     ;
       C:\Program Files\dotnet\sdk\9.0.304\Sdks\Microsoft.NET.Sdk\targets\Microsoft.NET.Sdk.targets(201,5): message :       GenerateBuildDependencyFile;
       C:\Program Files\dotnet\sdk\9.0.304\Sdks\Microsoft.NET.Sdk\targets\Microsoft.NET.Sdk.targets(201,5): message :       GenerateBuildRuntimeConfigurationFiles
       C:\Program Files\dotnet\sdk\9.0.304\Sdks\Microsoft.NET.Sdk\targets\Microsoft.NET.Sdk.targets(201,5): message :     " (previous value: "
       C:\Program Files\dotnet\sdk\9.0.304\Sdks\Microsoft.NET.Sdk\targets\Microsoft.NET.Sdk.targets(201,5): message :       BuildOnlySettings;
       C:\Program Files\dotnet\sdk\9.0.304\Sdks\Microsoft.NET.Sdk\targets\Microsoft.NET.Sdk.targets(201,5): message :       PrepareForBuild;
       C:\Program Files\dotnet\sdk\9.0.304\Sdks\Microsoft.NET.Sdk\targets\Microsoft.NET.Sdk.targets(201,5): message :       PreBuildEvent;
       C:\Program Files\dotnet\sdk\9.0.304\Sdks\Microsoft.NET.Sdk\targets\Microsoft.NET.Sdk.targets(201,5): message :       ResolveReferences;
       C:\Program Files\dotnet\sdk\9.0.304\Sdks\Microsoft.NET.Sdk\targets\Microsoft.NET.Sdk.targets(201,5): message :       PrepareResources;
       C:\Program Files\dotnet\sdk\9.0.304\Sdks\Microsoft.NET.Sdk\targets\Microsoft.NET.Sdk.targets(201,5): message :       ResolveKeySource;
       C:\Program Files\dotnet\sdk\9.0.304\Sdks\Microsoft.NET.Sdk\targets\Microsoft.NET.Sdk.targets(201,5): message :       Compile;
       C:\Program Files\dotnet\sdk\9.0.304\Sdks\Microsoft.NET.Sdk\targets\Microsoft.NET.Sdk.targets(201,5): message :       ExportWindowsMDFile;
       C:\Program Files\dotnet\sdk\9.0.304\Sdks\Microsoft.NET.Sdk\targets\Microsoft.NET.Sdk.targets(201,5): message :       UnmanagedUnregistration;
       C:\Program Files\dotnet\sdk\9.0.304\Sdks\Microsoft.NET.Sdk\targets\Microsoft.NET.Sdk.targets(201,5): message :       GenerateSerializationAssemblies;
       C:\Program Files\dotnet\sdk\9.0.304\Sdks\Microsoft.NET.Sdk\targets\Microsoft.NET.Sdk.targets(201,5): message :       CreateSatelliteAssemblies;
       C:\Program Files\dotnet\sdk\9.0.304\Sdks\Microsoft.NET.Sdk\targets\Microsoft.NET.Sdk.targets(201,5): message :       GenerateManifests;
       C:\Program Files\dotnet\sdk\9.0.304\Sdks\Microsoft.NET.Sdk\targets\Microsoft.NET.Sdk.targets(201,5): message :       GetTargetPath;
       C:\Program Files\dotnet\sdk\9.0.304\Sdks\Microsoft.NET.Sdk\targets\Microsoft.NET.Sdk.targets(201,5): message :       PrepareForRun;
       C:\Program Files\dotnet\sdk\9.0.304\Sdks\Microsoft.NET.Sdk\targets\Microsoft.NET.Sdk.targets(201,5): message :       UnmanagedRegistration;
       C:\Program Files\dotnet\sdk\9.0.304\Sdks\Microsoft.NET.Sdk\targets\Microsoft.NET.Sdk.targets(201,5): message :       IncrementalClean;
       C:\Program Files\dotnet\sdk\9.0.304\Sdks\Microsoft.NET.Sdk\targets\Microsoft.NET.Sdk.targets(201,5): message :       PostBuildEvent
       C:\Program Files\dotnet\sdk\9.0.304\Sdks\Microsoft.NET.Sdk\targets\Microsoft.NET.Sdk.targets(201,5): message :     ") at C:\Program Files\dotnet\sdk\9.0.304\Sdks\Microsoft.NET.Sdk\targets\Microsoft.NET.Sdk.targets (201,5)
       C:\Program Files\dotnet\sdk\9.0.304\Sdks\Microsoft.NET.Sdk\targets\Microsoft.NET.Sdk.targets(210,5): message : Property reassignment: $(CoreCleanDependsOn)="
       C:\Program Files\dotnet\sdk\9.0.304\Sdks\Microsoft.NET.Sdk\targets\Microsoft.NET.Sdk.targets(210,5): message :       _SdkBeforeClean;
       C:\Program Files\dotnet\sdk\9.0.304\Sdks\Microsoft.NET.Sdk\targets\Microsoft.NET.Sdk.targets(210,5): message :       
       C:\Program Files\dotnet\sdk\9.0.304\Sdks\Microsoft.NET.Sdk\targets\Microsoft.NET.Sdk.targets(210,5): message :     " (previous value: "") at C:\Program Files\dotnet\sdk\9.0.304\Sdks\Microsoft.NET.Sdk\targets\Microsoft.NET.Sdk.targets (210,5)
       C:\Program Files\dotnet\sdk\9.0.304\Sdks\Microsoft.NET.Sdk\targets\Microsoft.NET.Sdk.targets(217,5): message : Property reassignment: $(RebuildDependsOn)="
       C:\Program Files\dotnet\sdk\9.0.304\Sdks\Microsoft.NET.Sdk\targets\Microsoft.NET.Sdk.targets(217,5): message :       _SdkBeforeRebuild;
       C:\Program Files\dotnet\sdk\9.0.304\Sdks\Microsoft.NET.Sdk\targets\Microsoft.NET.Sdk.targets(217,5): message :       
       C:\Program Files\dotnet\sdk\9.0.304\Sdks\Microsoft.NET.Sdk\targets\Microsoft.NET.Sdk.targets(217,5): message :       BeforeRebuild;
       C:\Program Files\dotnet\sdk\9.0.304\Sdks\Microsoft.NET.Sdk\targets\Microsoft.NET.Sdk.targets(217,5): message :       Clean;
       C:\Program Files\dotnet\sdk\9.0.304\Sdks\Microsoft.NET.Sdk\targets\Microsoft.NET.Sdk.targets(217,5): message :       Build;
       C:\Program Files\dotnet\sdk\9.0.304\Sdks\Microsoft.NET.Sdk\targets\Microsoft.NET.Sdk.targets(217,5): message :       AfterRebuild;
       C:\Program Files\dotnet\sdk\9.0.304\Sdks\Microsoft.NET.Sdk\targets\Microsoft.NET.Sdk.targets(217,5): message :     
       C:\Program Files\dotnet\sdk\9.0.304\Sdks\Microsoft.NET.Sdk\targets\Microsoft.NET.Sdk.targets(217,5): message :     " (previous value: "
       C:\Program Files\dotnet\sdk\9.0.304\Sdks\Microsoft.NET.Sdk\targets\Microsoft.NET.Sdk.targets(217,5): message :       BeforeRebuild;
       C:\Program Files\dotnet\sdk\9.0.304\Sdks\Microsoft.NET.Sdk\targets\Microsoft.NET.Sdk.targets(217,5): message :       Clean;
       C:\Program Files\dotnet\sdk\9.0.304\Sdks\Microsoft.NET.Sdk\targets\Microsoft.NET.Sdk.targets(217,5): message :       Build;
       C:\Program Files\dotnet\sdk\9.0.304\Sdks\Microsoft.NET.Sdk\targets\Microsoft.NET.Sdk.targets(217,5): message :       AfterRebuild;
       C:\Program Files\dotnet\sdk\9.0.304\Sdks\Microsoft.NET.Sdk\targets\Microsoft.NET.Sdk.targets(217,5): message :     ") at C:\Program Files\dotnet\sdk\9.0.304\Sdks\Microsoft.NET.Sdk\targets\Microsoft.NET.Sdk.targets (217,5)
       C:\Program Files\dotnet\sdk\9.0.304\Sdks\Microsoft.NET.Sdk\targets\Microsoft.NET.Sdk.targets(784,5): message : Property reassignment: $(CompileDependsOn)="
       C:\Program Files\dotnet\sdk\9.0.304\Sdks\Microsoft.NET.Sdk\targets\Microsoft.NET.Sdk.targets(784,5): message :       
       C:\Program Files\dotnet\sdk\9.0.304\Sdks\Microsoft.NET.Sdk\targets\Microsoft.NET.Sdk.targets(784,5): message :       ResolveReferences;
       C:\Program Files\dotnet\sdk\9.0.304\Sdks\Microsoft.NET.Sdk\targets\Microsoft.NET.Sdk.targets(784,5): message :       ResolveKeySource;
       C:\Program Files\dotnet\sdk\9.0.304\Sdks\Microsoft.NET.Sdk\targets\Microsoft.NET.Sdk.targets(784,5): message :       SetWin32ManifestProperties;
       C:\Program Files\dotnet\sdk\9.0.304\Sdks\Microsoft.NET.Sdk\targets\Microsoft.NET.Sdk.targets(784,5): message :       _SetPreferNativeArm64Win32ManifestProperties;
       C:\Program Files\dotnet\sdk\9.0.304\Sdks\Microsoft.NET.Sdk\targets\Microsoft.NET.Sdk.targets(784,5): message :       FindReferenceAssembliesForReferences;
       C:\Program Files\dotnet\sdk\9.0.304\Sdks\Microsoft.NET.Sdk\targets\Microsoft.NET.Sdk.targets(784,5): message :       _GenerateCompileInputs;
       C:\Program Files\dotnet\sdk\9.0.304\Sdks\Microsoft.NET.Sdk\targets\Microsoft.NET.Sdk.targets(784,5): message :       BeforeCompile;
       C:\Program Files\dotnet\sdk\9.0.304\Sdks\Microsoft.NET.Sdk\targets\Microsoft.NET.Sdk.targets(784,5): message :       _TimeStampBeforeCompile;
       C:\Program Files\dotnet\sdk\9.0.304\Sdks\Microsoft.NET.Sdk\targets\Microsoft.NET.Sdk.targets(784,5): message :       _GenerateCompileDependencyCache;
       C:\Program Files\dotnet\sdk\9.0.304\Sdks\Microsoft.NET.Sdk\targets\Microsoft.NET.Sdk.targets(784,5): message :       CoreCompile;
       C:\Program Files\dotnet\sdk\9.0.304\Sdks\Microsoft.NET.Sdk\targets\Microsoft.NET.Sdk.targets(784,5): message :       _TimeStampAfterCompile;
       C:\Program Files\dotnet\sdk\9.0.304\Sdks\Microsoft.NET.Sdk\targets\Microsoft.NET.Sdk.targets(784,5): message :       AfterCompile;
       C:\Program Files\dotnet\sdk\9.0.304\Sdks\Microsoft.NET.Sdk\targets\Microsoft.NET.Sdk.targets(784,5): message :     ;
       C:\Program Files\dotnet\sdk\9.0.304\Sdks\Microsoft.NET.Sdk\targets\Microsoft.NET.Sdk.targets(784,5): message :       _CreateAppHost;
       C:\Program Files\dotnet\sdk\9.0.304\Sdks\Microsoft.NET.Sdk\targets\Microsoft.NET.Sdk.targets(784,5): message :       _CreateComHost;
       C:\Program Files\dotnet\sdk\9.0.304\Sdks\Microsoft.NET.Sdk\targets\Microsoft.NET.Sdk.targets(784,5): message :       _GetIjwHostPaths;
       C:\Program Files\dotnet\sdk\9.0.304\Sdks\Microsoft.NET.Sdk\targets\Microsoft.NET.Sdk.targets(784,5): message :     " (previous value: "
       C:\Program Files\dotnet\sdk\9.0.304\Sdks\Microsoft.NET.Sdk\targets\Microsoft.NET.Sdk.targets(784,5): message :       ResolveReferences;
       C:\Program Files\dotnet\sdk\9.0.304\Sdks\Microsoft.NET.Sdk\targets\Microsoft.NET.Sdk.targets(784,5): message :       ResolveKeySource;
       C:\Program Files\dotnet\sdk\9.0.304\Sdks\Microsoft.NET.Sdk\targets\Microsoft.NET.Sdk.targets(784,5): message :       SetWin32ManifestProperties;
       C:\Program Files\dotnet\sdk\9.0.304\Sdks\Microsoft.NET.Sdk\targets\Microsoft.NET.Sdk.targets(784,5): message :       _SetPreferNativeArm64Win32ManifestProperties;
       C:\Program Files\dotnet\sdk\9.0.304\Sdks\Microsoft.NET.Sdk\targets\Microsoft.NET.Sdk.targets(784,5): message :       FindReferenceAssembliesForReferences;
       C:\Program Files\dotnet\sdk\9.0.304\Sdks\Microsoft.NET.Sdk\targets\Microsoft.NET.Sdk.targets(784,5): message :       _GenerateCompileInputs;
       C:\Program Files\dotnet\sdk\9.0.304\Sdks\Microsoft.NET.Sdk\targets\Microsoft.NET.Sdk.targets(784,5): message :       BeforeCompile;
       C:\Program Files\dotnet\sdk\9.0.304\Sdks\Microsoft.NET.Sdk\targets\Microsoft.NET.Sdk.targets(784,5): message :       _TimeStampBeforeCompile;
       C:\Program Files\dotnet\sdk\9.0.304\Sdks\Microsoft.NET.Sdk\targets\Microsoft.NET.Sdk.targets(784,5): message :       _GenerateCompileDependencyCache;
       C:\Program Files\dotnet\sdk\9.0.304\Sdks\Microsoft.NET.Sdk\targets\Microsoft.NET.Sdk.targets(784,5): message :       CoreCompile;
       C:\Program Files\dotnet\sdk\9.0.304\Sdks\Microsoft.NET.Sdk\targets\Microsoft.NET.Sdk.targets(784,5): message :       _TimeStampAfterCompile;
       C:\Program Files\dotnet\sdk\9.0.304\Sdks\Microsoft.NET.Sdk\targets\Microsoft.NET.Sdk.targets(784,5): message :       AfterCompile;
       C:\Program Files\dotnet\sdk\9.0.304\Sdks\Microsoft.NET.Sdk\targets\Microsoft.NET.Sdk.targets(784,5): message :     ") at C:\Program Files\dotnet\sdk\9.0.304\Sdks\Microsoft.NET.Sdk\targets\Microsoft.NET.Sdk.targets (784,5)
       C:\Program Files\dotnet\sdk\9.0.304\Sdks\Microsoft.NET.Sdk\targets\Microsoft.NET.Sdk.targets(1184,5): message : Property reassignment: $(CreateSatelliteAssembliesDependsOn)="
       C:\Program Files\dotnet\sdk\9.0.304\Sdks\Microsoft.NET.Sdk\targets\Microsoft.NET.Sdk.targets(1184,5): message :       
       C:\Program Files\dotnet\sdk\9.0.304\Sdks\Microsoft.NET.Sdk\targets\Microsoft.NET.Sdk.targets(1184,5): message :       ;
       C:\Program Files\dotnet\sdk\9.0.304\Sdks\Microsoft.NET.Sdk\targets\Microsoft.NET.Sdk.targets(1184,5): message :       _GenerateSatelliteAssemblyInputs;
       C:\Program Files\dotnet\sdk\9.0.304\Sdks\Microsoft.NET.Sdk\targets\Microsoft.NET.Sdk.targets(1184,5): message :       ComputeIntermediateSatelliteAssemblies;
       C:\Program Files\dotnet\sdk\9.0.304\Sdks\Microsoft.NET.Sdk\targets\Microsoft.NET.Sdk.targets(1184,5): message :       GenerateSatelliteAssemblies
       C:\Program Files\dotnet\sdk\9.0.304\Sdks\Microsoft.NET.Sdk\targets\Microsoft.NET.Sdk.targets(1184,5): message :     ;
       C:\Program Files\dotnet\sdk\9.0.304\Sdks\Microsoft.NET.Sdk\targets\Microsoft.NET.Sdk.targets(1184,5): message :       CoreGenerateSatelliteAssemblies
       C:\Program Files\dotnet\sdk\9.0.304\Sdks\Microsoft.NET.Sdk\targets\Microsoft.NET.Sdk.targets(1184,5): message :     " (previous value: "
       C:\Program Files\dotnet\sdk\9.0.304\Sdks\Microsoft.NET.Sdk\targets\Microsoft.NET.Sdk.targets(1184,5): message :       ;
       C:\Program Files\dotnet\sdk\9.0.304\Sdks\Microsoft.NET.Sdk\targets\Microsoft.NET.Sdk.targets(1184,5): message :       _GenerateSatelliteAssemblyInputs;
       C:\Program Files\dotnet\sdk\9.0.304\Sdks\Microsoft.NET.Sdk\targets\Microsoft.NET.Sdk.targets(1184,5): message :       ComputeIntermediateSatelliteAssemblies;
       C:\Program Files\dotnet\sdk\9.0.304\Sdks\Microsoft.NET.Sdk\targets\Microsoft.NET.Sdk.targets(1184,5): message :       GenerateSatelliteAssemblies
       C:\Program Files\dotnet\sdk\9.0.304\Sdks\Microsoft.NET.Sdk\targets\Microsoft.NET.Sdk.targets(1184,5): message :     ") at C:\Program Files\dotnet\sdk\9.0.304\Sdks\Microsoft.NET.Sdk\targets\Microsoft.NET.Sdk.targets (1184,5)
       C:\Program Files\dotnet\sdk\9.0.304\Sdks\Microsoft.SourceLink.GitLab\build\Microsoft.SourceLink.GitLab.targets(12,5): message : Property reassignment: $(SourceLinkUrlInitializerTargets)=";_InitializeGitHubSourceLinkUrl;_InitializeGitLabSourceLinkUrl" (previous value: ";_InitializeGitHubSourceLinkUrl") at C:\Program Files\dotnet\sdk\9.0.304\Sdks\Microsoft.SourceLink.GitLab\build\Microsoft.SourceLink.GitLab.targets (12,5)
       C:\Program Files\dotnet\sdk\9.0.304\Sdks\Microsoft.SourceLink.GitLab\build\Microsoft.SourceLink.GitLab.targets(13,5): message : Property reassignment: $(SourceControlManagerUrlTranslationTargets)=";TranslateGitHubUrlsInSourceControlInformation;TranslateGitLabUrlsInSourceControlInformation" (previous value: ";TranslateGitHubUrlsInSourceControlInformation") at C:\Program Files\dotnet\sdk\9.0.304\Sdks\Microsoft.SourceLink.GitLab\build\Microsoft.SourceLink.GitLab.targets (13,5)
       C:\Program Files\dotnet\sdk\9.0.304\Sdks\Microsoft.SourceLink.AzureRepos.Git\build\Microsoft.SourceLink.AzureRepos.Git.targets(12,5): message : Property reassignment: $(SourceLinkUrlInitializerTargets)=";_InitializeGitHubSourceLinkUrl;_InitializeGitLabSourceLinkUrl;_InitializeAzureReposGitSourceLinkUrl" (previous value: ";_InitializeGitHubSourceLinkUrl;_InitializeGitLabSourceLinkUrl") at C:\Program Files\dotnet\sdk\9.0.304\Sdks\Microsoft.SourceLink.AzureRepos.Git\build\Microsoft.SourceLink.AzureRepos.Git.targets (12,5)
       C:\Program Files\dotnet\sdk\9.0.304\Sdks\Microsoft.SourceLink.AzureRepos.Git\build\Microsoft.SourceLink.AzureRepos.Git.targets(13,5): message : Property reassignment: $(SourceControlManagerUrlTranslationTargets)=";TranslateGitHubUrlsInSourceControlInformation;TranslateGitLabUrlsInSourceControlInformation;TranslateAzureReposGitUrlsInSourceControlInformation" (previous value: ";TranslateGitHubUrlsInSourceControlInformation;TranslateGitLabUrlsInSourceControlInformation") at C:\Program Files\dotnet\sdk\9.0.304\Sdks\Microsoft.SourceLink.AzureRepos.Git\build\Microsoft.SourceLink.AzureRepos.Git.targets (13,5)
       C:\Program Files\dotnet\sdk\9.0.304\Sdks\Microsoft.SourceLink.Bitbucket.Git\build\Microsoft.SourceLink.Bitbucket.Git.targets(12,5): message : Property reassignment: $(SourceLinkUrlInitializerTargets)=";_InitializeGitHubSourceLinkUrl;_InitializeGitLabSourceLinkUrl;_InitializeAzureReposGitSourceLinkUrl;_InitializeBitbucketGitSourceLinkUrl" (previous value: ";_InitializeGitHubSourceLinkUrl;_InitializeGitLabSourceLinkUrl;_InitializeAzureReposGitSourceLinkUrl") at C:\Program Files\dotnet\sdk\9.0.304\Sdks\Microsoft.SourceLink.Bitbucket.Git\build\Microsoft.SourceLink.Bitbucket.Git.targets (12,5)
       C:\Program Files\dotnet\sdk\9.0.304\Sdks\Microsoft.SourceLink.Bitbucket.Git\build\Microsoft.SourceLink.Bitbucket.Git.targets(13,5): message : Property reassignment: $(SourceControlManagerUrlTranslationTargets)=";TranslateGitHubUrlsInSourceControlInformation;TranslateGitLabUrlsInSourceControlInformation;TranslateAzureReposGitUrlsInSourceControlInformation;TranslateBitbucketGitUrlsInSourceControlInformation" (previous value: ";TranslateGitHubUrlsInSourceControlInformation;TranslateGitLabUrlsInSourceControlInformation;TranslateAzureReposGitUrlsInSourceControlInformation") at C:\Program Files\dotnet\sdk\9.0.304\Sdks\Microsoft.SourceLink.Bitbucket.Git\build\Microsoft.SourceLink.Bitbucket.Git.targets (13,5)
       C:\Program Files\dotnet\sdk\9.0.304\Sdks\Microsoft.NET.Sdk\targets\Microsoft.NET.DesignerSupport.targets(21,5): message : Property reassignment: $(DesignerRuntimeImplementationProjectOutputGroupDependsOn)="
       C:\Program Files\dotnet\sdk\9.0.304\Sdks\Microsoft.NET.Sdk\targets\Microsoft.NET.DesignerSupport.targets(21,5): message :       
       C:\Program Files\dotnet\sdk\9.0.304\Sdks\Microsoft.NET.Sdk\targets\Microsoft.NET.DesignerSupport.targets(21,5): message :       ;
       C:\Program Files\dotnet\sdk\9.0.304\Sdks\Microsoft.NET.Sdk\targets\Microsoft.NET.DesignerSupport.targets(21,5): message :       
       C:\Program Files\dotnet\sdk\9.0.304\Sdks\Microsoft.NET.Sdk\targets\Microsoft.NET.DesignerSupport.targets(21,5): message :       ;
       C:\Program Files\dotnet\sdk\9.0.304\Sdks\Microsoft.NET.Sdk\targets\Microsoft.NET.DesignerSupport.targets(21,5): message :       BuildOnlySettings;
       C:\Program Files\dotnet\sdk\9.0.304\Sdks\Microsoft.NET.Sdk\targets\Microsoft.NET.DesignerSupport.targets(21,5): message :       PrepareForBuild;
       C:\Program Files\dotnet\sdk\9.0.304\Sdks\Microsoft.NET.Sdk\targets\Microsoft.NET.DesignerSupport.targets(21,5): message :       AssignTargetPaths;
       C:\Program Files\dotnet\sdk\9.0.304\Sdks\Microsoft.NET.Sdk\targets\Microsoft.NET.DesignerSupport.targets(21,5): message :       ResolveReferences
       C:\Program Files\dotnet\sdk\9.0.304\Sdks\Microsoft.NET.Sdk\targets\Microsoft.NET.DesignerSupport.targets(21,5): message :     
       C:\Program Files\dotnet\sdk\9.0.304\Sdks\Microsoft.NET.Sdk\targets\Microsoft.NET.DesignerSupport.targets(21,5): message :     ;
       C:\Program Files\dotnet\sdk\9.0.304\Sdks\Microsoft.NET.Sdk\targets\Microsoft.NET.DesignerSupport.targets(21,5): message :       _GenerateDesignerDepsFile;
       C:\Program Files\dotnet\sdk\9.0.304\Sdks\Microsoft.NET.Sdk\targets\Microsoft.NET.DesignerSupport.targets(21,5): message :       _GenerateDesignerRuntimeConfigFile;
       C:\Program Files\dotnet\sdk\9.0.304\Sdks\Microsoft.NET.Sdk\targets\Microsoft.NET.DesignerSupport.targets(21,5): message :       GetCopyToOutputDirectoryItems;
       C:\Program Files\dotnet\sdk\9.0.304\Sdks\Microsoft.NET.Sdk\targets\Microsoft.NET.DesignerSupport.targets(21,5): message :       _GatherDesignerShadowCopyFiles;
       C:\Program Files\dotnet\sdk\9.0.304\Sdks\Microsoft.NET.Sdk\targets\Microsoft.NET.DesignerSupport.targets(21,5): message :     " (previous value: "
       C:\Program Files\dotnet\sdk\9.0.304\Sdks\Microsoft.NET.Sdk\targets\Microsoft.NET.DesignerSupport.targets(21,5): message :       ;
       C:\Program Files\dotnet\sdk\9.0.304\Sdks\Microsoft.NET.Sdk\targets\Microsoft.NET.DesignerSupport.targets(21,5): message :       
       C:\Program Files\dotnet\sdk\9.0.304\Sdks\Microsoft.NET.Sdk\targets\Microsoft.NET.DesignerSupport.targets(21,5): message :       ;
       C:\Program Files\dotnet\sdk\9.0.304\Sdks\Microsoft.NET.Sdk\targets\Microsoft.NET.DesignerSupport.targets(21,5): message :       BuildOnlySettings;
       C:\Program Files\dotnet\sdk\9.0.304\Sdks\Microsoft.NET.Sdk\targets\Microsoft.NET.DesignerSupport.targets(21,5): message :       PrepareForBuild;
       C:\Program Files\dotnet\sdk\9.0.304\Sdks\Microsoft.NET.Sdk\targets\Microsoft.NET.DesignerSupport.targets(21,5): message :       AssignTargetPaths;
       C:\Program Files\dotnet\sdk\9.0.304\Sdks\Microsoft.NET.Sdk\targets\Microsoft.NET.DesignerSupport.targets(21,5): message :       ResolveReferences
       C:\Program Files\dotnet\sdk\9.0.304\Sdks\Microsoft.NET.Sdk\targets\Microsoft.NET.DesignerSupport.targets(21,5): message :     
       C:\Program Files\dotnet\sdk\9.0.304\Sdks\Microsoft.NET.Sdk\targets\Microsoft.NET.DesignerSupport.targets(21,5): message :     ") at C:\Program Files\dotnet\sdk\9.0.304\Sdks\Microsoft.NET.Sdk\targets\Microsoft.NET.DesignerSupport.targets (21,5)
       C:\Program Files\dotnet\sdk\9.0.304\Sdks\Microsoft.NET.Sdk\targets\Microsoft.NET.PackTool.targets(68,5): message : Property reassignment: $(_GenerateToolsSettingsFileCacheFile)="C:\Projects\BlueSky\backend\obj\Debug\net9.0\BSkyClone.toolssettingsinput.cache" (previous value: "obj\Debug\net9.0\BSkyClone.toolssettingsinput.cache") at C:\Program Files\dotnet\sdk\9.0.304\Sdks\Microsoft.NET.Sdk\targets\Microsoft.NET.PackTool.targets (68,5)
       C:\Program Files\dotnet\sdk\9.0.304\Sdks\Microsoft.NET.Sdk\targets\Microsoft.NET.PackTool.targets(137,5): message : Property reassignment: $(_ShimInputCacheFile)="C:\Projects\BlueSky\backend\obj\Debug\net9.0\BSkyClone.shiminput.cache" (previous value: "obj\Debug\net9.0\BSkyClone.shiminput.cache") at C:\Program Files\dotnet\sdk\9.0.304\Sdks\Microsoft.NET.Sdk\targets\Microsoft.NET.PackTool.targets (137,5)
       C:\Program Files\dotnet\sdk\9.0.304\Sdks\Microsoft.NET.Sdk\targets\Microsoft.NET.PackTool.targets(139,5): message : Property reassignment: $(_ShimCreatedSentinelFile)="C:\Projects\BlueSky\backend\obj\Debug\net9.0\BSkyClone.shimcreated.sentinel" (previous value: "obj\Debug\net9.0\BSkyClone.shimcreated.sentinel") at C:\Program Files\dotnet\sdk\9.0.304\Sdks\Microsoft.NET.Sdk\targets\Microsoft.NET.PackTool.targets (139,5)
       C:\Program Files\dotnet\sdk\9.0.304\Sdks\Microsoft.NET.Sdk\targets\Microsoft.NET.Sdk.CSharp.targets(31,5): message : Property reassignment: $(DefineConstants)="TRACE;DEBUG" (previous value: "TRACE") at C:\Program Files\dotnet\sdk\9.0.304\Sdks\Microsoft.NET.Sdk\targets\Microsoft.NET.Sdk.CSharp.targets (31,5)
       C:\Program Files\dotnet\sdk\9.0.304\Sdks\Microsoft.NET.Sdk\targets\Microsoft.NET.Sdk.CSharp.targets(34,5): message : Property reassignment: $(DefineConstants)="TRACE;DEBUG;NET;NET9_0;NETCOREAPP" (previous value: "TRACE;DEBUG") at C:\Program Files\dotnet\sdk\9.0.304\Sdks\Microsoft.NET.Sdk\targets\Microsoft.NET.Sdk.CSharp.targets (34,5)
       C:\Program Files\dotnet\sdk\9.0.304\Sdks\Microsoft.NET.Sdk\targets\Microsoft.NET.Sdk.CSharp.targets(48,5): message : Property reassignment: $(WarningsAsErrors)=";NU1605;SYSLIB0011" (previous value: ";NU1605") at C:\Program Files\dotnet\sdk\9.0.304\Sdks\Microsoft.NET.Sdk\targets\Microsoft.NET.Sdk.CSharp.targets (48,5)
       C:\Program Files\dotnet\sdk\9.0.304\Sdks\NuGet.Build.Tasks.Pack\build\NuGet.Build.Tasks.Pack.targets(34,5): message : Property reassignment: $(PackageDescription)="Package Description" (previous value: "") at C:\Program Files\dotnet\sdk\9.0.304\Sdks\NuGet.Build.Tasks.Pack\build\NuGet.Build.Tasks.Pack.targets (34,5)
       C:\Program Files\dotnet\sdk\9.0.304\Sdks\NuGet.Build.Tasks.Pack\build\NuGet.Build.Tasks.Pack.targets(59,5): message : Property reassignment: $(GenerateNuspecDependsOn)="Build;_LoadPackInputItems; _GetTargetFrameworksOutput; _WalkEachTargetPerFramework; _GetPackageFiles; " (previous value: "_LoadPackInputItems; _GetTargetFrameworksOutput; _WalkEachTargetPerFramework; _GetPackageFiles; ") at C:\Program Files\dotnet\sdk\9.0.304\Sdks\NuGet.Build.Tasks.Pack\build\NuGet.Build.Tasks.Pack.targets (59,5)
       C:\Program Files\dotnet\sdk\9.0.304\Sdks\Microsoft.NET.Sdk\Sdk\Sdk.targets(60,5): message : Property reassignment: $(_IsNotSetContainersTargetsDir)="true" (previous value: "false") at C:\Program Files\dotnet\sdk\9.0.304\Sdks\Microsoft.NET.Sdk\Sdk\Sdk.targets (60,5)
       C:\Program Files\dotnet\sdk\9.0.304\Containers\build\Microsoft.NET.Build.Containers.targets(5,5): message : Property reassignment: $(_IsSDKContainerAllowedVersion)="true" (previous value: "false") at C:\Program Files\dotnet\sdk\9.0.304\Containers\build\Microsoft.NET.Build.Containers.targets (5,5)
       C:\Program Files\dotnet\sdk\9.0.304\Containers\build\Microsoft.NET.Build.Containers.targets(15,5): message : Property reassignment: $(_ContainerIsTargetingNet8TFM)="true" (previous value: "false") at C:\Program Files\dotnet\sdk\9.0.304\Containers\build\Microsoft.NET.Build.Containers.targets (15,5)
       C:\Program Files\dotnet\sdk\9.0.304\Sdks\Microsoft.NET.Sdk.StaticWebAssets\targets\Sdk.StaticWebAssets.CurrentVersion.targets(37,18): message : Property 'DOTNET_HOST_PATH' with value 'C:\Program Files\dotnet\dotnet.exe' expanded from the environment.
       C:\Program Files\dotnet\sdk\9.0.304\Sdks\Microsoft.NET.Sdk.StaticWebAssets\targets\Microsoft.NET.Sdk.StaticWebAssets.targets(286,5): message : Property reassignment: $(PrepareForRunDependsOn)="StaticWebAssetsPrepareForRun;
       C:\Program Files\dotnet\sdk\9.0.304\Sdks\Microsoft.NET.Sdk.StaticWebAssets\targets\Microsoft.NET.Sdk.StaticWebAssets.targets(286,5): message :       CopyFilesToOutputDirectory
       C:\Program Files\dotnet\sdk\9.0.304\Sdks\Microsoft.NET.Sdk.StaticWebAssets\targets\Microsoft.NET.Sdk.StaticWebAssets.targets(286,5): message :     " (previous value: "
       C:\Program Files\dotnet\sdk\9.0.304\Sdks\Microsoft.NET.Sdk.StaticWebAssets\targets\Microsoft.NET.Sdk.StaticWebAssets.targets(286,5): message :       CopyFilesToOutputDirectory
       C:\Program Files\dotnet\sdk\9.0.304\Sdks\Microsoft.NET.Sdk.StaticWebAssets\targets\Microsoft.NET.Sdk.StaticWebAssets.targets(286,5): message :     ") at C:\Program Files\dotnet\sdk\9.0.304\Sdks\Microsoft.NET.Sdk.StaticWebAssets\targets\Microsoft.NET.Sdk.StaticWebAssets.targets (286,5)
       C:\Program Files\dotnet\sdk\9.0.304\Sdks\Microsoft.NET.Sdk.StaticWebAssets\targets\Microsoft.NET.Sdk.StaticWebAssets.targets(323,5): message : Property reassignment: $(GetCopyToOutputDirectoryItemsDependsOn)="
       C:\Program Files\dotnet\sdk\9.0.304\Sdks\Microsoft.NET.Sdk.StaticWebAssets\targets\Microsoft.NET.Sdk.StaticWebAssets.targets(323,5): message :       AssignTargetPaths;
       C:\Program Files\dotnet\sdk\9.0.304\Sdks\Microsoft.NET.Sdk.StaticWebAssets\targets\Microsoft.NET.Sdk.StaticWebAssets.targets(323,5): message :       
       C:\Program Files\dotnet\sdk\9.0.304\Sdks\Microsoft.NET.Sdk.StaticWebAssets\targets\Microsoft.NET.Sdk.StaticWebAssets.targets(323,5): message :       AssignProjectConfiguration;
       C:\Program Files\dotnet\sdk\9.0.304\Sdks\Microsoft.NET.Sdk.StaticWebAssets\targets\Microsoft.NET.Sdk.StaticWebAssets.targets(323,5): message :       _SplitProjectReferencesByFileExistence
       C:\Program Files\dotnet\sdk\9.0.304\Sdks\Microsoft.NET.Sdk.StaticWebAssets\targets\Microsoft.NET.Sdk.StaticWebAssets.targets(323,5): message :     ;
       C:\Program Files\dotnet\sdk\9.0.304\Sdks\Microsoft.NET.Sdk.StaticWebAssets\targets\Microsoft.NET.Sdk.StaticWebAssets.targets(323,5): message :       _GetProjectReferenceTargetFrameworkProperties;
       C:\Program Files\dotnet\sdk\9.0.304\Sdks\Microsoft.NET.Sdk.StaticWebAssets\targets\Microsoft.NET.Sdk.StaticWebAssets.targets(323,5): message :       _PopulateCommonStateForGetCopyToOutputDirectoryItems
       C:\Program Files\dotnet\sdk\9.0.304\Sdks\Microsoft.NET.Sdk.StaticWebAssets\targets\Microsoft.NET.Sdk.StaticWebAssets.targets(323,5): message :     ;AddStaticWebAssetsManifest;AddStaticWebAssetEndpointsBuildManifest" (previous value: "
       C:\Program Files\dotnet\sdk\9.0.304\Sdks\Microsoft.NET.Sdk.StaticWebAssets\targets\Microsoft.NET.Sdk.StaticWebAssets.targets(323,5): message :       AssignTargetPaths;
       C:\Program Files\dotnet\sdk\9.0.304\Sdks\Microsoft.NET.Sdk.StaticWebAssets\targets\Microsoft.NET.Sdk.StaticWebAssets.targets(323,5): message :       
       C:\Program Files\dotnet\sdk\9.0.304\Sdks\Microsoft.NET.Sdk.StaticWebAssets\targets\Microsoft.NET.Sdk.StaticWebAssets.targets(323,5): message :       AssignProjectConfiguration;
       C:\Program Files\dotnet\sdk\9.0.304\Sdks\Microsoft.NET.Sdk.StaticWebAssets\targets\Microsoft.NET.Sdk.StaticWebAssets.targets(323,5): message :       _SplitProjectReferencesByFileExistence
       C:\Program Files\dotnet\sdk\9.0.304\Sdks\Microsoft.NET.Sdk.StaticWebAssets\targets\Microsoft.NET.Sdk.StaticWebAssets.targets(323,5): message :     ;
       C:\Program Files\dotnet\sdk\9.0.304\Sdks\Microsoft.NET.Sdk.StaticWebAssets\targets\Microsoft.NET.Sdk.StaticWebAssets.targets(323,5): message :       _GetProjectReferenceTargetFrameworkProperties;
       C:\Program Files\dotnet\sdk\9.0.304\Sdks\Microsoft.NET.Sdk.StaticWebAssets\targets\Microsoft.NET.Sdk.StaticWebAssets.targets(323,5): message :       _PopulateCommonStateForGetCopyToOutputDirectoryItems
       C:\Program Files\dotnet\sdk\9.0.304\Sdks\Microsoft.NET.Sdk.StaticWebAssets\targets\Microsoft.NET.Sdk.StaticWebAssets.targets(323,5): message :     ") at C:\Program Files\dotnet\sdk\9.0.304\Sdks\Microsoft.NET.Sdk.StaticWebAssets\targets\Microsoft.NET.Sdk.StaticWebAssets.targets (323,5)
       C:\Program Files\dotnet\sdk\9.0.304\Sdks\Microsoft.NET.Sdk.StaticWebAssets\targets\Microsoft.NET.Sdk.StaticWebAssets.Pack.targets(46,5): message : Property reassignment: $(GenerateNuspecDependsOn)="
       C:\Program Files\dotnet\sdk\9.0.304\Sdks\Microsoft.NET.Sdk.StaticWebAssets\targets\Microsoft.NET.Sdk.StaticWebAssets.Pack.targets(46,5): message :       IncludeStaticWebAssetsPackItems;
       C:\Program Files\dotnet\sdk\9.0.304\Sdks\Microsoft.NET.Sdk.StaticWebAssets\targets\Microsoft.NET.Sdk.StaticWebAssets.Pack.targets(46,5): message :       Build;_LoadPackInputItems; _GetTargetFrameworksOutput; _WalkEachTargetPerFramework; _GetPackageFiles; ;
       C:\Program Files\dotnet\sdk\9.0.304\Sdks\Microsoft.NET.Sdk.StaticWebAssets\targets\Microsoft.NET.Sdk.StaticWebAssets.Pack.targets(46,5): message :     " (previous value: "Build;_LoadPackInputItems; _GetTargetFrameworksOutput; _WalkEachTargetPerFramework; _GetPackageFiles; ") at C:\Program Files\dotnet\sdk\9.0.304\Sdks\Microsoft.NET.Sdk.StaticWebAssets\targets\Microsoft.NET.Sdk.StaticWebAssets.Pack.targets (46,5)
       C:\Program Files\dotnet\sdk\9.0.304\Sdks\Microsoft.NET.Sdk.StaticWebAssets\targets\Microsoft.NET.Sdk.StaticWebAssets.Pack.targets(55,5): message : Property reassignment: $(IncludeStaticWebAssetsPackItemsDependsOn)="
       C:\Program Files\dotnet\sdk\9.0.304\Sdks\Microsoft.NET.Sdk.StaticWebAssets\targets\Microsoft.NET.Sdk.StaticWebAssets.Pack.targets(55,5): message :       Build;
       C:\Program Files\dotnet\sdk\9.0.304\Sdks\Microsoft.NET.Sdk.StaticWebAssets\targets\Microsoft.NET.Sdk.StaticWebAssets.Pack.targets(55,5): message :       ResolveStaticWebAssetsConfiguration;LoadStaticWebAssetsBuildManifest
       C:\Program Files\dotnet\sdk\9.0.304\Sdks\Microsoft.NET.Sdk.StaticWebAssets\targets\Microsoft.NET.Sdk.StaticWebAssets.Pack.targets(55,5): message :     ;
       C:\Program Files\dotnet\sdk\9.0.304\Sdks\Microsoft.NET.Sdk.StaticWebAssets\targets\Microsoft.NET.Sdk.StaticWebAssets.Pack.targets(55,5): message :     " (previous value: "
       C:\Program Files\dotnet\sdk\9.0.304\Sdks\Microsoft.NET.Sdk.StaticWebAssets\targets\Microsoft.NET.Sdk.StaticWebAssets.Pack.targets(55,5): message :       ResolveStaticWebAssetsConfiguration;LoadStaticWebAssetsBuildManifest
       C:\Program Files\dotnet\sdk\9.0.304\Sdks\Microsoft.NET.Sdk.StaticWebAssets\targets\Microsoft.NET.Sdk.StaticWebAssets.Pack.targets(55,5): message :     ") at C:\Program Files\dotnet\sdk\9.0.304\Sdks\Microsoft.NET.Sdk.StaticWebAssets\targets\Microsoft.NET.Sdk.StaticWebAssets.Pack.targets (55,5)
       C:\Program Files\dotnet\sdk\9.0.304\Sdks\Microsoft.NET.Sdk.StaticWebAssets\targets\Microsoft.NET.Sdk.StaticWebAssets.ScopedCss.targets(55,3): message : Property reassignment: $(ResolveStaticWebAssetsInputsDependsOn)="
       C:\Program Files\dotnet\sdk\9.0.304\Sdks\Microsoft.NET.Sdk.StaticWebAssets\targets\Microsoft.NET.Sdk.StaticWebAssets.ScopedCss.targets(55,3): message :     
       C:\Program Files\dotnet\sdk\9.0.304\Sdks\Microsoft.NET.Sdk.StaticWebAssets\targets\Microsoft.NET.Sdk.StaticWebAssets.ScopedCss.targets(55,3): message :       ResolveCoreStaticWebAssets;
       C:\Program Files\dotnet\sdk\9.0.304\Sdks\Microsoft.NET.Sdk.StaticWebAssets\targets\Microsoft.NET.Sdk.StaticWebAssets.ScopedCss.targets(55,3): message :       GenerateComputedBuildStaticWebAssets;
       C:\Program Files\dotnet\sdk\9.0.304\Sdks\Microsoft.NET.Sdk.StaticWebAssets\targets\Microsoft.NET.Sdk.StaticWebAssets.ScopedCss.targets(55,3): message :       
       C:\Program Files\dotnet\sdk\9.0.304\Sdks\Microsoft.NET.Sdk.StaticWebAssets\targets\Microsoft.NET.Sdk.StaticWebAssets.ScopedCss.targets(55,3): message :     ;
       C:\Program Files\dotnet\sdk\9.0.304\Sdks\Microsoft.NET.Sdk.StaticWebAssets\targets\Microsoft.NET.Sdk.StaticWebAssets.ScopedCss.targets(55,3): message :     ResolveScopedCssAssets;
       C:\Program Files\dotnet\sdk\9.0.304\Sdks\Microsoft.NET.Sdk.StaticWebAssets\targets\Microsoft.NET.Sdk.StaticWebAssets.ScopedCss.targets(55,3): message :   " (previous value: "
       C:\Program Files\dotnet\sdk\9.0.304\Sdks\Microsoft.NET.Sdk.StaticWebAssets\targets\Microsoft.NET.Sdk.StaticWebAssets.ScopedCss.targets(55,3): message :       ResolveCoreStaticWebAssets;
       C:\Program Files\dotnet\sdk\9.0.304\Sdks\Microsoft.NET.Sdk.StaticWebAssets\targets\Microsoft.NET.Sdk.StaticWebAssets.ScopedCss.targets(55,3): message :       GenerateComputedBuildStaticWebAssets;
       C:\Program Files\dotnet\sdk\9.0.304\Sdks\Microsoft.NET.Sdk.StaticWebAssets\targets\Microsoft.NET.Sdk.StaticWebAssets.ScopedCss.targets(55,3): message :       
       C:\Program Files\dotnet\sdk\9.0.304\Sdks\Microsoft.NET.Sdk.StaticWebAssets\targets\Microsoft.NET.Sdk.StaticWebAssets.ScopedCss.targets(55,3): message :     ") at C:\Program Files\dotnet\sdk\9.0.304\Sdks\Microsoft.NET.Sdk.StaticWebAssets\targets\Microsoft.NET.Sdk.StaticWebAssets.ScopedCss.targets (55,3)
       C:\Program Files\dotnet\sdk\9.0.304\Sdks\Microsoft.NET.Sdk.StaticWebAssets\targets\Microsoft.NET.Sdk.StaticWebAssets.ScopedCss.targets(88,3): message : Property reassignment: $(GenerateComputedBuildStaticWebAssetsDependsOn)="
       C:\Program Files\dotnet\sdk\9.0.304\Sdks\Microsoft.NET.Sdk.StaticWebAssets\targets\Microsoft.NET.Sdk.StaticWebAssets.ScopedCss.targets(88,3): message :     ResolveCoreStaticWebAssets;;
       C:\Program Files\dotnet\sdk\9.0.304\Sdks\Microsoft.NET.Sdk.StaticWebAssets\targets\Microsoft.NET.Sdk.StaticWebAssets.ScopedCss.targets(88,3): message :     BundleScopedCssFiles;
       C:\Program Files\dotnet\sdk\9.0.304\Sdks\Microsoft.NET.Sdk.StaticWebAssets\targets\Microsoft.NET.Sdk.StaticWebAssets.ScopedCss.targets(88,3): message :   " (previous value: "ResolveCoreStaticWebAssets;") at C:\Program Files\dotnet\sdk\9.0.304\Sdks\Microsoft.NET.Sdk.StaticWebAssets\targets\Microsoft.NET.Sdk.StaticWebAssets.ScopedCss.targets (88,3)
       C:\Program Files\dotnet\sdk\9.0.304\Sdks\Microsoft.NET.Sdk.StaticWebAssets\targets\Microsoft.NET.Sdk.StaticWebAssets.JSModules.targets(37,5): message : Property reassignment: $(ResolveCoreStaticWebAssetsDependsOn)="
       C:\Program Files\dotnet\sdk\9.0.304\Sdks\Microsoft.NET.Sdk.StaticWebAssets\targets\Microsoft.NET.Sdk.StaticWebAssets.JSModules.targets(37,5): message :       
       C:\Program Files\dotnet\sdk\9.0.304\Sdks\Microsoft.NET.Sdk.StaticWebAssets\targets\Microsoft.NET.Sdk.StaticWebAssets.JSModules.targets(37,5): message :       UpdateExistingPackageStaticWebAssets;
       C:\Program Files\dotnet\sdk\9.0.304\Sdks\Microsoft.NET.Sdk.StaticWebAssets\targets\Microsoft.NET.Sdk.StaticWebAssets.JSModules.targets(37,5): message :       ResolveProjectStaticWebAssets;
       C:\Program Files\dotnet\sdk\9.0.304\Sdks\Microsoft.NET.Sdk.StaticWebAssets\targets\Microsoft.NET.Sdk.StaticWebAssets.JSModules.targets(37,5): message :       ResolveEmbeddedProjectsStaticWebAssets;
       C:\Program Files\dotnet\sdk\9.0.304\Sdks\Microsoft.NET.Sdk.StaticWebAssets\targets\Microsoft.NET.Sdk.StaticWebAssets.JSModules.targets(37,5): message :       ResolveReferencedProjectsStaticWebAssets;
       C:\Program Files\dotnet\sdk\9.0.304\Sdks\Microsoft.NET.Sdk.StaticWebAssets\targets\Microsoft.NET.Sdk.StaticWebAssets.JSModules.targets(37,5): message :       ;
       C:\Program Files\dotnet\sdk\9.0.304\Sdks\Microsoft.NET.Sdk.StaticWebAssets\targets\Microsoft.NET.Sdk.StaticWebAssets.JSModules.targets(37,5): message :     ;
       C:\Program Files\dotnet\sdk\9.0.304\Sdks\Microsoft.NET.Sdk.StaticWebAssets\targets\Microsoft.NET.Sdk.StaticWebAssets.JSModules.targets(37,5): message :       ResolveJsInitializerModuleStaticWebAssets;
       C:\Program Files\dotnet\sdk\9.0.304\Sdks\Microsoft.NET.Sdk.StaticWebAssets\targets\Microsoft.NET.Sdk.StaticWebAssets.JSModules.targets(37,5): message :     " (previous value: "
       C:\Program Files\dotnet\sdk\9.0.304\Sdks\Microsoft.NET.Sdk.StaticWebAssets\targets\Microsoft.NET.Sdk.StaticWebAssets.JSModules.targets(37,5): message :       UpdateExistingPackageStaticWebAssets;
       C:\Program Files\dotnet\sdk\9.0.304\Sdks\Microsoft.NET.Sdk.StaticWebAssets\targets\Microsoft.NET.Sdk.StaticWebAssets.JSModules.targets(37,5): message :       ResolveProjectStaticWebAssets;
       C:\Program Files\dotnet\sdk\9.0.304\Sdks\Microsoft.NET.Sdk.StaticWebAssets\targets\Microsoft.NET.Sdk.StaticWebAssets.JSModules.targets(37,5): message :       ResolveEmbeddedProjectsStaticWebAssets;
       C:\Program Files\dotnet\sdk\9.0.304\Sdks\Microsoft.NET.Sdk.StaticWebAssets\targets\Microsoft.NET.Sdk.StaticWebAssets.JSModules.targets(37,5): message :       ResolveReferencedProjectsStaticWebAssets;
       C:\Program Files\dotnet\sdk\9.0.304\Sdks\Microsoft.NET.Sdk.StaticWebAssets\targets\Microsoft.NET.Sdk.StaticWebAssets.JSModules.targets(37,5): message :       ;
       C:\Program Files\dotnet\sdk\9.0.304\Sdks\Microsoft.NET.Sdk.StaticWebAssets\targets\Microsoft.NET.Sdk.StaticWebAssets.JSModules.targets(37,5): message :     ") at C:\Program Files\dotnet\sdk\9.0.304\Sdks\Microsoft.NET.Sdk.StaticWebAssets\targets\Microsoft.NET.Sdk.StaticWebAssets.JSModules.targets (37,5)
       C:\Program Files\dotnet\sdk\9.0.304\Sdks\Microsoft.NET.Sdk.StaticWebAssets\targets\Microsoft.NET.Sdk.StaticWebAssets.JSModules.targets(42,5): message : Property reassignment: $(ResolveCoreStaticWebAssetsDependsOn)="
       C:\Program Files\dotnet\sdk\9.0.304\Sdks\Microsoft.NET.Sdk.StaticWebAssets\targets\Microsoft.NET.Sdk.StaticWebAssets.JSModules.targets(42,5): message :       
       C:\Program Files\dotnet\sdk\9.0.304\Sdks\Microsoft.NET.Sdk.StaticWebAssets\targets\Microsoft.NET.Sdk.StaticWebAssets.JSModules.targets(42,5): message :       
       C:\Program Files\dotnet\sdk\9.0.304\Sdks\Microsoft.NET.Sdk.StaticWebAssets\targets\Microsoft.NET.Sdk.StaticWebAssets.JSModules.targets(42,5): message :       UpdateExistingPackageStaticWebAssets;
       C:\Program Files\dotnet\sdk\9.0.304\Sdks\Microsoft.NET.Sdk.StaticWebAssets\targets\Microsoft.NET.Sdk.StaticWebAssets.JSModules.targets(42,5): message :       ResolveProjectStaticWebAssets;
       C:\Program Files\dotnet\sdk\9.0.304\Sdks\Microsoft.NET.Sdk.StaticWebAssets\targets\Microsoft.NET.Sdk.StaticWebAssets.JSModules.targets(42,5): message :       ResolveEmbeddedProjectsStaticWebAssets;
       C:\Program Files\dotnet\sdk\9.0.304\Sdks\Microsoft.NET.Sdk.StaticWebAssets\targets\Microsoft.NET.Sdk.StaticWebAssets.JSModules.targets(42,5): message :       ResolveReferencedProjectsStaticWebAssets;
       C:\Program Files\dotnet\sdk\9.0.304\Sdks\Microsoft.NET.Sdk.StaticWebAssets\targets\Microsoft.NET.Sdk.StaticWebAssets.JSModules.targets(42,5): message :       ;
       C:\Program Files\dotnet\sdk\9.0.304\Sdks\Microsoft.NET.Sdk.StaticWebAssets\targets\Microsoft.NET.Sdk.StaticWebAssets.JSModules.targets(42,5): message :     ;
       C:\Program Files\dotnet\sdk\9.0.304\Sdks\Microsoft.NET.Sdk.StaticWebAssets\targets\Microsoft.NET.Sdk.StaticWebAssets.JSModules.targets(42,5): message :       ResolveJsInitializerModuleStaticWebAssets;
       C:\Program Files\dotnet\sdk\9.0.304\Sdks\Microsoft.NET.Sdk.StaticWebAssets\targets\Microsoft.NET.Sdk.StaticWebAssets.JSModules.targets(42,5): message :     ;
       C:\Program Files\dotnet\sdk\9.0.304\Sdks\Microsoft.NET.Sdk.StaticWebAssets\targets\Microsoft.NET.Sdk.StaticWebAssets.JSModules.targets(42,5): message :       ResolveJSModuleStaticWebAssets;
       C:\Program Files\dotnet\sdk\9.0.304\Sdks\Microsoft.NET.Sdk.StaticWebAssets\targets\Microsoft.NET.Sdk.StaticWebAssets.JSModules.targets(42,5): message :     " (previous value: "
       C:\Program Files\dotnet\sdk\9.0.304\Sdks\Microsoft.NET.Sdk.StaticWebAssets\targets\Microsoft.NET.Sdk.StaticWebAssets.JSModules.targets(42,5): message :       
       C:\Program Files\dotnet\sdk\9.0.304\Sdks\Microsoft.NET.Sdk.StaticWebAssets\targets\Microsoft.NET.Sdk.StaticWebAssets.JSModules.targets(42,5): message :       UpdateExistingPackageStaticWebAssets;
       C:\Program Files\dotnet\sdk\9.0.304\Sdks\Microsoft.NET.Sdk.StaticWebAssets\targets\Microsoft.NET.Sdk.StaticWebAssets.JSModules.targets(42,5): message :       ResolveProjectStaticWebAssets;
       C:\Program Files\dotnet\sdk\9.0.304\Sdks\Microsoft.NET.Sdk.StaticWebAssets\targets\Microsoft.NET.Sdk.StaticWebAssets.JSModules.targets(42,5): message :       ResolveEmbeddedProjectsStaticWebAssets;
       C:\Program Files\dotnet\sdk\9.0.304\Sdks\Microsoft.NET.Sdk.StaticWebAssets\targets\Microsoft.NET.Sdk.StaticWebAssets.JSModules.targets(42,5): message :       ResolveReferencedProjectsStaticWebAssets;
       C:\Program Files\dotnet\sdk\9.0.304\Sdks\Microsoft.NET.Sdk.StaticWebAssets\targets\Microsoft.NET.Sdk.StaticWebAssets.JSModules.targets(42,5): message :       ;
       C:\Program Files\dotnet\sdk\9.0.304\Sdks\Microsoft.NET.Sdk.StaticWebAssets\targets\Microsoft.NET.Sdk.StaticWebAssets.JSModules.targets(42,5): message :     ;
       C:\Program Files\dotnet\sdk\9.0.304\Sdks\Microsoft.NET.Sdk.StaticWebAssets\targets\Microsoft.NET.Sdk.StaticWebAssets.JSModules.targets(42,5): message :       ResolveJsInitializerModuleStaticWebAssets;
       C:\Program Files\dotnet\sdk\9.0.304\Sdks\Microsoft.NET.Sdk.StaticWebAssets\targets\Microsoft.NET.Sdk.StaticWebAssets.JSModules.targets(42,5): message :     ") at C:\Program Files\dotnet\sdk\9.0.304\Sdks\Microsoft.NET.Sdk.StaticWebAssets\targets\Microsoft.NET.Sdk.StaticWebAssets.JSModules.targets (42,5)
       C:\Program Files\dotnet\sdk\9.0.304\Sdks\Microsoft.NET.Sdk.StaticWebAssets\targets\Microsoft.NET.Sdk.StaticWebAssets.JSModules.targets(57,5): message : Property reassignment: $(ResolveStaticWebAssetsInputsDependsOn)="
       C:\Program Files\dotnet\sdk\9.0.304\Sdks\Microsoft.NET.Sdk.StaticWebAssets\targets\Microsoft.NET.Sdk.StaticWebAssets.JSModules.targets(57,5): message :       ResolveJSModuleManifestBuildStaticWebAssets;
       C:\Program Files\dotnet\sdk\9.0.304\Sdks\Microsoft.NET.Sdk.StaticWebAssets\targets\Microsoft.NET.Sdk.StaticWebAssets.JSModules.targets(57,5): message :       
       C:\Program Files\dotnet\sdk\9.0.304\Sdks\Microsoft.NET.Sdk.StaticWebAssets\targets\Microsoft.NET.Sdk.StaticWebAssets.JSModules.targets(57,5): message :     
       C:\Program Files\dotnet\sdk\9.0.304\Sdks\Microsoft.NET.Sdk.StaticWebAssets\targets\Microsoft.NET.Sdk.StaticWebAssets.JSModules.targets(57,5): message :       ResolveCoreStaticWebAssets;
       C:\Program Files\dotnet\sdk\9.0.304\Sdks\Microsoft.NET.Sdk.StaticWebAssets\targets\Microsoft.NET.Sdk.StaticWebAssets.JSModules.targets(57,5): message :       GenerateComputedBuildStaticWebAssets;
       C:\Program Files\dotnet\sdk\9.0.304\Sdks\Microsoft.NET.Sdk.StaticWebAssets\targets\Microsoft.NET.Sdk.StaticWebAssets.JSModules.targets(57,5): message :       
       C:\Program Files\dotnet\sdk\9.0.304\Sdks\Microsoft.NET.Sdk.StaticWebAssets\targets\Microsoft.NET.Sdk.StaticWebAssets.JSModules.targets(57,5): message :     ;
       C:\Program Files\dotnet\sdk\9.0.304\Sdks\Microsoft.NET.Sdk.StaticWebAssets\targets\Microsoft.NET.Sdk.StaticWebAssets.JSModules.targets(57,5): message :     ResolveScopedCssAssets;
       C:\Program Files\dotnet\sdk\9.0.304\Sdks\Microsoft.NET.Sdk.StaticWebAssets\targets\Microsoft.NET.Sdk.StaticWebAssets.JSModules.targets(57,5): message :   
       C:\Program Files\dotnet\sdk\9.0.304\Sdks\Microsoft.NET.Sdk.StaticWebAssets\targets\Microsoft.NET.Sdk.StaticWebAssets.JSModules.targets(57,5): message :     " (previous value: "
       C:\Program Files\dotnet\sdk\9.0.304\Sdks\Microsoft.NET.Sdk.StaticWebAssets\targets\Microsoft.NET.Sdk.StaticWebAssets.JSModules.targets(57,5): message :     
       C:\Program Files\dotnet\sdk\9.0.304\Sdks\Microsoft.NET.Sdk.StaticWebAssets\targets\Microsoft.NET.Sdk.StaticWebAssets.JSModules.targets(57,5): message :       ResolveCoreStaticWebAssets;
       C:\Program Files\dotnet\sdk\9.0.304\Sdks\Microsoft.NET.Sdk.StaticWebAssets\targets\Microsoft.NET.Sdk.StaticWebAssets.JSModules.targets(57,5): message :       GenerateComputedBuildStaticWebAssets;
       C:\Program Files\dotnet\sdk\9.0.304\Sdks\Microsoft.NET.Sdk.StaticWebAssets\targets\Microsoft.NET.Sdk.StaticWebAssets.JSModules.targets(57,5): message :       
       C:\Program Files\dotnet\sdk\9.0.304\Sdks\Microsoft.NET.Sdk.StaticWebAssets\targets\Microsoft.NET.Sdk.StaticWebAssets.JSModules.targets(57,5): message :     ;
       C:\Program Files\dotnet\sdk\9.0.304\Sdks\Microsoft.NET.Sdk.StaticWebAssets\targets\Microsoft.NET.Sdk.StaticWebAssets.JSModules.targets(57,5): message :     ResolveScopedCssAssets;
       C:\Program Files\dotnet\sdk\9.0.304\Sdks\Microsoft.NET.Sdk.StaticWebAssets\targets\Microsoft.NET.Sdk.StaticWebAssets.JSModules.targets(57,5): message :   ") at C:\Program Files\dotnet\sdk\9.0.304\Sdks\Microsoft.NET.Sdk.StaticWebAssets\targets\Microsoft.NET.Sdk.StaticWebAssets.JSModules.targets (57,5)
       C:\Program Files\dotnet\sdk\9.0.304\Sdks\Microsoft.NET.Sdk.StaticWebAssets\targets\Microsoft.NET.Sdk.StaticWebAssets.JSModules.targets(76,5): message : Property reassignment: $(ResolvePublishStaticWebAssetsDependsOn)="
       C:\Program Files\dotnet\sdk\9.0.304\Sdks\Microsoft.NET.Sdk.StaticWebAssets\targets\Microsoft.NET.Sdk.StaticWebAssets.JSModules.targets(76,5): message :       ResolveJSModuleManifestPublishStaticWebAssets;
       C:\Program Files\dotnet\sdk\9.0.304\Sdks\Microsoft.NET.Sdk.StaticWebAssets\targets\Microsoft.NET.Sdk.StaticWebAssets.JSModules.targets(76,5): message :       
       C:\Program Files\dotnet\sdk\9.0.304\Sdks\Microsoft.NET.Sdk.StaticWebAssets\targets\Microsoft.NET.Sdk.StaticWebAssets.JSModules.targets(76,5): message :       ResolveCorePublishStaticWebAssets;
       C:\Program Files\dotnet\sdk\9.0.304\Sdks\Microsoft.NET.Sdk.StaticWebAssets\targets\Microsoft.NET.Sdk.StaticWebAssets.JSModules.targets(76,5): message :       GenerateComputedPublishStaticWebAssets;
       C:\Program Files\dotnet\sdk\9.0.304\Sdks\Microsoft.NET.Sdk.StaticWebAssets\targets\Microsoft.NET.Sdk.StaticWebAssets.JSModules.targets(76,5): message :       ;
       C:\Program Files\dotnet\sdk\9.0.304\Sdks\Microsoft.NET.Sdk.StaticWebAssets\targets\Microsoft.NET.Sdk.StaticWebAssets.JSModules.targets(76,5): message :     
       C:\Program Files\dotnet\sdk\9.0.304\Sdks\Microsoft.NET.Sdk.StaticWebAssets\targets\Microsoft.NET.Sdk.StaticWebAssets.JSModules.targets(76,5): message :     " (previous value: "
       C:\Program Files\dotnet\sdk\9.0.304\Sdks\Microsoft.NET.Sdk.StaticWebAssets\targets\Microsoft.NET.Sdk.StaticWebAssets.JSModules.targets(76,5): message :       ResolveCorePublishStaticWebAssets;
       C:\Program Files\dotnet\sdk\9.0.304\Sdks\Microsoft.NET.Sdk.StaticWebAssets\targets\Microsoft.NET.Sdk.StaticWebAssets.JSModules.targets(76,5): message :       GenerateComputedPublishStaticWebAssets;
       C:\Program Files\dotnet\sdk\9.0.304\Sdks\Microsoft.NET.Sdk.StaticWebAssets\targets\Microsoft.NET.Sdk.StaticWebAssets.JSModules.targets(76,5): message :       ;
       C:\Program Files\dotnet\sdk\9.0.304\Sdks\Microsoft.NET.Sdk.StaticWebAssets\targets\Microsoft.NET.Sdk.StaticWebAssets.JSModules.targets(76,5): message :     ") at C:\Program Files\dotnet\sdk\9.0.304\Sdks\Microsoft.NET.Sdk.StaticWebAssets\targets\Microsoft.NET.Sdk.StaticWebAssets.JSModules.targets (76,5)
       C:\Program Files\dotnet\sdk\9.0.304\Sdks\Microsoft.NET.Sdk.StaticWebAssets\targets\Microsoft.NET.Sdk.StaticWebAssets.Compression.targets(179,5): message : Property reassignment: $(ResolveBuildRelatedStaticWebAssetsDependsOn)="
       C:\Program Files\dotnet\sdk\9.0.304\Sdks\Microsoft.NET.Sdk.StaticWebAssets\targets\Microsoft.NET.Sdk.StaticWebAssets.Compression.targets(179,5): message :       ResolveBuildCompressedStaticWebAssets;
       C:\Program Files\dotnet\sdk\9.0.304\Sdks\Microsoft.NET.Sdk.StaticWebAssets\targets\Microsoft.NET.Sdk.StaticWebAssets.Compression.targets(179,5): message :       
       C:\Program Files\dotnet\sdk\9.0.304\Sdks\Microsoft.NET.Sdk.StaticWebAssets\targets\Microsoft.NET.Sdk.StaticWebAssets.Compression.targets(179,5): message :       ResolveStaticWebAssetsInputs;
       C:\Program Files\dotnet\sdk\9.0.304\Sdks\Microsoft.NET.Sdk.StaticWebAssets\targets\Microsoft.NET.Sdk.StaticWebAssets.Compression.targets(179,5): message :       
       C:\Program Files\dotnet\sdk\9.0.304\Sdks\Microsoft.NET.Sdk.StaticWebAssets\targets\Microsoft.NET.Sdk.StaticWebAssets.Compression.targets(179,5): message :     
       C:\Program Files\dotnet\sdk\9.0.304\Sdks\Microsoft.NET.Sdk.StaticWebAssets\targets\Microsoft.NET.Sdk.StaticWebAssets.Compression.targets(179,5): message :     " (previous value: "
       C:\Program Files\dotnet\sdk\9.0.304\Sdks\Microsoft.NET.Sdk.StaticWebAssets\targets\Microsoft.NET.Sdk.StaticWebAssets.Compression.targets(179,5): message :       ResolveStaticWebAssetsInputs;
       C:\Program Files\dotnet\sdk\9.0.304\Sdks\Microsoft.NET.Sdk.StaticWebAssets\targets\Microsoft.NET.Sdk.StaticWebAssets.Compression.targets(179,5): message :       
       C:\Program Files\dotnet\sdk\9.0.304\Sdks\Microsoft.NET.Sdk.StaticWebAssets\targets\Microsoft.NET.Sdk.StaticWebAssets.Compression.targets(179,5): message :     ") at C:\Program Files\dotnet\sdk\9.0.304\Sdks\Microsoft.NET.Sdk.StaticWebAssets\targets\Microsoft.NET.Sdk.StaticWebAssets.Compression.targets (179,5)
       C:\Program Files\dotnet\sdk\9.0.304\Sdks\Microsoft.NET.Sdk.StaticWebAssets\targets\Microsoft.NET.Sdk.StaticWebAssets.Compression.targets(198,5): message : Property reassignment: $(ResolvePublishRelatedStaticWebAssetsDependsOn)="
       C:\Program Files\dotnet\sdk\9.0.304\Sdks\Microsoft.NET.Sdk.StaticWebAssets\targets\Microsoft.NET.Sdk.StaticWebAssets.Compression.targets(198,5): message :       ResolvePublishCompressedStaticWebAssets;
       C:\Program Files\dotnet\sdk\9.0.304\Sdks\Microsoft.NET.Sdk.StaticWebAssets\targets\Microsoft.NET.Sdk.StaticWebAssets.Compression.targets(198,5): message :       
       C:\Program Files\dotnet\sdk\9.0.304\Sdks\Microsoft.NET.Sdk.StaticWebAssets\targets\Microsoft.NET.Sdk.StaticWebAssets.Compression.targets(198,5): message :     " (previous value: "") at C:\Program Files\dotnet\sdk\9.0.304\Sdks\Microsoft.NET.Sdk.StaticWebAssets\targets\Microsoft.NET.Sdk.StaticWebAssets.Compression.targets (198,5)
       C:\Program Files\dotnet\sdk\9.0.304\Sdks\Microsoft.NET.Sdk.Razor\targets\Sdk.Razor.CurrentVersion.targets(205,5): message : Property reassignment: $(DebugSymbolsProjectOutputGroupDependsOn)="
       C:\Program Files\dotnet\sdk\9.0.304\Sdks\Microsoft.NET.Sdk.Razor\targets\Sdk.Razor.CurrentVersion.targets(205,5): message :       ;
       C:\Program Files\dotnet\sdk\9.0.304\Sdks\Microsoft.NET.Sdk.Razor\targets\Sdk.Razor.CurrentVersion.targets(205,5): message :       _RazorAddDebugSymbolsProjectOutputGroupOutput
       C:\Program Files\dotnet\sdk\9.0.304\Sdks\Microsoft.NET.Sdk.Razor\targets\Sdk.Razor.CurrentVersion.targets(205,5): message :     " (previous value: "") at C:\Program Files\dotnet\sdk\9.0.304\Sdks\Microsoft.NET.Sdk.Razor\targets\Sdk.Razor.CurrentVersion.targets (205,5)
       C:\Program Files\dotnet\sdk\9.0.304\Sdks\Microsoft.NET.Sdk.Razor\targets\Sdk.Razor.CurrentVersion.targets(210,5): message : Property reassignment: $(PrepareForBuildDependsOn)="
       C:\Program Files\dotnet\sdk\9.0.304\Sdks\Microsoft.NET.Sdk.Razor\targets\Sdk.Razor.CurrentVersion.targets(210,5): message :       ;GetFrameworkPaths;GetReferenceAssemblyPaths;AssignLinkMetadata;
       C:\Program Files\dotnet\sdk\9.0.304\Sdks\Microsoft.NET.Sdk.Razor\targets\Sdk.Razor.CurrentVersion.targets(210,5): message :       ResolveRazorGenerateInputs
       C:\Program Files\dotnet\sdk\9.0.304\Sdks\Microsoft.NET.Sdk.Razor\targets\Sdk.Razor.CurrentVersion.targets(210,5): message :     " (previous value: ";GetFrameworkPaths;GetReferenceAssemblyPaths;AssignLinkMetadata") at C:\Program Files\dotnet\sdk\9.0.304\Sdks\Microsoft.NET.Sdk.Razor\targets\Sdk.Razor.CurrentVersion.targets (210,5)
       C:\Program Files\dotnet\sdk\9.0.304\Sdks\Microsoft.NET.Sdk.Razor\targets\Sdk.Razor.CurrentVersion.targets(215,5): message : Property reassignment: $(GenerateNuspecDependsOn)="
       C:\Program Files\dotnet\sdk\9.0.304\Sdks\Microsoft.NET.Sdk.Razor\targets\Sdk.Razor.CurrentVersion.targets(215,5): message :       ResolveRazorGenerateInputs;
       C:\Program Files\dotnet\sdk\9.0.304\Sdks\Microsoft.NET.Sdk.Razor\targets\Sdk.Razor.CurrentVersion.targets(215,5): message :       
       C:\Program Files\dotnet\sdk\9.0.304\Sdks\Microsoft.NET.Sdk.Razor\targets\Sdk.Razor.CurrentVersion.targets(215,5): message :       IncludeStaticWebAssetsPackItems;
       C:\Program Files\dotnet\sdk\9.0.304\Sdks\Microsoft.NET.Sdk.Razor\targets\Sdk.Razor.CurrentVersion.targets(215,5): message :       Build;_LoadPackInputItems; _GetTargetFrameworksOutput; _WalkEachTargetPerFramework; _GetPackageFiles; ;
       C:\Program Files\dotnet\sdk\9.0.304\Sdks\Microsoft.NET.Sdk.Razor\targets\Sdk.Razor.CurrentVersion.targets(215,5): message :     
       C:\Program Files\dotnet\sdk\9.0.304\Sdks\Microsoft.NET.Sdk.Razor\targets\Sdk.Razor.CurrentVersion.targets(215,5): message :     " (previous value: "
       C:\Program Files\dotnet\sdk\9.0.304\Sdks\Microsoft.NET.Sdk.Razor\targets\Sdk.Razor.CurrentVersion.targets(215,5): message :       IncludeStaticWebAssetsPackItems;
       C:\Program Files\dotnet\sdk\9.0.304\Sdks\Microsoft.NET.Sdk.Razor\targets\Sdk.Razor.CurrentVersion.targets(215,5): message :       Build;_LoadPackInputItems; _GetTargetFrameworksOutput; _WalkEachTargetPerFramework; _GetPackageFiles; ;
       C:\Program Files\dotnet\sdk\9.0.304\Sdks\Microsoft.NET.Sdk.Razor\targets\Sdk.Razor.CurrentVersion.targets(215,5): message :     ") at C:\Program Files\dotnet\sdk\9.0.304\Sdks\Microsoft.NET.Sdk.Razor\targets\Sdk.Razor.CurrentVersion.targets (215,5)
       C:\Program Files\dotnet\sdk\9.0.304\Sdks\Microsoft.NET.Sdk.Razor\targets\Sdk.Razor.CurrentVersion.targets(220,5): message : Property reassignment: $(PrepareForRunDependsOn)="
       C:\Program Files\dotnet\sdk\9.0.304\Sdks\Microsoft.NET.Sdk.Razor\targets\Sdk.Razor.CurrentVersion.targets(220,5): message :       _RazorPrepareForRun;
       C:\Program Files\dotnet\sdk\9.0.304\Sdks\Microsoft.NET.Sdk.Razor\targets\Sdk.Razor.CurrentVersion.targets(220,5): message :       StaticWebAssetsPrepareForRun;
       C:\Program Files\dotnet\sdk\9.0.304\Sdks\Microsoft.NET.Sdk.Razor\targets\Sdk.Razor.CurrentVersion.targets(220,5): message :       CopyFilesToOutputDirectory
       C:\Program Files\dotnet\sdk\9.0.304\Sdks\Microsoft.NET.Sdk.Razor\targets\Sdk.Razor.CurrentVersion.targets(220,5): message :     
       C:\Program Files\dotnet\sdk\9.0.304\Sdks\Microsoft.NET.Sdk.Razor\targets\Sdk.Razor.CurrentVersion.targets(220,5): message :     " (previous value: "StaticWebAssetsPrepareForRun;
       C:\Program Files\dotnet\sdk\9.0.304\Sdks\Microsoft.NET.Sdk.Razor\targets\Sdk.Razor.CurrentVersion.targets(220,5): message :       CopyFilesToOutputDirectory
       C:\Program Files\dotnet\sdk\9.0.304\Sdks\Microsoft.NET.Sdk.Razor\targets\Sdk.Razor.CurrentVersion.targets(220,5): message :     ") at C:\Program Files\dotnet\sdk\9.0.304\Sdks\Microsoft.NET.Sdk.Razor\targets\Sdk.Razor.CurrentVersion.targets (220,5)
       C:\Program Files\dotnet\sdk\9.0.304\Sdks\Microsoft.NET.Sdk.Razor\targets\Sdk.Razor.CurrentVersion.targets(311,5): message : Property reassignment: $(UseRazorBuildServer)="true" (previous value: "") at C:\Program Files\dotnet\sdk\9.0.304\Sdks\Microsoft.NET.Sdk.Razor\targets\Sdk.Razor.CurrentVersion.targets (311,5)
       C:\Program Files\dotnet\sdk\9.0.304\Sdks\Microsoft.NET.Sdk.Razor\targets\Sdk.Razor.CurrentVersion.targets(317,5): message : Property reassignment: $(_RazorDebugSymbolsProduced)="true" (previous value: "false") at C:\Program Files\dotnet\sdk\9.0.304\Sdks\Microsoft.NET.Sdk.Razor\targets\Sdk.Razor.CurrentVersion.targets (317,5)
       C:\Program Files\dotnet\sdk\9.0.304\Sdks\Microsoft.NET.Sdk.Razor\targets\Microsoft.NET.Sdk.Razor.GenerateAssemblyInfo.targets(36,5): message : Property reassignment: $(GenerateRazorTargetAssemblyInfoDependsOn)="
       C:\Program Files\dotnet\sdk\9.0.304\Sdks\Microsoft.NET.Sdk.Razor\targets\Microsoft.NET.Sdk.Razor.GenerateAssemblyInfo.targets(36,5): message :       _ResolveMvcAssemblyAttributes;
       C:\Program Files\dotnet\sdk\9.0.304\Sdks\Microsoft.NET.Sdk.Razor\targets\Microsoft.NET.Sdk.Razor.GenerateAssemblyInfo.targets(36,5): message :       
       C:\Program Files\dotnet\sdk\9.0.304\Sdks\Microsoft.NET.Sdk.Razor\targets\Microsoft.NET.Sdk.Razor.GenerateAssemblyInfo.targets(36,5): message :       GetRazorTargetAssemblyAttributes;
       C:\Program Files\dotnet\sdk\9.0.304\Sdks\Microsoft.NET.Sdk.Razor\targets\Microsoft.NET.Sdk.Razor.GenerateAssemblyInfo.targets(36,5): message :       _CreateRazorTargetAssemblyInfoInputsCacheFile;
       C:\Program Files\dotnet\sdk\9.0.304\Sdks\Microsoft.NET.Sdk.Razor\targets\Microsoft.NET.Sdk.Razor.GenerateAssemblyInfo.targets(36,5): message :       CoreGenerateRazorTargetAssemblyInfo
       C:\Program Files\dotnet\sdk\9.0.304\Sdks\Microsoft.NET.Sdk.Razor\targets\Microsoft.NET.Sdk.Razor.GenerateAssemblyInfo.targets(36,5): message :     
       C:\Program Files\dotnet\sdk\9.0.304\Sdks\Microsoft.NET.Sdk.Razor\targets\Microsoft.NET.Sdk.Razor.GenerateAssemblyInfo.targets(36,5): message :     " (previous value: "
       C:\Program Files\dotnet\sdk\9.0.304\Sdks\Microsoft.NET.Sdk.Razor\targets\Microsoft.NET.Sdk.Razor.GenerateAssemblyInfo.targets(36,5): message :       GetRazorTargetAssemblyAttributes;
       C:\Program Files\dotnet\sdk\9.0.304\Sdks\Microsoft.NET.Sdk.Razor\targets\Microsoft.NET.Sdk.Razor.GenerateAssemblyInfo.targets(36,5): message :       _CreateRazorTargetAssemblyInfoInputsCacheFile;
       C:\Program Files\dotnet\sdk\9.0.304\Sdks\Microsoft.NET.Sdk.Razor\targets\Microsoft.NET.Sdk.Razor.GenerateAssemblyInfo.targets(36,5): message :       CoreGenerateRazorTargetAssemblyInfo
       C:\Program Files\dotnet\sdk\9.0.304\Sdks\Microsoft.NET.Sdk.Razor\targets\Microsoft.NET.Sdk.Razor.GenerateAssemblyInfo.targets(36,5): message :     ") at C:\Program Files\dotnet\sdk\9.0.304\Sdks\Microsoft.NET.Sdk.Razor\targets\Microsoft.NET.Sdk.Razor.GenerateAssemblyInfo.targets (36,5)
       C:\Program Files\dotnet\sdk\9.0.304\Sdks\Microsoft.NET.Sdk.Razor\targets\Microsoft.NET.Sdk.Razor.GenerateAssemblyInfo.targets(181,5): message : Property reassignment: $(CoreCompileDependsOn)="
       C:\Program Files\dotnet\sdk\9.0.304\Sdks\Microsoft.NET.Sdk.Razor\targets\Microsoft.NET.Sdk.Razor.GenerateAssemblyInfo.targets(181,5): message :       ;_ComputeNonExistentFileProperty;ResolveCodeAnalysisRuleSet;
       C:\Program Files\dotnet\sdk\9.0.304\Sdks\Microsoft.NET.Sdk.Razor\targets\Microsoft.NET.Sdk.Razor.GenerateAssemblyInfo.targets(181,5): message :       _GenerateRazorAssemblyInfo
       C:\Program Files\dotnet\sdk\9.0.304\Sdks\Microsoft.NET.Sdk.Razor\targets\Microsoft.NET.Sdk.Razor.GenerateAssemblyInfo.targets(181,5): message :     " (previous value: ";_ComputeNonExistentFileProperty;ResolveCodeAnalysisRuleSet") at C:\Program Files\dotnet\sdk\9.0.304\Sdks\Microsoft.NET.Sdk.Razor\targets\Microsoft.NET.Sdk.Razor.GenerateAssemblyInfo.targets (181,5)
       C:\Program Files\dotnet\sdk\9.0.304\Sdks\Microsoft.NET.Sdk.Razor\targets\Microsoft.NET.Sdk.Razor.GenerateAssemblyInfo.targets(189,5): message : Property reassignment: $(_GenerateRazorAssemblyInfoDependsOn)="
       C:\Program Files\dotnet\sdk\9.0.304\Sdks\Microsoft.NET.Sdk.Razor\targets\Microsoft.NET.Sdk.Razor.GenerateAssemblyInfo.targets(189,5): message :       _ResolveMvcAssemblyAttributes;
       C:\Program Files\dotnet\sdk\9.0.304\Sdks\Microsoft.NET.Sdk.Razor\targets\Microsoft.NET.Sdk.Razor.GenerateAssemblyInfo.targets(189,5): message :       RazorGetAssemblyAttributes;PrepareForBuild;_CoreGenerateRazorAssemblyInfo;
       C:\Program Files\dotnet\sdk\9.0.304\Sdks\Microsoft.NET.Sdk.Razor\targets\Microsoft.NET.Sdk.Razor.GenerateAssemblyInfo.targets(189,5): message :     " (previous value: "RazorGetAssemblyAttributes;PrepareForBuild;_CoreGenerateRazorAssemblyInfo") at C:\Program Files\dotnet\sdk\9.0.304\Sdks\Microsoft.NET.Sdk.Razor\targets\Microsoft.NET.Sdk.Razor.GenerateAssemblyInfo.targets (189,5)
       C:\Program Files\dotnet\sdk\9.0.304\Sdks\Microsoft.NET.Sdk.Razor\targets\Microsoft.NET.Sdk.Razor.MvcApplicationPartsDiscovery.targets(22,5): message : Property reassignment: $(CoreCompileDependsOn)="
       C:\Program Files\dotnet\sdk\9.0.304\Sdks\Microsoft.NET.Sdk.Razor\targets\Microsoft.NET.Sdk.Razor.MvcApplicationPartsDiscovery.targets(22,5): message :       _DiscoverMvcApplicationParts;
       C:\Program Files\dotnet\sdk\9.0.304\Sdks\Microsoft.NET.Sdk.Razor\targets\Microsoft.NET.Sdk.Razor.MvcApplicationPartsDiscovery.targets(22,5): message :       
       C:\Program Files\dotnet\sdk\9.0.304\Sdks\Microsoft.NET.Sdk.Razor\targets\Microsoft.NET.Sdk.Razor.MvcApplicationPartsDiscovery.targets(22,5): message :       ;_ComputeNonExistentFileProperty;ResolveCodeAnalysisRuleSet;
       C:\Program Files\dotnet\sdk\9.0.304\Sdks\Microsoft.NET.Sdk.Razor\targets\Microsoft.NET.Sdk.Razor.MvcApplicationPartsDiscovery.targets(22,5): message :       _GenerateRazorAssemblyInfo
       C:\Program Files\dotnet\sdk\9.0.304\Sdks\Microsoft.NET.Sdk.Razor\targets\Microsoft.NET.Sdk.Razor.MvcApplicationPartsDiscovery.targets(22,5): message :     ;
       C:\Program Files\dotnet\sdk\9.0.304\Sdks\Microsoft.NET.Sdk.Razor\targets\Microsoft.NET.Sdk.Razor.MvcApplicationPartsDiscovery.targets(22,5): message :     " (previous value: "
       C:\Program Files\dotnet\sdk\9.0.304\Sdks\Microsoft.NET.Sdk.Razor\targets\Microsoft.NET.Sdk.Razor.MvcApplicationPartsDiscovery.targets(22,5): message :       ;_ComputeNonExistentFileProperty;ResolveCodeAnalysisRuleSet;
       C:\Program Files\dotnet\sdk\9.0.304\Sdks\Microsoft.NET.Sdk.Razor\targets\Microsoft.NET.Sdk.Razor.MvcApplicationPartsDiscovery.targets(22,5): message :       _GenerateRazorAssemblyInfo
       C:\Program Files\dotnet\sdk\9.0.304\Sdks\Microsoft.NET.Sdk.Razor\targets\Microsoft.NET.Sdk.Razor.MvcApplicationPartsDiscovery.targets(22,5): message :     ") at C:\Program Files\dotnet\sdk\9.0.304\Sdks\Microsoft.NET.Sdk.Razor\targets\Microsoft.NET.Sdk.Razor.MvcApplicationPartsDiscovery.targets (22,5)
       C:\Program Files\dotnet\sdk\9.0.304\Sdks\Microsoft.NET.Sdk.Razor\targets\Sdk.Razor.CurrentVersion.targets(791,5): message : Property reassignment: $(RazorDesignTimeTargets)="C:\Program Files\dotnet\sdk\9.0.304\Sdks\Microsoft.NET.Sdk.Razor\targets\Microsoft.NET.Sdk.Razor.DesignTime.targets" (previous value: "C:\Program Files\dotnet\sdk\9.0.304\\Microsoft\VisualStudio\Razor\Microsoft.NET.Sdk.Razor.DesignTime.targets") at C:\Program Files\dotnet\sdk\9.0.304\Sdks\Microsoft.NET.Sdk.Razor\targets\Sdk.Razor.CurrentVersion.targets (791,5)
       C:\Program Files\dotnet\sdk\9.0.304\Sdks\Microsoft.NET.Sdk.Web.ProjectSystem\targets\Microsoft.NET.Sdk.Web.ProjectSystem.targets(21,5): message : Property reassignment: $(RunWorkingDirectory)="C:\Projects\BlueSky\backend" (previous value: "") at C:\Program Files\dotnet\sdk\9.0.304\Sdks\Microsoft.NET.Sdk.Web.ProjectSystem\targets\Microsoft.NET.Sdk.Web.ProjectSystem.targets (21,5)
       C:\Program Files\dotnet\sdk\9.0.304\Sdks\Microsoft.NET.Sdk.Publish\targets\Microsoft.NET.Sdk.Publish.targets(60,5): message : Property reassignment: $(PublishProfileImported)="true" (previous value: "false") at C:\Program Files\dotnet\sdk\9.0.304\Sdks\Microsoft.NET.Sdk.Publish\targets\Microsoft.NET.Sdk.Publish.targets (60,5)
       C:\Program Files\dotnet\sdk\9.0.304\Sdks\Microsoft.NET.Sdk.Publish\targets\Microsoft.NET.Sdk.Publish.targets(81,5): message : Property reassignment: $(PublishConfiguration)="Debug" (previous value: "") at C:\Program Files\dotnet\sdk\9.0.304\Sdks\Microsoft.NET.Sdk.Publish\targets\Microsoft.NET.Sdk.Publish.targets (81,5)
       C:\Program Files\dotnet\sdk\9.0.304\Sdks\Microsoft.NET.Sdk.Publish\targets\Microsoft.NET.Sdk.Publish.targets(87,5): message : Property reassignment: $(BaseIntermediateOutputPath)="C:\Projects\BlueSky\backend\obj\" (previous value: "obj\") at C:\Program Files\dotnet\sdk\9.0.304\Sdks\Microsoft.NET.Sdk.Publish\targets\Microsoft.NET.Sdk.Publish.targets (87,5)
       Overriding target "ResolveFrameworkReferences" in project "C:\Program Files\dotnet\sdk\9.0.304\Microsoft.Common.CurrentVersion.targets" with target "ResolveFrameworkReferences" from project "C:\Program Files\dotnet\sdk\9.0.304\Sdks\Microsoft.NET.Sdk\targets\Microsoft.NET.Sdk.FrameworkReferenceResolution.targets".
       Overriding target "Run" in project "C:\Program Files\dotnet\sdk\9.0.304\Microsoft.Common.CurrentVersion.targets" with target "Run" from project "C:\Program Files\dotnet\sdk\9.0.304\Sdks\Microsoft.NET.Sdk\targets\Microsoft.NET.Sdk.targets".
       Overriding target "GenerateSupportedTargetFrameworkAlias" in project "C:\Program Files\dotnet\sdk\9.0.304\Microsoft.Common.CurrentVersion.targets" with target "GenerateSupportedTargetFrameworkAlias" from project "C:\Program Files\dotnet\sdk\9.0.304\Sdks\Microsoft.NET.Sdk\targets\Microsoft.NET.Sdk.targets".
       Overriding target "GetReferenceAssemblyPaths" in project "C:\Program Files\dotnet\sdk\9.0.304\Microsoft.Common.CurrentVersion.targets" with target "GetReferenceAssemblyPaths" from project "C:\Program Files\dotnet\sdk\9.0.304\Sdks\Microsoft.NET.Sdk\targets\Microsoft.NET.DisableStandardFrameworkResolution.targets".
       Overriding target "GetFrameworkPaths" in project "C:\Program Files\dotnet\sdk\9.0.304\Microsoft.Common.CurrentVersion.targets" with target "GetFrameworkPaths" from project "C:\Program Files\dotnet\sdk\9.0.304\Sdks\Microsoft.NET.Sdk\targets\Microsoft.NET.DisableStandardFrameworkResolution.targets".
       Overriding target "DesignerRuntimeImplementationProjectOutputGroup" in project "C:\Program Files\dotnet\sdk\9.0.304\Microsoft.Common.CurrentVersion.targets" with target "DesignerRuntimeImplementationProjectOutputGroup" from project "C:\Program Files\dotnet\sdk\9.0.304\Sdks\Microsoft.NET.Sdk\targets\Microsoft.NET.DesignerSupport.targets".
       Overriding target "Publish" in project "C:\Program Files\dotnet\sdk\9.0.304\Microsoft.Common.CurrentVersion.targets" with target "Publish" from project "C:\Program Files\dotnet\sdk\9.0.304\Sdks\Microsoft.NET.Sdk\targets\Microsoft.NET.Publish.targets".
       Overriding target "ResolveReadyToRunCompilers" in project "C:\Program Files\dotnet\sdk\9.0.304\Sdks\Microsoft.NET.Sdk\targets\Microsoft.NET.CrossGen.targets" with target "ResolveReadyToRunCompilers" from project "C:\Program Files\dotnet\sdk\9.0.304\Sdks\Microsoft.NET.Sdk\targets\Microsoft.NET.Publish.targets".
       Overriding target "GetCopyToPublishDirectoryItems" in project "C:\Program Files\dotnet\sdk\9.0.304\Microsoft.Common.CurrentVersion.targets" with target "GetCopyToPublishDirectoryItems" from project "C:\Program Files\dotnet\sdk\9.0.304\Sdks\Microsoft.NET.Sdk\targets\Microsoft.NET.Publish.targets".
       Overriding target "BeforePublish" in project "C:\Program Files\dotnet\sdk\9.0.304\Microsoft.Common.CurrentVersion.targets" with target "BeforePublish" from project "C:\Program Files\dotnet\sdk\9.0.304\Sdks\Microsoft.NET.Sdk.Publish\targets\Microsoft.NET.Sdk.Publish.targets".
       Overriding target "AfterPublish" in project "C:\Program Files\dotnet\sdk\9.0.304\Microsoft.Common.CurrentVersion.targets" with target "AfterPublish" from project "C:\Program Files\dotnet\sdk\9.0.304\Sdks\Microsoft.NET.Sdk.Publish\targets\Microsoft.NET.Sdk.Publish.targets".
       The target "CollectUpToDateCheckInputDesignTime" listed in a BeforeTargets attribute at "C:\Program Files\dotnet\sdk\9.0.304\Sdks\Microsoft.NET.Sdk.StaticWebAssets\targets\Microsoft.NET.Sdk.StaticWebAssets.ScopedCss.targets (171,5)" does not exist in the project, and will be ignored.
       The target "CollectUpToDateCheckBuiltDesignTime" listed in a BeforeTargets attribute at "C:\Program Files\dotnet\sdk\9.0.304\Sdks\Microsoft.NET.Sdk.StaticWebAssets\targets\Microsoft.NET.Sdk.StaticWebAssets.ScopedCss.targets (171,5)" does not exist in the project, and will be ignored.
       The target "RazorGenerateComponentDeclaration" listed in an AfterTargets attribute at "C:\Program Files\dotnet\sdk\9.0.304\Sdks\Microsoft.NET.Sdk.Razor\targets\Microsoft.NET.Sdk.Razor.DesignTime.targets (55,53)" does not exist in the project, and will be ignored.
     1>Project "C:\Projects\BlueSky\backend\BSkyClone.csproj" on node 1 (Restore target(s)).
     1>Target "_LoadRestoreGraphEntryPoints" in file "C:\Program Files\dotnet\sdk\9.0.304\NuGet.targets" from project "C:\Projects\BlueSky\backend\BSkyClone.csproj" (target "_FilterRestoreGraphProjectInputItems" depends on it):
     1>Task "GetRestoreSolutionProjectsTask" skipped, due to false condition; ( $(MSBuildProjectFullPath.EndsWith('.metaproj')) == 'true' AND @(RestoreGraphProjectInputItems) == '' ) was evaluated as ( False == 'true' AND C:\Projects\BlueSky\backend\BSkyClone.csproj == '' ).
     1>Done building target "_LoadRestoreGraphEntryPoints" in project "BSkyClone.csproj".
     1>Target "_FilterRestoreGraphProjectInputItems" in file "C:\Program Files\dotnet\sdk\9.0.304\NuGet.targets" from project "C:\Projects\BlueSky\backend\BSkyClone.csproj" (target "_GenerateRestoreGraph" depends on it):
       Using "RemoveDuplicates" task from assembly "Microsoft.Build.Tasks.Core, Version=15.1.0.0, Culture=neutral, PublicKeyToken=b03f5f7f11d50a3a".
       Task "RemoveDuplicates"
       Done executing task "RemoveDuplicates".
       Using "MSBuild" task from assembly "Microsoft.Build.Tasks.Core, Version=15.1.0.0, Culture=neutral, PublicKeyToken=b03f5f7f11d50a3a".
       Task "MSBuild"
         Global Properties:
           ExcludeRestorePackageImports=true
     0>C:\Program Files\dotnet\sdk\9.0.304\Sdks\Microsoft.NET.Sdk\Sdk\Sdk.props(49,11): message : Property 'MSBuildExtensionsPath' with value 'C:\Program Files\dotnet\sdk\9.0.304\' expanded from the environment.
       C:\Program Files\dotnet\sdk\9.0.304\Current\Microsoft.Common.props(60,5): message : Property reassignment: $(MSBuildProjectExtensionsPath)="C:\Projects\BlueSky\backend\obj\" (previous value: "obj\") at C:\Program Files\dotnet\sdk\9.0.304\Current\Microsoft.Common.props (60,5)
       C:\Program Files\dotnet\sdk\9.0.304\Current\Microsoft.Common.props(84,119): message : Property 'MSBuildUserExtensionsPath' with value 'C:\Users\nguye\AppData\Local\Microsoft\MSBuild' expanded from the environment.
       C:\Program Files\dotnet\sdk\9.0.304\Sdks\Microsoft.NET.Sdk\targets\Microsoft.NET.Sdk.props(90,5): message : Property reassignment: $(AssemblySearchPaths)="{CandidateAssemblyFiles};{HintPathFromItem}" (previous value: "{CandidateAssemblyFiles}") at C:\Program Files\dotnet\sdk\9.0.304\Sdks\Microsoft.NET.Sdk\targets\Microsoft.NET.Sdk.props (90,5)
       C:\Program Files\dotnet\sdk\9.0.304\Sdks\Microsoft.NET.Sdk\targets\Microsoft.NET.Sdk.props(91,5): message : Property reassignment: $(AssemblySearchPaths)="{CandidateAssemblyFiles};{HintPathFromItem};{TargetFrameworkDirectory}" (previous value: "{CandidateAssemblyFiles};{HintPathFromItem}") at C:\Program Files\dotnet\sdk\9.0.304\Sdks\Microsoft.NET.Sdk\targets\Microsoft.NET.Sdk.props (91,5)
       C:\Program Files\dotnet\sdk\9.0.304\Sdks\Microsoft.NET.Sdk\targets\Microsoft.NET.Sdk.props(92,5): message : Property reassignment: $(AssemblySearchPaths)="{CandidateAssemblyFiles};{HintPathFromItem};{TargetFrameworkDirectory};{RawFileName}" (previous value: "{CandidateAssemblyFiles};{HintPathFromItem};{TargetFrameworkDirectory}") at C:\Program Files\dotnet\sdk\9.0.304\Sdks\Microsoft.NET.Sdk\targets\Microsoft.NET.Sdk.props (92,5)
       C:\Program Files\dotnet\sdk\9.0.304\Sdks\Microsoft.NET.Sdk\targets\Microsoft.NET.PackProjectTool.props(15,5): message : Property reassignment: $(TargetsForTfmSpecificContentInPackage)=";PackTool;_PackProjectToolValidation" (previous value: ";PackTool") at C:\Program Files\dotnet\sdk\9.0.304\Sdks\Microsoft.NET.Sdk\targets\Microsoft.NET.PackProjectTool.props (15,5)
       C:\Program Files\dotnet\sdk\9.0.304\Sdks\Microsoft.NET.Sdk.StaticWebAssets\Sdk\Sdk.StaticWebAssets.StaticAssets.ProjectSystem.props(23,5): message : Property reassignment: $(DefaultItemExcludes)=";**\node_modules\**;node_modules\**;**\jspm_packages\**;jspm_packages\**" (previous value: ";**\node_modules\**;node_modules\**") at C:\Program Files\dotnet\sdk\9.0.304\Sdks\Microsoft.NET.Sdk.StaticWebAssets\Sdk\Sdk.StaticWebAssets.StaticAssets.ProjectSystem.props (23,5)
       C:\Program Files\dotnet\sdk\9.0.304\Sdks\Microsoft.NET.Sdk.StaticWebAssets\Sdk\Sdk.StaticWebAssets.StaticAssets.ProjectSystem.props(24,5): message : Property reassignment: $(DefaultItemExcludes)=";**\node_modules\**;node_modules\**;**\jspm_packages\**;jspm_packages\**;**\bower_components\**;bower_components\**" (previous value: ";**\node_modules\**;node_modules\**;**\jspm_packages\**;jspm_packages\**") at C:\Program Files\dotnet\sdk\9.0.304\Sdks\Microsoft.NET.Sdk.StaticWebAssets\Sdk\Sdk.StaticWebAssets.StaticAssets.ProjectSystem.props (24,5)
       C:\Program Files\dotnet\sdk\9.0.304\Sdks\Microsoft.NET.Sdk.StaticWebAssets\Sdk\Sdk.StaticWebAssets.StaticAssets.ProjectSystem.props(25,5): message : Property reassignment: $(DefaultItemExcludes)=";**\node_modules\**;node_modules\**;**\jspm_packages\**;jspm_packages\**;**\bower_components\**;bower_components\**;**\packages.lock.json" (previous value: ";**\node_modules\**;node_modules\**;**\jspm_packages\**;jspm_packages\**;**\bower_components\**;bower_components\**") at C:\Program Files\dotnet\sdk\9.0.304\Sdks\Microsoft.NET.Sdk.StaticWebAssets\Sdk\Sdk.StaticWebAssets.StaticAssets.ProjectSystem.props (25,5)
       C:\Program Files\dotnet\sdk\9.0.304\Sdks\Microsoft.NET.Sdk.Web.ProjectSystem\targets\Microsoft.NET.Sdk.Web.ProjectSystem.props(16,5): message : Property reassignment: $(OutputType)="Exe" (previous value: "Library") at C:\Program Files\dotnet\sdk\9.0.304\Sdks\Microsoft.NET.Sdk.Web.ProjectSystem\targets\Microsoft.NET.Sdk.Web.ProjectSystem.props (16,5)
       C:\Program Files\dotnet\sdk\9.0.304\Sdks\Microsoft.NET.Sdk\targets\Microsoft.NET.Sdk.ImportPublishProfile.targets(28,5): message : Property reassignment: $(PublishProfileImported)="false" (previous value: "true") at C:\Program Files\dotnet\sdk\9.0.304\Sdks\Microsoft.NET.Sdk\targets\Microsoft.NET.Sdk.ImportPublishProfile.targets (28,5)
       C:\Program Files\dotnet\sdk\9.0.304\Sdks\Microsoft.NET.Sdk\targets\Microsoft.NET.TargetFrameworkInference.targets(69,5): message : Property reassignment: $(TargetPlatformVersion)="" (previous value: "0.0") at C:\Program Files\dotnet\sdk\9.0.304\Sdks\Microsoft.NET.Sdk\targets\Microsoft.NET.TargetFrameworkInference.targets (69,5)
       C:\Program Files\dotnet\sdk\9.0.304\Sdks\Microsoft.NET.Sdk\targets\Microsoft.NET.DefaultOutputPaths.targets(121,5): message : Property reassignment: $(DefaultItemExcludes)=";**\node_modules\**;node_modules\**;**\jspm_packages\**;jspm_packages\**;**\bower_components\**;bower_components\**;**\packages.lock.json;bin\Debug\/**" (previous value: ";**\node_modules\**;node_modules\**;**\jspm_packages\**;jspm_packages\**;**\bower_components\**;bower_components\**;**\packages.lock.json") at C:\Program Files\dotnet\sdk\9.0.304\Sdks\Microsoft.NET.Sdk\targets\Microsoft.NET.DefaultOutputPaths.targets (121,5)
       C:\Program Files\dotnet\sdk\9.0.304\Sdks\Microsoft.NET.Sdk\targets\Microsoft.NET.DefaultOutputPaths.targets(122,5): message : Property reassignment: $(DefaultItemExcludes)=";**\node_modules\**;node_modules\**;**\jspm_packages\**;jspm_packages\**;**\bower_components\**;bower_components\**;**\packages.lock.json;bin\Debug\/**;obj\Debug\/**" (previous value: ";**\node_modules\**;node_modules\**;**\jspm_packages\**;jspm_packages\**;**\bower_components\**;bower_components\**;**\packages.lock.json;bin\Debug\/**") at C:\Program Files\dotnet\sdk\9.0.304\Sdks\Microsoft.NET.Sdk\targets\Microsoft.NET.DefaultOutputPaths.targets (122,5)
       C:\Program Files\dotnet\sdk\9.0.304\Sdks\Microsoft.NET.Sdk\targets\Microsoft.NET.DefaultOutputPaths.targets(137,5): message : Property reassignment: $(OutputPath)="bin\Debug\net9.0\" (previous value: "bin\Debug\") at C:\Program Files\dotnet\sdk\9.0.304\Sdks\Microsoft.NET.Sdk\targets\Microsoft.NET.DefaultOutputPaths.targets (137,5)
       C:\Program Files\dotnet\sdk\9.0.304\Sdks\Microsoft.NET.Sdk\targets\Microsoft.NET.DefaultOutputPaths.targets(142,5): message : Property reassignment: $(IntermediateOutputPath)="obj\Debug\net9.0\" (previous value: "obj\Debug\") at C:\Program Files\dotnet\sdk\9.0.304\Sdks\Microsoft.NET.Sdk\targets\Microsoft.NET.DefaultOutputPaths.targets (142,5)
       C:\Program Files\dotnet\sdk\9.0.304\Sdks\Microsoft.NET.Sdk\targets\Microsoft.NET.Sdk.BeforeCommon.targets(187,5): message : Property reassignment: $(_FrameworkIdentifierForImplicitDefine)="NET" (previous value: "NETCOREAPP") at C:\Program Files\dotnet\sdk\9.0.304\Sdks\Microsoft.NET.Sdk\targets\Microsoft.NET.Sdk.BeforeCommon.targets (187,5)
       C:\Program Files\dotnet\sdk\9.0.304\Sdks\Microsoft.NET.Sdk\targets\Microsoft.NET.Sdk.BeforeCommon.targets(192,5): message : Property reassignment: $(_FrameworkVersionForImplicitDefine)="9_0" (previous value: "9.0") at C:\Program Files\dotnet\sdk\9.0.304\Sdks\Microsoft.NET.Sdk\targets\Microsoft.NET.Sdk.BeforeCommon.targets (192,5)
       C:\Program Files\dotnet\sdk\9.0.304\Roslyn\Microsoft.CSharp.Core.targets(200,5): message : Property reassignment: $(CommandLineArgsForDesignTimeEvaluation)="-langversion:13.0 -define:TRACE" (previous value: "-langversion:13.0") at C:\Program Files\dotnet\sdk\9.0.304\Roslyn\Microsoft.CSharp.Core.targets (200,5)
       C:\Program Files\dotnet\sdk\9.0.304\Microsoft.Common.CurrentVersion.targets(175,5): message : Property reassignment: $(_DebugSymbolsProduced)="true" (previous value: "false") at C:\Program Files\dotnet\sdk\9.0.304\Microsoft.Common.CurrentVersion.targets (175,5)
       C:\Program Files\dotnet\sdk\9.0.304\Microsoft.Common.CurrentVersion.targets(185,5): message : Property reassignment: $(_DocumentationFileProduced)="false" (previous value: "true") at C:\Program Files\dotnet\sdk\9.0.304\Microsoft.Common.CurrentVersion.targets (185,5)
       C:\Program Files\dotnet\sdk\9.0.304\Microsoft.Common.CurrentVersion.targets(393,5): message : Property reassignment: $(MSBuildCopyMarkerName)="BSkyClone.csproj.Up2Date" (previous value: "BSkyClone.csproj") at C:\Program Files\dotnet\sdk\9.0.304\Microsoft.Common.CurrentVersion.targets (393,5)
       C:\Program Files\dotnet\sdk\9.0.304\Microsoft.Common.CurrentVersion.targets(541,5): message : Property reassignment: $(ProcessorArchitecture)="msil" (previous value: "") at C:\Program Files\dotnet\sdk\9.0.304\Microsoft.Common.CurrentVersion.targets (541,5)
       C:\Program Files\dotnet\sdk\9.0.304\Microsoft.Common.CurrentVersion.targets(580,5): message : Property reassignment: $(DelaySign)="" (previous value: "false") at C:\Program Files\dotnet\sdk\9.0.304\Microsoft.Common.CurrentVersion.targets (580,5)
       C:\Program Files\dotnet\sdk\9.0.304\Microsoft.Common.CurrentVersion.targets(2619,5): message : Property 'LOCALAPPDATA' with value 'C:\Users\nguye\AppData\Local' expanded from the environment.
       C:\Program Files\dotnet\sdk\9.0.304\Microsoft.Common.CurrentVersion.targets(3947,5): message : Property reassignment: $(_SGenGenerateSerializationAssembliesConfig)="Auto" (previous value: "") at C:\Program Files\dotnet\sdk\9.0.304\Microsoft.Common.CurrentVersion.targets (3947,5)
       C:\Program Files\dotnet\sdk\9.0.304\Microsoft.Common.CurrentVersion.targets(3948,5): message : Property reassignment: $(_SGenGenerateSerializationAssembliesConfig)="Off" (previous value: "Auto") at C:\Program Files\dotnet\sdk\9.0.304\Microsoft.Common.CurrentVersion.targets (3948,5)
       C:\Program Files\dotnet\sdk\9.0.304\Microsoft.Common.CurrentVersion.targets(5159,5): message : Property reassignment: $(_TargetsThatPrepareProjectReferences)="
       C:\Program Files\dotnet\sdk\9.0.304\Microsoft.Common.CurrentVersion.targets(5159,5): message :       AssignProjectConfiguration;
       C:\Program Files\dotnet\sdk\9.0.304\Microsoft.Common.CurrentVersion.targets(5159,5): message :       _SplitProjectReferencesByFileExistence
       C:\Program Files\dotnet\sdk\9.0.304\Microsoft.Common.CurrentVersion.targets(5159,5): message :     " (previous value: "_SplitProjectReferencesByFileExistence") at C:\Program Files\dotnet\sdk\9.0.304\Microsoft.Common.CurrentVersion.targets (5159,5)
       C:\Program Files\dotnet\sdk\9.0.304\Microsoft.Common.CurrentVersion.targets(6954,5): message : Property 'MSBuildExtensionsPath32' with value 'C:\Program Files\dotnet\sdk\9.0.304' expanded from the environment.
       C:\Program Files\dotnet\sdk\9.0.304\Sdks\Microsoft.NET.Sdk\targets\Microsoft.PackageDependencyResolution.targets(24,5): message : Property reassignment: $(ProjectAssetsFile)="C:\Projects\BlueSky\backend\obj\project.assets.json" (previous value: "C:\Projects\BlueSky\backend\obj\/project.assets.json") at C:\Program Files\dotnet\sdk\9.0.304\Sdks\Microsoft.NET.Sdk\targets\Microsoft.PackageDependencyResolution.targets (24,5)
       C:\Program Files\dotnet\sdk\9.0.304\Sdks\Microsoft.NET.Sdk\targets\Microsoft.PackageDependencyResolution.targets(29,5): message : Property reassignment: $(ProjectAssetsCacheFile)="C:\Projects\BlueSky\backend\obj\Debug\net9.0\BSkyClone.assets.cache" (previous value: "obj\Debug\net9.0\BSkyClone.assets.cache") at C:\Program Files\dotnet\sdk\9.0.304\Sdks\Microsoft.NET.Sdk\targets\Microsoft.PackageDependencyResolution.targets (29,5)
       C:\Program Files\dotnet\sdk\9.0.304\Sdks\Microsoft.NET.Sdk\targets\Microsoft.PackageDependencyResolution.targets(80,5): message : Property reassignment: $(ResolveAssemblyReferencesDependsOn)="
       C:\Program Files\dotnet\sdk\9.0.304\Sdks\Microsoft.NET.Sdk\targets\Microsoft.PackageDependencyResolution.targets(80,5): message :       
       C:\Program Files\dotnet\sdk\9.0.304\Sdks\Microsoft.NET.Sdk\targets\Microsoft.PackageDependencyResolution.targets(80,5): message :       ResolveProjectReferences;
       C:\Program Files\dotnet\sdk\9.0.304\Sdks\Microsoft.NET.Sdk\targets\Microsoft.PackageDependencyResolution.targets(80,5): message :       FindInvalidProjectReferences;
       C:\Program Files\dotnet\sdk\9.0.304\Sdks\Microsoft.NET.Sdk\targets\Microsoft.PackageDependencyResolution.targets(80,5): message :       GetFrameworkPaths;
       C:\Program Files\dotnet\sdk\9.0.304\Sdks\Microsoft.NET.Sdk\targets\Microsoft.PackageDependencyResolution.targets(80,5): message :       GetReferenceAssemblyPaths;
       C:\Program Files\dotnet\sdk\9.0.304\Sdks\Microsoft.NET.Sdk\targets\Microsoft.PackageDependencyResolution.targets(80,5): message :       PrepareForBuild;
       C:\Program Files\dotnet\sdk\9.0.304\Sdks\Microsoft.NET.Sdk\targets\Microsoft.PackageDependencyResolution.targets(80,5): message :       ResolveSDKReferences;
       C:\Program Files\dotnet\sdk\9.0.304\Sdks\Microsoft.NET.Sdk\targets\Microsoft.PackageDependencyResolution.targets(80,5): message :       ExpandSDKReferences;
       C:\Program Files\dotnet\sdk\9.0.304\Sdks\Microsoft.NET.Sdk\targets\Microsoft.PackageDependencyResolution.targets(80,5): message :     ;
       C:\Program Files\dotnet\sdk\9.0.304\Sdks\Microsoft.NET.Sdk\targets\Microsoft.PackageDependencyResolution.targets(80,5): message :       ResolvePackageDependenciesForBuild;
       C:\Program Files\dotnet\sdk\9.0.304\Sdks\Microsoft.NET.Sdk\targets\Microsoft.PackageDependencyResolution.targets(80,5): message :       _HandlePackageFileConflicts;
       C:\Program Files\dotnet\sdk\9.0.304\Sdks\Microsoft.NET.Sdk\targets\Microsoft.PackageDependencyResolution.targets(80,5): message :     " (previous value: "
       C:\Program Files\dotnet\sdk\9.0.304\Sdks\Microsoft.NET.Sdk\targets\Microsoft.PackageDependencyResolution.targets(80,5): message :       ResolveProjectReferences;
       C:\Program Files\dotnet\sdk\9.0.304\Sdks\Microsoft.NET.Sdk\targets\Microsoft.PackageDependencyResolution.targets(80,5): message :       FindInvalidProjectReferences;
       C:\Program Files\dotnet\sdk\9.0.304\Sdks\Microsoft.NET.Sdk\targets\Microsoft.PackageDependencyResolution.targets(80,5): message :       GetFrameworkPaths;
       C:\Program Files\dotnet\sdk\9.0.304\Sdks\Microsoft.NET.Sdk\targets\Microsoft.PackageDependencyResolution.targets(80,5): message :       GetReferenceAssemblyPaths;
       C:\Program Files\dotnet\sdk\9.0.304\Sdks\Microsoft.NET.Sdk\targets\Microsoft.PackageDependencyResolution.targets(80,5): message :       PrepareForBuild;
       C:\Program Files\dotnet\sdk\9.0.304\Sdks\Microsoft.NET.Sdk\targets\Microsoft.PackageDependencyResolution.targets(80,5): message :       ResolveSDKReferences;
       C:\Program Files\dotnet\sdk\9.0.304\Sdks\Microsoft.NET.Sdk\targets\Microsoft.PackageDependencyResolution.targets(80,5): message :       ExpandSDKReferences;
       C:\Program Files\dotnet\sdk\9.0.304\Sdks\Microsoft.NET.Sdk\targets\Microsoft.PackageDependencyResolution.targets(80,5): message :     ") at C:\Program Files\dotnet\sdk\9.0.304\Sdks\Microsoft.NET.Sdk\targets\Microsoft.PackageDependencyResolution.targets (80,5)
       C:\Program Files\dotnet\sdk\9.0.304\Sdks\Microsoft.NET.Sdk\targets\Microsoft.PackageDependencyResolution.targets(86,5): message : Property reassignment: $(PrepareResourcesDependsOn)="
       C:\Program Files\dotnet\sdk\9.0.304\Sdks\Microsoft.NET.Sdk\targets\Microsoft.PackageDependencyResolution.targets(86,5): message :       ResolvePackageDependenciesForBuild;
       C:\Program Files\dotnet\sdk\9.0.304\Sdks\Microsoft.NET.Sdk\targets\Microsoft.PackageDependencyResolution.targets(86,5): message :       _HandlePackageFileConflicts;
       C:\Program Files\dotnet\sdk\9.0.304\Sdks\Microsoft.NET.Sdk\targets\Microsoft.PackageDependencyResolution.targets(86,5): message :       
       C:\Program Files\dotnet\sdk\9.0.304\Sdks\Microsoft.NET.Sdk\targets\Microsoft.PackageDependencyResolution.targets(86,5): message :       ;
       C:\Program Files\dotnet\sdk\9.0.304\Sdks\Microsoft.NET.Sdk\targets\Microsoft.PackageDependencyResolution.targets(86,5): message :       PrepareResourceNames;
       C:\Program Files\dotnet\sdk\9.0.304\Sdks\Microsoft.NET.Sdk\targets\Microsoft.PackageDependencyResolution.targets(86,5): message :       ResGen;
       C:\Program Files\dotnet\sdk\9.0.304\Sdks\Microsoft.NET.Sdk\targets\Microsoft.PackageDependencyResolution.targets(86,5): message :       CompileLicxFiles
       C:\Program Files\dotnet\sdk\9.0.304\Sdks\Microsoft.NET.Sdk\targets\Microsoft.PackageDependencyResolution.targets(86,5): message :     
       C:\Program Files\dotnet\sdk\9.0.304\Sdks\Microsoft.NET.Sdk\targets\Microsoft.PackageDependencyResolution.targets(86,5): message :     " (previous value: "
       C:\Program Files\dotnet\sdk\9.0.304\Sdks\Microsoft.NET.Sdk\targets\Microsoft.PackageDependencyResolution.targets(86,5): message :       ;
       C:\Program Files\dotnet\sdk\9.0.304\Sdks\Microsoft.NET.Sdk\targets\Microsoft.PackageDependencyResolution.targets(86,5): message :       PrepareResourceNames;
       C:\Program Files\dotnet\sdk\9.0.304\Sdks\Microsoft.NET.Sdk\targets\Microsoft.PackageDependencyResolution.targets(86,5): message :       ResGen;
       C:\Program Files\dotnet\sdk\9.0.304\Sdks\Microsoft.NET.Sdk\targets\Microsoft.PackageDependencyResolution.targets(86,5): message :       CompileLicxFiles
       C:\Program Files\dotnet\sdk\9.0.304\Sdks\Microsoft.NET.Sdk\targets\Microsoft.PackageDependencyResolution.targets(86,5): message :     ") at C:\Program Files\dotnet\sdk\9.0.304\Sdks\Microsoft.NET.Sdk\targets\Microsoft.PackageDependencyResolution.targets (86,5)
       C:\Program Files\dotnet\sdk\9.0.304\Sdks\Microsoft.NET.Sdk\targets\Microsoft.NET.Sdk.DefaultItems.targets(27,5): message : Property reassignment: $(DefaultItemExcludes)=";**\node_modules\**;node_modules\**;**\jspm_packages\**;jspm_packages\**;**\bower_components\**;bower_components\**;**\packages.lock.json;bin\Debug\/**;obj\Debug\/**;bin\/**" (previous value: ";**\node_modules\**;node_modules\**;**\jspm_packages\**;jspm_packages\**;**\bower_components\**;bower_components\**;**\packages.lock.json;bin\Debug\/**;obj\Debug\/**") at C:\Program Files\dotnet\sdk\9.0.304\Sdks\Microsoft.NET.Sdk\targets\Microsoft.NET.Sdk.DefaultItems.targets (27,5)
       C:\Program Files\dotnet\sdk\9.0.304\Sdks\Microsoft.NET.Sdk\targets\Microsoft.NET.Sdk.DefaultItems.targets(29,5): message : Property reassignment: $(DefaultItemExcludes)=";**\node_modules\**;node_modules\**;**\jspm_packages\**;jspm_packages\**;**\bower_components\**;bower_components\**;**\packages.lock.json;bin\Debug\/**;obj\Debug\/**;bin\/**;obj\/**" (previous value: ";**\node_modules\**;node_modules\**;**\jspm_packages\**;jspm_packages\**;**\bower_components\**;bower_components\**;**\packages.lock.json;bin\Debug\/**;obj\Debug\/**;bin\/**") at C:\Program Files\dotnet\sdk\9.0.304\Sdks\Microsoft.NET.Sdk\targets\Microsoft.NET.Sdk.DefaultItems.targets (29,5)
       C:\Program Files\dotnet\sdk\9.0.304\Sdks\Microsoft.NET.Sdk\targets\Microsoft.NET.Sdk.DefaultItems.targets(32,5): message : Property reassignment: $(DefaultItemExcludes)=";**\node_modules\**;node_modules\**;**\jspm_packages\**;jspm_packages\**;**\bower_components\**;bower_components\**;**\packages.lock.json;bin\Debug\/**;obj\Debug\/**;bin\/**;obj\/**;**/*.user" (previous value: ";**\node_modules\**;node_modules\**;**\jspm_packages\**;jspm_packages\**;**\bower_components\**;bower_components\**;**\packages.lock.json;bin\Debug\/**;obj\Debug\/**;bin\/**;obj\/**") at C:\Program Files\dotnet\sdk\9.0.304\Sdks\Microsoft.NET.Sdk\targets\Microsoft.NET.Sdk.DefaultItems.targets (32,5)
       C:\Program Files\dotnet\sdk\9.0.304\Sdks\Microsoft.NET.Sdk\targets\Microsoft.NET.Sdk.DefaultItems.targets(33,5): message : Property reassignment: $(DefaultItemExcludes)=";**\node_modules\**;node_modules\**;**\jspm_packages\**;jspm_packages\**;**\bower_components\**;bower_components\**;**\packages.lock.json;bin\Debug\/**;obj\Debug\/**;bin\/**;obj\/**;**/*.user;**/*.*proj" (previous value: ";**\node_modules\**;node_modules\**;**\jspm_packages\**;jspm_packages\**;**\bower_components\**;bower_components\**;**\packages.lock.json;bin\Debug\/**;obj\Debug\/**;bin\/**;obj\/**;**/*.user") at C:\Program Files\dotnet\sdk\9.0.304\Sdks\Microsoft.NET.Sdk\targets\Microsoft.NET.Sdk.DefaultItems.targets (33,5)
       C:\Program Files\dotnet\sdk\9.0.304\Sdks\Microsoft.NET.Sdk\targets\Microsoft.NET.Sdk.DefaultItems.targets(34,5): message : Property reassignment: $(DefaultItemExcludes)=";**\node_modules\**;node_modules\**;**\jspm_packages\**;jspm_packages\**;**\bower_components\**;bower_components\**;**\packages.lock.json;bin\Debug\/**;obj\Debug\/**;bin\/**;obj\/**;**/*.user;**/*.*proj;**/*.sln" (previous value: ";**\node_modules\**;node_modules\**;**\jspm_packages\**;jspm_packages\**;**\bower_components\**;bower_components\**;**\packages.lock.json;bin\Debug\/**;obj\Debug\/**;bin\/**;obj\/**;**/*.user;**/*.*proj") at C:\Program Files\dotnet\sdk\9.0.304\Sdks\Microsoft.NET.Sdk\targets\Microsoft.NET.Sdk.DefaultItems.targets (34,5)
       C:\Program Files\dotnet\sdk\9.0.304\Sdks\Microsoft.NET.Sdk\targets\Microsoft.NET.Sdk.DefaultItems.targets(35,5): message : Property reassignment: $(DefaultItemExcludes)=";**\node_modules\**;node_modules\**;**\jspm_packages\**;jspm_packages\**;**\bower_components\**;bower_components\**;**\packages.lock.json;bin\Debug\/**;obj\Debug\/**;bin\/**;obj\/**;**/*.user;**/*.*proj;**/*.sln;**/*.slnx" (previous value: ";**\node_modules\**;node_modules\**;**\jspm_packages\**;jspm_packages\**;**\bower_components\**;bower_components\**;**\packages.lock.json;bin\Debug\/**;obj\Debug\/**;bin\/**;obj\/**;**/*.user;**/*.*proj;**/*.sln") at C:\Program Files\dotnet\sdk\9.0.304\Sdks\Microsoft.NET.Sdk\targets\Microsoft.NET.Sdk.DefaultItems.targets (35,5)
       C:\Program Files\dotnet\sdk\9.0.304\Sdks\Microsoft.NET.Sdk\targets\Microsoft.NET.Sdk.DefaultItems.targets(36,5): message : Property reassignment: $(DefaultItemExcludes)=";**\node_modules\**;node_modules\**;**\jspm_packages\**;jspm_packages\**;**\bower_components\**;bower_components\**;**\packages.lock.json;bin\Debug\/**;obj\Debug\/**;bin\/**;obj\/**;**/*.user;**/*.*proj;**/*.sln;**/*.slnx;**/*.vssscc" (previous value: ";**\node_modules\**;node_modules\**;**\jspm_packages\**;jspm_packages\**;**\bower_components\**;bower_components\**;**\packages.lock.json;bin\Debug\/**;obj\Debug\/**;bin\/**;obj\/**;**/*.user;**/*.*proj;**/*.sln;**/*.slnx") at C:\Program Files\dotnet\sdk\9.0.304\Sdks\Microsoft.NET.Sdk\targets\Microsoft.NET.Sdk.DefaultItems.targets (36,5)
       C:\Program Files\dotnet\sdk\9.0.304\Sdks\Microsoft.NET.Sdk\targets\Microsoft.NET.Sdk.DefaultItems.targets(37,5): message : Property reassignment: $(DefaultItemExcludes)=";**\node_modules\**;node_modules\**;**\jspm_packages\**;jspm_packages\**;**\bower_components\**;bower_components\**;**\packages.lock.json;bin\Debug\/**;obj\Debug\/**;bin\/**;obj\/**;**/*.user;**/*.*proj;**/*.sln;**/*.slnx;**/*.vssscc;**/.DS_Store" (previous value: ";**\node_modules\**;node_modules\**;**\jspm_packages\**;jspm_packages\**;**\bower_components\**;bower_components\**;**\packages.lock.json;bin\Debug\/**;obj\Debug\/**;bin\/**;obj\/**;**/*.user;**/*.*proj;**/*.sln;**/*.slnx;**/*.vssscc") at C:\Program Files\dotnet\sdk\9.0.304\Sdks\Microsoft.NET.Sdk\targets\Microsoft.NET.Sdk.DefaultItems.targets (37,5)
       C:\Program Files\dotnet\sdk\9.0.304\Sdks\Microsoft.NET.Sdk\targets\Microsoft.NET.Sdk.FrameworkReferenceResolution.targets(14,5): message : Property reassignment: $(ResolveAssemblyReferencesDependsOn)="
       C:\Program Files\dotnet\sdk\9.0.304\Sdks\Microsoft.NET.Sdk\targets\Microsoft.NET.Sdk.FrameworkReferenceResolution.targets(14,5): message :       
       C:\Program Files\dotnet\sdk\9.0.304\Sdks\Microsoft.NET.Sdk\targets\Microsoft.NET.Sdk.FrameworkReferenceResolution.targets(14,5): message :       
       C:\Program Files\dotnet\sdk\9.0.304\Sdks\Microsoft.NET.Sdk\targets\Microsoft.NET.Sdk.FrameworkReferenceResolution.targets(14,5): message :       ResolveProjectReferences;
       C:\Program Files\dotnet\sdk\9.0.304\Sdks\Microsoft.NET.Sdk\targets\Microsoft.NET.Sdk.FrameworkReferenceResolution.targets(14,5): message :       FindInvalidProjectReferences;
       C:\Program Files\dotnet\sdk\9.0.304\Sdks\Microsoft.NET.Sdk\targets\Microsoft.NET.Sdk.FrameworkReferenceResolution.targets(14,5): message :       GetFrameworkPaths;
       C:\Program Files\dotnet\sdk\9.0.304\Sdks\Microsoft.NET.Sdk\targets\Microsoft.NET.Sdk.FrameworkReferenceResolution.targets(14,5): message :       GetReferenceAssemblyPaths;
       C:\Program Files\dotnet\sdk\9.0.304\Sdks\Microsoft.NET.Sdk\targets\Microsoft.NET.Sdk.FrameworkReferenceResolution.targets(14,5): message :       PrepareForBuild;
       C:\Program Files\dotnet\sdk\9.0.304\Sdks\Microsoft.NET.Sdk\targets\Microsoft.NET.Sdk.FrameworkReferenceResolution.targets(14,5): message :       ResolveSDKReferences;
       C:\Program Files\dotnet\sdk\9.0.304\Sdks\Microsoft.NET.Sdk\targets\Microsoft.NET.Sdk.FrameworkReferenceResolution.targets(14,5): message :       ExpandSDKReferences;
       C:\Program Files\dotnet\sdk\9.0.304\Sdks\Microsoft.NET.Sdk\targets\Microsoft.NET.Sdk.FrameworkReferenceResolution.targets(14,5): message :     ;
       C:\Program Files\dotnet\sdk\9.0.304\Sdks\Microsoft.NET.Sdk\targets\Microsoft.NET.Sdk.FrameworkReferenceResolution.targets(14,5): message :       ResolvePackageDependenciesForBuild;
       C:\Program Files\dotnet\sdk\9.0.304\Sdks\Microsoft.NET.Sdk\targets\Microsoft.NET.Sdk.FrameworkReferenceResolution.targets(14,5): message :       _HandlePackageFileConflicts;
       C:\Program Files\dotnet\sdk\9.0.304\Sdks\Microsoft.NET.Sdk\targets\Microsoft.NET.Sdk.FrameworkReferenceResolution.targets(14,5): message :     ;
       C:\Program Files\dotnet\sdk\9.0.304\Sdks\Microsoft.NET.Sdk\targets\Microsoft.NET.Sdk.FrameworkReferenceResolution.targets(14,5): message :       ResolveTargetingPackAssets;
       C:\Program Files\dotnet\sdk\9.0.304\Sdks\Microsoft.NET.Sdk\targets\Microsoft.NET.Sdk.FrameworkReferenceResolution.targets(14,5): message :     " (previous value: "
       C:\Program Files\dotnet\sdk\9.0.304\Sdks\Microsoft.NET.Sdk\targets\Microsoft.NET.Sdk.FrameworkReferenceResolution.targets(14,5): message :       
       C:\Program Files\dotnet\sdk\9.0.304\Sdks\Microsoft.NET.Sdk\targets\Microsoft.NET.Sdk.FrameworkReferenceResolution.targets(14,5): message :       ResolveProjectReferences;
       C:\Program Files\dotnet\sdk\9.0.304\Sdks\Microsoft.NET.Sdk\targets\Microsoft.NET.Sdk.FrameworkReferenceResolution.targets(14,5): message :       FindInvalidProjectReferences;
       C:\Program Files\dotnet\sdk\9.0.304\Sdks\Microsoft.NET.Sdk\targets\Microsoft.NET.Sdk.FrameworkReferenceResolution.targets(14,5): message :       GetFrameworkPaths;
       C:\Program Files\dotnet\sdk\9.0.304\Sdks\Microsoft.NET.Sdk\targets\Microsoft.NET.Sdk.FrameworkReferenceResolution.targets(14,5): message :       GetReferenceAssemblyPaths;
       C:\Program Files\dotnet\sdk\9.0.304\Sdks\Microsoft.NET.Sdk\targets\Microsoft.NET.Sdk.FrameworkReferenceResolution.targets(14,5): message :       PrepareForBuild;
       C:\Program Files\dotnet\sdk\9.0.304\Sdks\Microsoft.NET.Sdk\targets\Microsoft.NET.Sdk.FrameworkReferenceResolution.targets(14,5): message :       ResolveSDKReferences;
       C:\Program Files\dotnet\sdk\9.0.304\Sdks\Microsoft.NET.Sdk\targets\Microsoft.NET.Sdk.FrameworkReferenceResolution.targets(14,5): message :       ExpandSDKReferences;
       C:\Program Files\dotnet\sdk\9.0.304\Sdks\Microsoft.NET.Sdk\targets\Microsoft.NET.Sdk.FrameworkReferenceResolution.targets(14,5): message :     ;
       C:\Program Files\dotnet\sdk\9.0.304\Sdks\Microsoft.NET.Sdk\targets\Microsoft.NET.Sdk.FrameworkReferenceResolution.targets(14,5): message :       ResolvePackageDependenciesForBuild;
       C:\Program Files\dotnet\sdk\9.0.304\Sdks\Microsoft.NET.Sdk\targets\Microsoft.NET.Sdk.FrameworkReferenceResolution.targets(14,5): message :       _HandlePackageFileConflicts;
       C:\Program Files\dotnet\sdk\9.0.304\Sdks\Microsoft.NET.Sdk\targets\Microsoft.NET.Sdk.FrameworkReferenceResolution.targets(14,5): message :     ") at C:\Program Files\dotnet\sdk\9.0.304\Sdks\Microsoft.NET.Sdk\targets\Microsoft.NET.Sdk.FrameworkReferenceResolution.targets (14,5)
       C:\Program Files\dotnet\sdk\9.0.304\Sdks\Microsoft.NET.Sdk\targets\Microsoft.NET.Sdk.targets(44,5): message : Property reassignment: $(_GenerateRuntimeConfigurationPropertyInputsCache)="C:\Projects\BlueSky\backend\obj\Debug\net9.0\BSkyClone.genruntimeconfig.cache" (previous value: "obj\Debug\net9.0\BSkyClone.genruntimeconfig.cache") at C:\Program Files\dotnet\sdk\9.0.304\Sdks\Microsoft.NET.Sdk\targets\Microsoft.NET.Sdk.targets (44,5)
       C:\Program Files\dotnet\sdk\9.0.304\Sdks\Microsoft.NET.Sdk\targets\Microsoft.NET.Sdk.targets(46,5): message : Property reassignment: $(_GeneratePublishDependencyFilePropertyInputsCache)="C:\Projects\BlueSky\backend\obj\Debug\net9.0\BSkyClone.genpublishdeps.cache" (previous value: "obj\Debug\net9.0\BSkyClone.genpublishdeps.cache") at C:\Program Files\dotnet\sdk\9.0.304\Sdks\Microsoft.NET.Sdk\targets\Microsoft.NET.Sdk.targets (46,5)
       C:\Program Files\dotnet\sdk\9.0.304\Sdks\Microsoft.NET.Sdk\targets\Microsoft.NET.Sdk.targets(48,5): message : Property reassignment: $(_GenerateSingleFileBundlePropertyInputsCache)="C:\Projects\BlueSky\backend\obj\Debug\net9.0\BSkyClone.genbundle.cache" (previous value: "obj\Debug\net9.0\BSkyClone.genbundle.cache") at C:\Program Files\dotnet\sdk\9.0.304\Sdks\Microsoft.NET.Sdk\targets\Microsoft.NET.Sdk.targets (48,5)
       C:\Program Files\dotnet\sdk\9.0.304\Sdks\Microsoft.NET.Sdk\targets\Microsoft.NET.Sdk.targets(81,5): message : Property reassignment: $(GenerateRuntimeConfigDevFile)="false" (previous value: "true") at C:\Program Files\dotnet\sdk\9.0.304\Sdks\Microsoft.NET.Sdk\targets\Microsoft.NET.Sdk.targets (81,5)
       C:\Program Files\dotnet\sdk\9.0.304\Sdks\Microsoft.NET.Sdk\targets\Microsoft.NET.Sdk.targets(97,5): message : Property 'USERPROFILE' with value 'C:\Users\nguye' expanded from the environment.
       C:\Program Files\dotnet\sdk\9.0.304\Sdks\Microsoft.NET.Sdk\targets\Microsoft.NET.Sdk.targets(97,5): message : Property reassignment: $(_DefaultUserProfileRuntimeStorePath)="C:\Users\nguye" (previous value: "") at C:\Program Files\dotnet\sdk\9.0.304\Sdks\Microsoft.NET.Sdk\targets\Microsoft.NET.Sdk.targets (97,5)
       C:\Program Files\dotnet\sdk\9.0.304\Sdks\Microsoft.NET.Sdk\targets\Microsoft.NET.Sdk.targets(98,5): message : Property reassignment: $(_DefaultUserProfileRuntimeStorePath)="C:\Users\nguye\.dotnet\store" (previous value: "C:\Users\nguye") at C:\Program Files\dotnet\sdk\9.0.304\Sdks\Microsoft.NET.Sdk\targets\Microsoft.NET.Sdk.targets (98,5)
       C:\Program Files\dotnet\sdk\9.0.304\Sdks\Microsoft.NET.Sdk\targets\Microsoft.NET.Sdk.targets(140,5): message : Property reassignment: $(AvailablePlatforms)="Any CPU,x86,x64,ARM32" (previous value: "Any CPU,x86,x64") at C:\Program Files\dotnet\sdk\9.0.304\Sdks\Microsoft.NET.Sdk\targets\Microsoft.NET.Sdk.targets (140,5)
       C:\Program Files\dotnet\sdk\9.0.304\Sdks\Microsoft.NET.Sdk\targets\Microsoft.NET.Sdk.targets(144,5): message : Property reassignment: $(AvailablePlatforms)="Any CPU,x86,x64,ARM32,ARM64" (previous value: "Any CPU,x86,x64,ARM32") at C:\Program Files\dotnet\sdk\9.0.304\Sdks\Microsoft.NET.Sdk\targets\Microsoft.NET.Sdk.targets (144,5)
       C:\Program Files\dotnet\sdk\9.0.304\Sdks\Microsoft.NET.Sdk\targets\Microsoft.NET.Sdk.targets(201,5): message : Property reassignment: $(CoreBuildDependsOn)="
       C:\Program Files\dotnet\sdk\9.0.304\Sdks\Microsoft.NET.Sdk\targets\Microsoft.NET.Sdk.targets(201,5): message :       _CheckForBuildWithNoBuild;
       C:\Program Files\dotnet\sdk\9.0.304\Sdks\Microsoft.NET.Sdk\targets\Microsoft.NET.Sdk.targets(201,5): message :       
       C:\Program Files\dotnet\sdk\9.0.304\Sdks\Microsoft.NET.Sdk\targets\Microsoft.NET.Sdk.targets(201,5): message :       BuildOnlySettings;
       C:\Program Files\dotnet\sdk\9.0.304\Sdks\Microsoft.NET.Sdk\targets\Microsoft.NET.Sdk.targets(201,5): message :       PrepareForBuild;
       C:\Program Files\dotnet\sdk\9.0.304\Sdks\Microsoft.NET.Sdk\targets\Microsoft.NET.Sdk.targets(201,5): message :       PreBuildEvent;
       C:\Program Files\dotnet\sdk\9.0.304\Sdks\Microsoft.NET.Sdk\targets\Microsoft.NET.Sdk.targets(201,5): message :       ResolveReferences;
       C:\Program Files\dotnet\sdk\9.0.304\Sdks\Microsoft.NET.Sdk\targets\Microsoft.NET.Sdk.targets(201,5): message :       PrepareResources;
       C:\Program Files\dotnet\sdk\9.0.304\Sdks\Microsoft.NET.Sdk\targets\Microsoft.NET.Sdk.targets(201,5): message :       ResolveKeySource;
       C:\Program Files\dotnet\sdk\9.0.304\Sdks\Microsoft.NET.Sdk\targets\Microsoft.NET.Sdk.targets(201,5): message :       Compile;
       C:\Program Files\dotnet\sdk\9.0.304\Sdks\Microsoft.NET.Sdk\targets\Microsoft.NET.Sdk.targets(201,5): message :       ExportWindowsMDFile;
       C:\Program Files\dotnet\sdk\9.0.304\Sdks\Microsoft.NET.Sdk\targets\Microsoft.NET.Sdk.targets(201,5): message :       UnmanagedUnregistration;
       C:\Program Files\dotnet\sdk\9.0.304\Sdks\Microsoft.NET.Sdk\targets\Microsoft.NET.Sdk.targets(201,5): message :       GenerateSerializationAssemblies;
       C:\Program Files\dotnet\sdk\9.0.304\Sdks\Microsoft.NET.Sdk\targets\Microsoft.NET.Sdk.targets(201,5): message :       CreateSatelliteAssemblies;
       C:\Program Files\dotnet\sdk\9.0.304\Sdks\Microsoft.NET.Sdk\targets\Microsoft.NET.Sdk.targets(201,5): message :       GenerateManifests;
       C:\Program Files\dotnet\sdk\9.0.304\Sdks\Microsoft.NET.Sdk\targets\Microsoft.NET.Sdk.targets(201,5): message :       GetTargetPath;
       C:\Program Files\dotnet\sdk\9.0.304\Sdks\Microsoft.NET.Sdk\targets\Microsoft.NET.Sdk.targets(201,5): message :       PrepareForRun;
       C:\Program Files\dotnet\sdk\9.0.304\Sdks\Microsoft.NET.Sdk\targets\Microsoft.NET.Sdk.targets(201,5): message :       UnmanagedRegistration;
       C:\Program Files\dotnet\sdk\9.0.304\Sdks\Microsoft.NET.Sdk\targets\Microsoft.NET.Sdk.targets(201,5): message :       IncrementalClean;
       C:\Program Files\dotnet\sdk\9.0.304\Sdks\Microsoft.NET.Sdk\targets\Microsoft.NET.Sdk.targets(201,5): message :       PostBuildEvent
       C:\Program Files\dotnet\sdk\9.0.304\Sdks\Microsoft.NET.Sdk\targets\Microsoft.NET.Sdk.targets(201,5): message :     ;
       C:\Program Files\dotnet\sdk\9.0.304\Sdks\Microsoft.NET.Sdk\targets\Microsoft.NET.Sdk.targets(201,5): message :       GenerateBuildDependencyFile;
       C:\Program Files\dotnet\sdk\9.0.304\Sdks\Microsoft.NET.Sdk\targets\Microsoft.NET.Sdk.targets(201,5): message :       GenerateBuildRuntimeConfigurationFiles
       C:\Program Files\dotnet\sdk\9.0.304\Sdks\Microsoft.NET.Sdk\targets\Microsoft.NET.Sdk.targets(201,5): message :     " (previous value: "
       C:\Program Files\dotnet\sdk\9.0.304\Sdks\Microsoft.NET.Sdk\targets\Microsoft.NET.Sdk.targets(201,5): message :       BuildOnlySettings;
       C:\Program Files\dotnet\sdk\9.0.304\Sdks\Microsoft.NET.Sdk\targets\Microsoft.NET.Sdk.targets(201,5): message :       PrepareForBuild;
       C:\Program Files\dotnet\sdk\9.0.304\Sdks\Microsoft.NET.Sdk\targets\Microsoft.NET.Sdk.targets(201,5): message :       PreBuildEvent;
       C:\Program Files\dotnet\sdk\9.0.304\Sdks\Microsoft.NET.Sdk\targets\Microsoft.NET.Sdk.targets(201,5): message :       ResolveReferences;
       C:\Program Files\dotnet\sdk\9.0.304\Sdks\Microsoft.NET.Sdk\targets\Microsoft.NET.Sdk.targets(201,5): message :       PrepareResources;
       C:\Program Files\dotnet\sdk\9.0.304\Sdks\Microsoft.NET.Sdk\targets\Microsoft.NET.Sdk.targets(201,5): message :       ResolveKeySource;
       C:\Program Files\dotnet\sdk\9.0.304\Sdks\Microsoft.NET.Sdk\targets\Microsoft.NET.Sdk.targets(201,5): message :       Compile;
       C:\Program Files\dotnet\sdk\9.0.304\Sdks\Microsoft.NET.Sdk\targets\Microsoft.NET.Sdk.targets(201,5): message :       ExportWindowsMDFile;
       C:\Program Files\dotnet\sdk\9.0.304\Sdks\Microsoft.NET.Sdk\targets\Microsoft.NET.Sdk.targets(201,5): message :       UnmanagedUnregistration;
       C:\Program Files\dotnet\sdk\9.0.304\Sdks\Microsoft.NET.Sdk\targets\Microsoft.NET.Sdk.targets(201,5): message :       GenerateSerializationAssemblies;
       C:\Program Files\dotnet\sdk\9.0.304\Sdks\Microsoft.NET.Sdk\targets\Microsoft.NET.Sdk.targets(201,5): message :       CreateSatelliteAssemblies;
       C:\Program Files\dotnet\sdk\9.0.304\Sdks\Microsoft.NET.Sdk\targets\Microsoft.NET.Sdk.targets(201,5): message :       GenerateManifests;
       C:\Program Files\dotnet\sdk\9.0.304\Sdks\Microsoft.NET.Sdk\targets\Microsoft.NET.Sdk.targets(201,5): message :       GetTargetPath;
       C:\Program Files\dotnet\sdk\9.0.304\Sdks\Microsoft.NET.Sdk\targets\Microsoft.NET.Sdk.targets(201,5): message :       PrepareForRun;
       C:\Program Files\dotnet\sdk\9.0.304\Sdks\Microsoft.NET.Sdk\targets\Microsoft.NET.Sdk.targets(201,5): message :       UnmanagedRegistration;
       C:\Program Files\dotnet\sdk\9.0.304\Sdks\Microsoft.NET.Sdk\targets\Microsoft.NET.Sdk.targets(201,5): message :       IncrementalClean;
       C:\Program Files\dotnet\sdk\9.0.304\Sdks\Microsoft.NET.Sdk\targets\Microsoft.NET.Sdk.targets(201,5): message :       PostBuildEvent
       C:\Program Files\dotnet\sdk\9.0.304\Sdks\Microsoft.NET.Sdk\targets\Microsoft.NET.Sdk.targets(201,5): message :     ") at C:\Program Files\dotnet\sdk\9.0.304\Sdks\Microsoft.NET.Sdk\targets\Microsoft.NET.Sdk.targets (201,5)
       C:\Program Files\dotnet\sdk\9.0.304\Sdks\Microsoft.NET.Sdk\targets\Microsoft.NET.Sdk.targets(210,5): message : Property reassignment: $(CoreCleanDependsOn)="
       C:\Program Files\dotnet\sdk\9.0.304\Sdks\Microsoft.NET.Sdk\targets\Microsoft.NET.Sdk.targets(210,5): message :       _SdkBeforeClean;
       C:\Program Files\dotnet\sdk\9.0.304\Sdks\Microsoft.NET.Sdk\targets\Microsoft.NET.Sdk.targets(210,5): message :       
       C:\Program Files\dotnet\sdk\9.0.304\Sdks\Microsoft.NET.Sdk\targets\Microsoft.NET.Sdk.targets(210,5): message :     " (previous value: "") at C:\Program Files\dotnet\sdk\9.0.304\Sdks\Microsoft.NET.Sdk\targets\Microsoft.NET.Sdk.targets (210,5)
       C:\Program Files\dotnet\sdk\9.0.304\Sdks\Microsoft.NET.Sdk\targets\Microsoft.NET.Sdk.targets(217,5): message : Property reassignment: $(RebuildDependsOn)="
       C:\Program Files\dotnet\sdk\9.0.304\Sdks\Microsoft.NET.Sdk\targets\Microsoft.NET.Sdk.targets(217,5): message :       _SdkBeforeRebuild;
       C:\Program Files\dotnet\sdk\9.0.304\Sdks\Microsoft.NET.Sdk\targets\Microsoft.NET.Sdk.targets(217,5): message :       
       C:\Program Files\dotnet\sdk\9.0.304\Sdks\Microsoft.NET.Sdk\targets\Microsoft.NET.Sdk.targets(217,5): message :       BeforeRebuild;
       C:\Program Files\dotnet\sdk\9.0.304\Sdks\Microsoft.NET.Sdk\targets\Microsoft.NET.Sdk.targets(217,5): message :       Clean;
       C:\Program Files\dotnet\sdk\9.0.304\Sdks\Microsoft.NET.Sdk\targets\Microsoft.NET.Sdk.targets(217,5): message :       Build;
       C:\Program Files\dotnet\sdk\9.0.304\Sdks\Microsoft.NET.Sdk\targets\Microsoft.NET.Sdk.targets(217,5): message :       AfterRebuild;
       C:\Program Files\dotnet\sdk\9.0.304\Sdks\Microsoft.NET.Sdk\targets\Microsoft.NET.Sdk.targets(217,5): message :     
       C:\Program Files\dotnet\sdk\9.0.304\Sdks\Microsoft.NET.Sdk\targets\Microsoft.NET.Sdk.targets(217,5): message :     " (previous value: "
       C:\Program Files\dotnet\sdk\9.0.304\Sdks\Microsoft.NET.Sdk\targets\Microsoft.NET.Sdk.targets(217,5): message :       BeforeRebuild;
       C:\Program Files\dotnet\sdk\9.0.304\Sdks\Microsoft.NET.Sdk\targets\Microsoft.NET.Sdk.targets(217,5): message :       Clean;
       C:\Program Files\dotnet\sdk\9.0.304\Sdks\Microsoft.NET.Sdk\targets\Microsoft.NET.Sdk.targets(217,5): message :       Build;
       C:\Program Files\dotnet\sdk\9.0.304\Sdks\Microsoft.NET.Sdk\targets\Microsoft.NET.Sdk.targets(217,5): message :       AfterRebuild;
       C:\Program Files\dotnet\sdk\9.0.304\Sdks\Microsoft.NET.Sdk\targets\Microsoft.NET.Sdk.targets(217,5): message :     ") at C:\Program Files\dotnet\sdk\9.0.304\Sdks\Microsoft.NET.Sdk\targets\Microsoft.NET.Sdk.targets (217,5)
       C:\Program Files\dotnet\sdk\9.0.304\Sdks\Microsoft.NET.Sdk\targets\Microsoft.NET.Sdk.targets(784,5): message : Property reassignment: $(CompileDependsOn)="
       C:\Program Files\dotnet\sdk\9.0.304\Sdks\Microsoft.NET.Sdk\targets\Microsoft.NET.Sdk.targets(784,5): message :       
       C:\Program Files\dotnet\sdk\9.0.304\Sdks\Microsoft.NET.Sdk\targets\Microsoft.NET.Sdk.targets(784,5): message :       ResolveReferences;
       C:\Program Files\dotnet\sdk\9.0.304\Sdks\Microsoft.NET.Sdk\targets\Microsoft.NET.Sdk.targets(784,5): message :       ResolveKeySource;
       C:\Program Files\dotnet\sdk\9.0.304\Sdks\Microsoft.NET.Sdk\targets\Microsoft.NET.Sdk.targets(784,5): message :       SetWin32ManifestProperties;
       C:\Program Files\dotnet\sdk\9.0.304\Sdks\Microsoft.NET.Sdk\targets\Microsoft.NET.Sdk.targets(784,5): message :       _SetPreferNativeArm64Win32ManifestProperties;
       C:\Program Files\dotnet\sdk\9.0.304\Sdks\Microsoft.NET.Sdk\targets\Microsoft.NET.Sdk.targets(784,5): message :       FindReferenceAssembliesForReferences;
       C:\Program Files\dotnet\sdk\9.0.304\Sdks\Microsoft.NET.Sdk\targets\Microsoft.NET.Sdk.targets(784,5): message :       _GenerateCompileInputs;
       C:\Program Files\dotnet\sdk\9.0.304\Sdks\Microsoft.NET.Sdk\targets\Microsoft.NET.Sdk.targets(784,5): message :       BeforeCompile;
       C:\Program Files\dotnet\sdk\9.0.304\Sdks\Microsoft.NET.Sdk\targets\Microsoft.NET.Sdk.targets(784,5): message :       _TimeStampBeforeCompile;
       C:\Program Files\dotnet\sdk\9.0.304\Sdks\Microsoft.NET.Sdk\targets\Microsoft.NET.Sdk.targets(784,5): message :       _GenerateCompileDependencyCache;
       C:\Program Files\dotnet\sdk\9.0.304\Sdks\Microsoft.NET.Sdk\targets\Microsoft.NET.Sdk.targets(784,5): message :       CoreCompile;
       C:\Program Files\dotnet\sdk\9.0.304\Sdks\Microsoft.NET.Sdk\targets\Microsoft.NET.Sdk.targets(784,5): message :       _TimeStampAfterCompile;
       C:\Program Files\dotnet\sdk\9.0.304\Sdks\Microsoft.NET.Sdk\targets\Microsoft.NET.Sdk.targets(784,5): message :       AfterCompile;
       C:\Program Files\dotnet\sdk\9.0.304\Sdks\Microsoft.NET.Sdk\targets\Microsoft.NET.Sdk.targets(784,5): message :     ;
       C:\Program Files\dotnet\sdk\9.0.304\Sdks\Microsoft.NET.Sdk\targets\Microsoft.NET.Sdk.targets(784,5): message :       _CreateAppHost;
       C:\Program Files\dotnet\sdk\9.0.304\Sdks\Microsoft.NET.Sdk\targets\Microsoft.NET.Sdk.targets(784,5): message :       _CreateComHost;
       C:\Program Files\dotnet\sdk\9.0.304\Sdks\Microsoft.NET.Sdk\targets\Microsoft.NET.Sdk.targets(784,5): message :       _GetIjwHostPaths;
       C:\Program Files\dotnet\sdk\9.0.304\Sdks\Microsoft.NET.Sdk\targets\Microsoft.NET.Sdk.targets(784,5): message :     " (previous value: "
       C:\Program Files\dotnet\sdk\9.0.304\Sdks\Microsoft.NET.Sdk\targets\Microsoft.NET.Sdk.targets(784,5): message :       ResolveReferences;
       C:\Program Files\dotnet\sdk\9.0.304\Sdks\Microsoft.NET.Sdk\targets\Microsoft.NET.Sdk.targets(784,5): message :       ResolveKeySource;
       C:\Program Files\dotnet\sdk\9.0.304\Sdks\Microsoft.NET.Sdk\targets\Microsoft.NET.Sdk.targets(784,5): message :       SetWin32ManifestProperties;
       C:\Program Files\dotnet\sdk\9.0.304\Sdks\Microsoft.NET.Sdk\targets\Microsoft.NET.Sdk.targets(784,5): message :       _SetPreferNativeArm64Win32ManifestProperties;
       C:\Program Files\dotnet\sdk\9.0.304\Sdks\Microsoft.NET.Sdk\targets\Microsoft.NET.Sdk.targets(784,5): message :       FindReferenceAssembliesForReferences;
       C:\Program Files\dotnet\sdk\9.0.304\Sdks\Microsoft.NET.Sdk\targets\Microsoft.NET.Sdk.targets(784,5): message :       _GenerateCompileInputs;
       C:\Program Files\dotnet\sdk\9.0.304\Sdks\Microsoft.NET.Sdk\targets\Microsoft.NET.Sdk.targets(784,5): message :       BeforeCompile;
       C:\Program Files\dotnet\sdk\9.0.304\Sdks\Microsoft.NET.Sdk\targets\Microsoft.NET.Sdk.targets(784,5): message :       _TimeStampBeforeCompile;
       C:\Program Files\dotnet\sdk\9.0.304\Sdks\Microsoft.NET.Sdk\targets\Microsoft.NET.Sdk.targets(784,5): message :       _GenerateCompileDependencyCache;
       C:\Program Files\dotnet\sdk\9.0.304\Sdks\Microsoft.NET.Sdk\targets\Microsoft.NET.Sdk.targets(784,5): message :       CoreCompile;
       C:\Program Files\dotnet\sdk\9.0.304\Sdks\Microsoft.NET.Sdk\targets\Microsoft.NET.Sdk.targets(784,5): message :       _TimeStampAfterCompile;
       C:\Program Files\dotnet\sdk\9.0.304\Sdks\Microsoft.NET.Sdk\targets\Microsoft.NET.Sdk.targets(784,5): message :       AfterCompile;
       C:\Program Files\dotnet\sdk\9.0.304\Sdks\Microsoft.NET.Sdk\targets\Microsoft.NET.Sdk.targets(784,5): message :     ") at C:\Program Files\dotnet\sdk\9.0.304\Sdks\Microsoft.NET.Sdk\targets\Microsoft.NET.Sdk.targets (784,5)
       C:\Program Files\dotnet\sdk\9.0.304\Sdks\Microsoft.NET.Sdk\targets\Microsoft.NET.Sdk.targets(1184,5): message : Property reassignment: $(CreateSatelliteAssembliesDependsOn)="
       C:\Program Files\dotnet\sdk\9.0.304\Sdks\Microsoft.NET.Sdk\targets\Microsoft.NET.Sdk.targets(1184,5): message :       
       C:\Program Files\dotnet\sdk\9.0.304\Sdks\Microsoft.NET.Sdk\targets\Microsoft.NET.Sdk.targets(1184,5): message :       ;
       C:\Program Files\dotnet\sdk\9.0.304\Sdks\Microsoft.NET.Sdk\targets\Microsoft.NET.Sdk.targets(1184,5): message :       _GenerateSatelliteAssemblyInputs;
       C:\Program Files\dotnet\sdk\9.0.304\Sdks\Microsoft.NET.Sdk\targets\Microsoft.NET.Sdk.targets(1184,5): message :       ComputeIntermediateSatelliteAssemblies;
       C:\Program Files\dotnet\sdk\9.0.304\Sdks\Microsoft.NET.Sdk\targets\Microsoft.NET.Sdk.targets(1184,5): message :       GenerateSatelliteAssemblies
       C:\Program Files\dotnet\sdk\9.0.304\Sdks\Microsoft.NET.Sdk\targets\Microsoft.NET.Sdk.targets(1184,5): message :     ;
       C:\Program Files\dotnet\sdk\9.0.304\Sdks\Microsoft.NET.Sdk\targets\Microsoft.NET.Sdk.targets(1184,5): message :       CoreGenerateSatelliteAssemblies
       C:\Program Files\dotnet\sdk\9.0.304\Sdks\Microsoft.NET.Sdk\targets\Microsoft.NET.Sdk.targets(1184,5): message :     " (previous value: "
       C:\Program Files\dotnet\sdk\9.0.304\Sdks\Microsoft.NET.Sdk\targets\Microsoft.NET.Sdk.targets(1184,5): message :       ;
       C:\Program Files\dotnet\sdk\9.0.304\Sdks\Microsoft.NET.Sdk\targets\Microsoft.NET.Sdk.targets(1184,5): message :       _GenerateSatelliteAssemblyInputs;
       C:\Program Files\dotnet\sdk\9.0.304\Sdks\Microsoft.NET.Sdk\targets\Microsoft.NET.Sdk.targets(1184,5): message :       ComputeIntermediateSatelliteAssemblies;
       C:\Program Files\dotnet\sdk\9.0.304\Sdks\Microsoft.NET.Sdk\targets\Microsoft.NET.Sdk.targets(1184,5): message :       GenerateSatelliteAssemblies
       C:\Program Files\dotnet\sdk\9.0.304\Sdks\Microsoft.NET.Sdk\targets\Microsoft.NET.Sdk.targets(1184,5): message :     ") at C:\Program Files\dotnet\sdk\9.0.304\Sdks\Microsoft.NET.Sdk\targets\Microsoft.NET.Sdk.targets (1184,5)
       C:\Program Files\dotnet\sdk\9.0.304\Sdks\Microsoft.SourceLink.GitLab\build\Microsoft.SourceLink.GitLab.targets(12,5): message : Property reassignment: $(SourceLinkUrlInitializerTargets)=";_InitializeGitHubSourceLinkUrl;_InitializeGitLabSourceLinkUrl" (previous value: ";_InitializeGitHubSourceLinkUrl") at C:\Program Files\dotnet\sdk\9.0.304\Sdks\Microsoft.SourceLink.GitLab\build\Microsoft.SourceLink.GitLab.targets (12,5)
       C:\Program Files\dotnet\sdk\9.0.304\Sdks\Microsoft.SourceLink.GitLab\build\Microsoft.SourceLink.GitLab.targets(13,5): message : Property reassignment: $(SourceControlManagerUrlTranslationTargets)=";TranslateGitHubUrlsInSourceControlInformation;TranslateGitLabUrlsInSourceControlInformation" (previous value: ";TranslateGitHubUrlsInSourceControlInformation") at C:\Program Files\dotnet\sdk\9.0.304\Sdks\Microsoft.SourceLink.GitLab\build\Microsoft.SourceLink.GitLab.targets (13,5)
       C:\Program Files\dotnet\sdk\9.0.304\Sdks\Microsoft.SourceLink.AzureRepos.Git\build\Microsoft.SourceLink.AzureRepos.Git.targets(12,5): message : Property reassignment: $(SourceLinkUrlInitializerTargets)=";_InitializeGitHubSourceLinkUrl;_InitializeGitLabSourceLinkUrl;_InitializeAzureReposGitSourceLinkUrl" (previous value: ";_InitializeGitHubSourceLinkUrl;_InitializeGitLabSourceLinkUrl") at C:\Program Files\dotnet\sdk\9.0.304\Sdks\Microsoft.SourceLink.AzureRepos.Git\build\Microsoft.SourceLink.AzureRepos.Git.targets (12,5)
       C:\Program Files\dotnet\sdk\9.0.304\Sdks\Microsoft.SourceLink.AzureRepos.Git\build\Microsoft.SourceLink.AzureRepos.Git.targets(13,5): message : Property reassignment: $(SourceControlManagerUrlTranslationTargets)=";TranslateGitHubUrlsInSourceControlInformation;TranslateGitLabUrlsInSourceControlInformation;TranslateAzureReposGitUrlsInSourceControlInformation" (previous value: ";TranslateGitHubUrlsInSourceControlInformation;TranslateGitLabUrlsInSourceControlInformation") at C:\Program Files\dotnet\sdk\9.0.304\Sdks\Microsoft.SourceLink.AzureRepos.Git\build\Microsoft.SourceLink.AzureRepos.Git.targets (13,5)
       C:\Program Files\dotnet\sdk\9.0.304\Sdks\Microsoft.SourceLink.Bitbucket.Git\build\Microsoft.SourceLink.Bitbucket.Git.targets(12,5): message : Property reassignment: $(SourceLinkUrlInitializerTargets)=";_InitializeGitHubSourceLinkUrl;_InitializeGitLabSourceLinkUrl;_InitializeAzureReposGitSourceLinkUrl;_InitializeBitbucketGitSourceLinkUrl" (previous value: ";_InitializeGitHubSourceLinkUrl;_InitializeGitLabSourceLinkUrl;_InitializeAzureReposGitSourceLinkUrl") at C:\Program Files\dotnet\sdk\9.0.304\Sdks\Microsoft.SourceLink.Bitbucket.Git\build\Microsoft.SourceLink.Bitbucket.Git.targets (12,5)
       C:\Program Files\dotnet\sdk\9.0.304\Sdks\Microsoft.SourceLink.Bitbucket.Git\build\Microsoft.SourceLink.Bitbucket.Git.targets(13,5): message : Property reassignment: $(SourceControlManagerUrlTranslationTargets)=";TranslateGitHubUrlsInSourceControlInformation;TranslateGitLabUrlsInSourceControlInformation;TranslateAzureReposGitUrlsInSourceControlInformation;TranslateBitbucketGitUrlsInSourceControlInformation" (previous value: ";TranslateGitHubUrlsInSourceControlInformation;TranslateGitLabUrlsInSourceControlInformation;TranslateAzureReposGitUrlsInSourceControlInformation") at C:\Program Files\dotnet\sdk\9.0.304\Sdks\Microsoft.SourceLink.Bitbucket.Git\build\Microsoft.SourceLink.Bitbucket.Git.targets (13,5)
       C:\Program Files\dotnet\sdk\9.0.304\Sdks\Microsoft.NET.Sdk\targets\Microsoft.NET.DesignerSupport.targets(21,5): message : Property reassignment: $(DesignerRuntimeImplementationProjectOutputGroupDependsOn)="
       C:\Program Files\dotnet\sdk\9.0.304\Sdks\Microsoft.NET.Sdk\targets\Microsoft.NET.DesignerSupport.targets(21,5): message :       
       C:\Program Files\dotnet\sdk\9.0.304\Sdks\Microsoft.NET.Sdk\targets\Microsoft.NET.DesignerSupport.targets(21,5): message :       ;
       C:\Program Files\dotnet\sdk\9.0.304\Sdks\Microsoft.NET.Sdk\targets\Microsoft.NET.DesignerSupport.targets(21,5): message :       
       C:\Program Files\dotnet\sdk\9.0.304\Sdks\Microsoft.NET.Sdk\targets\Microsoft.NET.DesignerSupport.targets(21,5): message :       ;
       C:\Program Files\dotnet\sdk\9.0.304\Sdks\Microsoft.NET.Sdk\targets\Microsoft.NET.DesignerSupport.targets(21,5): message :       BuildOnlySettings;
       C:\Program Files\dotnet\sdk\9.0.304\Sdks\Microsoft.NET.Sdk\targets\Microsoft.NET.DesignerSupport.targets(21,5): message :       PrepareForBuild;
       C:\Program Files\dotnet\sdk\9.0.304\Sdks\Microsoft.NET.Sdk\targets\Microsoft.NET.DesignerSupport.targets(21,5): message :       AssignTargetPaths;
       C:\Program Files\dotnet\sdk\9.0.304\Sdks\Microsoft.NET.Sdk\targets\Microsoft.NET.DesignerSupport.targets(21,5): message :       ResolveReferences
       C:\Program Files\dotnet\sdk\9.0.304\Sdks\Microsoft.NET.Sdk\targets\Microsoft.NET.DesignerSupport.targets(21,5): message :     
       C:\Program Files\dotnet\sdk\9.0.304\Sdks\Microsoft.NET.Sdk\targets\Microsoft.NET.DesignerSupport.targets(21,5): message :     ;
       C:\Program Files\dotnet\sdk\9.0.304\Sdks\Microsoft.NET.Sdk\targets\Microsoft.NET.DesignerSupport.targets(21,5): message :       _GenerateDesignerDepsFile;
       C:\Program Files\dotnet\sdk\9.0.304\Sdks\Microsoft.NET.Sdk\targets\Microsoft.NET.DesignerSupport.targets(21,5): message :       _GenerateDesignerRuntimeConfigFile;
       C:\Program Files\dotnet\sdk\9.0.304\Sdks\Microsoft.NET.Sdk\targets\Microsoft.NET.DesignerSupport.targets(21,5): message :       GetCopyToOutputDirectoryItems;
       C:\Program Files\dotnet\sdk\9.0.304\Sdks\Microsoft.NET.Sdk\targets\Microsoft.NET.DesignerSupport.targets(21,5): message :       _GatherDesignerShadowCopyFiles;
       C:\Program Files\dotnet\sdk\9.0.304\Sdks\Microsoft.NET.Sdk\targets\Microsoft.NET.DesignerSupport.targets(21,5): message :     " (previous value: "
       C:\Program Files\dotnet\sdk\9.0.304\Sdks\Microsoft.NET.Sdk\targets\Microsoft.NET.DesignerSupport.targets(21,5): message :       ;
       C:\Program Files\dotnet\sdk\9.0.304\Sdks\Microsoft.NET.Sdk\targets\Microsoft.NET.DesignerSupport.targets(21,5): message :       
       C:\Program Files\dotnet\sdk\9.0.304\Sdks\Microsoft.NET.Sdk\targets\Microsoft.NET.DesignerSupport.targets(21,5): message :       ;
       C:\Program Files\dotnet\sdk\9.0.304\Sdks\Microsoft.NET.Sdk\targets\Microsoft.NET.DesignerSupport.targets(21,5): message :       BuildOnlySettings;
       C:\Program Files\dotnet\sdk\9.0.304\Sdks\Microsoft.NET.Sdk\targets\Microsoft.NET.DesignerSupport.targets(21,5): message :       PrepareForBuild;
       C:\Program Files\dotnet\sdk\9.0.304\Sdks\Microsoft.NET.Sdk\targets\Microsoft.NET.DesignerSupport.targets(21,5): message :       AssignTargetPaths;
       C:\Program Files\dotnet\sdk\9.0.304\Sdks\Microsoft.NET.Sdk\targets\Microsoft.NET.DesignerSupport.targets(21,5): message :       ResolveReferences
       C:\Program Files\dotnet\sdk\9.0.304\Sdks\Microsoft.NET.Sdk\targets\Microsoft.NET.DesignerSupport.targets(21,5): message :     
       C:\Program Files\dotnet\sdk\9.0.304\Sdks\Microsoft.NET.Sdk\targets\Microsoft.NET.DesignerSupport.targets(21,5): message :     ") at C:\Program Files\dotnet\sdk\9.0.304\Sdks\Microsoft.NET.Sdk\targets\Microsoft.NET.DesignerSupport.targets (21,5)
       C:\Program Files\dotnet\sdk\9.0.304\Sdks\Microsoft.NET.Sdk\targets\Microsoft.NET.PackTool.targets(68,5): message : Property reassignment: $(_GenerateToolsSettingsFileCacheFile)="C:\Projects\BlueSky\backend\obj\Debug\net9.0\BSkyClone.toolssettingsinput.cache" (previous value: "obj\Debug\net9.0\BSkyClone.toolssettingsinput.cache") at C:\Program Files\dotnet\sdk\9.0.304\Sdks\Microsoft.NET.Sdk\targets\Microsoft.NET.PackTool.targets (68,5)
       C:\Program Files\dotnet\sdk\9.0.304\Sdks\Microsoft.NET.Sdk\targets\Microsoft.NET.PackTool.targets(137,5): message : Property reassignment: $(_ShimInputCacheFile)="C:\Projects\BlueSky\backend\obj\Debug\net9.0\BSkyClone.shiminput.cache" (previous value: "obj\Debug\net9.0\BSkyClone.shiminput.cache") at C:\Program Files\dotnet\sdk\9.0.304\Sdks\Microsoft.NET.Sdk\targets\Microsoft.NET.PackTool.targets (137,5)
       C:\Program Files\dotnet\sdk\9.0.304\Sdks\Microsoft.NET.Sdk\targets\Microsoft.NET.PackTool.targets(139,5): message : Property reassignment: $(_ShimCreatedSentinelFile)="C:\Projects\BlueSky\backend\obj\Debug\net9.0\BSkyClone.shimcreated.sentinel" (previous value: "obj\Debug\net9.0\BSkyClone.shimcreated.sentinel") at C:\Program Files\dotnet\sdk\9.0.304\Sdks\Microsoft.NET.Sdk\targets\Microsoft.NET.PackTool.targets (139,5)
       C:\Program Files\dotnet\sdk\9.0.304\Sdks\Microsoft.NET.Sdk\targets\Microsoft.NET.Sdk.CSharp.targets(31,5): message : Property reassignment: $(DefineConstants)="TRACE;DEBUG" (previous value: "TRACE") at C:\Program Files\dotnet\sdk\9.0.304\Sdks\Microsoft.NET.Sdk\targets\Microsoft.NET.Sdk.CSharp.targets (31,5)
       C:\Program Files\dotnet\sdk\9.0.304\Sdks\Microsoft.NET.Sdk\targets\Microsoft.NET.Sdk.CSharp.targets(34,5): message : Property reassignment: $(DefineConstants)="TRACE;DEBUG;NET;NET9_0;NETCOREAPP" (previous value: "TRACE;DEBUG") at C:\Program Files\dotnet\sdk\9.0.304\Sdks\Microsoft.NET.Sdk\targets\Microsoft.NET.Sdk.CSharp.targets (34,5)
       C:\Program Files\dotnet\sdk\9.0.304\Sdks\Microsoft.NET.Sdk\targets\Microsoft.NET.Sdk.CSharp.targets(48,5): message : Property reassignment: $(WarningsAsErrors)=";NU1605;SYSLIB0011" (previous value: ";NU1605") at C:\Program Files\dotnet\sdk\9.0.304\Sdks\Microsoft.NET.Sdk\targets\Microsoft.NET.Sdk.CSharp.targets (48,5)
       C:\Program Files\dotnet\sdk\9.0.304\Sdks\NuGet.Build.Tasks.Pack\build\NuGet.Build.Tasks.Pack.targets(34,5): message : Property reassignment: $(PackageDescription)="Package Description" (previous value: "") at C:\Program Files\dotnet\sdk\9.0.304\Sdks\NuGet.Build.Tasks.Pack\build\NuGet.Build.Tasks.Pack.targets (34,5)
       C:\Program Files\dotnet\sdk\9.0.304\Sdks\NuGet.Build.Tasks.Pack\build\NuGet.Build.Tasks.Pack.targets(59,5): message : Property reassignment: $(GenerateNuspecDependsOn)="Build;_LoadPackInputItems; _GetTargetFrameworksOutput; _WalkEachTargetPerFramework; _GetPackageFiles; " (previous value: "_LoadPackInputItems; _GetTargetFrameworksOutput; _WalkEachTargetPerFramework; _GetPackageFiles; ") at C:\Program Files\dotnet\sdk\9.0.304\Sdks\NuGet.Build.Tasks.Pack\build\NuGet.Build.Tasks.Pack.targets (59,5)
       C:\Program Files\dotnet\sdk\9.0.304\Sdks\Microsoft.NET.Sdk\Sdk\Sdk.targets(60,5): message : Property reassignment: $(_IsNotSetContainersTargetsDir)="true" (previous value: "false") at C:\Program Files\dotnet\sdk\9.0.304\Sdks\Microsoft.NET.Sdk\Sdk\Sdk.targets (60,5)
       C:\Program Files\dotnet\sdk\9.0.304\Containers\build\Microsoft.NET.Build.Containers.targets(5,5): message : Property reassignment: $(_IsSDKContainerAllowedVersion)="true" (previous value: "false") at C:\Program Files\dotnet\sdk\9.0.304\Containers\build\Microsoft.NET.Build.Containers.targets (5,5)
       C:\Program Files\dotnet\sdk\9.0.304\Containers\build\Microsoft.NET.Build.Containers.targets(15,5): message : Property reassignment: $(_ContainerIsTargetingNet8TFM)="true" (previous value: "false") at C:\Program Files\dotnet\sdk\9.0.304\Containers\build\Microsoft.NET.Build.Containers.targets (15,5)
       C:\Program Files\dotnet\sdk\9.0.304\Sdks\Microsoft.NET.Sdk.StaticWebAssets\targets\Sdk.StaticWebAssets.CurrentVersion.targets(37,18): message : Property 'DOTNET_HOST_PATH' with value 'C:\Program Files\dotnet\dotnet.exe' expanded from the environment.
       C:\Program Files\dotnet\sdk\9.0.304\Sdks\Microsoft.NET.Sdk.StaticWebAssets\targets\Microsoft.NET.Sdk.StaticWebAssets.targets(286,5): message : Property reassignment: $(PrepareForRunDependsOn)="StaticWebAssetsPrepareForRun;
       C:\Program Files\dotnet\sdk\9.0.304\Sdks\Microsoft.NET.Sdk.StaticWebAssets\targets\Microsoft.NET.Sdk.StaticWebAssets.targets(286,5): message :       CopyFilesToOutputDirectory
       C:\Program Files\dotnet\sdk\9.0.304\Sdks\Microsoft.NET.Sdk.StaticWebAssets\targets\Microsoft.NET.Sdk.StaticWebAssets.targets(286,5): message :     " (previous value: "
       C:\Program Files\dotnet\sdk\9.0.304\Sdks\Microsoft.NET.Sdk.StaticWebAssets\targets\Microsoft.NET.Sdk.StaticWebAssets.targets(286,5): message :       CopyFilesToOutputDirectory
       C:\Program Files\dotnet\sdk\9.0.304\Sdks\Microsoft.NET.Sdk.StaticWebAssets\targets\Microsoft.NET.Sdk.StaticWebAssets.targets(286,5): message :     ") at C:\Program Files\dotnet\sdk\9.0.304\Sdks\Microsoft.NET.Sdk.StaticWebAssets\targets\Microsoft.NET.Sdk.StaticWebAssets.targets (286,5)
       C:\Program Files\dotnet\sdk\9.0.304\Sdks\Microsoft.NET.Sdk.StaticWebAssets\targets\Microsoft.NET.Sdk.StaticWebAssets.targets(323,5): message : Property reassignment: $(GetCopyToOutputDirectoryItemsDependsOn)="
       C:\Program Files\dotnet\sdk\9.0.304\Sdks\Microsoft.NET.Sdk.StaticWebAssets\targets\Microsoft.NET.Sdk.StaticWebAssets.targets(323,5): message :       AssignTargetPaths;
       C:\Program Files\dotnet\sdk\9.0.304\Sdks\Microsoft.NET.Sdk.StaticWebAssets\targets\Microsoft.NET.Sdk.StaticWebAssets.targets(323,5): message :       
       C:\Program Files\dotnet\sdk\9.0.304\Sdks\Microsoft.NET.Sdk.StaticWebAssets\targets\Microsoft.NET.Sdk.StaticWebAssets.targets(323,5): message :       AssignProjectConfiguration;
       C:\Program Files\dotnet\sdk\9.0.304\Sdks\Microsoft.NET.Sdk.StaticWebAssets\targets\Microsoft.NET.Sdk.StaticWebAssets.targets(323,5): message :       _SplitProjectReferencesByFileExistence
       C:\Program Files\dotnet\sdk\9.0.304\Sdks\Microsoft.NET.Sdk.StaticWebAssets\targets\Microsoft.NET.Sdk.StaticWebAssets.targets(323,5): message :     ;
       C:\Program Files\dotnet\sdk\9.0.304\Sdks\Microsoft.NET.Sdk.StaticWebAssets\targets\Microsoft.NET.Sdk.StaticWebAssets.targets(323,5): message :       _GetProjectReferenceTargetFrameworkProperties;
       C:\Program Files\dotnet\sdk\9.0.304\Sdks\Microsoft.NET.Sdk.StaticWebAssets\targets\Microsoft.NET.Sdk.StaticWebAssets.targets(323,5): message :       _PopulateCommonStateForGetCopyToOutputDirectoryItems
       C:\Program Files\dotnet\sdk\9.0.304\Sdks\Microsoft.NET.Sdk.StaticWebAssets\targets\Microsoft.NET.Sdk.StaticWebAssets.targets(323,5): message :     ;AddStaticWebAssetsManifest;AddStaticWebAssetEndpointsBuildManifest" (previous value: "
       C:\Program Files\dotnet\sdk\9.0.304\Sdks\Microsoft.NET.Sdk.StaticWebAssets\targets\Microsoft.NET.Sdk.StaticWebAssets.targets(323,5): message :       AssignTargetPaths;
       C:\Program Files\dotnet\sdk\9.0.304\Sdks\Microsoft.NET.Sdk.StaticWebAssets\targets\Microsoft.NET.Sdk.StaticWebAssets.targets(323,5): message :       
       C:\Program Files\dotnet\sdk\9.0.304\Sdks\Microsoft.NET.Sdk.StaticWebAssets\targets\Microsoft.NET.Sdk.StaticWebAssets.targets(323,5): message :       AssignProjectConfiguration;
       C:\Program Files\dotnet\sdk\9.0.304\Sdks\Microsoft.NET.Sdk.StaticWebAssets\targets\Microsoft.NET.Sdk.StaticWebAssets.targets(323,5): message :       _SplitProjectReferencesByFileExistence
       C:\Program Files\dotnet\sdk\9.0.304\Sdks\Microsoft.NET.Sdk.StaticWebAssets\targets\Microsoft.NET.Sdk.StaticWebAssets.targets(323,5): message :     ;
       C:\Program Files\dotnet\sdk\9.0.304\Sdks\Microsoft.NET.Sdk.StaticWebAssets\targets\Microsoft.NET.Sdk.StaticWebAssets.targets(323,5): message :       _GetProjectReferenceTargetFrameworkProperties;
       C:\Program Files\dotnet\sdk\9.0.304\Sdks\Microsoft.NET.Sdk.StaticWebAssets\targets\Microsoft.NET.Sdk.StaticWebAssets.targets(323,5): message :       _PopulateCommonStateForGetCopyToOutputDirectoryItems
       C:\Program Files\dotnet\sdk\9.0.304\Sdks\Microsoft.NET.Sdk.StaticWebAssets\targets\Microsoft.NET.Sdk.StaticWebAssets.targets(323,5): message :     ") at C:\Program Files\dotnet\sdk\9.0.304\Sdks\Microsoft.NET.Sdk.StaticWebAssets\targets\Microsoft.NET.Sdk.StaticWebAssets.targets (323,5)
       C:\Program Files\dotnet\sdk\9.0.304\Sdks\Microsoft.NET.Sdk.StaticWebAssets\targets\Microsoft.NET.Sdk.StaticWebAssets.Pack.targets(46,5): message : Property reassignment: $(GenerateNuspecDependsOn)="
       C:\Program Files\dotnet\sdk\9.0.304\Sdks\Microsoft.NET.Sdk.StaticWebAssets\targets\Microsoft.NET.Sdk.StaticWebAssets.Pack.targets(46,5): message :       IncludeStaticWebAssetsPackItems;
       C:\Program Files\dotnet\sdk\9.0.304\Sdks\Microsoft.NET.Sdk.StaticWebAssets\targets\Microsoft.NET.Sdk.StaticWebAssets.Pack.targets(46,5): message :       Build;_LoadPackInputItems; _GetTargetFrameworksOutput; _WalkEachTargetPerFramework; _GetPackageFiles; ;
       C:\Program Files\dotnet\sdk\9.0.304\Sdks\Microsoft.NET.Sdk.StaticWebAssets\targets\Microsoft.NET.Sdk.StaticWebAssets.Pack.targets(46,5): message :     " (previous value: "Build;_LoadPackInputItems; _GetTargetFrameworksOutput; _WalkEachTargetPerFramework; _GetPackageFiles; ") at C:\Program Files\dotnet\sdk\9.0.304\Sdks\Microsoft.NET.Sdk.StaticWebAssets\targets\Microsoft.NET.Sdk.StaticWebAssets.Pack.targets (46,5)
       C:\Program Files\dotnet\sdk\9.0.304\Sdks\Microsoft.NET.Sdk.StaticWebAssets\targets\Microsoft.NET.Sdk.StaticWebAssets.Pack.targets(55,5): message : Property reassignment: $(IncludeStaticWebAssetsPackItemsDependsOn)="
       C:\Program Files\dotnet\sdk\9.0.304\Sdks\Microsoft.NET.Sdk.StaticWebAssets\targets\Microsoft.NET.Sdk.StaticWebAssets.Pack.targets(55,5): message :       Build;
       C:\Program Files\dotnet\sdk\9.0.304\Sdks\Microsoft.NET.Sdk.StaticWebAssets\targets\Microsoft.NET.Sdk.StaticWebAssets.Pack.targets(55,5): message :       ResolveStaticWebAssetsConfiguration;LoadStaticWebAssetsBuildManifest
       C:\Program Files\dotnet\sdk\9.0.304\Sdks\Microsoft.NET.Sdk.StaticWebAssets\targets\Microsoft.NET.Sdk.StaticWebAssets.Pack.targets(55,5): message :     ;
       C:\Program Files\dotnet\sdk\9.0.304\Sdks\Microsoft.NET.Sdk.StaticWebAssets\targets\Microsoft.NET.Sdk.StaticWebAssets.Pack.targets(55,5): message :     " (previous value: "
       C:\Program Files\dotnet\sdk\9.0.304\Sdks\Microsoft.NET.Sdk.StaticWebAssets\targets\Microsoft.NET.Sdk.StaticWebAssets.Pack.targets(55,5): message :       ResolveStaticWebAssetsConfiguration;LoadStaticWebAssetsBuildManifest
       C:\Program Files\dotnet\sdk\9.0.304\Sdks\Microsoft.NET.Sdk.StaticWebAssets\targets\Microsoft.NET.Sdk.StaticWebAssets.Pack.targets(55,5): message :     ") at C:\Program Files\dotnet\sdk\9.0.304\Sdks\Microsoft.NET.Sdk.StaticWebAssets\targets\Microsoft.NET.Sdk.StaticWebAssets.Pack.targets (55,5)
       C:\Program Files\dotnet\sdk\9.0.304\Sdks\Microsoft.NET.Sdk.StaticWebAssets\targets\Microsoft.NET.Sdk.StaticWebAssets.ScopedCss.targets(55,3): message : Property reassignment: $(ResolveStaticWebAssetsInputsDependsOn)="
       C:\Program Files\dotnet\sdk\9.0.304\Sdks\Microsoft.NET.Sdk.StaticWebAssets\targets\Microsoft.NET.Sdk.StaticWebAssets.ScopedCss.targets(55,3): message :     
       C:\Program Files\dotnet\sdk\9.0.304\Sdks\Microsoft.NET.Sdk.StaticWebAssets\targets\Microsoft.NET.Sdk.StaticWebAssets.ScopedCss.targets(55,3): message :       ResolveCoreStaticWebAssets;
       C:\Program Files\dotnet\sdk\9.0.304\Sdks\Microsoft.NET.Sdk.StaticWebAssets\targets\Microsoft.NET.Sdk.StaticWebAssets.ScopedCss.targets(55,3): message :       GenerateComputedBuildStaticWebAssets;
       C:\Program Files\dotnet\sdk\9.0.304\Sdks\Microsoft.NET.Sdk.StaticWebAssets\targets\Microsoft.NET.Sdk.StaticWebAssets.ScopedCss.targets(55,3): message :       
       C:\Program Files\dotnet\sdk\9.0.304\Sdks\Microsoft.NET.Sdk.StaticWebAssets\targets\Microsoft.NET.Sdk.StaticWebAssets.ScopedCss.targets(55,3): message :     ;
       C:\Program Files\dotnet\sdk\9.0.304\Sdks\Microsoft.NET.Sdk.StaticWebAssets\targets\Microsoft.NET.Sdk.StaticWebAssets.ScopedCss.targets(55,3): message :     ResolveScopedCssAssets;
       C:\Program Files\dotnet\sdk\9.0.304\Sdks\Microsoft.NET.Sdk.StaticWebAssets\targets\Microsoft.NET.Sdk.StaticWebAssets.ScopedCss.targets(55,3): message :   " (previous value: "
       C:\Program Files\dotnet\sdk\9.0.304\Sdks\Microsoft.NET.Sdk.StaticWebAssets\targets\Microsoft.NET.Sdk.StaticWebAssets.ScopedCss.targets(55,3): message :       ResolveCoreStaticWebAssets;
       C:\Program Files\dotnet\sdk\9.0.304\Sdks\Microsoft.NET.Sdk.StaticWebAssets\targets\Microsoft.NET.Sdk.StaticWebAssets.ScopedCss.targets(55,3): message :       GenerateComputedBuildStaticWebAssets;
       C:\Program Files\dotnet\sdk\9.0.304\Sdks\Microsoft.NET.Sdk.StaticWebAssets\targets\Microsoft.NET.Sdk.StaticWebAssets.ScopedCss.targets(55,3): message :       
       C:\Program Files\dotnet\sdk\9.0.304\Sdks\Microsoft.NET.Sdk.StaticWebAssets\targets\Microsoft.NET.Sdk.StaticWebAssets.ScopedCss.targets(55,3): message :     ") at C:\Program Files\dotnet\sdk\9.0.304\Sdks\Microsoft.NET.Sdk.StaticWebAssets\targets\Microsoft.NET.Sdk.StaticWebAssets.ScopedCss.targets (55,3)
       C:\Program Files\dotnet\sdk\9.0.304\Sdks\Microsoft.NET.Sdk.StaticWebAssets\targets\Microsoft.NET.Sdk.StaticWebAssets.ScopedCss.targets(88,3): message : Property reassignment: $(GenerateComputedBuildStaticWebAssetsDependsOn)="
       C:\Program Files\dotnet\sdk\9.0.304\Sdks\Microsoft.NET.Sdk.StaticWebAssets\targets\Microsoft.NET.Sdk.StaticWebAssets.ScopedCss.targets(88,3): message :     ResolveCoreStaticWebAssets;;
       C:\Program Files\dotnet\sdk\9.0.304\Sdks\Microsoft.NET.Sdk.StaticWebAssets\targets\Microsoft.NET.Sdk.StaticWebAssets.ScopedCss.targets(88,3): message :     BundleScopedCssFiles;
       C:\Program Files\dotnet\sdk\9.0.304\Sdks\Microsoft.NET.Sdk.StaticWebAssets\targets\Microsoft.NET.Sdk.StaticWebAssets.ScopedCss.targets(88,3): message :   " (previous value: "ResolveCoreStaticWebAssets;") at C:\Program Files\dotnet\sdk\9.0.304\Sdks\Microsoft.NET.Sdk.StaticWebAssets\targets\Microsoft.NET.Sdk.StaticWebAssets.ScopedCss.targets (88,3)
       C:\Program Files\dotnet\sdk\9.0.304\Sdks\Microsoft.NET.Sdk.StaticWebAssets\targets\Microsoft.NET.Sdk.StaticWebAssets.JSModules.targets(37,5): message : Property reassignment: $(ResolveCoreStaticWebAssetsDependsOn)="
       C:\Program Files\dotnet\sdk\9.0.304\Sdks\Microsoft.NET.Sdk.StaticWebAssets\targets\Microsoft.NET.Sdk.StaticWebAssets.JSModules.targets(37,5): message :       
       C:\Program Files\dotnet\sdk\9.0.304\Sdks\Microsoft.NET.Sdk.StaticWebAssets\targets\Microsoft.NET.Sdk.StaticWebAssets.JSModules.targets(37,5): message :       UpdateExistingPackageStaticWebAssets;
       C:\Program Files\dotnet\sdk\9.0.304\Sdks\Microsoft.NET.Sdk.StaticWebAssets\targets\Microsoft.NET.Sdk.StaticWebAssets.JSModules.targets(37,5): message :       ResolveProjectStaticWebAssets;
       C:\Program Files\dotnet\sdk\9.0.304\Sdks\Microsoft.NET.Sdk.StaticWebAssets\targets\Microsoft.NET.Sdk.StaticWebAssets.JSModules.targets(37,5): message :       ResolveEmbeddedProjectsStaticWebAssets;
       C:\Program Files\dotnet\sdk\9.0.304\Sdks\Microsoft.NET.Sdk.StaticWebAssets\targets\Microsoft.NET.Sdk.StaticWebAssets.JSModules.targets(37,5): message :       ResolveReferencedProjectsStaticWebAssets;
       C:\Program Files\dotnet\sdk\9.0.304\Sdks\Microsoft.NET.Sdk.StaticWebAssets\targets\Microsoft.NET.Sdk.StaticWebAssets.JSModules.targets(37,5): message :       ;
       C:\Program Files\dotnet\sdk\9.0.304\Sdks\Microsoft.NET.Sdk.StaticWebAssets\targets\Microsoft.NET.Sdk.StaticWebAssets.JSModules.targets(37,5): message :     ;
       C:\Program Files\dotnet\sdk\9.0.304\Sdks\Microsoft.NET.Sdk.StaticWebAssets\targets\Microsoft.NET.Sdk.StaticWebAssets.JSModules.targets(37,5): message :       ResolveJsInitializerModuleStaticWebAssets;
       C:\Program Files\dotnet\sdk\9.0.304\Sdks\Microsoft.NET.Sdk.StaticWebAssets\targets\Microsoft.NET.Sdk.StaticWebAssets.JSModules.targets(37,5): message :     " (previous value: "
       C:\Program Files\dotnet\sdk\9.0.304\Sdks\Microsoft.NET.Sdk.StaticWebAssets\targets\Microsoft.NET.Sdk.StaticWebAssets.JSModules.targets(37,5): message :       UpdateExistingPackageStaticWebAssets;
       C:\Program Files\dotnet\sdk\9.0.304\Sdks\Microsoft.NET.Sdk.StaticWebAssets\targets\Microsoft.NET.Sdk.StaticWebAssets.JSModules.targets(37,5): message :       ResolveProjectStaticWebAssets;
       C:\Program Files\dotnet\sdk\9.0.304\Sdks\Microsoft.NET.Sdk.StaticWebAssets\targets\Microsoft.NET.Sdk.StaticWebAssets.JSModules.targets(37,5): message :       ResolveEmbeddedProjectsStaticWebAssets;
       C:\Program Files\dotnet\sdk\9.0.304\Sdks\Microsoft.NET.Sdk.StaticWebAssets\targets\Microsoft.NET.Sdk.StaticWebAssets.JSModules.targets(37,5): message :       ResolveReferencedProjectsStaticWebAssets;
       C:\Program Files\dotnet\sdk\9.0.304\Sdks\Microsoft.NET.Sdk.StaticWebAssets\targets\Microsoft.NET.Sdk.StaticWebAssets.JSModules.targets(37,5): message :       ;
       C:\Program Files\dotnet\sdk\9.0.304\Sdks\Microsoft.NET.Sdk.StaticWebAssets\targets\Microsoft.NET.Sdk.StaticWebAssets.JSModules.targets(37,5): message :     ") at C:\Program Files\dotnet\sdk\9.0.304\Sdks\Microsoft.NET.Sdk.StaticWebAssets\targets\Microsoft.NET.Sdk.StaticWebAssets.JSModules.targets (37,5)
       C:\Program Files\dotnet\sdk\9.0.304\Sdks\Microsoft.NET.Sdk.StaticWebAssets\targets\Microsoft.NET.Sdk.StaticWebAssets.JSModules.targets(42,5): message : Property reassignment: $(ResolveCoreStaticWebAssetsDependsOn)="
       C:\Program Files\dotnet\sdk\9.0.304\Sdks\Microsoft.NET.Sdk.StaticWebAssets\targets\Microsoft.NET.Sdk.StaticWebAssets.JSModules.targets(42,5): message :       
       C:\Program Files\dotnet\sdk\9.0.304\Sdks\Microsoft.NET.Sdk.StaticWebAssets\targets\Microsoft.NET.Sdk.StaticWebAssets.JSModules.targets(42,5): message :       
       C:\Program Files\dotnet\sdk\9.0.304\Sdks\Microsoft.NET.Sdk.StaticWebAssets\targets\Microsoft.NET.Sdk.StaticWebAssets.JSModules.targets(42,5): message :       UpdateExistingPackageStaticWebAssets;
       C:\Program Files\dotnet\sdk\9.0.304\Sdks\Microsoft.NET.Sdk.StaticWebAssets\targets\Microsoft.NET.Sdk.StaticWebAssets.JSModules.targets(42,5): message :       ResolveProjectStaticWebAssets;
       C:\Program Files\dotnet\sdk\9.0.304\Sdks\Microsoft.NET.Sdk.StaticWebAssets\targets\Microsoft.NET.Sdk.StaticWebAssets.JSModules.targets(42,5): message :       ResolveEmbeddedProjectsStaticWebAssets;
       C:\Program Files\dotnet\sdk\9.0.304\Sdks\Microsoft.NET.Sdk.StaticWebAssets\targets\Microsoft.NET.Sdk.StaticWebAssets.JSModules.targets(42,5): message :       ResolveReferencedProjectsStaticWebAssets;
       C:\Program Files\dotnet\sdk\9.0.304\Sdks\Microsoft.NET.Sdk.StaticWebAssets\targets\Microsoft.NET.Sdk.StaticWebAssets.JSModules.targets(42,5): message :       ;
       C:\Program Files\dotnet\sdk\9.0.304\Sdks\Microsoft.NET.Sdk.StaticWebAssets\targets\Microsoft.NET.Sdk.StaticWebAssets.JSModules.targets(42,5): message :     ;
       C:\Program Files\dotnet\sdk\9.0.304\Sdks\Microsoft.NET.Sdk.StaticWebAssets\targets\Microsoft.NET.Sdk.StaticWebAssets.JSModules.targets(42,5): message :       ResolveJsInitializerModuleStaticWebAssets;
       C:\Program Files\dotnet\sdk\9.0.304\Sdks\Microsoft.NET.Sdk.StaticWebAssets\targets\Microsoft.NET.Sdk.StaticWebAssets.JSModules.targets(42,5): message :     ;
       C:\Program Files\dotnet\sdk\9.0.304\Sdks\Microsoft.NET.Sdk.StaticWebAssets\targets\Microsoft.NET.Sdk.StaticWebAssets.JSModules.targets(42,5): message :       ResolveJSModuleStaticWebAssets;
       C:\Program Files\dotnet\sdk\9.0.304\Sdks\Microsoft.NET.Sdk.StaticWebAssets\targets\Microsoft.NET.Sdk.StaticWebAssets.JSModules.targets(42,5): message :     " (previous value: "
       C:\Program Files\dotnet\sdk\9.0.304\Sdks\Microsoft.NET.Sdk.StaticWebAssets\targets\Microsoft.NET.Sdk.StaticWebAssets.JSModules.targets(42,5): message :       
       C:\Program Files\dotnet\sdk\9.0.304\Sdks\Microsoft.NET.Sdk.StaticWebAssets\targets\Microsoft.NET.Sdk.StaticWebAssets.JSModules.targets(42,5): message :       UpdateExistingPackageStaticWebAssets;
       C:\Program Files\dotnet\sdk\9.0.304\Sdks\Microsoft.NET.Sdk.StaticWebAssets\targets\Microsoft.NET.Sdk.StaticWebAssets.JSModules.targets(42,5): message :       ResolveProjectStaticWebAssets;
       C:\Program Files\dotnet\sdk\9.0.304\Sdks\Microsoft.NET.Sdk.StaticWebAssets\targets\Microsoft.NET.Sdk.StaticWebAssets.JSModules.targets(42,5): message :       ResolveEmbeddedProjectsStaticWebAssets;
       C:\Program Files\dotnet\sdk\9.0.304\Sdks\Microsoft.NET.Sdk.StaticWebAssets\targets\Microsoft.NET.Sdk.StaticWebAssets.JSModules.targets(42,5): message :       ResolveReferencedProjectsStaticWebAssets;
       C:\Program Files\dotnet\sdk\9.0.304\Sdks\Microsoft.NET.Sdk.StaticWebAssets\targets\Microsoft.NET.Sdk.StaticWebAssets.JSModules.targets(42,5): message :       ;
       C:\Program Files\dotnet\sdk\9.0.304\Sdks\Microsoft.NET.Sdk.StaticWebAssets\targets\Microsoft.NET.Sdk.StaticWebAssets.JSModules.targets(42,5): message :     ;
       C:\Program Files\dotnet\sdk\9.0.304\Sdks\Microsoft.NET.Sdk.StaticWebAssets\targets\Microsoft.NET.Sdk.StaticWebAssets.JSModules.targets(42,5): message :       ResolveJsInitializerModuleStaticWebAssets;
       C:\Program Files\dotnet\sdk\9.0.304\Sdks\Microsoft.NET.Sdk.StaticWebAssets\targets\Microsoft.NET.Sdk.StaticWebAssets.JSModules.targets(42,5): message :     ") at C:\Program Files\dotnet\sdk\9.0.304\Sdks\Microsoft.NET.Sdk.StaticWebAssets\targets\Microsoft.NET.Sdk.StaticWebAssets.JSModules.targets (42,5)
       C:\Program Files\dotnet\sdk\9.0.304\Sdks\Microsoft.NET.Sdk.StaticWebAssets\targets\Microsoft.NET.Sdk.StaticWebAssets.JSModules.targets(57,5): message : Property reassignment: $(ResolveStaticWebAssetsInputsDependsOn)="
       C:\Program Files\dotnet\sdk\9.0.304\Sdks\Microsoft.NET.Sdk.StaticWebAssets\targets\Microsoft.NET.Sdk.StaticWebAssets.JSModules.targets(57,5): message :       ResolveJSModuleManifestBuildStaticWebAssets;
       C:\Program Files\dotnet\sdk\9.0.304\Sdks\Microsoft.NET.Sdk.StaticWebAssets\targets\Microsoft.NET.Sdk.StaticWebAssets.JSModules.targets(57,5): message :       
       C:\Program Files\dotnet\sdk\9.0.304\Sdks\Microsoft.NET.Sdk.StaticWebAssets\targets\Microsoft.NET.Sdk.StaticWebAssets.JSModules.targets(57,5): message :     
       C:\Program Files\dotnet\sdk\9.0.304\Sdks\Microsoft.NET.Sdk.StaticWebAssets\targets\Microsoft.NET.Sdk.StaticWebAssets.JSModules.targets(57,5): message :       ResolveCoreStaticWebAssets;
       C:\Program Files\dotnet\sdk\9.0.304\Sdks\Microsoft.NET.Sdk.StaticWebAssets\targets\Microsoft.NET.Sdk.StaticWebAssets.JSModules.targets(57,5): message :       GenerateComputedBuildStaticWebAssets;
       C:\Program Files\dotnet\sdk\9.0.304\Sdks\Microsoft.NET.Sdk.StaticWebAssets\targets\Microsoft.NET.Sdk.StaticWebAssets.JSModules.targets(57,5): message :       
       C:\Program Files\dotnet\sdk\9.0.304\Sdks\Microsoft.NET.Sdk.StaticWebAssets\targets\Microsoft.NET.Sdk.StaticWebAssets.JSModules.targets(57,5): message :     ;
       C:\Program Files\dotnet\sdk\9.0.304\Sdks\Microsoft.NET.Sdk.StaticWebAssets\targets\Microsoft.NET.Sdk.StaticWebAssets.JSModules.targets(57,5): message :     ResolveScopedCssAssets;
       C:\Program Files\dotnet\sdk\9.0.304\Sdks\Microsoft.NET.Sdk.StaticWebAssets\targets\Microsoft.NET.Sdk.StaticWebAssets.JSModules.targets(57,5): message :   
       C:\Program Files\dotnet\sdk\9.0.304\Sdks\Microsoft.NET.Sdk.StaticWebAssets\targets\Microsoft.NET.Sdk.StaticWebAssets.JSModules.targets(57,5): message :     " (previous value: "
       C:\Program Files\dotnet\sdk\9.0.304\Sdks\Microsoft.NET.Sdk.StaticWebAssets\targets\Microsoft.NET.Sdk.StaticWebAssets.JSModules.targets(57,5): message :     
       C:\Program Files\dotnet\sdk\9.0.304\Sdks\Microsoft.NET.Sdk.StaticWebAssets\targets\Microsoft.NET.Sdk.StaticWebAssets.JSModules.targets(57,5): message :       ResolveCoreStaticWebAssets;
       C:\Program Files\dotnet\sdk\9.0.304\Sdks\Microsoft.NET.Sdk.StaticWebAssets\targets\Microsoft.NET.Sdk.StaticWebAssets.JSModules.targets(57,5): message :       GenerateComputedBuildStaticWebAssets;
       C:\Program Files\dotnet\sdk\9.0.304\Sdks\Microsoft.NET.Sdk.StaticWebAssets\targets\Microsoft.NET.Sdk.StaticWebAssets.JSModules.targets(57,5): message :       
       C:\Program Files\dotnet\sdk\9.0.304\Sdks\Microsoft.NET.Sdk.StaticWebAssets\targets\Microsoft.NET.Sdk.StaticWebAssets.JSModules.targets(57,5): message :     ;
       C:\Program Files\dotnet\sdk\9.0.304\Sdks\Microsoft.NET.Sdk.StaticWebAssets\targets\Microsoft.NET.Sdk.StaticWebAssets.JSModules.targets(57,5): message :     ResolveScopedCssAssets;
       C:\Program Files\dotnet\sdk\9.0.304\Sdks\Microsoft.NET.Sdk.StaticWebAssets\targets\Microsoft.NET.Sdk.StaticWebAssets.JSModules.targets(57,5): message :   ") at C:\Program Files\dotnet\sdk\9.0.304\Sdks\Microsoft.NET.Sdk.StaticWebAssets\targets\Microsoft.NET.Sdk.StaticWebAssets.JSModules.targets (57,5)
       C:\Program Files\dotnet\sdk\9.0.304\Sdks\Microsoft.NET.Sdk.StaticWebAssets\targets\Microsoft.NET.Sdk.StaticWebAssets.JSModules.targets(76,5): message : Property reassignment: $(ResolvePublishStaticWebAssetsDependsOn)="
       C:\Program Files\dotnet\sdk\9.0.304\Sdks\Microsoft.NET.Sdk.StaticWebAssets\targets\Microsoft.NET.Sdk.StaticWebAssets.JSModules.targets(76,5): message :       ResolveJSModuleManifestPublishStaticWebAssets;
       C:\Program Files\dotnet\sdk\9.0.304\Sdks\Microsoft.NET.Sdk.StaticWebAssets\targets\Microsoft.NET.Sdk.StaticWebAssets.JSModules.targets(76,5): message :       
       C:\Program Files\dotnet\sdk\9.0.304\Sdks\Microsoft.NET.Sdk.StaticWebAssets\targets\Microsoft.NET.Sdk.StaticWebAssets.JSModules.targets(76,5): message :       ResolveCorePublishStaticWebAssets;
       C:\Program Files\dotnet\sdk\9.0.304\Sdks\Microsoft.NET.Sdk.StaticWebAssets\targets\Microsoft.NET.Sdk.StaticWebAssets.JSModules.targets(76,5): message :       GenerateComputedPublishStaticWebAssets;
       C:\Program Files\dotnet\sdk\9.0.304\Sdks\Microsoft.NET.Sdk.StaticWebAssets\targets\Microsoft.NET.Sdk.StaticWebAssets.JSModules.targets(76,5): message :       ;
       C:\Program Files\dotnet\sdk\9.0.304\Sdks\Microsoft.NET.Sdk.StaticWebAssets\targets\Microsoft.NET.Sdk.StaticWebAssets.JSModules.targets(76,5): message :     
       C:\Program Files\dotnet\sdk\9.0.304\Sdks\Microsoft.NET.Sdk.StaticWebAssets\targets\Microsoft.NET.Sdk.StaticWebAssets.JSModules.targets(76,5): message :     " (previous value: "
       C:\Program Files\dotnet\sdk\9.0.304\Sdks\Microsoft.NET.Sdk.StaticWebAssets\targets\Microsoft.NET.Sdk.StaticWebAssets.JSModules.targets(76,5): message :       ResolveCorePublishStaticWebAssets;
       C:\Program Files\dotnet\sdk\9.0.304\Sdks\Microsoft.NET.Sdk.StaticWebAssets\targets\Microsoft.NET.Sdk.StaticWebAssets.JSModules.targets(76,5): message :       GenerateComputedPublishStaticWebAssets;
       C:\Program Files\dotnet\sdk\9.0.304\Sdks\Microsoft.NET.Sdk.StaticWebAssets\targets\Microsoft.NET.Sdk.StaticWebAssets.JSModules.targets(76,5): message :       ;
       C:\Program Files\dotnet\sdk\9.0.304\Sdks\Microsoft.NET.Sdk.StaticWebAssets\targets\Microsoft.NET.Sdk.StaticWebAssets.JSModules.targets(76,5): message :     ") at C:\Program Files\dotnet\sdk\9.0.304\Sdks\Microsoft.NET.Sdk.StaticWebAssets\targets\Microsoft.NET.Sdk.StaticWebAssets.JSModules.targets (76,5)
       C:\Program Files\dotnet\sdk\9.0.304\Sdks\Microsoft.NET.Sdk.StaticWebAssets\targets\Microsoft.NET.Sdk.StaticWebAssets.Compression.targets(179,5): message : Property reassignment: $(ResolveBuildRelatedStaticWebAssetsDependsOn)="
       C:\Program Files\dotnet\sdk\9.0.304\Sdks\Microsoft.NET.Sdk.StaticWebAssets\targets\Microsoft.NET.Sdk.StaticWebAssets.Compression.targets(179,5): message :       ResolveBuildCompressedStaticWebAssets;
       C:\Program Files\dotnet\sdk\9.0.304\Sdks\Microsoft.NET.Sdk.StaticWebAssets\targets\Microsoft.NET.Sdk.StaticWebAssets.Compression.targets(179,5): message :       
       C:\Program Files\dotnet\sdk\9.0.304\Sdks\Microsoft.NET.Sdk.StaticWebAssets\targets\Microsoft.NET.Sdk.StaticWebAssets.Compression.targets(179,5): message :       ResolveStaticWebAssetsInputs;
       C:\Program Files\dotnet\sdk\9.0.304\Sdks\Microsoft.NET.Sdk.StaticWebAssets\targets\Microsoft.NET.Sdk.StaticWebAssets.Compression.targets(179,5): message :       
       C:\Program Files\dotnet\sdk\9.0.304\Sdks\Microsoft.NET.Sdk.StaticWebAssets\targets\Microsoft.NET.Sdk.StaticWebAssets.Compression.targets(179,5): message :     
       C:\Program Files\dotnet\sdk\9.0.304\Sdks\Microsoft.NET.Sdk.StaticWebAssets\targets\Microsoft.NET.Sdk.StaticWebAssets.Compression.targets(179,5): message :     " (previous value: "
       C:\Program Files\dotnet\sdk\9.0.304\Sdks\Microsoft.NET.Sdk.StaticWebAssets\targets\Microsoft.NET.Sdk.StaticWebAssets.Compression.targets(179,5): message :       ResolveStaticWebAssetsInputs;
       C:\Program Files\dotnet\sdk\9.0.304\Sdks\Microsoft.NET.Sdk.StaticWebAssets\targets\Microsoft.NET.Sdk.StaticWebAssets.Compression.targets(179,5): message :       
       C:\Program Files\dotnet\sdk\9.0.304\Sdks\Microsoft.NET.Sdk.StaticWebAssets\targets\Microsoft.NET.Sdk.StaticWebAssets.Compression.targets(179,5): message :     ") at C:\Program Files\dotnet\sdk\9.0.304\Sdks\Microsoft.NET.Sdk.StaticWebAssets\targets\Microsoft.NET.Sdk.StaticWebAssets.Compression.targets (179,5)
       C:\Program Files\dotnet\sdk\9.0.304\Sdks\Microsoft.NET.Sdk.StaticWebAssets\targets\Microsoft.NET.Sdk.StaticWebAssets.Compression.targets(198,5): message : Property reassignment: $(ResolvePublishRelatedStaticWebAssetsDependsOn)="
       C:\Program Files\dotnet\sdk\9.0.304\Sdks\Microsoft.NET.Sdk.StaticWebAssets\targets\Microsoft.NET.Sdk.StaticWebAssets.Compression.targets(198,5): message :       ResolvePublishCompressedStaticWebAssets;
       C:\Program Files\dotnet\sdk\9.0.304\Sdks\Microsoft.NET.Sdk.StaticWebAssets\targets\Microsoft.NET.Sdk.StaticWebAssets.Compression.targets(198,5): message :       
       C:\Program Files\dotnet\sdk\9.0.304\Sdks\Microsoft.NET.Sdk.StaticWebAssets\targets\Microsoft.NET.Sdk.StaticWebAssets.Compression.targets(198,5): message :     " (previous value: "") at C:\Program Files\dotnet\sdk\9.0.304\Sdks\Microsoft.NET.Sdk.StaticWebAssets\targets\Microsoft.NET.Sdk.StaticWebAssets.Compression.targets (198,5)
       C:\Program Files\dotnet\sdk\9.0.304\Sdks\Microsoft.NET.Sdk.Razor\targets\Sdk.Razor.CurrentVersion.targets(205,5): message : Property reassignment: $(DebugSymbolsProjectOutputGroupDependsOn)="
       C:\Program Files\dotnet\sdk\9.0.304\Sdks\Microsoft.NET.Sdk.Razor\targets\Sdk.Razor.CurrentVersion.targets(205,5): message :       ;
       C:\Program Files\dotnet\sdk\9.0.304\Sdks\Microsoft.NET.Sdk.Razor\targets\Sdk.Razor.CurrentVersion.targets(205,5): message :       _RazorAddDebugSymbolsProjectOutputGroupOutput
       C:\Program Files\dotnet\sdk\9.0.304\Sdks\Microsoft.NET.Sdk.Razor\targets\Sdk.Razor.CurrentVersion.targets(205,5): message :     " (previous value: "") at C:\Program Files\dotnet\sdk\9.0.304\Sdks\Microsoft.NET.Sdk.Razor\targets\Sdk.Razor.CurrentVersion.targets (205,5)
       C:\Program Files\dotnet\sdk\9.0.304\Sdks\Microsoft.NET.Sdk.Razor\targets\Sdk.Razor.CurrentVersion.targets(210,5): message : Property reassignment: $(PrepareForBuildDependsOn)="
       C:\Program Files\dotnet\sdk\9.0.304\Sdks\Microsoft.NET.Sdk.Razor\targets\Sdk.Razor.CurrentVersion.targets(210,5): message :       ;GetFrameworkPaths;GetReferenceAssemblyPaths;AssignLinkMetadata;
       C:\Program Files\dotnet\sdk\9.0.304\Sdks\Microsoft.NET.Sdk.Razor\targets\Sdk.Razor.CurrentVersion.targets(210,5): message :       ResolveRazorGenerateInputs
       C:\Program Files\dotnet\sdk\9.0.304\Sdks\Microsoft.NET.Sdk.Razor\targets\Sdk.Razor.CurrentVersion.targets(210,5): message :     " (previous value: ";GetFrameworkPaths;GetReferenceAssemblyPaths;AssignLinkMetadata") at C:\Program Files\dotnet\sdk\9.0.304\Sdks\Microsoft.NET.Sdk.Razor\targets\Sdk.Razor.CurrentVersion.targets (210,5)
       C:\Program Files\dotnet\sdk\9.0.304\Sdks\Microsoft.NET.Sdk.Razor\targets\Sdk.Razor.CurrentVersion.targets(215,5): message : Property reassignment: $(GenerateNuspecDependsOn)="
       C:\Program Files\dotnet\sdk\9.0.304\Sdks\Microsoft.NET.Sdk.Razor\targets\Sdk.Razor.CurrentVersion.targets(215,5): message :       ResolveRazorGenerateInputs;
       C:\Program Files\dotnet\sdk\9.0.304\Sdks\Microsoft.NET.Sdk.Razor\targets\Sdk.Razor.CurrentVersion.targets(215,5): message :       
       C:\Program Files\dotnet\sdk\9.0.304\Sdks\Microsoft.NET.Sdk.Razor\targets\Sdk.Razor.CurrentVersion.targets(215,5): message :       IncludeStaticWebAssetsPackItems;
       C:\Program Files\dotnet\sdk\9.0.304\Sdks\Microsoft.NET.Sdk.Razor\targets\Sdk.Razor.CurrentVersion.targets(215,5): message :       Build;_LoadPackInputItems; _GetTargetFrameworksOutput; _WalkEachTargetPerFramework; _GetPackageFiles; ;
       C:\Program Files\dotnet\sdk\9.0.304\Sdks\Microsoft.NET.Sdk.Razor\targets\Sdk.Razor.CurrentVersion.targets(215,5): message :     
       C:\Program Files\dotnet\sdk\9.0.304\Sdks\Microsoft.NET.Sdk.Razor\targets\Sdk.Razor.CurrentVersion.targets(215,5): message :     " (previous value: "
       C:\Program Files\dotnet\sdk\9.0.304\Sdks\Microsoft.NET.Sdk.Razor\targets\Sdk.Razor.CurrentVersion.targets(215,5): message :       IncludeStaticWebAssetsPackItems;
       C:\Program Files\dotnet\sdk\9.0.304\Sdks\Microsoft.NET.Sdk.Razor\targets\Sdk.Razor.CurrentVersion.targets(215,5): message :       Build;_LoadPackInputItems; _GetTargetFrameworksOutput; _WalkEachTargetPerFramework; _GetPackageFiles; ;
       C:\Program Files\dotnet\sdk\9.0.304\Sdks\Microsoft.NET.Sdk.Razor\targets\Sdk.Razor.CurrentVersion.targets(215,5): message :     ") at C:\Program Files\dotnet\sdk\9.0.304\Sdks\Microsoft.NET.Sdk.Razor\targets\Sdk.Razor.CurrentVersion.targets (215,5)
       C:\Program Files\dotnet\sdk\9.0.304\Sdks\Microsoft.NET.Sdk.Razor\targets\Sdk.Razor.CurrentVersion.targets(220,5): message : Property reassignment: $(PrepareForRunDependsOn)="
       C:\Program Files\dotnet\sdk\9.0.304\Sdks\Microsoft.NET.Sdk.Razor\targets\Sdk.Razor.CurrentVersion.targets(220,5): message :       _RazorPrepareForRun;
       C:\Program Files\dotnet\sdk\9.0.304\Sdks\Microsoft.NET.Sdk.Razor\targets\Sdk.Razor.CurrentVersion.targets(220,5): message :       StaticWebAssetsPrepareForRun;
       C:\Program Files\dotnet\sdk\9.0.304\Sdks\Microsoft.NET.Sdk.Razor\targets\Sdk.Razor.CurrentVersion.targets(220,5): message :       CopyFilesToOutputDirectory
       C:\Program Files\dotnet\sdk\9.0.304\Sdks\Microsoft.NET.Sdk.Razor\targets\Sdk.Razor.CurrentVersion.targets(220,5): message :     
       C:\Program Files\dotnet\sdk\9.0.304\Sdks\Microsoft.NET.Sdk.Razor\targets\Sdk.Razor.CurrentVersion.targets(220,5): message :     " (previous value: "StaticWebAssetsPrepareForRun;
       C:\Program Files\dotnet\sdk\9.0.304\Sdks\Microsoft.NET.Sdk.Razor\targets\Sdk.Razor.CurrentVersion.targets(220,5): message :       CopyFilesToOutputDirectory
       C:\Program Files\dotnet\sdk\9.0.304\Sdks\Microsoft.NET.Sdk.Razor\targets\Sdk.Razor.CurrentVersion.targets(220,5): message :     ") at C:\Program Files\dotnet\sdk\9.0.304\Sdks\Microsoft.NET.Sdk.Razor\targets\Sdk.Razor.CurrentVersion.targets (220,5)
       C:\Program Files\dotnet\sdk\9.0.304\Sdks\Microsoft.NET.Sdk.Razor\targets\Sdk.Razor.CurrentVersion.targets(311,5): message : Property reassignment: $(UseRazorBuildServer)="true" (previous value: "") at C:\Program Files\dotnet\sdk\9.0.304\Sdks\Microsoft.NET.Sdk.Razor\targets\Sdk.Razor.CurrentVersion.targets (311,5)
       C:\Program Files\dotnet\sdk\9.0.304\Sdks\Microsoft.NET.Sdk.Razor\targets\Sdk.Razor.CurrentVersion.targets(317,5): message : Property reassignment: $(_RazorDebugSymbolsProduced)="true" (previous value: "false") at C:\Program Files\dotnet\sdk\9.0.304\Sdks\Microsoft.NET.Sdk.Razor\targets\Sdk.Razor.CurrentVersion.targets (317,5)
       C:\Program Files\dotnet\sdk\9.0.304\Sdks\Microsoft.NET.Sdk.Razor\targets\Microsoft.NET.Sdk.Razor.GenerateAssemblyInfo.targets(36,5): message : Property reassignment: $(GenerateRazorTargetAssemblyInfoDependsOn)="
       C:\Program Files\dotnet\sdk\9.0.304\Sdks\Microsoft.NET.Sdk.Razor\targets\Microsoft.NET.Sdk.Razor.GenerateAssemblyInfo.targets(36,5): message :       _ResolveMvcAssemblyAttributes;
       C:\Program Files\dotnet\sdk\9.0.304\Sdks\Microsoft.NET.Sdk.Razor\targets\Microsoft.NET.Sdk.Razor.GenerateAssemblyInfo.targets(36,5): message :       
       C:\Program Files\dotnet\sdk\9.0.304\Sdks\Microsoft.NET.Sdk.Razor\targets\Microsoft.NET.Sdk.Razor.GenerateAssemblyInfo.targets(36,5): message :       GetRazorTargetAssemblyAttributes;
       C:\Program Files\dotnet\sdk\9.0.304\Sdks\Microsoft.NET.Sdk.Razor\targets\Microsoft.NET.Sdk.Razor.GenerateAssemblyInfo.targets(36,5): message :       _CreateRazorTargetAssemblyInfoInputsCacheFile;
       C:\Program Files\dotnet\sdk\9.0.304\Sdks\Microsoft.NET.Sdk.Razor\targets\Microsoft.NET.Sdk.Razor.GenerateAssemblyInfo.targets(36,5): message :       CoreGenerateRazorTargetAssemblyInfo
       C:\Program Files\dotnet\sdk\9.0.304\Sdks\Microsoft.NET.Sdk.Razor\targets\Microsoft.NET.Sdk.Razor.GenerateAssemblyInfo.targets(36,5): message :     
       C:\Program Files\dotnet\sdk\9.0.304\Sdks\Microsoft.NET.Sdk.Razor\targets\Microsoft.NET.Sdk.Razor.GenerateAssemblyInfo.targets(36,5): message :     " (previous value: "
       C:\Program Files\dotnet\sdk\9.0.304\Sdks\Microsoft.NET.Sdk.Razor\targets\Microsoft.NET.Sdk.Razor.GenerateAssemblyInfo.targets(36,5): message :       GetRazorTargetAssemblyAttributes;
       C:\Program Files\dotnet\sdk\9.0.304\Sdks\Microsoft.NET.Sdk.Razor\targets\Microsoft.NET.Sdk.Razor.GenerateAssemblyInfo.targets(36,5): message :       _CreateRazorTargetAssemblyInfoInputsCacheFile;
       C:\Program Files\dotnet\sdk\9.0.304\Sdks\Microsoft.NET.Sdk.Razor\targets\Microsoft.NET.Sdk.Razor.GenerateAssemblyInfo.targets(36,5): message :       CoreGenerateRazorTargetAssemblyInfo
       C:\Program Files\dotnet\sdk\9.0.304\Sdks\Microsoft.NET.Sdk.Razor\targets\Microsoft.NET.Sdk.Razor.GenerateAssemblyInfo.targets(36,5): message :     ") at C:\Program Files\dotnet\sdk\9.0.304\Sdks\Microsoft.NET.Sdk.Razor\targets\Microsoft.NET.Sdk.Razor.GenerateAssemblyInfo.targets (36,5)
       C:\Program Files\dotnet\sdk\9.0.304\Sdks\Microsoft.NET.Sdk.Razor\targets\Microsoft.NET.Sdk.Razor.GenerateAssemblyInfo.targets(181,5): message : Property reassignment: $(CoreCompileDependsOn)="
       C:\Program Files\dotnet\sdk\9.0.304\Sdks\Microsoft.NET.Sdk.Razor\targets\Microsoft.NET.Sdk.Razor.GenerateAssemblyInfo.targets(181,5): message :       ;_ComputeNonExistentFileProperty;ResolveCodeAnalysisRuleSet;
       C:\Program Files\dotnet\sdk\9.0.304\Sdks\Microsoft.NET.Sdk.Razor\targets\Microsoft.NET.Sdk.Razor.GenerateAssemblyInfo.targets(181,5): message :       _GenerateRazorAssemblyInfo
       C:\Program Files\dotnet\sdk\9.0.304\Sdks\Microsoft.NET.Sdk.Razor\targets\Microsoft.NET.Sdk.Razor.GenerateAssemblyInfo.targets(181,5): message :     " (previous value: ";_ComputeNonExistentFileProperty;ResolveCodeAnalysisRuleSet") at C:\Program Files\dotnet\sdk\9.0.304\Sdks\Microsoft.NET.Sdk.Razor\targets\Microsoft.NET.Sdk.Razor.GenerateAssemblyInfo.targets (181,5)
       C:\Program Files\dotnet\sdk\9.0.304\Sdks\Microsoft.NET.Sdk.Razor\targets\Microsoft.NET.Sdk.Razor.GenerateAssemblyInfo.targets(189,5): message : Property reassignment: $(_GenerateRazorAssemblyInfoDependsOn)="
       C:\Program Files\dotnet\sdk\9.0.304\Sdks\Microsoft.NET.Sdk.Razor\targets\Microsoft.NET.Sdk.Razor.GenerateAssemblyInfo.targets(189,5): message :       _ResolveMvcAssemblyAttributes;
       C:\Program Files\dotnet\sdk\9.0.304\Sdks\Microsoft.NET.Sdk.Razor\targets\Microsoft.NET.Sdk.Razor.GenerateAssemblyInfo.targets(189,5): message :       RazorGetAssemblyAttributes;PrepareForBuild;_CoreGenerateRazorAssemblyInfo;
       C:\Program Files\dotnet\sdk\9.0.304\Sdks\Microsoft.NET.Sdk.Razor\targets\Microsoft.NET.Sdk.Razor.GenerateAssemblyInfo.targets(189,5): message :     " (previous value: "RazorGetAssemblyAttributes;PrepareForBuild;_CoreGenerateRazorAssemblyInfo") at C:\Program Files\dotnet\sdk\9.0.304\Sdks\Microsoft.NET.Sdk.Razor\targets\Microsoft.NET.Sdk.Razor.GenerateAssemblyInfo.targets (189,5)
       C:\Program Files\dotnet\sdk\9.0.304\Sdks\Microsoft.NET.Sdk.Razor\targets\Microsoft.NET.Sdk.Razor.MvcApplicationPartsDiscovery.targets(22,5): message : Property reassignment: $(CoreCompileDependsOn)="
       C:\Program Files\dotnet\sdk\9.0.304\Sdks\Microsoft.NET.Sdk.Razor\targets\Microsoft.NET.Sdk.Razor.MvcApplicationPartsDiscovery.targets(22,5): message :       _DiscoverMvcApplicationParts;
       C:\Program Files\dotnet\sdk\9.0.304\Sdks\Microsoft.NET.Sdk.Razor\targets\Microsoft.NET.Sdk.Razor.MvcApplicationPartsDiscovery.targets(22,5): message :       
       C:\Program Files\dotnet\sdk\9.0.304\Sdks\Microsoft.NET.Sdk.Razor\targets\Microsoft.NET.Sdk.Razor.MvcApplicationPartsDiscovery.targets(22,5): message :       ;_ComputeNonExistentFileProperty;ResolveCodeAnalysisRuleSet;
       C:\Program Files\dotnet\sdk\9.0.304\Sdks\Microsoft.NET.Sdk.Razor\targets\Microsoft.NET.Sdk.Razor.MvcApplicationPartsDiscovery.targets(22,5): message :       _GenerateRazorAssemblyInfo
       C:\Program Files\dotnet\sdk\9.0.304\Sdks\Microsoft.NET.Sdk.Razor\targets\Microsoft.NET.Sdk.Razor.MvcApplicationPartsDiscovery.targets(22,5): message :     ;
       C:\Program Files\dotnet\sdk\9.0.304\Sdks\Microsoft.NET.Sdk.Razor\targets\Microsoft.NET.Sdk.Razor.MvcApplicationPartsDiscovery.targets(22,5): message :     " (previous value: "
       C:\Program Files\dotnet\sdk\9.0.304\Sdks\Microsoft.NET.Sdk.Razor\targets\Microsoft.NET.Sdk.Razor.MvcApplicationPartsDiscovery.targets(22,5): message :       ;_ComputeNonExistentFileProperty;ResolveCodeAnalysisRuleSet;
       C:\Program Files\dotnet\sdk\9.0.304\Sdks\Microsoft.NET.Sdk.Razor\targets\Microsoft.NET.Sdk.Razor.MvcApplicationPartsDiscovery.targets(22,5): message :       _GenerateRazorAssemblyInfo
       C:\Program Files\dotnet\sdk\9.0.304\Sdks\Microsoft.NET.Sdk.Razor\targets\Microsoft.NET.Sdk.Razor.MvcApplicationPartsDiscovery.targets(22,5): message :     ") at C:\Program Files\dotnet\sdk\9.0.304\Sdks\Microsoft.NET.Sdk.Razor\targets\Microsoft.NET.Sdk.Razor.MvcApplicationPartsDiscovery.targets (22,5)
       C:\Program Files\dotnet\sdk\9.0.304\Sdks\Microsoft.NET.Sdk.Razor\targets\Sdk.Razor.CurrentVersion.targets(791,5): message : Property reassignment: $(RazorDesignTimeTargets)="C:\Program Files\dotnet\sdk\9.0.304\Sdks\Microsoft.NET.Sdk.Razor\targets\Microsoft.NET.Sdk.Razor.DesignTime.targets" (previous value: "C:\Program Files\dotnet\sdk\9.0.304\\Microsoft\VisualStudio\Razor\Microsoft.NET.Sdk.Razor.DesignTime.targets") at C:\Program Files\dotnet\sdk\9.0.304\Sdks\Microsoft.NET.Sdk.Razor\targets\Sdk.Razor.CurrentVersion.targets (791,5)
       C:\Program Files\dotnet\sdk\9.0.304\Sdks\Microsoft.NET.Sdk.Web.ProjectSystem\targets\Microsoft.NET.Sdk.Web.ProjectSystem.targets(21,5): message : Property reassignment: $(RunWorkingDirectory)="C:\Projects\BlueSky\backend" (previous value: "") at C:\Program Files\dotnet\sdk\9.0.304\Sdks\Microsoft.NET.Sdk.Web.ProjectSystem\targets\Microsoft.NET.Sdk.Web.ProjectSystem.targets (21,5)
       C:\Program Files\dotnet\sdk\9.0.304\Sdks\Microsoft.NET.Sdk.Publish\targets\Microsoft.NET.Sdk.Publish.targets(60,5): message : Property reassignment: $(PublishProfileImported)="true" (previous value: "false") at C:\Program Files\dotnet\sdk\9.0.304\Sdks\Microsoft.NET.Sdk.Publish\targets\Microsoft.NET.Sdk.Publish.targets (60,5)
       C:\Program Files\dotnet\sdk\9.0.304\Sdks\Microsoft.NET.Sdk.Publish\targets\Microsoft.NET.Sdk.Publish.targets(81,5): message : Property reassignment: $(PublishConfiguration)="Debug" (previous value: "") at C:\Program Files\dotnet\sdk\9.0.304\Sdks\Microsoft.NET.Sdk.Publish\targets\Microsoft.NET.Sdk.Publish.targets (81,5)
       C:\Program Files\dotnet\sdk\9.0.304\Sdks\Microsoft.NET.Sdk.Publish\targets\Microsoft.NET.Sdk.Publish.targets(87,5): message : Property reassignment: $(BaseIntermediateOutputPath)="C:\Projects\BlueSky\backend\obj\" (previous value: "obj\") at C:\Program Files\dotnet\sdk\9.0.304\Sdks\Microsoft.NET.Sdk.Publish\targets\Microsoft.NET.Sdk.Publish.targets (87,5)
       Overriding target "ResolveFrameworkReferences" in project "C:\Program Files\dotnet\sdk\9.0.304\Microsoft.Common.CurrentVersion.targets" with target "ResolveFrameworkReferences" from project "C:\Program Files\dotnet\sdk\9.0.304\Sdks\Microsoft.NET.Sdk\targets\Microsoft.NET.Sdk.FrameworkReferenceResolution.targets".
       Overriding target "Run" in project "C:\Program Files\dotnet\sdk\9.0.304\Microsoft.Common.CurrentVersion.targets" with target "Run" from project "C:\Program Files\dotnet\sdk\9.0.304\Sdks\Microsoft.NET.Sdk\targets\Microsoft.NET.Sdk.targets".
       Overriding target "GenerateSupportedTargetFrameworkAlias" in project "C:\Program Files\dotnet\sdk\9.0.304\Microsoft.Common.CurrentVersion.targets" with target "GenerateSupportedTargetFrameworkAlias" from project "C:\Program Files\dotnet\sdk\9.0.304\Sdks\Microsoft.NET.Sdk\targets\Microsoft.NET.Sdk.targets".
       Overriding target "GetReferenceAssemblyPaths" in project "C:\Program Files\dotnet\sdk\9.0.304\Microsoft.Common.CurrentVersion.targets" with target "GetReferenceAssemblyPaths" from project "C:\Program Files\dotnet\sdk\9.0.304\Sdks\Microsoft.NET.Sdk\targets\Microsoft.NET.DisableStandardFrameworkResolution.targets".
       Overriding target "GetFrameworkPaths" in project "C:\Program Files\dotnet\sdk\9.0.304\Microsoft.Common.CurrentVersion.targets" with target "GetFrameworkPaths" from project "C:\Program Files\dotnet\sdk\9.0.304\Sdks\Microsoft.NET.Sdk\targets\Microsoft.NET.DisableStandardFrameworkResolution.targets".
       Overriding target "DesignerRuntimeImplementationProjectOutputGroup" in project "C:\Program Files\dotnet\sdk\9.0.304\Microsoft.Common.CurrentVersion.targets" with target "DesignerRuntimeImplementationProjectOutputGroup" from project "C:\Program Files\dotnet\sdk\9.0.304\Sdks\Microsoft.NET.Sdk\targets\Microsoft.NET.DesignerSupport.targets".
       Overriding target "Publish" in project "C:\Program Files\dotnet\sdk\9.0.304\Microsoft.Common.CurrentVersion.targets" with target "Publish" from project "C:\Program Files\dotnet\sdk\9.0.304\Sdks\Microsoft.NET.Sdk\targets\Microsoft.NET.Publish.targets".
       Overriding target "ResolveReadyToRunCompilers" in project "C:\Program Files\dotnet\sdk\9.0.304\Sdks\Microsoft.NET.Sdk\targets\Microsoft.NET.CrossGen.targets" with target "ResolveReadyToRunCompilers" from project "C:\Program Files\dotnet\sdk\9.0.304\Sdks\Microsoft.NET.Sdk\targets\Microsoft.NET.Publish.targets".
       Overriding target "GetCopyToPublishDirectoryItems" in project "C:\Program Files\dotnet\sdk\9.0.304\Microsoft.Common.CurrentVersion.targets" with target "GetCopyToPublishDirectoryItems" from project "C:\Program Files\dotnet\sdk\9.0.304\Sdks\Microsoft.NET.Sdk\targets\Microsoft.NET.Publish.targets".
       Overriding target "BeforePublish" in project "C:\Program Files\dotnet\sdk\9.0.304\Microsoft.Common.CurrentVersion.targets" with target "BeforePublish" from project "C:\Program Files\dotnet\sdk\9.0.304\Sdks\Microsoft.NET.Sdk.Publish\targets\Microsoft.NET.Sdk.Publish.targets".
       Overriding target "AfterPublish" in project "C:\Program Files\dotnet\sdk\9.0.304\Microsoft.Common.CurrentVersion.targets" with target "AfterPublish" from project "C:\Program Files\dotnet\sdk\9.0.304\Sdks\Microsoft.NET.Sdk.Publish\targets\Microsoft.NET.Sdk.Publish.targets".
       The target "CollectUpToDateCheckInputDesignTime" listed in a BeforeTargets attribute at "C:\Program Files\dotnet\sdk\9.0.304\Sdks\Microsoft.NET.Sdk.StaticWebAssets\targets\Microsoft.NET.Sdk.StaticWebAssets.ScopedCss.targets (171,5)" does not exist in the project, and will be ignored.
       The target "CollectUpToDateCheckBuiltDesignTime" listed in a BeforeTargets attribute at "C:\Program Files\dotnet\sdk\9.0.304\Sdks\Microsoft.NET.Sdk.StaticWebAssets\targets\Microsoft.NET.Sdk.StaticWebAssets.ScopedCss.targets (171,5)" does not exist in the project, and will be ignored.
       The target "RazorGenerateComponentDeclaration" listed in an AfterTargets attribute at "C:\Program Files\dotnet\sdk\9.0.304\Sdks\Microsoft.NET.Sdk.Razor\targets\Microsoft.NET.Sdk.Razor.DesignTime.targets (55,53)" does not exist in the project, and will be ignored.
     1>Project "C:\Projects\BlueSky\backend\BSkyClone.csproj" (1) is building "C:\Projects\BlueSky\backend\BSkyClone.csproj" (1:2) on node 1 (_IsProjectRestoreSupported target(s)).
   1:2>Target "_IsProjectRestoreSupported" in file "C:\Program Files\dotnet\sdk\9.0.304\NuGet.targets" from project "C:\Projects\BlueSky\backend\BSkyClone.csproj" (entry point):
   1:2>Done building target "_IsProjectRestoreSupported" in project "BSkyClone.csproj".
   1:2>Done Building Project "C:\Projects\BlueSky\backend\BSkyClone.csproj" (_IsProjectRestoreSupported target(s)).
     1>Done executing task "MSBuild".
       Task "MSBuild" skipped, due to false condition; ( '$(RestoreUseSkipNonexistentTargets)' != 'true' ) was evaluated as ( 'true' != 'true' ).
       Assembly loaded during TaskRun: NuGet.Build.Tasks, Version=6.14.0.116, Culture=neutral, PublicKeyToken=31bf3856ad364e35 (location: C:\Program Files\dotnet\sdk\9.0.304\NuGet.Build.Tasks.dll, MVID: c545d64d-0cbb-4fc0-971c-b5c1c1e75cf3, AssemblyLoadContext: MSBuild plugin C:\Program Files\dotnet\sdk\9.0.304\NuGet.Build.Tasks.dll)
       Assembly loaded during TaskRun: NuGet.Common, Version=6.14.0.116, Culture=neutral, PublicKeyToken=31bf3856ad364e35 (location: C:\Program Files\dotnet\sdk\9.0.304\NuGet.Common.dll, MVID: 0fbb79ae-e358-4591-bc91-e34371a3d05b, AssemblyLoadContext: MSBuild plugin C:\Program Files\dotnet\sdk\9.0.304\NuGet.Build.Tasks.dll)
       Assembly loaded during TaskRun: NuGet.Commands, Version=6.14.0.116, Culture=neutral, PublicKeyToken=31bf3856ad364e35 (location: C:\Program Files\dotnet\sdk\9.0.304\NuGet.Commands.dll, MVID: e743f127-1013-45a0-a669-058903e72acf, AssemblyLoadContext: MSBuild plugin C:\Program Files\dotnet\sdk\9.0.304\NuGet.Build.Tasks.dll)
       Assembly loaded during TaskRun: NuGet.ProjectModel, Version=6.14.0.116, Culture=neutral, PublicKeyToken=31bf3856ad364e35 (location: C:\Program Files\dotnet\sdk\9.0.304\NuGet.ProjectModel.dll, MVID: 08d0df58-191b-4580-9b46-c281ab5b9b36, AssemblyLoadContext: MSBuild plugin C:\Program Files\dotnet\sdk\9.0.304\NuGet.Build.Tasks.dll)
       Using "WarnForInvalidProjectsTask" task from assembly "C:\Program Files\dotnet\sdk\9.0.304\NuGet.Build.Tasks.dll".
       Task "WarnForInvalidProjectsTask"
       Done executing task "WarnForInvalidProjectsTask".
     1>Done building target "_FilterRestoreGraphProjectInputItems" in project "BSkyClone.csproj".
       Target "_FilterRestoreGraphProjectInputItems" skipped. Previously built successfully.
     1>Target "_GetAllRestoreProjectPathItems" in file "C:\Program Files\dotnet\sdk\9.0.304\NuGet.targets" from project "C:\Projects\BlueSky\backend\BSkyClone.csproj" (target "_GenerateRestoreGraph" depends on it):
       Using "NuGetMessageTask" task from assembly "C:\Program Files\dotnet\sdk\9.0.304\NuGet.Build.Tasks.dll".
       Task "NuGetMessageTask"
         Determining projects to restore...
       Done executing task "NuGetMessageTask".
       Task "MSBuild"
         Global Properties:
           ExcludeRestorePackageImports=true
     1>Project "C:\Projects\BlueSky\backend\BSkyClone.csproj" (1) is building "C:\Projects\BlueSky\backend\BSkyClone.csproj" (1:3) on node 1 (_GenerateRestoreProjectPathWalk target(s)).
   1:3>Target "_GenerateRestoreProjectPathItemsAllFrameworks" skipped, due to false condition; ( '$(TargetFrameworks)' != '' ) was evaluated as ( '' != '' ).
   1:3>Target "_GenerateRestoreProjectPathItemsPerFramework" in file "C:\Program Files\dotnet\sdk\9.0.304\NuGet.targets" from project "C:\Projects\BlueSky\backend\BSkyClone.csproj" (target "_GenerateRestoreProjectPathItemsCurrentProject" depends on it):
       Using "ConvertToAbsolutePath" task from assembly "Microsoft.Build.Tasks.Core, Version=15.1.0.0, Culture=neutral, PublicKeyToken=b03f5f7f11d50a3a".
       Task "ConvertToAbsolutePath"
       Done executing task "ConvertToAbsolutePath".
   1:3>Done building target "_GenerateRestoreProjectPathItemsPerFramework" in project "BSkyClone.csproj".
   1:3>Target "_GenerateRestoreProjectPathItemsCurrentProject" in file "C:\Program Files\dotnet\sdk\9.0.304\NuGet.targets" from project "C:\Projects\BlueSky\backend\BSkyClone.csproj" (target "_GenerateRestoreProjectPathItems" depends on it):
   1:3>Done building target "_GenerateRestoreProjectPathItemsCurrentProject" in project "BSkyClone.csproj".
   1:3>Target "_GenerateRestoreProjectPathItems" in file "C:\Program Files\dotnet\sdk\9.0.304\NuGet.targets" from project "C:\Projects\BlueSky\backend\BSkyClone.csproj" (target "_GenerateRestoreProjectPathWalk" depends on it):
       Task "RemoveDuplicates"
       Done executing task "RemoveDuplicates".
   1:3>Done building target "_GenerateRestoreProjectPathItems" in project "BSkyClone.csproj".
   1:3>Target "_GenerateRestoreProjectPathWalk" in file "C:\Program Files\dotnet\sdk\9.0.304\NuGet.targets" from project "C:\Projects\BlueSky\backend\BSkyClone.csproj" (entry point):
       Task "MSBuild"
       Done executing task "MSBuild".
       Task "MSBuild" skipped, due to false condition; ( '$(RestoreUseSkipNonexistentTargets)' != 'true' ) was evaluated as ( 'true' != 'true' ).
       Task "RemoveDuplicates"
       Done executing task "RemoveDuplicates".
   1:3>Done building target "_GenerateRestoreProjectPathWalk" in project "BSkyClone.csproj".
   1:3>Done Building Project "C:\Projects\BlueSky\backend\BSkyClone.csproj" (_GenerateRestoreProjectPathWalk target(s)).
     1>Done executing task "MSBuild".
       Task "MSBuild" skipped, due to false condition; ( '$(RestoreUseSkipNonexistentTargets)' != 'true' ) was evaluated as ( 'true' != 'true' ).
       Task "RemoveDuplicates"
       Done executing task "RemoveDuplicates".
       Task "MSBuild"
         Global Properties:
           ExcludeRestorePackageImports=true
     1>Project "C:\Projects\BlueSky\backend\BSkyClone.csproj" (1) is building "C:\Projects\BlueSky\backend\BSkyClone.csproj" (1:4) on node 1 (_IsProjectRestoreSupported target(s)).
   1:4>Target "_IsProjectRestoreSupported" skipped. Previously built successfully.
   1:4>Done Building Project "C:\Projects\BlueSky\backend\BSkyClone.csproj" (_IsProjectRestoreSupported target(s)).
     1>Done executing task "MSBuild".
       Task "MSBuild" skipped, due to false condition; ( '$(RestoreUseSkipNonexistentTargets)' != 'true' ) was evaluated as ( 'true' != 'true' ).
     1>Done building target "_GetAllRestoreProjectPathItems" in project "BSkyClone.csproj".
     1>Target "_GenerateRestoreGraph" in file "C:\Program Files\dotnet\sdk\9.0.304\NuGet.targets" from project "C:\Projects\BlueSky\backend\BSkyClone.csproj" (target "Restore" depends on it):
       Using "Message" task from assembly "Microsoft.Build.Tasks.Core, Version=15.1.0.0, Culture=neutral, PublicKeyToken=b03f5f7f11d50a3a".
       Task "Message"
         Generating dg file
       Done executing task "Message".
       Task "Message"
         C:\Projects\BlueSky\backend\BSkyClone.csproj
       Done executing task "Message".
       Task "MSBuild"
         Global Properties:
           ExcludeRestorePackageImports=true
     1>Project "C:\Projects\BlueSky\backend\BSkyClone.csproj" (1) is building "C:\Projects\BlueSky\backend\BSkyClone.csproj" (1:5) on node 1 (_GenerateRestoreGraphProjectEntry target(s)).
   1:5>Target "_GetProjectJsonPath" in file "C:\Program Files\dotnet\sdk\9.0.304\NuGet.targets" from project "C:\Projects\BlueSky\backend\BSkyClone.csproj" (target "_GetRestoreProjectStyle" depends on it):
   1:5>Task "GetRestoreProjectJsonPathTask" skipped, due to false condition; ( '$(RestoreProjectStyle)' == 'ProjectJson' OR '$(RestoreProjectStyle)' == '' ) was evaluated as ( 'PackageReference' == 'ProjectJson' OR 'PackageReference' == '' ).
   1:5>Done building target "_GetProjectJsonPath" in project "BSkyClone.csproj".
       Target "_CheckForUnsupportedTargetPlatformIdentifier" skipped, due to false condition; ('$(TargetPlatformIdentifier)' != '' and '$(TargetFrameworkIdentifier)' == '.NETCoreApp' and $([MSBuild]::VersionGreaterThanOrEquals($(TargetFrameworkVersion), 5.0)) And ('$(DesignTimeBuild)' != 'true' Or '@(MissingWorkloadPack)' == '')) was evaluated as ('' != '' and '.NETCoreApp' == '.NETCoreApp' and True And ('' != 'true' Or '' == '')).
       Target "_CheckForMissingWorkload" skipped, due to false condition; ('@(MissingWorkloadPack)' != '' And '$(DesignTimeBuild)' != 'true') was evaluated as ('' != '' And '' != 'true').
   1:5>Target "_CheckForUnsupportedNETCoreVersion" in file "C:\Program Files\dotnet\sdk\9.0.304\Sdks\Microsoft.NET.Sdk\targets\Microsoft.NET.TargetFrameworkInference.targets" from project "C:\Projects\BlueSky\backend\BSkyClone.csproj" (target "CollectPackageReferences" depends on it):
       Task "NETSdkError" skipped, due to false condition; ('$(_TargetFrameworkVersionWithoutV)' > '$(NETCoreAppMaximumVersion)' and '$(DisplayVSMessage)' != 'true') was evaluated as ('9.0' > '9.0' and '' != 'true').
       Task "NETSdkError" skipped, due to false condition; ('$(DisplayVSMessage)' == 'true') was evaluated as ('' == 'true').
   1:5>Done building target "_CheckForUnsupportedNETCoreVersion" in project "BSkyClone.csproj".
       Target "_CheckForEolTargetFrameworks" skipped, due to false condition; ('@(_EolNetCoreTargetFrameworkVersions->AnyHaveMetadataValue('Identity', '$(_TargetFrameworkVersionWithoutV)'))' and '$(TargetFrameworkIdentifier)' == '.NETCoreApp' and '$(CheckEolTargetFramework)' == 'true') was evaluated as ('false' and '.NETCoreApp' == '.NETCoreApp' and 'true' == 'true').
       Target "_CheckForEolWorkloads" skipped, due to false condition; ('@(EolWorkload)' != '' and '$(CheckEolWorkloads)' == 'true') was evaluated as ('' != '' and 'true' == 'true').
       Target "_CheckForNotRecommendedNETStandardVersion" skipped, due to false condition; ('$(TargetFrameworkIdentifier)' == '.NETStandard' and $([MSBuild]::VersionLessThan($(TargetFrameworkVersion), '2.0'))) was evaluated as ('.NETCoreApp' == '.NETStandard' and False).
   1:5>Target "_CheckForUnsupportedCppNETCoreVersion" in file "C:\Program Files\dotnet\sdk\9.0.304\Sdks\Microsoft.NET.Sdk\targets\Microsoft.NET.TargetFrameworkInference.targets" from project "C:\Projects\BlueSky\backend\BSkyClone.csproj" (target "CollectPackageReferences" depends on it):
       Task "NETSdkError" skipped, due to false condition; ('$(TargetFrameworkIdentifier)' == '.NETCoreApp' and '$(_TargetFrameworkVersionWithoutV)' < '3.1' and ('$(Language)' == 'C++' and '$(_EnablePackageReferencesInVCProjects)' != 'true')) was evaluated as ('.NETCoreApp' == '.NETCoreApp' and '9.0' < '3.1' and ('C#' == 'C++' and '' != 'true')).
   1:5>Done building target "_CheckForUnsupportedCppNETCoreVersion" in project "BSkyClone.csproj".
       Target "_CheckForUnsupportedNETStandardVersion" skipped, due to false condition; ('$(TargetFrameworkIdentifier)' == '.NETStandard' And '$(NETStandardMaximumVersion)' != '') was evaluated as ('.NETCoreApp' == '.NETStandard' And '' != '').
       Target "_CheckForUnsupportedTargetFrameworkAndFeatureCombination" skipped, due to false condition; ('$(TargetFrameworkIdentifier)' == '.NETFramework') was evaluated as ('.NETCoreApp' == '.NETFramework').
   1:5>Target "UpdateAspNetToFrameworkReference" in file "C:\Program Files\dotnet\sdk\9.0.304\Sdks\Microsoft.NET.Sdk\targets\Microsoft.NET.Sdk.DefaultItems.Shared.targets" from project "C:\Projects\BlueSky\backend\BSkyClone.csproj" (target "ApplyImplicitVersions" depends on it):
       Using "CheckIfPackageReferenceShouldBeFrameworkReference" task from assembly "C:\Program Files\dotnet\sdk\9.0.304\Sdks\Microsoft.NET.Sdk\targets\..\tools\net9.0\Microsoft.NET.Build.Tasks.dll".
       Task "CheckIfPackageReferenceShouldBeFrameworkReference"
       Done executing task "CheckIfPackageReferenceShouldBeFrameworkReference".
       Task "NETSdkError" skipped, due to false condition; ('$(_ShouldRemoveAspNetCoreAll)' == 'true') was evaluated as ('False' == 'true').
       Task "CheckIfPackageReferenceShouldBeFrameworkReference"
       Done executing task "CheckIfPackageReferenceShouldBeFrameworkReference".
       Task "NETSdkWarning" skipped, due to false condition; ('$(_ShouldRemoveAspNetCoreApp)' == 'true') was evaluated as ('False' == 'true').
   1:5>Done building target "UpdateAspNetToFrameworkReference" in project "BSkyClone.csproj".
       Target "IncludeTargetingPackReference" skipped, due to false condition; ('$(TargetFrameworkMoniker)' != '' and '$(TargetFrameworkIdentifier)' == '.NETFramework' and '$(AutomaticallyUseReferenceAssemblyPackages)' == 'true') was evaluated as ('.NETCoreApp,Version=v9.0' != '' and '.NETCoreApp' == '.NETFramework' and 'true' == 'true').
   1:5>Target "CheckForImplicitPackageReferenceOverrides" in file "C:\Program Files\dotnet\sdk\9.0.304\Sdks\Microsoft.NET.Sdk\targets\Microsoft.NET.Sdk.DefaultItems.Shared.targets" from project "C:\Projects\BlueSky\backend\BSkyClone.csproj" (target "ApplyImplicitVersions" depends on it):
       Using "CheckForImplicitPackageReferenceOverrides" task from assembly "C:\Program Files\dotnet\sdk\9.0.304\Sdks\Microsoft.NET.Sdk\targets\..\tools\net9.0\Microsoft.NET.Build.Tasks.dll".
       Task "CheckForImplicitPackageReferenceOverrides"
       Done executing task "CheckForImplicitPackageReferenceOverrides".
   1:5>Done building target "CheckForImplicitPackageReferenceOverrides" in project "BSkyClone.csproj".
   1:5>Target "ApplyImplicitVersions" in file "C:\Program Files\dotnet\sdk\9.0.304\Sdks\Microsoft.NET.Sdk\targets\Microsoft.NET.Sdk.DefaultItems.Shared.targets" from project "C:\Projects\BlueSky\backend\BSkyClone.csproj" (target "CollectPackageReferences" depends on it):
       Using "ApplyImplicitVersions" task from assembly "C:\Program Files\dotnet\sdk\9.0.304\Sdks\Microsoft.NET.Sdk\targets\..\tools\net9.0\Microsoft.NET.Build.Tasks.dll".
       Task "ApplyImplicitVersions"
       Done executing task "ApplyImplicitVersions".
   1:5>Done building target "ApplyImplicitVersions" in project "BSkyClone.csproj".
       Target "CheckForImplicitPackageReferenceOverrides" skipped. Previously built successfully.
       Target "AddWindowsSdkKnownFrameworkReferences" skipped, due to false condition; ('$(TargetFrameworkIdentifier)' == '.NETCoreApp' And '$(TargetPlatformIdentifier)' == 'Windows'
                            And ('$(Language)' != 'C++' Or '$(IncludeWindowsSDKRefFrameworkReferences)' == 'true')) was evaluated as ('.NETCoreApp' == '.NETCoreApp' And '' == 'Windows'
                            And ('C#' != 'C++' Or '' == 'true')).
       Target "_NormalizeTargetPlatformVersion" skipped, due to false condition; ('$(TargetPlatformVersion)' != '' and '$(TargetFrameworkIdentifier)' == '.NETCoreApp' and $([MSBuild]::VersionGreaterThanOrEquals($(TargetFrameworkVersion), 5.0)) and ('$(Language)' != 'C++' or '$(_EnablePackageReferencesInVCProjects)' == 'true')) was evaluated as ('' != '' and '.NETCoreApp' == '.NETCoreApp' and True and ('C#' != 'C++' or '' == 'true')).
   1:5>Target "_CheckForLanguageAndFeatureCombinationSupport" in file "C:\Program Files\dotnet\sdk\9.0.304\Sdks\Microsoft.NET.Sdk\targets\Microsoft.NET.RuntimeIdentifierInference.targets" from project "C:\Projects\BlueSky\backend\BSkyClone.csproj" (target "ProcessFrameworkReferences" depends on it):
       Task "NETSdkError" skipped, due to false condition; (('$(Language)' == 'C++' and '$(_EnablePackageReferencesInVCProjects)' != 'true') and $(OutputType) != 'library' and '$(TargetFrameworkIdentifier)' == '.NETCoreApp') was evaluated as (('C#' == 'C++' and '' != 'true') and Exe != 'library' and '.NETCoreApp' == '.NETCoreApp').
       Task "NETSdkError" skipped, due to false condition; (('$(Language)' == 'C++' and '$(_EnablePackageReferencesInVCProjects)' != 'true') and $(EnableComHosting) == 'true') was evaluated as (('C#' == 'C++' and '' != 'true') and  == 'true').
       Task "NETSdkError" skipped, due to false condition; (('$(Language)' == 'C++' and '$(_EnablePackageReferencesInVCProjects)' != 'true') and $(SelfContained) == 'true') was evaluated as (('C#' == 'C++' and '' != 'true') and false == 'true').
   1:5>Done building target "_CheckForLanguageAndFeatureCombinationSupport" in project "BSkyClone.csproj".
   1:5>Target "_ComputeToolPackInputsToProcessFrameworkReferences" in file "C:\Program Files\dotnet\sdk\9.0.304\Sdks\Microsoft.NET.Sdk\targets\Microsoft.NET.Publish.targets" from project "C:\Projects\BlueSky\backend\BSkyClone.csproj" (target "ProcessFrameworkReferences" depends on it):
   1:5>Done building target "_ComputeToolPackInputsToProcessFrameworkReferences" in project "BSkyClone.csproj".
   1:5>Target "ProcessFrameworkReferences" in file "C:\Program Files\dotnet\sdk\9.0.304\Sdks\Microsoft.NET.Sdk\targets\Microsoft.NET.Sdk.FrameworkReferenceResolution.targets" from project "C:\Projects\BlueSky\backend\BSkyClone.csproj" (target "CollectPackageReferences" depends on it):
       Using "CheckForDuplicateFrameworkReferences" task from assembly "C:\Program Files\dotnet\sdk\9.0.304\Sdks\Microsoft.NET.Sdk\targets\..\tools\net9.0\Microsoft.NET.Build.Tasks.dll".
       Task "CheckForDuplicateFrameworkReferences"
       Done executing task "CheckForDuplicateFrameworkReferences".
       Using "ProcessFrameworkReferences" task from assembly "C:\Program Files\dotnet\sdk\9.0.304\Sdks\Microsoft.NET.Sdk\targets\..\tools\net9.0\Microsoft.NET.Build.Tasks.dll".
       Task "ProcessFrameworkReferences"
       Done executing task "ProcessFrameworkReferences".
       Using "ResolveAppHosts" task from assembly "C:\Program Files\dotnet\sdk\9.0.304\Sdks\Microsoft.NET.Sdk\targets\..\tools\net9.0\Microsoft.NET.Build.Tasks.dll".
       Task "ResolveAppHosts"
       Done executing task "ResolveAppHosts".
   1:5>Done building target "ProcessFrameworkReferences" in project "BSkyClone.csproj".
       Target "IncludeTargetingPackReference" skipped, due to false condition; ('$(TargetFrameworkMoniker)' != '' and '$(TargetFrameworkIdentifier)' == '.NETFramework' and '$(AutomaticallyUseReferenceAssemblyPackages)' == 'true') was evaluated as ('.NETCoreApp,Version=v9.0' != '' and '.NETCoreApp' == '.NETFramework' and 'true' == 'true').
       Target "_CheckMicrosoftNetCompilersToolsetFrameworkPackageReference" skipped, due to false condition; ('$(MSBuildRuntimeType)' == 'Full') was evaluated as ('Core' == 'Full').
   1:5>Target "_CheckForObsoleteDotNetCliToolReferences" in file "C:\Program Files\dotnet\sdk\9.0.304\Sdks\Microsoft.NET.Sdk\targets\Microsoft.NET.ObsoleteReferences.targets" from project "C:\Projects\BlueSky\backend\BSkyClone.csproj" (target "CollectPackageReferences" depends on it):
       Task "NETSdkWarning" skipped, due to false condition; ( '%(_ReferenceToObsoleteDotNetCliTool.Identity)' != '' ) was evaluated as ( '' != '' ).
   1:5>Done building target "_CheckForObsoleteDotNetCliToolReferences" in project "BSkyClone.csproj".
   1:5>Target "CollectPackageReferences" in file "C:\Program Files\dotnet\sdk\9.0.304\NuGet.targets" from project "C:\Projects\BlueSky\backend\BSkyClone.csproj" (target "_GetRestoreProjectStyle" depends on it):
       Using "CheckForDuplicateNuGetItemsTask" task from assembly "C:\Program Files\dotnet\sdk\9.0.304\NuGet.Build.Tasks.dll".
       Task "CheckForDuplicateNuGetItemsTask"
       Done executing task "CheckForDuplicateNuGetItemsTask".
   1:5>Done building target "CollectPackageReferences" in project "BSkyClone.csproj".
   1:5>Target "_GetRestoreProjectStyle" in file "C:\Program Files\dotnet\sdk\9.0.304\NuGet.targets" from project "C:\Projects\BlueSky\backend\BSkyClone.csproj" (target "_GenerateRestoreSpecs" depends on it):
       Using "GetRestoreProjectStyleTask" task from assembly "C:\Program Files\dotnet\sdk\9.0.304\NuGet.Build.Tasks.dll".
       Task "GetRestoreProjectStyleTask"
       Done executing task "GetRestoreProjectStyleTask".
   1:5>Done building target "_GetRestoreProjectStyle" in project "BSkyClone.csproj".
   1:5>Target "_GenerateRestoreSpecs" in file "C:\Program Files\dotnet\sdk\9.0.304\NuGet.targets" from project "C:\Projects\BlueSky\backend\BSkyClone.csproj" (target "_GenerateRestoreGraphProjectEntry" depends on it):
       Task "Message"
         Restore entry point C:\Projects\BlueSky\backend\BSkyClone.csproj
       Done executing task "Message".
   1:5>Done building target "_GenerateRestoreSpecs" in project "BSkyClone.csproj".
   1:5>Target "_GetRestoreSettingsOverrides" in file "C:\Program Files\dotnet\sdk\9.0.304\NuGet.targets" from project "C:\Projects\BlueSky\backend\BSkyClone.csproj" (target "_GetRestoreSettings" depends on it):
       Task "MSBuild" skipped, due to false condition; ( '$(RestorePackagesPath)' != '' ) was evaluated as ( '' != '' ).
       Task "MSBuild" skipped, due to false condition; ( '$(RestoreRepositoryPathOverride)' != '' ) was evaluated as ( '' != '' ).
       Task "MSBuild" skipped, due to false condition; ( '$(RestoreSources)' != '' ) was evaluated as ( '' != '' ).
       Task "MSBuild" skipped, due to false condition; ( '$(RestoreFallbackFolders)' != '' ) was evaluated as ( '' != '' ).
   1:5>Done building target "_GetRestoreSettingsOverrides" in project "BSkyClone.csproj".
   1:5>Target "_GetRestoreSettingsPerFramework" in file "C:\Program Files\dotnet\sdk\9.0.304\NuGet.targets" from project "C:\Projects\BlueSky\backend\BSkyClone.csproj" (target "_GetRestoreSettingsCurrentProject" depends on it):
   1:5>Done building target "_GetRestoreSettingsPerFramework" in project "BSkyClone.csproj".
   1:5>Target "_GetRestoreSettingsCurrentProject" in file "C:\Program Files\dotnet\sdk\9.0.304\NuGet.targets" from project "C:\Projects\BlueSky\backend\BSkyClone.csproj" (target "_GetRestoreSettings" depends on it):
   1:5>Done building target "_GetRestoreSettingsCurrentProject" in project "BSkyClone.csproj".
       Target "_GetRestoreSettingsAllFrameworks" skipped, due to false condition; ( '$(TargetFrameworks)' != '' AND '$(PackageReferenceCompatibleProjectStyle)' == 'true' ) was evaluated as ( '' != '' AND 'True' == 'true' ).
   1:5>Target "_GetRestoreSettings" in file "C:\Program Files\dotnet\sdk\9.0.304\NuGet.targets" from project "C:\Projects\BlueSky\backend\BSkyClone.csproj" (target "_GenerateDotnetCliToolReferenceSpecs" depends on it):
       Using "GetRestoreSettingsTask" task from assembly "C:\Program Files\dotnet\sdk\9.0.304\NuGet.Build.Tasks.dll".
       Task "GetRestoreSettingsTask"
         Assembly loaded during TaskRun (NuGet.Build.Tasks.GetRestoreSettingsTask): NuGet.Configuration, Version=6.14.0.116, Culture=neutral, PublicKeyToken=31bf3856ad364e35 (location: C:\Program Files\dotnet\sdk\9.0.304\NuGet.Configuration.dll, MVID: b0f2e3cc-b478-45a0-a863-e83c6e00406f, AssemblyLoadContext: MSBuild plugin C:\Program Files\dotnet\sdk\9.0.304\NuGet.Build.Tasks.dll)
       Done executing task "GetRestoreSettingsTask".
   1:5>Done building target "_GetRestoreSettings" in project "BSkyClone.csproj".
   1:5>Target "_GenerateDotnetCliToolReferenceSpecs" in file "C:\Program Files\dotnet\sdk\9.0.304\NuGet.targets" from project "C:\Projects\BlueSky\backend\BSkyClone.csproj" (target "_GenerateRestoreGraphProjectEntry" depends on it):
       Using "GetRestoreDotnetCliToolsTask" task from assembly "C:\Program Files\dotnet\sdk\9.0.304\NuGet.Build.Tasks.dll".
       Task "GetRestoreDotnetCliToolsTask"
       Done executing task "GetRestoreDotnetCliToolsTask".
   1:5>Done building target "_GenerateDotnetCliToolReferenceSpecs" in project "BSkyClone.csproj".
   1:5>Target "_GenerateRestoreGraphProjectEntry" in file "C:\Program Files\dotnet\sdk\9.0.304\NuGet.targets" from project "C:\Projects\BlueSky\backend\BSkyClone.csproj" (entry point):
   1:5>Done building target "_GenerateRestoreGraphProjectEntry" in project "BSkyClone.csproj".
   1:5>Done Building Project "C:\Projects\BlueSky\backend\BSkyClone.csproj" (_GenerateRestoreGraphProjectEntry target(s)).
     1>Done executing task "MSBuild".
       Task "MSBuild"
         Global Properties:
           ExcludeRestorePackageImports=true
     1>Project "C:\Projects\BlueSky\backend\BSkyClone.csproj" (1) is building "C:\Projects\BlueSky\backend\BSkyClone.csproj" (1:6) on node 1 (_GenerateProjectRestoreGraph target(s)).
   1:6>Target "_GetRestoreProjectStyle" skipped. Previously built successfully.
       Target "_GetRestoreProjectStyle" skipped. Previously built successfully.
       Target "_GetRestoreProjectStyle" skipped. Previously built successfully.
   1:6>Target "_GetRestoreTargetFrameworkOverride" in file "C:\Program Files\dotnet\sdk\9.0.304\NuGet.targets" from project "C:\Projects\BlueSky\backend\BSkyClone.csproj" (target "_GetRestoreTargetFrameworksOutput" depends on it):
       Task "GetGlobalPropertyValueTask" skipped, due to false condition; ( '$(TargetFrameworks)' != '' ) was evaluated as ( '' != '' ).
   1:6>Done building target "_GetRestoreTargetFrameworkOverride" in project "BSkyClone.csproj".
   1:6>Target "_GetRestoreTargetFrameworksOutput" in file "C:\Program Files\dotnet\sdk\9.0.304\NuGet.targets" from project "C:\Projects\BlueSky\backend\BSkyClone.csproj" (target "_GenerateRestoreProjectSpec" depends on it):
       Using "GetProjectTargetFrameworksTask" task from assembly "C:\Program Files\dotnet\sdk\9.0.304\NuGet.Build.Tasks.dll".
       Task "GetProjectTargetFrameworksTask"
       Done executing task "GetProjectTargetFrameworksTask".
   1:6>Done building target "_GetRestoreTargetFrameworksOutput" in project "BSkyClone.csproj".
       Target "_GetRestoreSettings" skipped. Previously built successfully.
   1:6>Target "_GenerateRestoreProjectSpec" in file "C:\Program Files\dotnet\sdk\9.0.304\NuGet.targets" from project "C:\Projects\BlueSky\backend\BSkyClone.csproj" (target "_GenerateProjectRestoreGraph" depends on it):
       Task "ConvertToAbsolutePath"
       Done executing task "ConvertToAbsolutePath".
   1:6>Done building target "_GenerateRestoreProjectSpec" in project "BSkyClone.csproj".
       Target "_GenerateProjectRestoreGraphAllFrameworks" skipped, due to false condition; ( '$(TargetFrameworks)' != '' ) was evaluated as ( '' != '' ).
       Target "_GetRestoreProjectStyle" skipped. Previously built successfully.
       Target "CollectPackageReferences" skipped. Previously built successfully.
   1:6>Target "CollectPackageDownloads" in file "C:\Program Files\dotnet\sdk\9.0.304\NuGet.targets" from project "C:\Projects\BlueSky\backend\BSkyClone.csproj" (target "_CollectRestoreInputs" depends on it):
       Task "CheckForDuplicateNuGetItemsTask"
       Done executing task "CheckForDuplicateNuGetItemsTask".
   1:6>Done building target "CollectPackageDownloads" in project "BSkyClone.csproj".
   1:6>Target "CollectFrameworkReferences" in file "C:\Program Files\dotnet\sdk\9.0.304\NuGet.targets" from project "C:\Projects\BlueSky\backend\BSkyClone.csproj" (target "_CollectRestoreInputs" depends on it):
   1:6>Done building target "CollectFrameworkReferences" in project "BSkyClone.csproj".
   1:6>Target "CollectCentralPackageVersions" in file "C:\Program Files\dotnet\sdk\9.0.304\NuGet.targets" from project "C:\Projects\BlueSky\backend\BSkyClone.csproj" (target "_CollectRestoreInputs" depends on it):
       Task "CheckForDuplicateNuGetItemsTask"
       Done executing task "CheckForDuplicateNuGetItemsTask".
   1:6>Done building target "CollectCentralPackageVersions" in project "BSkyClone.csproj".
   1:6>Target "CollectNuGetAuditSuppressions" in file "C:\Program Files\dotnet\sdk\9.0.304\NuGet.targets" from project "C:\Projects\BlueSky\backend\BSkyClone.csproj" (target "_CollectRestoreInputs" depends on it):
       Task "CheckForDuplicateNuGetItemsTask"
       Done executing task "CheckForDuplicateNuGetItemsTask".
   1:6>Done building target "CollectNuGetAuditSuppressions" in project "BSkyClone.csproj".
       Target "AddPrunePackageReferences" skipped, due to false condition; ('$(RestoreEnablePackagePruning)' == 'true') was evaluated as ('false' == 'true').
   1:6>Target "CollectPrunePackageReferences" in file "C:\Program Files\dotnet\sdk\9.0.304\NuGet.targets" from project "C:\Projects\BlueSky\backend\BSkyClone.csproj" (target "_CollectRestoreInputs" depends on it):
       Task "CheckForDuplicateNuGetItemsTask"
       Done executing task "CheckForDuplicateNuGetItemsTask".
   1:6>Done building target "CollectPrunePackageReferences" in project "BSkyClone.csproj".
   1:6>Target "_CollectRestoreInputs" in file "C:\Program Files\dotnet\sdk\9.0.304\NuGet.targets" from project "C:\Projects\BlueSky\backend\BSkyClone.csproj" (target "_GenerateProjectRestoreGraphPerFramework" depends on it):
   1:6>Done building target "_CollectRestoreInputs" in project "BSkyClone.csproj".
       Target "PrepRestoreForStoreProjects" skipped, due to false condition; ('$(StorePackageName)' != '') was evaluated as ('' != '').
   1:6>Target "_GenerateProjectRestoreGraphPerFramework" in file "C:\Program Files\dotnet\sdk\9.0.304\NuGet.targets" from project "C:\Projects\BlueSky\backend\BSkyClone.csproj" (target "_GenerateProjectRestoreGraphCurrentProject" depends on it):
       Using "GetRestoreProjectReferencesTask" task from assembly "C:\Program Files\dotnet\sdk\9.0.304\NuGet.Build.Tasks.dll".
       Task "GetRestoreProjectReferencesTask"
       Done executing task "GetRestoreProjectReferencesTask".
       Using "GetRestorePackageReferencesTask" task from assembly "C:\Program Files\dotnet\sdk\9.0.304\NuGet.Build.Tasks.dll".
       Task "GetRestorePackageReferencesTask"
       Done executing task "GetRestorePackageReferencesTask".
       Task "GetCentralPackageVersionsTask" skipped, due to false condition; ( '$(PackageReferenceCompatibleProjectStyle)' == 'true' AND '$(_CentralPackageVersionsEnabled)' == 'true' ) was evaluated as ( 'True' == 'true' AND '' == 'true' ).
       Using "GetRestorePackageDownloadsTask" task from assembly "C:\Program Files\dotnet\sdk\9.0.304\NuGet.Build.Tasks.dll".
       Task "GetRestorePackageDownloadsTask"
       Done executing task "GetRestorePackageDownloadsTask".
       Using "GetRestoreFrameworkReferencesTask" task from assembly "C:\Program Files\dotnet\sdk\9.0.304\NuGet.Build.Tasks.dll".
       Task "GetRestoreFrameworkReferencesTask"
       Done executing task "GetRestoreFrameworkReferencesTask".
       Using "GetRestoreNuGetAuditSuppressionsTask" task from assembly "C:\Program Files\dotnet\sdk\9.0.304\NuGet.Build.Tasks.dll".
       Task "GetRestoreNuGetAuditSuppressionsTask"
       Done executing task "GetRestoreNuGetAuditSuppressionsTask".
       Using "GetRestorePrunePackageReferencesTask" task from assembly "C:\Program Files\dotnet\sdk\9.0.304\NuGet.Build.Tasks.dll".
       Task "GetRestorePrunePackageReferencesTask"
       Done executing task "GetRestorePrunePackageReferencesTask".
   1:6>Done building target "_GenerateProjectRestoreGraphPerFramework" in project "BSkyClone.csproj".
   1:6>Target "_GenerateProjectRestoreGraphCurrentProject" in file "C:\Program Files\dotnet\sdk\9.0.304\NuGet.targets" from project "C:\Projects\BlueSky\backend\BSkyClone.csproj" (target "_GenerateRestoreDependencies" depends on it):
   1:6>Done building target "_GenerateProjectRestoreGraphCurrentProject" in project "BSkyClone.csproj".
   1:6>Target "_GenerateRestoreDependencies" in file "C:\Program Files\dotnet\sdk\9.0.304\NuGet.targets" from project "C:\Projects\BlueSky\backend\BSkyClone.csproj" (target "_GenerateProjectRestoreGraph" depends on it):
   1:6>Done building target "_GenerateRestoreDependencies" in project "BSkyClone.csproj".
   1:6>Target "_GenerateProjectRestoreGraph" in file "C:\Program Files\dotnet\sdk\9.0.304\NuGet.targets" from project "C:\Projects\BlueSky\backend\BSkyClone.csproj" (entry point):
   1:6>Done building target "_GenerateProjectRestoreGraph" in project "BSkyClone.csproj".
   1:6>Done Building Project "C:\Projects\BlueSky\backend\BSkyClone.csproj" (_GenerateProjectRestoreGraph target(s)).
     1>Done executing task "MSBuild".
     1>Done building target "_GenerateRestoreGraph" in project "BSkyClone.csproj".
       Target "_CheckForUnsupportedTargetFramework" skipped, due to false condition; ('$(_UnsupportedTargetFrameworkError)' == 'true') was evaluated as ('' == 'true').
     1>Target "_CollectTargetFrameworkForTelemetry" in file "C:\Program Files\dotnet\sdk\9.0.304\Sdks\Microsoft.NET.Sdk\targets\Microsoft.NET.TargetFrameworkInference.targets" from project "C:\Projects\BlueSky\backend\BSkyClone.csproj" (target "Restore" depends on it):
       Using "AllowEmptyTelemetry" task from assembly "C:\Program Files\dotnet\sdk\9.0.304\Sdks\Microsoft.NET.Sdk\targets\..\tools\net9.0\Microsoft.NET.Build.Tasks.dll".
       Task "AllowEmptyTelemetry"
       Done executing task "AllowEmptyTelemetry".
     1>Done building target "_CollectTargetFrameworkForTelemetry" in project "BSkyClone.csproj".
     1>Target "_CheckForUnsupportedNETCoreVersion" in file "C:\Program Files\dotnet\sdk\9.0.304\Sdks\Microsoft.NET.Sdk\targets\Microsoft.NET.TargetFrameworkInference.targets" from project "C:\Projects\BlueSky\backend\BSkyClone.csproj" (target "Restore" depends on it):
       Task "NETSdkError" skipped, due to false condition; ('$(_TargetFrameworkVersionWithoutV)' > '$(NETCoreAppMaximumVersion)' and '$(DisplayVSMessage)' != 'true') was evaluated as ('9.0' > '9.0' and '' != 'true').
       Task "NETSdkError" skipped, due to false condition; ('$(DisplayVSMessage)' == 'true') was evaluated as ('' == 'true').
     1>Done building target "_CheckForUnsupportedNETCoreVersion" in project "BSkyClone.csproj".
       Target "_CheckForEolTargetFrameworks" skipped, due to false condition; ('@(_EolNetCoreTargetFrameworkVersions->AnyHaveMetadataValue('Identity', '$(_TargetFrameworkVersionWithoutV)'))' and '$(TargetFrameworkIdentifier)' == '.NETCoreApp' and '$(CheckEolTargetFramework)' == 'true') was evaluated as ('false' and '.NETCoreApp' == '.NETCoreApp' and 'true' == 'true').
       Target "_CheckForEolWorkloads" skipped, due to false condition; ('@(EolWorkload)' != '' and '$(CheckEolWorkloads)' == 'true') was evaluated as ('' != '' and 'true' == 'true').
       Target "_CheckForNotRecommendedNETStandardVersion" skipped, due to false condition; ('$(TargetFrameworkIdentifier)' == '.NETStandard' and $([MSBuild]::VersionLessThan($(TargetFrameworkVersion), '2.0'))) was evaluated as ('.NETCoreApp' == '.NETStandard' and False).
     1>Target "_CheckForUnsupportedCppNETCoreVersion" in file "C:\Program Files\dotnet\sdk\9.0.304\Sdks\Microsoft.NET.Sdk\targets\Microsoft.NET.TargetFrameworkInference.targets" from project "C:\Projects\BlueSky\backend\BSkyClone.csproj" (target "Restore" depends on it):
       Task "NETSdkError" skipped, due to false condition; ('$(TargetFrameworkIdentifier)' == '.NETCoreApp' and '$(_TargetFrameworkVersionWithoutV)' < '3.1' and ('$(Language)' == 'C++' and '$(_EnablePackageReferencesInVCProjects)' != 'true')) was evaluated as ('.NETCoreApp' == '.NETCoreApp' and '9.0' < '3.1' and ('C#' == 'C++' and '' != 'true')).
     1>Done building target "_CheckForUnsupportedCppNETCoreVersion" in project "BSkyClone.csproj".
       Target "_CheckForUnsupportedNETStandardVersion" skipped, due to false condition; ('$(TargetFrameworkIdentifier)' == '.NETStandard' And '$(NETStandardMaximumVersion)' != '') was evaluated as ('.NETCoreApp' == '.NETStandard' And '' != '').
       Target "_CheckForUnsupportedTargetFrameworkAndFeatureCombination" skipped, due to false condition; ('$(TargetFrameworkIdentifier)' == '.NETFramework') was evaluated as ('.NETCoreApp' == '.NETFramework').
     1>Target "Restore" in file "C:\Program Files\dotnet\sdk\9.0.304\NuGet.targets" from project "C:\Projects\BlueSky\backend\BSkyClone.csproj" (entry point):
       Task "RemoveDuplicates"
       Done executing task "RemoveDuplicates".
       Using "RestoreTask" task from assembly "C:\Program Files\dotnet\sdk\9.0.304\NuGet.Build.Tasks.dll".
       Task "RestoreTask"
         Assembly loaded during TaskRun (NuGet.Build.Tasks.RestoreTask): NuGet.Packaging, Version=6.14.0.116, Culture=neutral, PublicKeyToken=31bf3856ad364e35 (location: C:\Program Files\dotnet\sdk\9.0.304\NuGet.Packaging.dll, MVID: cdc50a13-9777-4bbf-997e-763beae18a61, AssemblyLoadContext: MSBuild plugin C:\Program Files\dotnet\sdk\9.0.304\NuGet.Build.Tasks.dll)
         Assembly loaded during TaskRun (NuGet.Build.Tasks.RestoreTask): NuGet.LibraryModel, Version=6.14.0.116, Culture=neutral, PublicKeyToken=31bf3856ad364e35 (location: C:\Program Files\dotnet\sdk\9.0.304\NuGet.LibraryModel.dll, MVID: e00b38b3-9e45-44a2-8023-8c8ae09208b7, AssemblyLoadContext: MSBuild plugin C:\Program Files\dotnet\sdk\9.0.304\NuGet.Build.Tasks.dll)
         Assembly loaded during TaskRun (NuGet.Build.Tasks.RestoreTask): NuGet.Versioning, Version=6.14.0.116, Culture=neutral, PublicKeyToken=31bf3856ad364e35 (location: C:\Program Files\dotnet\sdk\9.0.304\NuGet.Versioning.dll, MVID: ecae64d3-0ef8-4164-9110-1e65ba08bca4, AssemblyLoadContext: MSBuild plugin C:\Program Files\dotnet\sdk\9.0.304\NuGet.Build.Tasks.dll)
         Assembly loaded during TaskRun (NuGet.Build.Tasks.RestoreTask): NuGet.Frameworks, Version=6.14.0.116, Culture=neutral, PublicKeyToken=31bf3856ad364e35 (location: C:\Program Files\dotnet\sdk\9.0.304\NuGet.Frameworks.dll, MVID: 6b5909cd-5145-46c4-9595-25461e82c126, AssemblyLoadContext: MSBuild plugin C:\Program Files\dotnet\sdk\9.0.304\NuGet.Build.Tasks.dll)
         Assembly loaded during TaskRun (NuGet.Build.Tasks.RestoreTask): System.Buffers, Version=9.0.0.0, Culture=neutral, PublicKeyToken=cc7b13ffcd2ddd51 (location: C:\Program Files\dotnet\shared\Microsoft.NETCore.App\9.0.8\System.Buffers.dll, MVID: 374275ae-bd0e-4f76-b7be-58c6fcf1ca95, AssemblyLoadContext: Default)
         Assembly loaded during TaskRun (NuGet.Build.Tasks.RestoreTask): NuGet.Protocol, Version=6.14.0.116, Culture=neutral, PublicKeyToken=31bf3856ad364e35 (location: C:\Program Files\dotnet\sdk\9.0.304\NuGet.Protocol.dll, MVID: f8777b05-1686-441b-9cec-a9710c5aa900, AssemblyLoadContext: MSBuild plugin C:\Program Files\dotnet\sdk\9.0.304\NuGet.Build.Tasks.dll)
         Assembly loaded during TaskRun (NuGet.Build.Tasks.RestoreTask): NuGet.Credentials, Version=6.14.0.116, Culture=neutral, PublicKeyToken=31bf3856ad364e35 (location: C:\Program Files\dotnet\sdk\9.0.304\NuGet.Credentials.dll, MVID: bd6612c0-8432-48ef-9aa9-96a29d2c500a, AssemblyLoadContext: MSBuild plugin C:\Program Files\dotnet\sdk\9.0.304\NuGet.Build.Tasks.dll)
         Assembly loaded during TaskRun (NuGet.Build.Tasks.RestoreTask): System.Collections.NonGeneric, Version=9.0.0.0, Culture=neutral, PublicKeyToken=b03f5f7f11d50a3a (location: C:\Program Files\dotnet\shared\Microsoft.NETCore.App\9.0.8\System.Collections.NonGeneric.dll, MVID: d1fb4146-e6cd-4939-be94-69ed7d0c6f14, AssemblyLoadContext: Default)
         X.509 certificate chain validation will use the default trust store selected by .NET for code signing.
         X.509 certificate chain validation will use the default trust store selected by .NET for timestamping.
         Assembly loaded during TaskRun (NuGet.Build.Tasks.RestoreTask): NuGet.DependencyResolver.Core, Version=6.14.0.116, Culture=neutral, PublicKeyToken=31bf3856ad364e35 (location: C:\Program Files\dotnet\sdk\9.0.304\NuGet.DependencyResolver.Core.dll, MVID: 6b197cc7-1c4a-4e48-895c-328987fdea28, AssemblyLoadContext: MSBuild plugin C:\Program Files\dotnet\sdk\9.0.304\NuGet.Build.Tasks.dll)
         Running restore with 8 concurrent jobs.
         Reading project file C:\Projects\BlueSky\backend\BSkyClone.csproj.
         Assembly loaded during TaskRun (NuGet.Build.Tasks.RestoreTask): Newtonsoft.Json, Version=13.0.0.0, Culture=neutral, PublicKeyToken=30ad4fe6b2a6aeed (location: C:\Program Files\dotnet\sdk\9.0.304\Newtonsoft.Json.dll, MVID: 7e62198b-eab2-4380-bbac-29171862d1d8, AssemblyLoadContext: MSBuild plugin C:\Program Files\dotnet\sdk\9.0.304\NuGet.Build.Tasks.dll)
         Assembly loaded during TaskRun (NuGet.Build.Tasks.RestoreTask): System.Runtime.Serialization.Primitives, Version=9.0.0.0, Culture=neutral, PublicKeyToken=b03f5f7f11d50a3a (location: C:\Program Files\dotnet\shared\Microsoft.NETCore.App\9.0.8\System.Runtime.Serialization.Primitives.dll, MVID: f7616326-1368-46f9-8973-75ed361321da, AssemblyLoadContext: Default)
         Assembly loaded during TaskRun (NuGet.Build.Tasks.RestoreTask): System.Runtime.Numerics, Version=9.0.0.0, Culture=neutral, PublicKeyToken=b03f5f7f11d50a3a (location: C:\Program Files\dotnet\shared\Microsoft.NETCore.App\9.0.8\System.Runtime.Numerics.dll, MVID: 024567f8-e685-442d-80f3-d0e370342259, AssemblyLoadContext: Default)
         Assembly loaded during TaskRun (NuGet.Build.Tasks.RestoreTask): System.Text.Encodings.Web, Version=9.0.0.0, Culture=neutral, PublicKeyToken=cc7b13ffcd2ddd51 (location: C:\Program Files\dotnet\shared\Microsoft.NETCore.App\9.0.8\System.Text.Encodings.Web.dll, MVID: 0c40d411-7e35-4c57-95e2-3fb1018ddf8e, AssemblyLoadContext: Default)
         Assembly loaded during TaskRun (NuGet.Build.Tasks.RestoreTask): System.Runtime.Intrinsics, Version=9.0.0.0, Culture=neutral, PublicKeyToken=cc7b13ffcd2ddd51 (location: C:\Program Files\dotnet\shared\Microsoft.NETCore.App\9.0.8\System.Runtime.Intrinsics.dll, MVID: 78232cca-8a3c-4db0-8300-474025004d32, AssemblyLoadContext: Default)
         Assembly loaded during TaskRun (NuGet.Build.Tasks.RestoreTask): System.Reflection.Emit.Lightweight, Version=9.0.0.0, Culture=neutral, PublicKeyToken=b03f5f7f11d50a3a (location: C:\Program Files\dotnet\shared\Microsoft.NETCore.App\9.0.8\System.Reflection.Emit.Lightweight.dll, MVID: 221fc0d9-f6e4-435b-b4ff-432165173d50, AssemblyLoadContext: Default)
         Assembly loaded during TaskRun (NuGet.Build.Tasks.RestoreTask): System.Reflection.Primitives, Version=9.0.0.0, Culture=neutral, PublicKeyToken=b03f5f7f11d50a3a (location: C:\Program Files\dotnet\shared\Microsoft.NETCore.App\9.0.8\System.Reflection.Primitives.dll, MVID: 9eecd72a-aa3b-4397-b193-2dd129ac7612, AssemblyLoadContext: Default)
         Assembly loaded during TaskRun (NuGet.Build.Tasks.RestoreTask): System.Reflection.Emit.ILGeneration, Version=9.0.0.0, Culture=neutral, PublicKeyToken=b03f5f7f11d50a3a (location: C:\Program Files\dotnet\shared\Microsoft.NETCore.App\9.0.8\System.Reflection.Emit.ILGeneration.dll, MVID: ae5500ba-7105-4684-8251-80efcb6e1043, AssemblyLoadContext: Default)
         The restore inputs for 'BSkyClone' have not changed. No further actions are required to complete the restore.
     1>C:\Projects\BlueSky\backend\BSkyClone.csproj : warning NU1902: Package 'SixLabors.ImageSharp' 3.1.7 has a known moderate severity vulnerability, https://github.com/advisories/GHSA-rxmq-m78w-7wmc
         Committing restore...
         Assets file has not changed. Skipping assets file writing. Path: C:\Projects\BlueSky\backend\obj\project.assets.json
         No-Op restore. The cache will not be updated. Path: C:\Projects\BlueSky\backend\obj\project.nuget.cache
         Restored C:\Projects\BlueSky\backend\BSkyClone.csproj (in 148 ms).
         
         NuGet Config files used:
             C:\Users\nguye\AppData\Roaming\NuGet\NuGet.Config
             C:\Program Files (x86)\NuGet\Config\Microsoft.VisualStudio.FallbackLocation.config
             C:\Program Files (x86)\NuGet\Config\Microsoft.VisualStudio.Offline.config
         
         Feeds used:
             https://api.nuget.org/v3/index.json
             C:\Program Files (x86)\Microsoft SDKs\NuGetPackages\
             C:\Program Files\dotnet\library-packs
         All projects are up-to-date for restore.
       Done executing task "RestoreTask".
     1>Done building target "Restore" in project "BSkyClone.csproj".
     1>Done Building Project "C:\Projects\BlueSky\backend\BSkyClone.csproj" (Restore target(s)).
     0>The SDK "Microsoft.NET.Sdk.Web" was successfully resolved by the "DefaultSdkResolver" resolver to location "C:\Program Files\dotnet\sdk\9.0.304\Sdks\Microsoft.NET.Sdk.Web\Sdk" and version "".
       The SDK "Microsoft.NET.Sdk" was successfully resolved by the "DefaultSdkResolver" resolver to location "C:\Program Files\dotnet\sdk\9.0.304\Sdks\Microsoft.NET.Sdk\Sdk" and version "".
       C:\Program Files\dotnet\sdk\9.0.304\Sdks\Microsoft.NET.Sdk\Sdk\Sdk.props(49,11): message : Property 'MSBuildExtensionsPath' with value 'C:\Program Files\dotnet\sdk\9.0.304\' expanded from the environment.
       C:\Program Files\dotnet\sdk\9.0.304\Current\Microsoft.Common.props(60,5): message : Property reassignment: $(MSBuildProjectExtensionsPath)="C:\Projects\BlueSky\backend\obj\" (previous value: "obj\") at C:\Program Files\dotnet\sdk\9.0.304\Current\Microsoft.Common.props (60,5)
       C:\Projects\BlueSky\backend\obj\BSkyClone.csproj.nuget.g.props(7,5): message : Property 'USERPROFILE' with value 'C:\Users\nguye' expanded from the environment.
       C:\Users\nguye\.nuget\packages\swashbuckle.aspnetcore\7.2.0\build\Swashbuckle.AspNetCore.props(3,5): message : Property reassignment: $(OpenApiGenerateDocumentsOnBuild)="false" (previous value: "") at C:\Users\nguye\.nuget\packages\swashbuckle.aspnetcore\7.2.0\build\Swashbuckle.AspNetCore.props (3,5)
       C:\Program Files\dotnet\sdk\9.0.304\Current\Microsoft.Common.props(84,119): message : Property 'MSBuildUserExtensionsPath' with value 'C:\Users\nguye\AppData\Local\Microsoft\MSBuild' expanded from the environment.
       C:\Program Files\dotnet\sdk\9.0.304\Sdks\Microsoft.NET.Sdk\targets\Microsoft.NET.Sdk.props(90,5): message : Property reassignment: $(AssemblySearchPaths)="{CandidateAssemblyFiles};{HintPathFromItem}" (previous value: "{CandidateAssemblyFiles}") at C:\Program Files\dotnet\sdk\9.0.304\Sdks\Microsoft.NET.Sdk\targets\Microsoft.NET.Sdk.props (90,5)
       C:\Program Files\dotnet\sdk\9.0.304\Sdks\Microsoft.NET.Sdk\targets\Microsoft.NET.Sdk.props(91,5): message : Property reassignment: $(AssemblySearchPaths)="{CandidateAssemblyFiles};{HintPathFromItem};{TargetFrameworkDirectory}" (previous value: "{CandidateAssemblyFiles};{HintPathFromItem}") at C:\Program Files\dotnet\sdk\9.0.304\Sdks\Microsoft.NET.Sdk\targets\Microsoft.NET.Sdk.props (91,5)
       C:\Program Files\dotnet\sdk\9.0.304\Sdks\Microsoft.NET.Sdk\targets\Microsoft.NET.Sdk.props(92,5): message : Property reassignment: $(AssemblySearchPaths)="{CandidateAssemblyFiles};{HintPathFromItem};{TargetFrameworkDirectory};{RawFileName}" (previous value: "{CandidateAssemblyFiles};{HintPathFromItem};{TargetFrameworkDirectory}") at C:\Program Files\dotnet\sdk\9.0.304\Sdks\Microsoft.NET.Sdk\targets\Microsoft.NET.Sdk.props (92,5)
       The "DefaultSdkResolver" resolver attempted to resolve the SDK "Microsoft.NET.SDK.WorkloadAutoImportPropsLocator".
       Warnings: null
       Errors: MSB4276: The default SDK resolver failed to resolve SDK "Microsoft.NET.SDK.WorkloadAutoImportPropsLocator" because directory "C:\Program Files\dotnet\sdk\9.0.304\Sdks\Microsoft.NET.SDK.WorkloadAutoImportPropsLocator\Sdk" did not exist.
       The SDK "Microsoft.NET.SDK.WorkloadAutoImportPropsLocator" was successfully resolved by the "Microsoft.DotNet.MSBuildWorkloadSdkResolver" resolver to location "C:\Program Files\dotnet\packs\Microsoft.Android.Sdk.Windows\35.0.78\Sdk" and version "null".
       C:\Program Files\dotnet\sdk\9.0.304\Sdks\Microsoft.NET.Sdk\targets\Microsoft.NET.PackProjectTool.props(15,5): message : Property reassignment: $(TargetsForTfmSpecificContentInPackage)=";PackTool;_PackProjectToolValidation" (previous value: ";PackTool") at C:\Program Files\dotnet\sdk\9.0.304\Sdks\Microsoft.NET.Sdk\targets\Microsoft.NET.PackProjectTool.props (15,5)
       The SDK "Microsoft.NET.Sdk.Razor" was successfully resolved by the "DefaultSdkResolver" resolver to location "C:\Program Files\dotnet\sdk\9.0.304\Sdks\Microsoft.NET.Sdk.Razor\Sdk" and version "".
       The SDK "Microsoft.NET.Sdk.StaticWebAssets" was successfully resolved by the "DefaultSdkResolver" resolver to location "C:\Program Files\dotnet\sdk\9.0.304\Sdks\Microsoft.NET.Sdk.StaticWebAssets\Sdk" and version "".
       C:\Program Files\dotnet\sdk\9.0.304\Sdks\Microsoft.NET.Sdk.StaticWebAssets\Sdk\Sdk.StaticWebAssets.StaticAssets.ProjectSystem.props(23,5): message : Property reassignment: $(DefaultItemExcludes)=";**\node_modules\**;node_modules\**;**\jspm_packages\**;jspm_packages\**" (previous value: ";**\node_modules\**;node_modules\**") at C:\Program Files\dotnet\sdk\9.0.304\Sdks\Microsoft.NET.Sdk.StaticWebAssets\Sdk\Sdk.StaticWebAssets.StaticAssets.ProjectSystem.props (23,5)
       C:\Program Files\dotnet\sdk\9.0.304\Sdks\Microsoft.NET.Sdk.StaticWebAssets\Sdk\Sdk.StaticWebAssets.StaticAssets.ProjectSystem.props(24,5): message : Property reassignment: $(DefaultItemExcludes)=";**\node_modules\**;node_modules\**;**\jspm_packages\**;jspm_packages\**;**\bower_components\**;bower_components\**" (previous value: ";**\node_modules\**;node_modules\**;**\jspm_packages\**;jspm_packages\**") at C:\Program Files\dotnet\sdk\9.0.304\Sdks\Microsoft.NET.Sdk.StaticWebAssets\Sdk\Sdk.StaticWebAssets.StaticAssets.ProjectSystem.props (24,5)
       C:\Program Files\dotnet\sdk\9.0.304\Sdks\Microsoft.NET.Sdk.StaticWebAssets\Sdk\Sdk.StaticWebAssets.StaticAssets.ProjectSystem.props(25,5): message : Property reassignment: $(DefaultItemExcludes)=";**\node_modules\**;node_modules\**;**\jspm_packages\**;jspm_packages\**;**\bower_components\**;bower_components\**;**\packages.lock.json" (previous value: ";**\node_modules\**;node_modules\**;**\jspm_packages\**;jspm_packages\**;**\bower_components\**;bower_components\**") at C:\Program Files\dotnet\sdk\9.0.304\Sdks\Microsoft.NET.Sdk.StaticWebAssets\Sdk\Sdk.StaticWebAssets.StaticAssets.ProjectSystem.props (25,5)
       The SDK "Microsoft.NET.Sdk.Web.ProjectSystem" was successfully resolved by the "DefaultSdkResolver" resolver to location "C:\Program Files\dotnet\sdk\9.0.304\Sdks\Microsoft.NET.Sdk.Web.ProjectSystem\Sdk" and version "".
       C:\Program Files\dotnet\sdk\9.0.304\Sdks\Microsoft.NET.Sdk.Web.ProjectSystem\targets\Microsoft.NET.Sdk.Web.ProjectSystem.props(16,5): message : Property reassignment: $(OutputType)="Exe" (previous value: "Library") at C:\Program Files\dotnet\sdk\9.0.304\Sdks\Microsoft.NET.Sdk.Web.ProjectSystem\targets\Microsoft.NET.Sdk.Web.ProjectSystem.props (16,5)
       The SDK "Microsoft.NET.Sdk.Publish" was successfully resolved by the "DefaultSdkResolver" resolver to location "C:\Program Files\dotnet\sdk\9.0.304\Sdks\Microsoft.NET.Sdk.Publish\Sdk" and version "".
       C:\Program Files\dotnet\sdk\9.0.304\Sdks\Microsoft.NET.Sdk\targets\Microsoft.NET.Sdk.ImportPublishProfile.targets(28,5): message : Property reassignment: $(PublishProfileImported)="false" (previous value: "true") at C:\Program Files\dotnet\sdk\9.0.304\Sdks\Microsoft.NET.Sdk\targets\Microsoft.NET.Sdk.ImportPublishProfile.targets (28,5)
       C:\Program Files\dotnet\sdk\9.0.304\Sdks\Microsoft.NET.Sdk\targets\Microsoft.NET.TargetFrameworkInference.targets(69,5): message : Property reassignment: $(TargetPlatformVersion)="" (previous value: "0.0") at C:\Program Files\dotnet\sdk\9.0.304\Sdks\Microsoft.NET.Sdk\targets\Microsoft.NET.TargetFrameworkInference.targets (69,5)
       C:\Program Files\dotnet\sdk\9.0.304\Sdks\Microsoft.NET.Sdk\targets\Microsoft.NET.DefaultOutputPaths.targets(121,5): message : Property reassignment: $(DefaultItemExcludes)=";**\node_modules\**;node_modules\**;**\jspm_packages\**;jspm_packages\**;**\bower_components\**;bower_components\**;**\packages.lock.json;bin\Debug\/**" (previous value: ";**\node_modules\**;node_modules\**;**\jspm_packages\**;jspm_packages\**;**\bower_components\**;bower_components\**;**\packages.lock.json") at C:\Program Files\dotnet\sdk\9.0.304\Sdks\Microsoft.NET.Sdk\targets\Microsoft.NET.DefaultOutputPaths.targets (121,5)
       C:\Program Files\dotnet\sdk\9.0.304\Sdks\Microsoft.NET.Sdk\targets\Microsoft.NET.DefaultOutputPaths.targets(122,5): message : Property reassignment: $(DefaultItemExcludes)=";**\node_modules\**;node_modules\**;**\jspm_packages\**;jspm_packages\**;**\bower_components\**;bower_components\**;**\packages.lock.json;bin\Debug\/**;obj\Debug\/**" (previous value: ";**\node_modules\**;node_modules\**;**\jspm_packages\**;jspm_packages\**;**\bower_components\**;bower_components\**;**\packages.lock.json;bin\Debug\/**") at C:\Program Files\dotnet\sdk\9.0.304\Sdks\Microsoft.NET.Sdk\targets\Microsoft.NET.DefaultOutputPaths.targets (122,5)
       C:\Program Files\dotnet\sdk\9.0.304\Sdks\Microsoft.NET.Sdk\targets\Microsoft.NET.DefaultOutputPaths.targets(137,5): message : Property reassignment: $(OutputPath)="bin\Debug\net9.0\" (previous value: "bin\Debug\") at C:\Program Files\dotnet\sdk\9.0.304\Sdks\Microsoft.NET.Sdk\targets\Microsoft.NET.DefaultOutputPaths.targets (137,5)
       C:\Program Files\dotnet\sdk\9.0.304\Sdks\Microsoft.NET.Sdk\targets\Microsoft.NET.DefaultOutputPaths.targets(142,5): message : Property reassignment: $(IntermediateOutputPath)="obj\Debug\net9.0\" (previous value: "obj\Debug\") at C:\Program Files\dotnet\sdk\9.0.304\Sdks\Microsoft.NET.Sdk\targets\Microsoft.NET.DefaultOutputPaths.targets (142,5)
       The "DefaultSdkResolver" resolver attempted to resolve the SDK "Microsoft.NET.SDK.WorkloadManifestTargetsLocator".
       Warnings: null
       Errors: MSB4276: The default SDK resolver failed to resolve SDK "Microsoft.NET.SDK.WorkloadManifestTargetsLocator" because directory "C:\Program Files\dotnet\sdk\9.0.304\Sdks\Microsoft.NET.SDK.WorkloadManifestTargetsLocator\Sdk" did not exist.
       The SDK "Microsoft.NET.SDK.WorkloadManifestTargetsLocator" was successfully resolved by the "Microsoft.DotNet.MSBuildWorkloadSdkResolver" resolver to location "C:\Program Files\dotnet\sdk-manifests\9.0.100\microsoft.net.sdk.android\35.0.78" and version "null".
       C:\Program Files\dotnet\sdk\9.0.304\Sdks\Microsoft.NET.Sdk\targets\Microsoft.NET.Sdk.BeforeCommon.targets(187,5): message : Property reassignment: $(_FrameworkIdentifierForImplicitDefine)="NET" (previous value: "NETCOREAPP") at C:\Program Files\dotnet\sdk\9.0.304\Sdks\Microsoft.NET.Sdk\targets\Microsoft.NET.Sdk.BeforeCommon.targets (187,5)
       C:\Program Files\dotnet\sdk\9.0.304\Sdks\Microsoft.NET.Sdk\targets\Microsoft.NET.Sdk.BeforeCommon.targets(192,5): message : Property reassignment: $(_FrameworkVersionForImplicitDefine)="9_0" (previous value: "9.0") at C:\Program Files\dotnet\sdk\9.0.304\Sdks\Microsoft.NET.Sdk\targets\Microsoft.NET.Sdk.BeforeCommon.targets (192,5)
       C:\Program Files\dotnet\sdk\9.0.304\Roslyn\Microsoft.CSharp.Core.targets(200,5): message : Property reassignment: $(CommandLineArgsForDesignTimeEvaluation)="-langversion:13.0 -define:TRACE" (previous value: "-langversion:13.0") at C:\Program Files\dotnet\sdk\9.0.304\Roslyn\Microsoft.CSharp.Core.targets (200,5)
       C:\Program Files\dotnet\sdk\9.0.304\Microsoft.Common.CurrentVersion.targets(175,5): message : Property reassignment: $(_DebugSymbolsProduced)="true" (previous value: "false") at C:\Program Files\dotnet\sdk\9.0.304\Microsoft.Common.CurrentVersion.targets (175,5)
       C:\Program Files\dotnet\sdk\9.0.304\Microsoft.Common.CurrentVersion.targets(185,5): message : Property reassignment: $(_DocumentationFileProduced)="false" (previous value: "true") at C:\Program Files\dotnet\sdk\9.0.304\Microsoft.Common.CurrentVersion.targets (185,5)
       C:\Program Files\dotnet\sdk\9.0.304\Microsoft.Common.CurrentVersion.targets(393,5): message : Property reassignment: $(MSBuildCopyMarkerName)="BSkyClone.csproj.Up2Date" (previous value: "BSkyClone.csproj") at C:\Program Files\dotnet\sdk\9.0.304\Microsoft.Common.CurrentVersion.targets (393,5)
       C:\Program Files\dotnet\sdk\9.0.304\Microsoft.Common.CurrentVersion.targets(541,5): message : Property reassignment: $(ProcessorArchitecture)="msil" (previous value: "") at C:\Program Files\dotnet\sdk\9.0.304\Microsoft.Common.CurrentVersion.targets (541,5)
       C:\Program Files\dotnet\sdk\9.0.304\Microsoft.Common.CurrentVersion.targets(580,5): message : Property reassignment: $(DelaySign)="" (previous value: "false") at C:\Program Files\dotnet\sdk\9.0.304\Microsoft.Common.CurrentVersion.targets (580,5)
       C:\Program Files\dotnet\sdk\9.0.304\Microsoft.Common.CurrentVersion.targets(2619,5): message : Property 'LOCALAPPDATA' with value 'C:\Users\nguye\AppData\Local' expanded from the environment.
       C:\Program Files\dotnet\sdk\9.0.304\Microsoft.Common.CurrentVersion.targets(3947,5): message : Property reassignment: $(_SGenGenerateSerializationAssembliesConfig)="Auto" (previous value: "") at C:\Program Files\dotnet\sdk\9.0.304\Microsoft.Common.CurrentVersion.targets (3947,5)
       C:\Program Files\dotnet\sdk\9.0.304\Microsoft.Common.CurrentVersion.targets(3948,5): message : Property reassignment: $(_SGenGenerateSerializationAssembliesConfig)="Off" (previous value: "Auto") at C:\Program Files\dotnet\sdk\9.0.304\Microsoft.Common.CurrentVersion.targets (3948,5)
       C:\Program Files\dotnet\sdk\9.0.304\Microsoft.Common.CurrentVersion.targets(5159,5): message : Property reassignment: $(_TargetsThatPrepareProjectReferences)="
       C:\Program Files\dotnet\sdk\9.0.304\Microsoft.Common.CurrentVersion.targets(5159,5): message :       AssignProjectConfiguration;
       C:\Program Files\dotnet\sdk\9.0.304\Microsoft.Common.CurrentVersion.targets(5159,5): message :       _SplitProjectReferencesByFileExistence
       C:\Program Files\dotnet\sdk\9.0.304\Microsoft.Common.CurrentVersion.targets(5159,5): message :     " (previous value: "_SplitProjectReferencesByFileExistence") at C:\Program Files\dotnet\sdk\9.0.304\Microsoft.Common.CurrentVersion.targets (5159,5)
       C:\Program Files\dotnet\sdk\9.0.304\Microsoft.Common.CurrentVersion.targets(6954,5): message : Property 'MSBuildExtensionsPath32' with value 'C:\Program Files\dotnet\sdk\9.0.304' expanded from the environment.
       C:\Users\nguye\.nuget\packages\microsoft.extensions.apidescription.server\6.0.5\build\Microsoft.Extensions.ApiDescription.Server.targets(9,5): message : Property reassignment: $(OpenApiGenerateDocuments)="true" (previous value: "") at C:\Users\nguye\.nuget\packages\microsoft.extensions.apidescription.server\6.0.5\build\Microsoft.Extensions.ApiDescription.Server.targets (9,5)
       C:\Program Files\dotnet\sdk\9.0.304\Sdks\Microsoft.NET.Sdk\targets\Microsoft.PackageDependencyResolution.targets(29,5): message : Property reassignment: $(ProjectAssetsCacheFile)="C:\Projects\BlueSky\backend\obj\Debug\net9.0\BSkyClone.assets.cache" (previous value: "obj\Debug\net9.0\BSkyClone.assets.cache") at C:\Program Files\dotnet\sdk\9.0.304\Sdks\Microsoft.NET.Sdk\targets\Microsoft.PackageDependencyResolution.targets (29,5)
       C:\Program Files\dotnet\sdk\9.0.304\Sdks\Microsoft.NET.Sdk\targets\Microsoft.PackageDependencyResolution.targets(80,5): message : Property reassignment: $(ResolveAssemblyReferencesDependsOn)="
       C:\Program Files\dotnet\sdk\9.0.304\Sdks\Microsoft.NET.Sdk\targets\Microsoft.PackageDependencyResolution.targets(80,5): message :       
       C:\Program Files\dotnet\sdk\9.0.304\Sdks\Microsoft.NET.Sdk\targets\Microsoft.PackageDependencyResolution.targets(80,5): message :       ResolveProjectReferences;
       C:\Program Files\dotnet\sdk\9.0.304\Sdks\Microsoft.NET.Sdk\targets\Microsoft.PackageDependencyResolution.targets(80,5): message :       FindInvalidProjectReferences;
       C:\Program Files\dotnet\sdk\9.0.304\Sdks\Microsoft.NET.Sdk\targets\Microsoft.PackageDependencyResolution.targets(80,5): message :       GetFrameworkPaths;
       C:\Program Files\dotnet\sdk\9.0.304\Sdks\Microsoft.NET.Sdk\targets\Microsoft.PackageDependencyResolution.targets(80,5): message :       GetReferenceAssemblyPaths;
       C:\Program Files\dotnet\sdk\9.0.304\Sdks\Microsoft.NET.Sdk\targets\Microsoft.PackageDependencyResolution.targets(80,5): message :       PrepareForBuild;
       C:\Program Files\dotnet\sdk\9.0.304\Sdks\Microsoft.NET.Sdk\targets\Microsoft.PackageDependencyResolution.targets(80,5): message :       ResolveSDKReferences;
       C:\Program Files\dotnet\sdk\9.0.304\Sdks\Microsoft.NET.Sdk\targets\Microsoft.PackageDependencyResolution.targets(80,5): message :       ExpandSDKReferences;
       C:\Program Files\dotnet\sdk\9.0.304\Sdks\Microsoft.NET.Sdk\targets\Microsoft.PackageDependencyResolution.targets(80,5): message :     ;
       C:\Program Files\dotnet\sdk\9.0.304\Sdks\Microsoft.NET.Sdk\targets\Microsoft.PackageDependencyResolution.targets(80,5): message :       ResolvePackageDependenciesForBuild;
       C:\Program Files\dotnet\sdk\9.0.304\Sdks\Microsoft.NET.Sdk\targets\Microsoft.PackageDependencyResolution.targets(80,5): message :       _HandlePackageFileConflicts;
       C:\Program Files\dotnet\sdk\9.0.304\Sdks\Microsoft.NET.Sdk\targets\Microsoft.PackageDependencyResolution.targets(80,5): message :     " (previous value: "
       C:\Program Files\dotnet\sdk\9.0.304\Sdks\Microsoft.NET.Sdk\targets\Microsoft.PackageDependencyResolution.targets(80,5): message :       ResolveProjectReferences;
       C:\Program Files\dotnet\sdk\9.0.304\Sdks\Microsoft.NET.Sdk\targets\Microsoft.PackageDependencyResolution.targets(80,5): message :       FindInvalidProjectReferences;
       C:\Program Files\dotnet\sdk\9.0.304\Sdks\Microsoft.NET.Sdk\targets\Microsoft.PackageDependencyResolution.targets(80,5): message :       GetFrameworkPaths;
       C:\Program Files\dotnet\sdk\9.0.304\Sdks\Microsoft.NET.Sdk\targets\Microsoft.PackageDependencyResolution.targets(80,5): message :       GetReferenceAssemblyPaths;
       C:\Program Files\dotnet\sdk\9.0.304\Sdks\Microsoft.NET.Sdk\targets\Microsoft.PackageDependencyResolution.targets(80,5): message :       PrepareForBuild;
       C:\Program Files\dotnet\sdk\9.0.304\Sdks\Microsoft.NET.Sdk\targets\Microsoft.PackageDependencyResolution.targets(80,5): message :       ResolveSDKReferences;
       C:\Program Files\dotnet\sdk\9.0.304\Sdks\Microsoft.NET.Sdk\targets\Microsoft.PackageDependencyResolution.targets(80,5): message :       ExpandSDKReferences;
       C:\Program Files\dotnet\sdk\9.0.304\Sdks\Microsoft.NET.Sdk\targets\Microsoft.PackageDependencyResolution.targets(80,5): message :     ") at C:\Program Files\dotnet\sdk\9.0.304\Sdks\Microsoft.NET.Sdk\targets\Microsoft.PackageDependencyResolution.targets (80,5)
       C:\Program Files\dotnet\sdk\9.0.304\Sdks\Microsoft.NET.Sdk\targets\Microsoft.PackageDependencyResolution.targets(86,5): message : Property reassignment: $(PrepareResourcesDependsOn)="
       C:\Program Files\dotnet\sdk\9.0.304\Sdks\Microsoft.NET.Sdk\targets\Microsoft.PackageDependencyResolution.targets(86,5): message :       ResolvePackageDependenciesForBuild;
       C:\Program Files\dotnet\sdk\9.0.304\Sdks\Microsoft.NET.Sdk\targets\Microsoft.PackageDependencyResolution.targets(86,5): message :       _HandlePackageFileConflicts;
       C:\Program Files\dotnet\sdk\9.0.304\Sdks\Microsoft.NET.Sdk\targets\Microsoft.PackageDependencyResolution.targets(86,5): message :       
       C:\Program Files\dotnet\sdk\9.0.304\Sdks\Microsoft.NET.Sdk\targets\Microsoft.PackageDependencyResolution.targets(86,5): message :       ;
       C:\Program Files\dotnet\sdk\9.0.304\Sdks\Microsoft.NET.Sdk\targets\Microsoft.PackageDependencyResolution.targets(86,5): message :       PrepareResourceNames;
       C:\Program Files\dotnet\sdk\9.0.304\Sdks\Microsoft.NET.Sdk\targets\Microsoft.PackageDependencyResolution.targets(86,5): message :       ResGen;
       C:\Program Files\dotnet\sdk\9.0.304\Sdks\Microsoft.NET.Sdk\targets\Microsoft.PackageDependencyResolution.targets(86,5): message :       CompileLicxFiles
       C:\Program Files\dotnet\sdk\9.0.304\Sdks\Microsoft.NET.Sdk\targets\Microsoft.PackageDependencyResolution.targets(86,5): message :     
       C:\Program Files\dotnet\sdk\9.0.304\Sdks\Microsoft.NET.Sdk\targets\Microsoft.PackageDependencyResolution.targets(86,5): message :     " (previous value: "
       C:\Program Files\dotnet\sdk\9.0.304\Sdks\Microsoft.NET.Sdk\targets\Microsoft.PackageDependencyResolution.targets(86,5): message :       ;
       C:\Program Files\dotnet\sdk\9.0.304\Sdks\Microsoft.NET.Sdk\targets\Microsoft.PackageDependencyResolution.targets(86,5): message :       PrepareResourceNames;
       C:\Program Files\dotnet\sdk\9.0.304\Sdks\Microsoft.NET.Sdk\targets\Microsoft.PackageDependencyResolution.targets(86,5): message :       ResGen;
       C:\Program Files\dotnet\sdk\9.0.304\Sdks\Microsoft.NET.Sdk\targets\Microsoft.PackageDependencyResolution.targets(86,5): message :       CompileLicxFiles
       C:\Program Files\dotnet\sdk\9.0.304\Sdks\Microsoft.NET.Sdk\targets\Microsoft.PackageDependencyResolution.targets(86,5): message :     ") at C:\Program Files\dotnet\sdk\9.0.304\Sdks\Microsoft.NET.Sdk\targets\Microsoft.PackageDependencyResolution.targets (86,5)
       C:\Program Files\dotnet\sdk\9.0.304\Sdks\Microsoft.NET.Sdk\targets\Microsoft.NET.Sdk.DefaultItems.targets(27,5): message : Property reassignment: $(DefaultItemExcludes)=";**\node_modules\**;node_modules\**;**\jspm_packages\**;jspm_packages\**;**\bower_components\**;bower_components\**;**\packages.lock.json;bin\Debug\/**;obj\Debug\/**;bin\/**" (previous value: ";**\node_modules\**;node_modules\**;**\jspm_packages\**;jspm_packages\**;**\bower_components\**;bower_components\**;**\packages.lock.json;bin\Debug\/**;obj\Debug\/**") at C:\Program Files\dotnet\sdk\9.0.304\Sdks\Microsoft.NET.Sdk\targets\Microsoft.NET.Sdk.DefaultItems.targets (27,5)
       C:\Program Files\dotnet\sdk\9.0.304\Sdks\Microsoft.NET.Sdk\targets\Microsoft.NET.Sdk.DefaultItems.targets(29,5): message : Property reassignment: $(DefaultItemExcludes)=";**\node_modules\**;node_modules\**;**\jspm_packages\**;jspm_packages\**;**\bower_components\**;bower_components\**;**\packages.lock.json;bin\Debug\/**;obj\Debug\/**;bin\/**;obj\/**" (previous value: ";**\node_modules\**;node_modules\**;**\jspm_packages\**;jspm_packages\**;**\bower_components\**;bower_components\**;**\packages.lock.json;bin\Debug\/**;obj\Debug\/**;bin\/**") at C:\Program Files\dotnet\sdk\9.0.304\Sdks\Microsoft.NET.Sdk\targets\Microsoft.NET.Sdk.DefaultItems.targets (29,5)
       C:\Program Files\dotnet\sdk\9.0.304\Sdks\Microsoft.NET.Sdk\targets\Microsoft.NET.Sdk.DefaultItems.targets(32,5): message : Property reassignment: $(DefaultItemExcludes)=";**\node_modules\**;node_modules\**;**\jspm_packages\**;jspm_packages\**;**\bower_components\**;bower_components\**;**\packages.lock.json;bin\Debug\/**;obj\Debug\/**;bin\/**;obj\/**;**/*.user" (previous value: ";**\node_modules\**;node_modules\**;**\jspm_packages\**;jspm_packages\**;**\bower_components\**;bower_components\**;**\packages.lock.json;bin\Debug\/**;obj\Debug\/**;bin\/**;obj\/**") at C:\Program Files\dotnet\sdk\9.0.304\Sdks\Microsoft.NET.Sdk\targets\Microsoft.NET.Sdk.DefaultItems.targets (32,5)
       C:\Program Files\dotnet\sdk\9.0.304\Sdks\Microsoft.NET.Sdk\targets\Microsoft.NET.Sdk.DefaultItems.targets(33,5): message : Property reassignment: $(DefaultItemExcludes)=";**\node_modules\**;node_modules\**;**\jspm_packages\**;jspm_packages\**;**\bower_components\**;bower_components\**;**\packages.lock.json;bin\Debug\/**;obj\Debug\/**;bin\/**;obj\/**;**/*.user;**/*.*proj" (previous value: ";**\node_modules\**;node_modules\**;**\jspm_packages\**;jspm_packages\**;**\bower_components\**;bower_components\**;**\packages.lock.json;bin\Debug\/**;obj\Debug\/**;bin\/**;obj\/**;**/*.user") at C:\Program Files\dotnet\sdk\9.0.304\Sdks\Microsoft.NET.Sdk\targets\Microsoft.NET.Sdk.DefaultItems.targets (33,5)
       C:\Program Files\dotnet\sdk\9.0.304\Sdks\Microsoft.NET.Sdk\targets\Microsoft.NET.Sdk.DefaultItems.targets(34,5): message : Property reassignment: $(DefaultItemExcludes)=";**\node_modules\**;node_modules\**;**\jspm_packages\**;jspm_packages\**;**\bower_components\**;bower_components\**;**\packages.lock.json;bin\Debug\/**;obj\Debug\/**;bin\/**;obj\/**;**/*.user;**/*.*proj;**/*.sln" (previous value: ";**\node_modules\**;node_modules\**;**\jspm_packages\**;jspm_packages\**;**\bower_components\**;bower_components\**;**\packages.lock.json;bin\Debug\/**;obj\Debug\/**;bin\/**;obj\/**;**/*.user;**/*.*proj") at C:\Program Files\dotnet\sdk\9.0.304\Sdks\Microsoft.NET.Sdk\targets\Microsoft.NET.Sdk.DefaultItems.targets (34,5)
       C:\Program Files\dotnet\sdk\9.0.304\Sdks\Microsoft.NET.Sdk\targets\Microsoft.NET.Sdk.DefaultItems.targets(35,5): message : Property reassignment: $(DefaultItemExcludes)=";**\node_modules\**;node_modules\**;**\jspm_packages\**;jspm_packages\**;**\bower_components\**;bower_components\**;**\packages.lock.json;bin\Debug\/**;obj\Debug\/**;bin\/**;obj\/**;**/*.user;**/*.*proj;**/*.sln;**/*.slnx" (previous value: ";**\node_modules\**;node_modules\**;**\jspm_packages\**;jspm_packages\**;**\bower_components\**;bower_components\**;**\packages.lock.json;bin\Debug\/**;obj\Debug\/**;bin\/**;obj\/**;**/*.user;**/*.*proj;**/*.sln") at C:\Program Files\dotnet\sdk\9.0.304\Sdks\Microsoft.NET.Sdk\targets\Microsoft.NET.Sdk.DefaultItems.targets (35,5)
       C:\Program Files\dotnet\sdk\9.0.304\Sdks\Microsoft.NET.Sdk\targets\Microsoft.NET.Sdk.DefaultItems.targets(36,5): message : Property reassignment: $(DefaultItemExcludes)=";**\node_modules\**;node_modules\**;**\jspm_packages\**;jspm_packages\**;**\bower_components\**;bower_components\**;**\packages.lock.json;bin\Debug\/**;obj\Debug\/**;bin\/**;obj\/**;**/*.user;**/*.*proj;**/*.sln;**/*.slnx;**/*.vssscc" (previous value: ";**\node_modules\**;node_modules\**;**\jspm_packages\**;jspm_packages\**;**\bower_components\**;bower_components\**;**\packages.lock.json;bin\Debug\/**;obj\Debug\/**;bin\/**;obj\/**;**/*.user;**/*.*proj;**/*.sln;**/*.slnx") at C:\Program Files\dotnet\sdk\9.0.304\Sdks\Microsoft.NET.Sdk\targets\Microsoft.NET.Sdk.DefaultItems.targets (36,5)
       C:\Program Files\dotnet\sdk\9.0.304\Sdks\Microsoft.NET.Sdk\targets\Microsoft.NET.Sdk.DefaultItems.targets(37,5): message : Property reassignment: $(DefaultItemExcludes)=";**\node_modules\**;node_modules\**;**\jspm_packages\**;jspm_packages\**;**\bower_components\**;bower_components\**;**\packages.lock.json;bin\Debug\/**;obj\Debug\/**;bin\/**;obj\/**;**/*.user;**/*.*proj;**/*.sln;**/*.slnx;**/*.vssscc;**/.DS_Store" (previous value: ";**\node_modules\**;node_modules\**;**\jspm_packages\**;jspm_packages\**;**\bower_components\**;bower_components\**;**\packages.lock.json;bin\Debug\/**;obj\Debug\/**;bin\/**;obj\/**;**/*.user;**/*.*proj;**/*.sln;**/*.slnx;**/*.vssscc") at C:\Program Files\dotnet\sdk\9.0.304\Sdks\Microsoft.NET.Sdk\targets\Microsoft.NET.Sdk.DefaultItems.targets (37,5)
       C:\Program Files\dotnet\sdk\9.0.304\Sdks\Microsoft.NET.Sdk\targets\Microsoft.NET.Sdk.FrameworkReferenceResolution.targets(14,5): message : Property reassignment: $(ResolveAssemblyReferencesDependsOn)="
       C:\Program Files\dotnet\sdk\9.0.304\Sdks\Microsoft.NET.Sdk\targets\Microsoft.NET.Sdk.FrameworkReferenceResolution.targets(14,5): message :       
       C:\Program Files\dotnet\sdk\9.0.304\Sdks\Microsoft.NET.Sdk\targets\Microsoft.NET.Sdk.FrameworkReferenceResolution.targets(14,5): message :       
       C:\Program Files\dotnet\sdk\9.0.304\Sdks\Microsoft.NET.Sdk\targets\Microsoft.NET.Sdk.FrameworkReferenceResolution.targets(14,5): message :       ResolveProjectReferences;
       C:\Program Files\dotnet\sdk\9.0.304\Sdks\Microsoft.NET.Sdk\targets\Microsoft.NET.Sdk.FrameworkReferenceResolution.targets(14,5): message :       FindInvalidProjectReferences;
       C:\Program Files\dotnet\sdk\9.0.304\Sdks\Microsoft.NET.Sdk\targets\Microsoft.NET.Sdk.FrameworkReferenceResolution.targets(14,5): message :       GetFrameworkPaths;
       C:\Program Files\dotnet\sdk\9.0.304\Sdks\Microsoft.NET.Sdk\targets\Microsoft.NET.Sdk.FrameworkReferenceResolution.targets(14,5): message :       GetReferenceAssemblyPaths;
       C:\Program Files\dotnet\sdk\9.0.304\Sdks\Microsoft.NET.Sdk\targets\Microsoft.NET.Sdk.FrameworkReferenceResolution.targets(14,5): message :       PrepareForBuild;
       C:\Program Files\dotnet\sdk\9.0.304\Sdks\Microsoft.NET.Sdk\targets\Microsoft.NET.Sdk.FrameworkReferenceResolution.targets(14,5): message :       ResolveSDKReferences;
       C:\Program Files\dotnet\sdk\9.0.304\Sdks\Microsoft.NET.Sdk\targets\Microsoft.NET.Sdk.FrameworkReferenceResolution.targets(14,5): message :       ExpandSDKReferences;
       C:\Program Files\dotnet\sdk\9.0.304\Sdks\Microsoft.NET.Sdk\targets\Microsoft.NET.Sdk.FrameworkReferenceResolution.targets(14,5): message :     ;
       C:\Program Files\dotnet\sdk\9.0.304\Sdks\Microsoft.NET.Sdk\targets\Microsoft.NET.Sdk.FrameworkReferenceResolution.targets(14,5): message :       ResolvePackageDependenciesForBuild;
       C:\Program Files\dotnet\sdk\9.0.304\Sdks\Microsoft.NET.Sdk\targets\Microsoft.NET.Sdk.FrameworkReferenceResolution.targets(14,5): message :       _HandlePackageFileConflicts;
       C:\Program Files\dotnet\sdk\9.0.304\Sdks\Microsoft.NET.Sdk\targets\Microsoft.NET.Sdk.FrameworkReferenceResolution.targets(14,5): message :     ;
       C:\Program Files\dotnet\sdk\9.0.304\Sdks\Microsoft.NET.Sdk\targets\Microsoft.NET.Sdk.FrameworkReferenceResolution.targets(14,5): message :       ResolveTargetingPackAssets;
       C:\Program Files\dotnet\sdk\9.0.304\Sdks\Microsoft.NET.Sdk\targets\Microsoft.NET.Sdk.FrameworkReferenceResolution.targets(14,5): message :     " (previous value: "
       C:\Program Files\dotnet\sdk\9.0.304\Sdks\Microsoft.NET.Sdk\targets\Microsoft.NET.Sdk.FrameworkReferenceResolution.targets(14,5): message :       
       C:\Program Files\dotnet\sdk\9.0.304\Sdks\Microsoft.NET.Sdk\targets\Microsoft.NET.Sdk.FrameworkReferenceResolution.targets(14,5): message :       ResolveProjectReferences;
       C:\Program Files\dotnet\sdk\9.0.304\Sdks\Microsoft.NET.Sdk\targets\Microsoft.NET.Sdk.FrameworkReferenceResolution.targets(14,5): message :       FindInvalidProjectReferences;
       C:\Program Files\dotnet\sdk\9.0.304\Sdks\Microsoft.NET.Sdk\targets\Microsoft.NET.Sdk.FrameworkReferenceResolution.targets(14,5): message :       GetFrameworkPaths;
       C:\Program Files\dotnet\sdk\9.0.304\Sdks\Microsoft.NET.Sdk\targets\Microsoft.NET.Sdk.FrameworkReferenceResolution.targets(14,5): message :       GetReferenceAssemblyPaths;
       C:\Program Files\dotnet\sdk\9.0.304\Sdks\Microsoft.NET.Sdk\targets\Microsoft.NET.Sdk.FrameworkReferenceResolution.targets(14,5): message :       PrepareForBuild;
       C:\Program Files\dotnet\sdk\9.0.304\Sdks\Microsoft.NET.Sdk\targets\Microsoft.NET.Sdk.FrameworkReferenceResolution.targets(14,5): message :       ResolveSDKReferences;
       C:\Program Files\dotnet\sdk\9.0.304\Sdks\Microsoft.NET.Sdk\targets\Microsoft.NET.Sdk.FrameworkReferenceResolution.targets(14,5): message :       ExpandSDKReferences;
       C:\Program Files\dotnet\sdk\9.0.304\Sdks\Microsoft.NET.Sdk\targets\Microsoft.NET.Sdk.FrameworkReferenceResolution.targets(14,5): message :     ;
       C:\Program Files\dotnet\sdk\9.0.304\Sdks\Microsoft.NET.Sdk\targets\Microsoft.NET.Sdk.FrameworkReferenceResolution.targets(14,5): message :       ResolvePackageDependenciesForBuild;
       C:\Program Files\dotnet\sdk\9.0.304\Sdks\Microsoft.NET.Sdk\targets\Microsoft.NET.Sdk.FrameworkReferenceResolution.targets(14,5): message :       _HandlePackageFileConflicts;
       C:\Program Files\dotnet\sdk\9.0.304\Sdks\Microsoft.NET.Sdk\targets\Microsoft.NET.Sdk.FrameworkReferenceResolution.targets(14,5): message :     ") at C:\Program Files\dotnet\sdk\9.0.304\Sdks\Microsoft.NET.Sdk\targets\Microsoft.NET.Sdk.FrameworkReferenceResolution.targets (14,5)
       C:\Program Files\dotnet\sdk\9.0.304\Sdks\Microsoft.NET.Sdk\targets\Microsoft.NET.Sdk.targets(44,5): message : Property reassignment: $(_GenerateRuntimeConfigurationPropertyInputsCache)="C:\Projects\BlueSky\backend\obj\Debug\net9.0\BSkyClone.genruntimeconfig.cache" (previous value: "obj\Debug\net9.0\BSkyClone.genruntimeconfig.cache") at C:\Program Files\dotnet\sdk\9.0.304\Sdks\Microsoft.NET.Sdk\targets\Microsoft.NET.Sdk.targets (44,5)
       C:\Program Files\dotnet\sdk\9.0.304\Sdks\Microsoft.NET.Sdk\targets\Microsoft.NET.Sdk.targets(46,5): message : Property reassignment: $(_GeneratePublishDependencyFilePropertyInputsCache)="C:\Projects\BlueSky\backend\obj\Debug\net9.0\BSkyClone.genpublishdeps.cache" (previous value: "obj\Debug\net9.0\BSkyClone.genpublishdeps.cache") at C:\Program Files\dotnet\sdk\9.0.304\Sdks\Microsoft.NET.Sdk\targets\Microsoft.NET.Sdk.targets (46,5)
       C:\Program Files\dotnet\sdk\9.0.304\Sdks\Microsoft.NET.Sdk\targets\Microsoft.NET.Sdk.targets(48,5): message : Property reassignment: $(_GenerateSingleFileBundlePropertyInputsCache)="C:\Projects\BlueSky\backend\obj\Debug\net9.0\BSkyClone.genbundle.cache" (previous value: "obj\Debug\net9.0\BSkyClone.genbundle.cache") at C:\Program Files\dotnet\sdk\9.0.304\Sdks\Microsoft.NET.Sdk\targets\Microsoft.NET.Sdk.targets (48,5)
       C:\Program Files\dotnet\sdk\9.0.304\Sdks\Microsoft.NET.Sdk\targets\Microsoft.NET.Sdk.targets(81,5): message : Property reassignment: $(GenerateRuntimeConfigDevFile)="false" (previous value: "true") at C:\Program Files\dotnet\sdk\9.0.304\Sdks\Microsoft.NET.Sdk\targets\Microsoft.NET.Sdk.targets (81,5)
       C:\Program Files\dotnet\sdk\9.0.304\Sdks\Microsoft.NET.Sdk\targets\Microsoft.NET.Sdk.targets(97,5): message : Property reassignment: $(_DefaultUserProfileRuntimeStorePath)="C:\Users\nguye" (previous value: "") at C:\Program Files\dotnet\sdk\9.0.304\Sdks\Microsoft.NET.Sdk\targets\Microsoft.NET.Sdk.targets (97,5)
       C:\Program Files\dotnet\sdk\9.0.304\Sdks\Microsoft.NET.Sdk\targets\Microsoft.NET.Sdk.targets(98,5): message : Property reassignment: $(_DefaultUserProfileRuntimeStorePath)="C:\Users\nguye\.dotnet\store" (previous value: "C:\Users\nguye") at C:\Program Files\dotnet\sdk\9.0.304\Sdks\Microsoft.NET.Sdk\targets\Microsoft.NET.Sdk.targets (98,5)
       C:\Program Files\dotnet\sdk\9.0.304\Sdks\Microsoft.NET.Sdk\targets\Microsoft.NET.Sdk.targets(140,5): message : Property reassignment: $(AvailablePlatforms)="Any CPU,x86,x64,ARM32" (previous value: "Any CPU,x86,x64") at C:\Program Files\dotnet\sdk\9.0.304\Sdks\Microsoft.NET.Sdk\targets\Microsoft.NET.Sdk.targets (140,5)
       C:\Program Files\dotnet\sdk\9.0.304\Sdks\Microsoft.NET.Sdk\targets\Microsoft.NET.Sdk.targets(144,5): message : Property reassignment: $(AvailablePlatforms)="Any CPU,x86,x64,ARM32,ARM64" (previous value: "Any CPU,x86,x64,ARM32") at C:\Program Files\dotnet\sdk\9.0.304\Sdks\Microsoft.NET.Sdk\targets\Microsoft.NET.Sdk.targets (144,5)
       C:\Program Files\dotnet\sdk\9.0.304\Sdks\Microsoft.NET.Sdk\targets\Microsoft.NET.Sdk.targets(201,5): message : Property reassignment: $(CoreBuildDependsOn)="
       C:\Program Files\dotnet\sdk\9.0.304\Sdks\Microsoft.NET.Sdk\targets\Microsoft.NET.Sdk.targets(201,5): message :       _CheckForBuildWithNoBuild;
       C:\Program Files\dotnet\sdk\9.0.304\Sdks\Microsoft.NET.Sdk\targets\Microsoft.NET.Sdk.targets(201,5): message :       
       C:\Program Files\dotnet\sdk\9.0.304\Sdks\Microsoft.NET.Sdk\targets\Microsoft.NET.Sdk.targets(201,5): message :       BuildOnlySettings;
       C:\Program Files\dotnet\sdk\9.0.304\Sdks\Microsoft.NET.Sdk\targets\Microsoft.NET.Sdk.targets(201,5): message :       PrepareForBuild;
       C:\Program Files\dotnet\sdk\9.0.304\Sdks\Microsoft.NET.Sdk\targets\Microsoft.NET.Sdk.targets(201,5): message :       PreBuildEvent;
       C:\Program Files\dotnet\sdk\9.0.304\Sdks\Microsoft.NET.Sdk\targets\Microsoft.NET.Sdk.targets(201,5): message :       ResolveReferences;
       C:\Program Files\dotnet\sdk\9.0.304\Sdks\Microsoft.NET.Sdk\targets\Microsoft.NET.Sdk.targets(201,5): message :       PrepareResources;
       C:\Program Files\dotnet\sdk\9.0.304\Sdks\Microsoft.NET.Sdk\targets\Microsoft.NET.Sdk.targets(201,5): message :       ResolveKeySource;
       C:\Program Files\dotnet\sdk\9.0.304\Sdks\Microsoft.NET.Sdk\targets\Microsoft.NET.Sdk.targets(201,5): message :       Compile;
       C:\Program Files\dotnet\sdk\9.0.304\Sdks\Microsoft.NET.Sdk\targets\Microsoft.NET.Sdk.targets(201,5): message :       ExportWindowsMDFile;
       C:\Program Files\dotnet\sdk\9.0.304\Sdks\Microsoft.NET.Sdk\targets\Microsoft.NET.Sdk.targets(201,5): message :       UnmanagedUnregistration;
       C:\Program Files\dotnet\sdk\9.0.304\Sdks\Microsoft.NET.Sdk\targets\Microsoft.NET.Sdk.targets(201,5): message :       GenerateSerializationAssemblies;
       C:\Program Files\dotnet\sdk\9.0.304\Sdks\Microsoft.NET.Sdk\targets\Microsoft.NET.Sdk.targets(201,5): message :       CreateSatelliteAssemblies;
       C:\Program Files\dotnet\sdk\9.0.304\Sdks\Microsoft.NET.Sdk\targets\Microsoft.NET.Sdk.targets(201,5): message :       GenerateManifests;
       C:\Program Files\dotnet\sdk\9.0.304\Sdks\Microsoft.NET.Sdk\targets\Microsoft.NET.Sdk.targets(201,5): message :       GetTargetPath;
       C:\Program Files\dotnet\sdk\9.0.304\Sdks\Microsoft.NET.Sdk\targets\Microsoft.NET.Sdk.targets(201,5): message :       PrepareForRun;
       C:\Program Files\dotnet\sdk\9.0.304\Sdks\Microsoft.NET.Sdk\targets\Microsoft.NET.Sdk.targets(201,5): message :       UnmanagedRegistration;
       C:\Program Files\dotnet\sdk\9.0.304\Sdks\Microsoft.NET.Sdk\targets\Microsoft.NET.Sdk.targets(201,5): message :       IncrementalClean;
       C:\Program Files\dotnet\sdk\9.0.304\Sdks\Microsoft.NET.Sdk\targets\Microsoft.NET.Sdk.targets(201,5): message :       PostBuildEvent
       C:\Program Files\dotnet\sdk\9.0.304\Sdks\Microsoft.NET.Sdk\targets\Microsoft.NET.Sdk.targets(201,5): message :     ;
       C:\Program Files\dotnet\sdk\9.0.304\Sdks\Microsoft.NET.Sdk\targets\Microsoft.NET.Sdk.targets(201,5): message :       GenerateBuildDependencyFile;
       C:\Program Files\dotnet\sdk\9.0.304\Sdks\Microsoft.NET.Sdk\targets\Microsoft.NET.Sdk.targets(201,5): message :       GenerateBuildRuntimeConfigurationFiles
       C:\Program Files\dotnet\sdk\9.0.304\Sdks\Microsoft.NET.Sdk\targets\Microsoft.NET.Sdk.targets(201,5): message :     " (previous value: "
       C:\Program Files\dotnet\sdk\9.0.304\Sdks\Microsoft.NET.Sdk\targets\Microsoft.NET.Sdk.targets(201,5): message :       BuildOnlySettings;
       C:\Program Files\dotnet\sdk\9.0.304\Sdks\Microsoft.NET.Sdk\targets\Microsoft.NET.Sdk.targets(201,5): message :       PrepareForBuild;
       C:\Program Files\dotnet\sdk\9.0.304\Sdks\Microsoft.NET.Sdk\targets\Microsoft.NET.Sdk.targets(201,5): message :       PreBuildEvent;
       C:\Program Files\dotnet\sdk\9.0.304\Sdks\Microsoft.NET.Sdk\targets\Microsoft.NET.Sdk.targets(201,5): message :       ResolveReferences;
       C:\Program Files\dotnet\sdk\9.0.304\Sdks\Microsoft.NET.Sdk\targets\Microsoft.NET.Sdk.targets(201,5): message :       PrepareResources;
       C:\Program Files\dotnet\sdk\9.0.304\Sdks\Microsoft.NET.Sdk\targets\Microsoft.NET.Sdk.targets(201,5): message :       ResolveKeySource;
       C:\Program Files\dotnet\sdk\9.0.304\Sdks\Microsoft.NET.Sdk\targets\Microsoft.NET.Sdk.targets(201,5): message :       Compile;
       C:\Program Files\dotnet\sdk\9.0.304\Sdks\Microsoft.NET.Sdk\targets\Microsoft.NET.Sdk.targets(201,5): message :       ExportWindowsMDFile;
       C:\Program Files\dotnet\sdk\9.0.304\Sdks\Microsoft.NET.Sdk\targets\Microsoft.NET.Sdk.targets(201,5): message :       UnmanagedUnregistration;
       C:\Program Files\dotnet\sdk\9.0.304\Sdks\Microsoft.NET.Sdk\targets\Microsoft.NET.Sdk.targets(201,5): message :       GenerateSerializationAssemblies;
       C:\Program Files\dotnet\sdk\9.0.304\Sdks\Microsoft.NET.Sdk\targets\Microsoft.NET.Sdk.targets(201,5): message :       CreateSatelliteAssemblies;
       C:\Program Files\dotnet\sdk\9.0.304\Sdks\Microsoft.NET.Sdk\targets\Microsoft.NET.Sdk.targets(201,5): message :       GenerateManifests;
       C:\Program Files\dotnet\sdk\9.0.304\Sdks\Microsoft.NET.Sdk\targets\Microsoft.NET.Sdk.targets(201,5): message :       GetTargetPath;
       C:\Program Files\dotnet\sdk\9.0.304\Sdks\Microsoft.NET.Sdk\targets\Microsoft.NET.Sdk.targets(201,5): message :       PrepareForRun;
       C:\Program Files\dotnet\sdk\9.0.304\Sdks\Microsoft.NET.Sdk\targets\Microsoft.NET.Sdk.targets(201,5): message :       UnmanagedRegistration;
       C:\Program Files\dotnet\sdk\9.0.304\Sdks\Microsoft.NET.Sdk\targets\Microsoft.NET.Sdk.targets(201,5): message :       IncrementalClean;
       C:\Program Files\dotnet\sdk\9.0.304\Sdks\Microsoft.NET.Sdk\targets\Microsoft.NET.Sdk.targets(201,5): message :       PostBuildEvent
       C:\Program Files\dotnet\sdk\9.0.304\Sdks\Microsoft.NET.Sdk\targets\Microsoft.NET.Sdk.targets(201,5): message :     ") at C:\Program Files\dotnet\sdk\9.0.304\Sdks\Microsoft.NET.Sdk\targets\Microsoft.NET.Sdk.targets (201,5)
       C:\Program Files\dotnet\sdk\9.0.304\Sdks\Microsoft.NET.Sdk\targets\Microsoft.NET.Sdk.targets(210,5): message : Property reassignment: $(CoreCleanDependsOn)="
       C:\Program Files\dotnet\sdk\9.0.304\Sdks\Microsoft.NET.Sdk\targets\Microsoft.NET.Sdk.targets(210,5): message :       _SdkBeforeClean;
       C:\Program Files\dotnet\sdk\9.0.304\Sdks\Microsoft.NET.Sdk\targets\Microsoft.NET.Sdk.targets(210,5): message :       
       C:\Program Files\dotnet\sdk\9.0.304\Sdks\Microsoft.NET.Sdk\targets\Microsoft.NET.Sdk.targets(210,5): message :     " (previous value: "") at C:\Program Files\dotnet\sdk\9.0.304\Sdks\Microsoft.NET.Sdk\targets\Microsoft.NET.Sdk.targets (210,5)
       C:\Program Files\dotnet\sdk\9.0.304\Sdks\Microsoft.NET.Sdk\targets\Microsoft.NET.Sdk.targets(217,5): message : Property reassignment: $(RebuildDependsOn)="
       C:\Program Files\dotnet\sdk\9.0.304\Sdks\Microsoft.NET.Sdk\targets\Microsoft.NET.Sdk.targets(217,5): message :       _SdkBeforeRebuild;
       C:\Program Files\dotnet\sdk\9.0.304\Sdks\Microsoft.NET.Sdk\targets\Microsoft.NET.Sdk.targets(217,5): message :       
       C:\Program Files\dotnet\sdk\9.0.304\Sdks\Microsoft.NET.Sdk\targets\Microsoft.NET.Sdk.targets(217,5): message :       BeforeRebuild;
       C:\Program Files\dotnet\sdk\9.0.304\Sdks\Microsoft.NET.Sdk\targets\Microsoft.NET.Sdk.targets(217,5): message :       Clean;
       C:\Program Files\dotnet\sdk\9.0.304\Sdks\Microsoft.NET.Sdk\targets\Microsoft.NET.Sdk.targets(217,5): message :       Build;
       C:\Program Files\dotnet\sdk\9.0.304\Sdks\Microsoft.NET.Sdk\targets\Microsoft.NET.Sdk.targets(217,5): message :       AfterRebuild;
       C:\Program Files\dotnet\sdk\9.0.304\Sdks\Microsoft.NET.Sdk\targets\Microsoft.NET.Sdk.targets(217,5): message :     
       C:\Program Files\dotnet\sdk\9.0.304\Sdks\Microsoft.NET.Sdk\targets\Microsoft.NET.Sdk.targets(217,5): message :     " (previous value: "
       C:\Program Files\dotnet\sdk\9.0.304\Sdks\Microsoft.NET.Sdk\targets\Microsoft.NET.Sdk.targets(217,5): message :       BeforeRebuild;
       C:\Program Files\dotnet\sdk\9.0.304\Sdks\Microsoft.NET.Sdk\targets\Microsoft.NET.Sdk.targets(217,5): message :       Clean;
       C:\Program Files\dotnet\sdk\9.0.304\Sdks\Microsoft.NET.Sdk\targets\Microsoft.NET.Sdk.targets(217,5): message :       Build;
       C:\Program Files\dotnet\sdk\9.0.304\Sdks\Microsoft.NET.Sdk\targets\Microsoft.NET.Sdk.targets(217,5): message :       AfterRebuild;
       C:\Program Files\dotnet\sdk\9.0.304\Sdks\Microsoft.NET.Sdk\targets\Microsoft.NET.Sdk.targets(217,5): message :     ") at C:\Program Files\dotnet\sdk\9.0.304\Sdks\Microsoft.NET.Sdk\targets\Microsoft.NET.Sdk.targets (217,5)
       C:\Program Files\dotnet\sdk\9.0.304\Sdks\Microsoft.NET.Sdk\targets\Microsoft.NET.Sdk.targets(784,5): message : Property reassignment: $(CompileDependsOn)="
       C:\Program Files\dotnet\sdk\9.0.304\Sdks\Microsoft.NET.Sdk\targets\Microsoft.NET.Sdk.targets(784,5): message :       
       C:\Program Files\dotnet\sdk\9.0.304\Sdks\Microsoft.NET.Sdk\targets\Microsoft.NET.Sdk.targets(784,5): message :       ResolveReferences;
       C:\Program Files\dotnet\sdk\9.0.304\Sdks\Microsoft.NET.Sdk\targets\Microsoft.NET.Sdk.targets(784,5): message :       ResolveKeySource;
       C:\Program Files\dotnet\sdk\9.0.304\Sdks\Microsoft.NET.Sdk\targets\Microsoft.NET.Sdk.targets(784,5): message :       SetWin32ManifestProperties;
       C:\Program Files\dotnet\sdk\9.0.304\Sdks\Microsoft.NET.Sdk\targets\Microsoft.NET.Sdk.targets(784,5): message :       _SetPreferNativeArm64Win32ManifestProperties;
       C:\Program Files\dotnet\sdk\9.0.304\Sdks\Microsoft.NET.Sdk\targets\Microsoft.NET.Sdk.targets(784,5): message :       FindReferenceAssembliesForReferences;
       C:\Program Files\dotnet\sdk\9.0.304\Sdks\Microsoft.NET.Sdk\targets\Microsoft.NET.Sdk.targets(784,5): message :       _GenerateCompileInputs;
       C:\Program Files\dotnet\sdk\9.0.304\Sdks\Microsoft.NET.Sdk\targets\Microsoft.NET.Sdk.targets(784,5): message :       BeforeCompile;
       C:\Program Files\dotnet\sdk\9.0.304\Sdks\Microsoft.NET.Sdk\targets\Microsoft.NET.Sdk.targets(784,5): message :       _TimeStampBeforeCompile;
       C:\Program Files\dotnet\sdk\9.0.304\Sdks\Microsoft.NET.Sdk\targets\Microsoft.NET.Sdk.targets(784,5): message :       _GenerateCompileDependencyCache;
       C:\Program Files\dotnet\sdk\9.0.304\Sdks\Microsoft.NET.Sdk\targets\Microsoft.NET.Sdk.targets(784,5): message :       CoreCompile;
       C:\Program Files\dotnet\sdk\9.0.304\Sdks\Microsoft.NET.Sdk\targets\Microsoft.NET.Sdk.targets(784,5): message :       _TimeStampAfterCompile;
       C:\Program Files\dotnet\sdk\9.0.304\Sdks\Microsoft.NET.Sdk\targets\Microsoft.NET.Sdk.targets(784,5): message :       AfterCompile;
       C:\Program Files\dotnet\sdk\9.0.304\Sdks\Microsoft.NET.Sdk\targets\Microsoft.NET.Sdk.targets(784,5): message :     ;
       C:\Program Files\dotnet\sdk\9.0.304\Sdks\Microsoft.NET.Sdk\targets\Microsoft.NET.Sdk.targets(784,5): message :       _CreateAppHost;
       C:\Program Files\dotnet\sdk\9.0.304\Sdks\Microsoft.NET.Sdk\targets\Microsoft.NET.Sdk.targets(784,5): message :       _CreateComHost;
       C:\Program Files\dotnet\sdk\9.0.304\Sdks\Microsoft.NET.Sdk\targets\Microsoft.NET.Sdk.targets(784,5): message :       _GetIjwHostPaths;
       C:\Program Files\dotnet\sdk\9.0.304\Sdks\Microsoft.NET.Sdk\targets\Microsoft.NET.Sdk.targets(784,5): message :     " (previous value: "
       C:\Program Files\dotnet\sdk\9.0.304\Sdks\Microsoft.NET.Sdk\targets\Microsoft.NET.Sdk.targets(784,5): message :       ResolveReferences;
       C:\Program Files\dotnet\sdk\9.0.304\Sdks\Microsoft.NET.Sdk\targets\Microsoft.NET.Sdk.targets(784,5): message :       ResolveKeySource;
       C:\Program Files\dotnet\sdk\9.0.304\Sdks\Microsoft.NET.Sdk\targets\Microsoft.NET.Sdk.targets(784,5): message :       SetWin32ManifestProperties;
       C:\Program Files\dotnet\sdk\9.0.304\Sdks\Microsoft.NET.Sdk\targets\Microsoft.NET.Sdk.targets(784,5): message :       _SetPreferNativeArm64Win32ManifestProperties;
       C:\Program Files\dotnet\sdk\9.0.304\Sdks\Microsoft.NET.Sdk\targets\Microsoft.NET.Sdk.targets(784,5): message :       FindReferenceAssembliesForReferences;
       C:\Program Files\dotnet\sdk\9.0.304\Sdks\Microsoft.NET.Sdk\targets\Microsoft.NET.Sdk.targets(784,5): message :       _GenerateCompileInputs;
       C:\Program Files\dotnet\sdk\9.0.304\Sdks\Microsoft.NET.Sdk\targets\Microsoft.NET.Sdk.targets(784,5): message :       BeforeCompile;
       C:\Program Files\dotnet\sdk\9.0.304\Sdks\Microsoft.NET.Sdk\targets\Microsoft.NET.Sdk.targets(784,5): message :       _TimeStampBeforeCompile;
       C:\Program Files\dotnet\sdk\9.0.304\Sdks\Microsoft.NET.Sdk\targets\Microsoft.NET.Sdk.targets(784,5): message :       _GenerateCompileDependencyCache;
       C:\Program Files\dotnet\sdk\9.0.304\Sdks\Microsoft.NET.Sdk\targets\Microsoft.NET.Sdk.targets(784,5): message :       CoreCompile;
       C:\Program Files\dotnet\sdk\9.0.304\Sdks\Microsoft.NET.Sdk\targets\Microsoft.NET.Sdk.targets(784,5): message :       _TimeStampAfterCompile;
       C:\Program Files\dotnet\sdk\9.0.304\Sdks\Microsoft.NET.Sdk\targets\Microsoft.NET.Sdk.targets(784,5): message :       AfterCompile;
       C:\Program Files\dotnet\sdk\9.0.304\Sdks\Microsoft.NET.Sdk\targets\Microsoft.NET.Sdk.targets(784,5): message :     ") at C:\Program Files\dotnet\sdk\9.0.304\Sdks\Microsoft.NET.Sdk\targets\Microsoft.NET.Sdk.targets (784,5)
       C:\Program Files\dotnet\sdk\9.0.304\Sdks\Microsoft.NET.Sdk\targets\Microsoft.NET.Sdk.targets(1184,5): message : Property reassignment: $(CreateSatelliteAssembliesDependsOn)="
       C:\Program Files\dotnet\sdk\9.0.304\Sdks\Microsoft.NET.Sdk\targets\Microsoft.NET.Sdk.targets(1184,5): message :       
       C:\Program Files\dotnet\sdk\9.0.304\Sdks\Microsoft.NET.Sdk\targets\Microsoft.NET.Sdk.targets(1184,5): message :       ;
       C:\Program Files\dotnet\sdk\9.0.304\Sdks\Microsoft.NET.Sdk\targets\Microsoft.NET.Sdk.targets(1184,5): message :       _GenerateSatelliteAssemblyInputs;
       C:\Program Files\dotnet\sdk\9.0.304\Sdks\Microsoft.NET.Sdk\targets\Microsoft.NET.Sdk.targets(1184,5): message :       ComputeIntermediateSatelliteAssemblies;
       C:\Program Files\dotnet\sdk\9.0.304\Sdks\Microsoft.NET.Sdk\targets\Microsoft.NET.Sdk.targets(1184,5): message :       GenerateSatelliteAssemblies
       C:\Program Files\dotnet\sdk\9.0.304\Sdks\Microsoft.NET.Sdk\targets\Microsoft.NET.Sdk.targets(1184,5): message :     ;
       C:\Program Files\dotnet\sdk\9.0.304\Sdks\Microsoft.NET.Sdk\targets\Microsoft.NET.Sdk.targets(1184,5): message :       CoreGenerateSatelliteAssemblies
       C:\Program Files\dotnet\sdk\9.0.304\Sdks\Microsoft.NET.Sdk\targets\Microsoft.NET.Sdk.targets(1184,5): message :     " (previous value: "
       C:\Program Files\dotnet\sdk\9.0.304\Sdks\Microsoft.NET.Sdk\targets\Microsoft.NET.Sdk.targets(1184,5): message :       ;
       C:\Program Files\dotnet\sdk\9.0.304\Sdks\Microsoft.NET.Sdk\targets\Microsoft.NET.Sdk.targets(1184,5): message :       _GenerateSatelliteAssemblyInputs;
       C:\Program Files\dotnet\sdk\9.0.304\Sdks\Microsoft.NET.Sdk\targets\Microsoft.NET.Sdk.targets(1184,5): message :       ComputeIntermediateSatelliteAssemblies;
       C:\Program Files\dotnet\sdk\9.0.304\Sdks\Microsoft.NET.Sdk\targets\Microsoft.NET.Sdk.targets(1184,5): message :       GenerateSatelliteAssemblies
       C:\Program Files\dotnet\sdk\9.0.304\Sdks\Microsoft.NET.Sdk\targets\Microsoft.NET.Sdk.targets(1184,5): message :     ") at C:\Program Files\dotnet\sdk\9.0.304\Sdks\Microsoft.NET.Sdk\targets\Microsoft.NET.Sdk.targets (1184,5)
       C:\Program Files\dotnet\sdk\9.0.304\Sdks\Microsoft.SourceLink.GitLab\build\Microsoft.SourceLink.GitLab.targets(12,5): message : Property reassignment: $(SourceLinkUrlInitializerTargets)=";_InitializeGitHubSourceLinkUrl;_InitializeGitLabSourceLinkUrl" (previous value: ";_InitializeGitHubSourceLinkUrl") at C:\Program Files\dotnet\sdk\9.0.304\Sdks\Microsoft.SourceLink.GitLab\build\Microsoft.SourceLink.GitLab.targets (12,5)
       C:\Program Files\dotnet\sdk\9.0.304\Sdks\Microsoft.SourceLink.GitLab\build\Microsoft.SourceLink.GitLab.targets(13,5): message : Property reassignment: $(SourceControlManagerUrlTranslationTargets)=";TranslateGitHubUrlsInSourceControlInformation;TranslateGitLabUrlsInSourceControlInformation" (previous value: ";TranslateGitHubUrlsInSourceControlInformation") at C:\Program Files\dotnet\sdk\9.0.304\Sdks\Microsoft.SourceLink.GitLab\build\Microsoft.SourceLink.GitLab.targets (13,5)
       C:\Program Files\dotnet\sdk\9.0.304\Sdks\Microsoft.SourceLink.AzureRepos.Git\build\Microsoft.SourceLink.AzureRepos.Git.targets(12,5): message : Property reassignment: $(SourceLinkUrlInitializerTargets)=";_InitializeGitHubSourceLinkUrl;_InitializeGitLabSourceLinkUrl;_InitializeAzureReposGitSourceLinkUrl" (previous value: ";_InitializeGitHubSourceLinkUrl;_InitializeGitLabSourceLinkUrl") at C:\Program Files\dotnet\sdk\9.0.304\Sdks\Microsoft.SourceLink.AzureRepos.Git\build\Microsoft.SourceLink.AzureRepos.Git.targets (12,5)
       C:\Program Files\dotnet\sdk\9.0.304\Sdks\Microsoft.SourceLink.AzureRepos.Git\build\Microsoft.SourceLink.AzureRepos.Git.targets(13,5): message : Property reassignment: $(SourceControlManagerUrlTranslationTargets)=";TranslateGitHubUrlsInSourceControlInformation;TranslateGitLabUrlsInSourceControlInformation;TranslateAzureReposGitUrlsInSourceControlInformation" (previous value: ";TranslateGitHubUrlsInSourceControlInformation;TranslateGitLabUrlsInSourceControlInformation") at C:\Program Files\dotnet\sdk\9.0.304\Sdks\Microsoft.SourceLink.AzureRepos.Git\build\Microsoft.SourceLink.AzureRepos.Git.targets (13,5)
       C:\Program Files\dotnet\sdk\9.0.304\Sdks\Microsoft.SourceLink.Bitbucket.Git\build\Microsoft.SourceLink.Bitbucket.Git.targets(12,5): message : Property reassignment: $(SourceLinkUrlInitializerTargets)=";_InitializeGitHubSourceLinkUrl;_InitializeGitLabSourceLinkUrl;_InitializeAzureReposGitSourceLinkUrl;_InitializeBitbucketGitSourceLinkUrl" (previous value: ";_InitializeGitHubSourceLinkUrl;_InitializeGitLabSourceLinkUrl;_InitializeAzureReposGitSourceLinkUrl") at C:\Program Files\dotnet\sdk\9.0.304\Sdks\Microsoft.SourceLink.Bitbucket.Git\build\Microsoft.SourceLink.Bitbucket.Git.targets (12,5)
       C:\Program Files\dotnet\sdk\9.0.304\Sdks\Microsoft.SourceLink.Bitbucket.Git\build\Microsoft.SourceLink.Bitbucket.Git.targets(13,5): message : Property reassignment: $(SourceControlManagerUrlTranslationTargets)=";TranslateGitHubUrlsInSourceControlInformation;TranslateGitLabUrlsInSourceControlInformation;TranslateAzureReposGitUrlsInSourceControlInformation;TranslateBitbucketGitUrlsInSourceControlInformation" (previous value: ";TranslateGitHubUrlsInSourceControlInformation;TranslateGitLabUrlsInSourceControlInformation;TranslateAzureReposGitUrlsInSourceControlInformation") at C:\Program Files\dotnet\sdk\9.0.304\Sdks\Microsoft.SourceLink.Bitbucket.Git\build\Microsoft.SourceLink.Bitbucket.Git.targets (13,5)
       C:\Program Files\dotnet\sdk\9.0.304\Sdks\Microsoft.NET.Sdk\targets\Microsoft.NET.DesignerSupport.targets(21,5): message : Property reassignment: $(DesignerRuntimeImplementationProjectOutputGroupDependsOn)="
       C:\Program Files\dotnet\sdk\9.0.304\Sdks\Microsoft.NET.Sdk\targets\Microsoft.NET.DesignerSupport.targets(21,5): message :       
       C:\Program Files\dotnet\sdk\9.0.304\Sdks\Microsoft.NET.Sdk\targets\Microsoft.NET.DesignerSupport.targets(21,5): message :       ;
       C:\Program Files\dotnet\sdk\9.0.304\Sdks\Microsoft.NET.Sdk\targets\Microsoft.NET.DesignerSupport.targets(21,5): message :       
       C:\Program Files\dotnet\sdk\9.0.304\Sdks\Microsoft.NET.Sdk\targets\Microsoft.NET.DesignerSupport.targets(21,5): message :       ;
       C:\Program Files\dotnet\sdk\9.0.304\Sdks\Microsoft.NET.Sdk\targets\Microsoft.NET.DesignerSupport.targets(21,5): message :       BuildOnlySettings;
       C:\Program Files\dotnet\sdk\9.0.304\Sdks\Microsoft.NET.Sdk\targets\Microsoft.NET.DesignerSupport.targets(21,5): message :       PrepareForBuild;
       C:\Program Files\dotnet\sdk\9.0.304\Sdks\Microsoft.NET.Sdk\targets\Microsoft.NET.DesignerSupport.targets(21,5): message :       AssignTargetPaths;
       C:\Program Files\dotnet\sdk\9.0.304\Sdks\Microsoft.NET.Sdk\targets\Microsoft.NET.DesignerSupport.targets(21,5): message :       ResolveReferences
       C:\Program Files\dotnet\sdk\9.0.304\Sdks\Microsoft.NET.Sdk\targets\Microsoft.NET.DesignerSupport.targets(21,5): message :     
       C:\Program Files\dotnet\sdk\9.0.304\Sdks\Microsoft.NET.Sdk\targets\Microsoft.NET.DesignerSupport.targets(21,5): message :     ;
       C:\Program Files\dotnet\sdk\9.0.304\Sdks\Microsoft.NET.Sdk\targets\Microsoft.NET.DesignerSupport.targets(21,5): message :       _GenerateDesignerDepsFile;
       C:\Program Files\dotnet\sdk\9.0.304\Sdks\Microsoft.NET.Sdk\targets\Microsoft.NET.DesignerSupport.targets(21,5): message :       _GenerateDesignerRuntimeConfigFile;
       C:\Program Files\dotnet\sdk\9.0.304\Sdks\Microsoft.NET.Sdk\targets\Microsoft.NET.DesignerSupport.targets(21,5): message :       GetCopyToOutputDirectoryItems;
       C:\Program Files\dotnet\sdk\9.0.304\Sdks\Microsoft.NET.Sdk\targets\Microsoft.NET.DesignerSupport.targets(21,5): message :       _GatherDesignerShadowCopyFiles;
       C:\Program Files\dotnet\sdk\9.0.304\Sdks\Microsoft.NET.Sdk\targets\Microsoft.NET.DesignerSupport.targets(21,5): message :     " (previous value: "
       C:\Program Files\dotnet\sdk\9.0.304\Sdks\Microsoft.NET.Sdk\targets\Microsoft.NET.DesignerSupport.targets(21,5): message :       ;
       C:\Program Files\dotnet\sdk\9.0.304\Sdks\Microsoft.NET.Sdk\targets\Microsoft.NET.DesignerSupport.targets(21,5): message :       
       C:\Program Files\dotnet\sdk\9.0.304\Sdks\Microsoft.NET.Sdk\targets\Microsoft.NET.DesignerSupport.targets(21,5): message :       ;
       C:\Program Files\dotnet\sdk\9.0.304\Sdks\Microsoft.NET.Sdk\targets\Microsoft.NET.DesignerSupport.targets(21,5): message :       BuildOnlySettings;
       C:\Program Files\dotnet\sdk\9.0.304\Sdks\Microsoft.NET.Sdk\targets\Microsoft.NET.DesignerSupport.targets(21,5): message :       PrepareForBuild;
       C:\Program Files\dotnet\sdk\9.0.304\Sdks\Microsoft.NET.Sdk\targets\Microsoft.NET.DesignerSupport.targets(21,5): message :       AssignTargetPaths;
       C:\Program Files\dotnet\sdk\9.0.304\Sdks\Microsoft.NET.Sdk\targets\Microsoft.NET.DesignerSupport.targets(21,5): message :       ResolveReferences
       C:\Program Files\dotnet\sdk\9.0.304\Sdks\Microsoft.NET.Sdk\targets\Microsoft.NET.DesignerSupport.targets(21,5): message :     
       C:\Program Files\dotnet\sdk\9.0.304\Sdks\Microsoft.NET.Sdk\targets\Microsoft.NET.DesignerSupport.targets(21,5): message :     ") at C:\Program Files\dotnet\sdk\9.0.304\Sdks\Microsoft.NET.Sdk\targets\Microsoft.NET.DesignerSupport.targets (21,5)
       C:\Program Files\dotnet\sdk\9.0.304\Sdks\Microsoft.NET.Sdk\targets\Microsoft.NET.PackTool.targets(68,5): message : Property reassignment: $(_GenerateToolsSettingsFileCacheFile)="C:\Projects\BlueSky\backend\obj\Debug\net9.0\BSkyClone.toolssettingsinput.cache" (previous value: "obj\Debug\net9.0\BSkyClone.toolssettingsinput.cache") at C:\Program Files\dotnet\sdk\9.0.304\Sdks\Microsoft.NET.Sdk\targets\Microsoft.NET.PackTool.targets (68,5)
       C:\Program Files\dotnet\sdk\9.0.304\Sdks\Microsoft.NET.Sdk\targets\Microsoft.NET.PackTool.targets(137,5): message : Property reassignment: $(_ShimInputCacheFile)="C:\Projects\BlueSky\backend\obj\Debug\net9.0\BSkyClone.shiminput.cache" (previous value: "obj\Debug\net9.0\BSkyClone.shiminput.cache") at C:\Program Files\dotnet\sdk\9.0.304\Sdks\Microsoft.NET.Sdk\targets\Microsoft.NET.PackTool.targets (137,5)
       C:\Program Files\dotnet\sdk\9.0.304\Sdks\Microsoft.NET.Sdk\targets\Microsoft.NET.PackTool.targets(139,5): message : Property reassignment: $(_ShimCreatedSentinelFile)="C:\Projects\BlueSky\backend\obj\Debug\net9.0\BSkyClone.shimcreated.sentinel" (previous value: "obj\Debug\net9.0\BSkyClone.shimcreated.sentinel") at C:\Program Files\dotnet\sdk\9.0.304\Sdks\Microsoft.NET.Sdk\targets\Microsoft.NET.PackTool.targets (139,5)
       C:\Program Files\dotnet\sdk\9.0.304\Sdks\Microsoft.NET.Sdk\targets\Microsoft.NET.Sdk.CSharp.targets(31,5): message : Property reassignment: $(DefineConstants)="TRACE;DEBUG" (previous value: "TRACE") at C:\Program Files\dotnet\sdk\9.0.304\Sdks\Microsoft.NET.Sdk\targets\Microsoft.NET.Sdk.CSharp.targets (31,5)
       C:\Program Files\dotnet\sdk\9.0.304\Sdks\Microsoft.NET.Sdk\targets\Microsoft.NET.Sdk.CSharp.targets(34,5): message : Property reassignment: $(DefineConstants)="TRACE;DEBUG;NET;NET9_0;NETCOREAPP" (previous value: "TRACE;DEBUG") at C:\Program Files\dotnet\sdk\9.0.304\Sdks\Microsoft.NET.Sdk\targets\Microsoft.NET.Sdk.CSharp.targets (34,5)
       C:\Program Files\dotnet\sdk\9.0.304\Sdks\Microsoft.NET.Sdk\targets\Microsoft.NET.Sdk.CSharp.targets(48,5): message : Property reassignment: $(WarningsAsErrors)=";NU1605;SYSLIB0011" (previous value: ";NU1605") at C:\Program Files\dotnet\sdk\9.0.304\Sdks\Microsoft.NET.Sdk\targets\Microsoft.NET.Sdk.CSharp.targets (48,5)
       C:\Program Files\dotnet\sdk\9.0.304\Sdks\NuGet.Build.Tasks.Pack\build\NuGet.Build.Tasks.Pack.targets(34,5): message : Property reassignment: $(PackageDescription)="Package Description" (previous value: "") at C:\Program Files\dotnet\sdk\9.0.304\Sdks\NuGet.Build.Tasks.Pack\build\NuGet.Build.Tasks.Pack.targets (34,5)
       C:\Program Files\dotnet\sdk\9.0.304\Sdks\NuGet.Build.Tasks.Pack\build\NuGet.Build.Tasks.Pack.targets(59,5): message : Property reassignment: $(GenerateNuspecDependsOn)="Build;_LoadPackInputItems; _GetTargetFrameworksOutput; _WalkEachTargetPerFramework; _GetPackageFiles; " (previous value: "_LoadPackInputItems; _GetTargetFrameworksOutput; _WalkEachTargetPerFramework; _GetPackageFiles; ") at C:\Program Files\dotnet\sdk\9.0.304\Sdks\NuGet.Build.Tasks.Pack\build\NuGet.Build.Tasks.Pack.targets (59,5)
       C:\Program Files\dotnet\sdk\9.0.304\Sdks\Microsoft.NET.Sdk\Sdk\Sdk.targets(60,5): message : Property reassignment: $(_IsNotSetContainersTargetsDir)="true" (previous value: "false") at C:\Program Files\dotnet\sdk\9.0.304\Sdks\Microsoft.NET.Sdk\Sdk\Sdk.targets (60,5)
       C:\Program Files\dotnet\sdk\9.0.304\Containers\build\Microsoft.NET.Build.Containers.targets(5,5): message : Property reassignment: $(_IsSDKContainerAllowedVersion)="true" (previous value: "false") at C:\Program Files\dotnet\sdk\9.0.304\Containers\build\Microsoft.NET.Build.Containers.targets (5,5)
       C:\Program Files\dotnet\sdk\9.0.304\Containers\build\Microsoft.NET.Build.Containers.targets(15,5): message : Property reassignment: $(_ContainerIsTargetingNet8TFM)="true" (previous value: "false") at C:\Program Files\dotnet\sdk\9.0.304\Containers\build\Microsoft.NET.Build.Containers.targets (15,5)
       C:\Program Files\dotnet\sdk\9.0.304\Sdks\Microsoft.NET.Sdk.StaticWebAssets\targets\Sdk.StaticWebAssets.CurrentVersion.targets(37,18): message : Property 'DOTNET_HOST_PATH' with value 'C:\Program Files\dotnet\dotnet.exe' expanded from the environment.
       C:\Program Files\dotnet\sdk\9.0.304\Sdks\Microsoft.NET.Sdk.StaticWebAssets\targets\Microsoft.NET.Sdk.StaticWebAssets.targets(286,5): message : Property reassignment: $(PrepareForRunDependsOn)="StaticWebAssetsPrepareForRun;
       C:\Program Files\dotnet\sdk\9.0.304\Sdks\Microsoft.NET.Sdk.StaticWebAssets\targets\Microsoft.NET.Sdk.StaticWebAssets.targets(286,5): message :       CopyFilesToOutputDirectory
       C:\Program Files\dotnet\sdk\9.0.304\Sdks\Microsoft.NET.Sdk.StaticWebAssets\targets\Microsoft.NET.Sdk.StaticWebAssets.targets(286,5): message :     " (previous value: "
       C:\Program Files\dotnet\sdk\9.0.304\Sdks\Microsoft.NET.Sdk.StaticWebAssets\targets\Microsoft.NET.Sdk.StaticWebAssets.targets(286,5): message :       CopyFilesToOutputDirectory
       C:\Program Files\dotnet\sdk\9.0.304\Sdks\Microsoft.NET.Sdk.StaticWebAssets\targets\Microsoft.NET.Sdk.StaticWebAssets.targets(286,5): message :     ") at C:\Program Files\dotnet\sdk\9.0.304\Sdks\Microsoft.NET.Sdk.StaticWebAssets\targets\Microsoft.NET.Sdk.StaticWebAssets.targets (286,5)
       C:\Program Files\dotnet\sdk\9.0.304\Sdks\Microsoft.NET.Sdk.StaticWebAssets\targets\Microsoft.NET.Sdk.StaticWebAssets.targets(323,5): message : Property reassignment: $(GetCopyToOutputDirectoryItemsDependsOn)="
       C:\Program Files\dotnet\sdk\9.0.304\Sdks\Microsoft.NET.Sdk.StaticWebAssets\targets\Microsoft.NET.Sdk.StaticWebAssets.targets(323,5): message :       AssignTargetPaths;
       C:\Program Files\dotnet\sdk\9.0.304\Sdks\Microsoft.NET.Sdk.StaticWebAssets\targets\Microsoft.NET.Sdk.StaticWebAssets.targets(323,5): message :       
       C:\Program Files\dotnet\sdk\9.0.304\Sdks\Microsoft.NET.Sdk.StaticWebAssets\targets\Microsoft.NET.Sdk.StaticWebAssets.targets(323,5): message :       AssignProjectConfiguration;
       C:\Program Files\dotnet\sdk\9.0.304\Sdks\Microsoft.NET.Sdk.StaticWebAssets\targets\Microsoft.NET.Sdk.StaticWebAssets.targets(323,5): message :       _SplitProjectReferencesByFileExistence
       C:\Program Files\dotnet\sdk\9.0.304\Sdks\Microsoft.NET.Sdk.StaticWebAssets\targets\Microsoft.NET.Sdk.StaticWebAssets.targets(323,5): message :     ;
       C:\Program Files\dotnet\sdk\9.0.304\Sdks\Microsoft.NET.Sdk.StaticWebAssets\targets\Microsoft.NET.Sdk.StaticWebAssets.targets(323,5): message :       _GetProjectReferenceTargetFrameworkProperties;
       C:\Program Files\dotnet\sdk\9.0.304\Sdks\Microsoft.NET.Sdk.StaticWebAssets\targets\Microsoft.NET.Sdk.StaticWebAssets.targets(323,5): message :       _PopulateCommonStateForGetCopyToOutputDirectoryItems
       C:\Program Files\dotnet\sdk\9.0.304\Sdks\Microsoft.NET.Sdk.StaticWebAssets\targets\Microsoft.NET.Sdk.StaticWebAssets.targets(323,5): message :     ;AddStaticWebAssetsManifest;AddStaticWebAssetEndpointsBuildManifest" (previous value: "
       C:\Program Files\dotnet\sdk\9.0.304\Sdks\Microsoft.NET.Sdk.StaticWebAssets\targets\Microsoft.NET.Sdk.StaticWebAssets.targets(323,5): message :       AssignTargetPaths;
       C:\Program Files\dotnet\sdk\9.0.304\Sdks\Microsoft.NET.Sdk.StaticWebAssets\targets\Microsoft.NET.Sdk.StaticWebAssets.targets(323,5): message :       
       C:\Program Files\dotnet\sdk\9.0.304\Sdks\Microsoft.NET.Sdk.StaticWebAssets\targets\Microsoft.NET.Sdk.StaticWebAssets.targets(323,5): message :       AssignProjectConfiguration;
       C:\Program Files\dotnet\sdk\9.0.304\Sdks\Microsoft.NET.Sdk.StaticWebAssets\targets\Microsoft.NET.Sdk.StaticWebAssets.targets(323,5): message :       _SplitProjectReferencesByFileExistence
       C:\Program Files\dotnet\sdk\9.0.304\Sdks\Microsoft.NET.Sdk.StaticWebAssets\targets\Microsoft.NET.Sdk.StaticWebAssets.targets(323,5): message :     ;
       C:\Program Files\dotnet\sdk\9.0.304\Sdks\Microsoft.NET.Sdk.StaticWebAssets\targets\Microsoft.NET.Sdk.StaticWebAssets.targets(323,5): message :       _GetProjectReferenceTargetFrameworkProperties;
       C:\Program Files\dotnet\sdk\9.0.304\Sdks\Microsoft.NET.Sdk.StaticWebAssets\targets\Microsoft.NET.Sdk.StaticWebAssets.targets(323,5): message :       _PopulateCommonStateForGetCopyToOutputDirectoryItems
       C:\Program Files\dotnet\sdk\9.0.304\Sdks\Microsoft.NET.Sdk.StaticWebAssets\targets\Microsoft.NET.Sdk.StaticWebAssets.targets(323,5): message :     ") at C:\Program Files\dotnet\sdk\9.0.304\Sdks\Microsoft.NET.Sdk.StaticWebAssets\targets\Microsoft.NET.Sdk.StaticWebAssets.targets (323,5)
       C:\Program Files\dotnet\sdk\9.0.304\Sdks\Microsoft.NET.Sdk.StaticWebAssets\targets\Microsoft.NET.Sdk.StaticWebAssets.Pack.targets(46,5): message : Property reassignment: $(GenerateNuspecDependsOn)="
       C:\Program Files\dotnet\sdk\9.0.304\Sdks\Microsoft.NET.Sdk.StaticWebAssets\targets\Microsoft.NET.Sdk.StaticWebAssets.Pack.targets(46,5): message :       IncludeStaticWebAssetsPackItems;
       C:\Program Files\dotnet\sdk\9.0.304\Sdks\Microsoft.NET.Sdk.StaticWebAssets\targets\Microsoft.NET.Sdk.StaticWebAssets.Pack.targets(46,5): message :       Build;_LoadPackInputItems; _GetTargetFrameworksOutput; _WalkEachTargetPerFramework; _GetPackageFiles; ;
       C:\Program Files\dotnet\sdk\9.0.304\Sdks\Microsoft.NET.Sdk.StaticWebAssets\targets\Microsoft.NET.Sdk.StaticWebAssets.Pack.targets(46,5): message :     " (previous value: "Build;_LoadPackInputItems; _GetTargetFrameworksOutput; _WalkEachTargetPerFramework; _GetPackageFiles; ") at C:\Program Files\dotnet\sdk\9.0.304\Sdks\Microsoft.NET.Sdk.StaticWebAssets\targets\Microsoft.NET.Sdk.StaticWebAssets.Pack.targets (46,5)
       C:\Program Files\dotnet\sdk\9.0.304\Sdks\Microsoft.NET.Sdk.StaticWebAssets\targets\Microsoft.NET.Sdk.StaticWebAssets.Pack.targets(55,5): message : Property reassignment: $(IncludeStaticWebAssetsPackItemsDependsOn)="
       C:\Program Files\dotnet\sdk\9.0.304\Sdks\Microsoft.NET.Sdk.StaticWebAssets\targets\Microsoft.NET.Sdk.StaticWebAssets.Pack.targets(55,5): message :       Build;
       C:\Program Files\dotnet\sdk\9.0.304\Sdks\Microsoft.NET.Sdk.StaticWebAssets\targets\Microsoft.NET.Sdk.StaticWebAssets.Pack.targets(55,5): message :       ResolveStaticWebAssetsConfiguration;LoadStaticWebAssetsBuildManifest
       C:\Program Files\dotnet\sdk\9.0.304\Sdks\Microsoft.NET.Sdk.StaticWebAssets\targets\Microsoft.NET.Sdk.StaticWebAssets.Pack.targets(55,5): message :     ;
       C:\Program Files\dotnet\sdk\9.0.304\Sdks\Microsoft.NET.Sdk.StaticWebAssets\targets\Microsoft.NET.Sdk.StaticWebAssets.Pack.targets(55,5): message :     " (previous value: "
       C:\Program Files\dotnet\sdk\9.0.304\Sdks\Microsoft.NET.Sdk.StaticWebAssets\targets\Microsoft.NET.Sdk.StaticWebAssets.Pack.targets(55,5): message :       ResolveStaticWebAssetsConfiguration;LoadStaticWebAssetsBuildManifest
       C:\Program Files\dotnet\sdk\9.0.304\Sdks\Microsoft.NET.Sdk.StaticWebAssets\targets\Microsoft.NET.Sdk.StaticWebAssets.Pack.targets(55,5): message :     ") at C:\Program Files\dotnet\sdk\9.0.304\Sdks\Microsoft.NET.Sdk.StaticWebAssets\targets\Microsoft.NET.Sdk.StaticWebAssets.Pack.targets (55,5)
       C:\Program Files\dotnet\sdk\9.0.304\Sdks\Microsoft.NET.Sdk.StaticWebAssets\targets\Microsoft.NET.Sdk.StaticWebAssets.ScopedCss.targets(55,3): message : Property reassignment: $(ResolveStaticWebAssetsInputsDependsOn)="
       C:\Program Files\dotnet\sdk\9.0.304\Sdks\Microsoft.NET.Sdk.StaticWebAssets\targets\Microsoft.NET.Sdk.StaticWebAssets.ScopedCss.targets(55,3): message :     
       C:\Program Files\dotnet\sdk\9.0.304\Sdks\Microsoft.NET.Sdk.StaticWebAssets\targets\Microsoft.NET.Sdk.StaticWebAssets.ScopedCss.targets(55,3): message :       ResolveCoreStaticWebAssets;
       C:\Program Files\dotnet\sdk\9.0.304\Sdks\Microsoft.NET.Sdk.StaticWebAssets\targets\Microsoft.NET.Sdk.StaticWebAssets.ScopedCss.targets(55,3): message :       GenerateComputedBuildStaticWebAssets;
       C:\Program Files\dotnet\sdk\9.0.304\Sdks\Microsoft.NET.Sdk.StaticWebAssets\targets\Microsoft.NET.Sdk.StaticWebAssets.ScopedCss.targets(55,3): message :       
       C:\Program Files\dotnet\sdk\9.0.304\Sdks\Microsoft.NET.Sdk.StaticWebAssets\targets\Microsoft.NET.Sdk.StaticWebAssets.ScopedCss.targets(55,3): message :     ;
       C:\Program Files\dotnet\sdk\9.0.304\Sdks\Microsoft.NET.Sdk.StaticWebAssets\targets\Microsoft.NET.Sdk.StaticWebAssets.ScopedCss.targets(55,3): message :     ResolveScopedCssAssets;
       C:\Program Files\dotnet\sdk\9.0.304\Sdks\Microsoft.NET.Sdk.StaticWebAssets\targets\Microsoft.NET.Sdk.StaticWebAssets.ScopedCss.targets(55,3): message :   " (previous value: "
       C:\Program Files\dotnet\sdk\9.0.304\Sdks\Microsoft.NET.Sdk.StaticWebAssets\targets\Microsoft.NET.Sdk.StaticWebAssets.ScopedCss.targets(55,3): message :       ResolveCoreStaticWebAssets;
       C:\Program Files\dotnet\sdk\9.0.304\Sdks\Microsoft.NET.Sdk.StaticWebAssets\targets\Microsoft.NET.Sdk.StaticWebAssets.ScopedCss.targets(55,3): message :       GenerateComputedBuildStaticWebAssets;
       C:\Program Files\dotnet\sdk\9.0.304\Sdks\Microsoft.NET.Sdk.StaticWebAssets\targets\Microsoft.NET.Sdk.StaticWebAssets.ScopedCss.targets(55,3): message :       
       C:\Program Files\dotnet\sdk\9.0.304\Sdks\Microsoft.NET.Sdk.StaticWebAssets\targets\Microsoft.NET.Sdk.StaticWebAssets.ScopedCss.targets(55,3): message :     ") at C:\Program Files\dotnet\sdk\9.0.304\Sdks\Microsoft.NET.Sdk.StaticWebAssets\targets\Microsoft.NET.Sdk.StaticWebAssets.ScopedCss.targets (55,3)
       C:\Program Files\dotnet\sdk\9.0.304\Sdks\Microsoft.NET.Sdk.StaticWebAssets\targets\Microsoft.NET.Sdk.StaticWebAssets.ScopedCss.targets(88,3): message : Property reassignment: $(GenerateComputedBuildStaticWebAssetsDependsOn)="
       C:\Program Files\dotnet\sdk\9.0.304\Sdks\Microsoft.NET.Sdk.StaticWebAssets\targets\Microsoft.NET.Sdk.StaticWebAssets.ScopedCss.targets(88,3): message :     ResolveCoreStaticWebAssets;;
       C:\Program Files\dotnet\sdk\9.0.304\Sdks\Microsoft.NET.Sdk.StaticWebAssets\targets\Microsoft.NET.Sdk.StaticWebAssets.ScopedCss.targets(88,3): message :     BundleScopedCssFiles;
       C:\Program Files\dotnet\sdk\9.0.304\Sdks\Microsoft.NET.Sdk.StaticWebAssets\targets\Microsoft.NET.Sdk.StaticWebAssets.ScopedCss.targets(88,3): message :   " (previous value: "ResolveCoreStaticWebAssets;") at C:\Program Files\dotnet\sdk\9.0.304\Sdks\Microsoft.NET.Sdk.StaticWebAssets\targets\Microsoft.NET.Sdk.StaticWebAssets.ScopedCss.targets (88,3)
       C:\Program Files\dotnet\sdk\9.0.304\Sdks\Microsoft.NET.Sdk.StaticWebAssets\targets\Microsoft.NET.Sdk.StaticWebAssets.JSModules.targets(37,5): message : Property reassignment: $(ResolveCoreStaticWebAssetsDependsOn)="
       C:\Program Files\dotnet\sdk\9.0.304\Sdks\Microsoft.NET.Sdk.StaticWebAssets\targets\Microsoft.NET.Sdk.StaticWebAssets.JSModules.targets(37,5): message :       
       C:\Program Files\dotnet\sdk\9.0.304\Sdks\Microsoft.NET.Sdk.StaticWebAssets\targets\Microsoft.NET.Sdk.StaticWebAssets.JSModules.targets(37,5): message :       UpdateExistingPackageStaticWebAssets;
       C:\Program Files\dotnet\sdk\9.0.304\Sdks\Microsoft.NET.Sdk.StaticWebAssets\targets\Microsoft.NET.Sdk.StaticWebAssets.JSModules.targets(37,5): message :       ResolveProjectStaticWebAssets;
       C:\Program Files\dotnet\sdk\9.0.304\Sdks\Microsoft.NET.Sdk.StaticWebAssets\targets\Microsoft.NET.Sdk.StaticWebAssets.JSModules.targets(37,5): message :       ResolveEmbeddedProjectsStaticWebAssets;
       C:\Program Files\dotnet\sdk\9.0.304\Sdks\Microsoft.NET.Sdk.StaticWebAssets\targets\Microsoft.NET.Sdk.StaticWebAssets.JSModules.targets(37,5): message :       ResolveReferencedProjectsStaticWebAssets;
       C:\Program Files\dotnet\sdk\9.0.304\Sdks\Microsoft.NET.Sdk.StaticWebAssets\targets\Microsoft.NET.Sdk.StaticWebAssets.JSModules.targets(37,5): message :       ;
       C:\Program Files\dotnet\sdk\9.0.304\Sdks\Microsoft.NET.Sdk.StaticWebAssets\targets\Microsoft.NET.Sdk.StaticWebAssets.JSModules.targets(37,5): message :     ;
       C:\Program Files\dotnet\sdk\9.0.304\Sdks\Microsoft.NET.Sdk.StaticWebAssets\targets\Microsoft.NET.Sdk.StaticWebAssets.JSModules.targets(37,5): message :       ResolveJsInitializerModuleStaticWebAssets;
       C:\Program Files\dotnet\sdk\9.0.304\Sdks\Microsoft.NET.Sdk.StaticWebAssets\targets\Microsoft.NET.Sdk.StaticWebAssets.JSModules.targets(37,5): message :     " (previous value: "
       C:\Program Files\dotnet\sdk\9.0.304\Sdks\Microsoft.NET.Sdk.StaticWebAssets\targets\Microsoft.NET.Sdk.StaticWebAssets.JSModules.targets(37,5): message :       UpdateExistingPackageStaticWebAssets;
       C:\Program Files\dotnet\sdk\9.0.304\Sdks\Microsoft.NET.Sdk.StaticWebAssets\targets\Microsoft.NET.Sdk.StaticWebAssets.JSModules.targets(37,5): message :       ResolveProjectStaticWebAssets;
       C:\Program Files\dotnet\sdk\9.0.304\Sdks\Microsoft.NET.Sdk.StaticWebAssets\targets\Microsoft.NET.Sdk.StaticWebAssets.JSModules.targets(37,5): message :       ResolveEmbeddedProjectsStaticWebAssets;
       C:\Program Files\dotnet\sdk\9.0.304\Sdks\Microsoft.NET.Sdk.StaticWebAssets\targets\Microsoft.NET.Sdk.StaticWebAssets.JSModules.targets(37,5): message :       ResolveReferencedProjectsStaticWebAssets;
       C:\Program Files\dotnet\sdk\9.0.304\Sdks\Microsoft.NET.Sdk.StaticWebAssets\targets\Microsoft.NET.Sdk.StaticWebAssets.JSModules.targets(37,5): message :       ;
       C:\Program Files\dotnet\sdk\9.0.304\Sdks\Microsoft.NET.Sdk.StaticWebAssets\targets\Microsoft.NET.Sdk.StaticWebAssets.JSModules.targets(37,5): message :     ") at C:\Program Files\dotnet\sdk\9.0.304\Sdks\Microsoft.NET.Sdk.StaticWebAssets\targets\Microsoft.NET.Sdk.StaticWebAssets.JSModules.targets (37,5)
       C:\Program Files\dotnet\sdk\9.0.304\Sdks\Microsoft.NET.Sdk.StaticWebAssets\targets\Microsoft.NET.Sdk.StaticWebAssets.JSModules.targets(42,5): message : Property reassignment: $(ResolveCoreStaticWebAssetsDependsOn)="
       C:\Program Files\dotnet\sdk\9.0.304\Sdks\Microsoft.NET.Sdk.StaticWebAssets\targets\Microsoft.NET.Sdk.StaticWebAssets.JSModules.targets(42,5): message :       
       C:\Program Files\dotnet\sdk\9.0.304\Sdks\Microsoft.NET.Sdk.StaticWebAssets\targets\Microsoft.NET.Sdk.StaticWebAssets.JSModules.targets(42,5): message :       
       C:\Program Files\dotnet\sdk\9.0.304\Sdks\Microsoft.NET.Sdk.StaticWebAssets\targets\Microsoft.NET.Sdk.StaticWebAssets.JSModules.targets(42,5): message :       UpdateExistingPackageStaticWebAssets;
       C:\Program Files\dotnet\sdk\9.0.304\Sdks\Microsoft.NET.Sdk.StaticWebAssets\targets\Microsoft.NET.Sdk.StaticWebAssets.JSModules.targets(42,5): message :       ResolveProjectStaticWebAssets;
       C:\Program Files\dotnet\sdk\9.0.304\Sdks\Microsoft.NET.Sdk.StaticWebAssets\targets\Microsoft.NET.Sdk.StaticWebAssets.JSModules.targets(42,5): message :       ResolveEmbeddedProjectsStaticWebAssets;
       C:\Program Files\dotnet\sdk\9.0.304\Sdks\Microsoft.NET.Sdk.StaticWebAssets\targets\Microsoft.NET.Sdk.StaticWebAssets.JSModules.targets(42,5): message :       ResolveReferencedProjectsStaticWebAssets;
       C:\Program Files\dotnet\sdk\9.0.304\Sdks\Microsoft.NET.Sdk.StaticWebAssets\targets\Microsoft.NET.Sdk.StaticWebAssets.JSModules.targets(42,5): message :       ;
       C:\Program Files\dotnet\sdk\9.0.304\Sdks\Microsoft.NET.Sdk.StaticWebAssets\targets\Microsoft.NET.Sdk.StaticWebAssets.JSModules.targets(42,5): message :     ;
       C:\Program Files\dotnet\sdk\9.0.304\Sdks\Microsoft.NET.Sdk.StaticWebAssets\targets\Microsoft.NET.Sdk.StaticWebAssets.JSModules.targets(42,5): message :       ResolveJsInitializerModuleStaticWebAssets;
       C:\Program Files\dotnet\sdk\9.0.304\Sdks\Microsoft.NET.Sdk.StaticWebAssets\targets\Microsoft.NET.Sdk.StaticWebAssets.JSModules.targets(42,5): message :     ;
       C:\Program Files\dotnet\sdk\9.0.304\Sdks\Microsoft.NET.Sdk.StaticWebAssets\targets\Microsoft.NET.Sdk.StaticWebAssets.JSModules.targets(42,5): message :       ResolveJSModuleStaticWebAssets;
       C:\Program Files\dotnet\sdk\9.0.304\Sdks\Microsoft.NET.Sdk.StaticWebAssets\targets\Microsoft.NET.Sdk.StaticWebAssets.JSModules.targets(42,5): message :     " (previous value: "
       C:\Program Files\dotnet\sdk\9.0.304\Sdks\Microsoft.NET.Sdk.StaticWebAssets\targets\Microsoft.NET.Sdk.StaticWebAssets.JSModules.targets(42,5): message :       
       C:\Program Files\dotnet\sdk\9.0.304\Sdks\Microsoft.NET.Sdk.StaticWebAssets\targets\Microsoft.NET.Sdk.StaticWebAssets.JSModules.targets(42,5): message :       UpdateExistingPackageStaticWebAssets;
       C:\Program Files\dotnet\sdk\9.0.304\Sdks\Microsoft.NET.Sdk.StaticWebAssets\targets\Microsoft.NET.Sdk.StaticWebAssets.JSModules.targets(42,5): message :       ResolveProjectStaticWebAssets;
       C:\Program Files\dotnet\sdk\9.0.304\Sdks\Microsoft.NET.Sdk.StaticWebAssets\targets\Microsoft.NET.Sdk.StaticWebAssets.JSModules.targets(42,5): message :       ResolveEmbeddedProjectsStaticWebAssets;
       C:\Program Files\dotnet\sdk\9.0.304\Sdks\Microsoft.NET.Sdk.StaticWebAssets\targets\Microsoft.NET.Sdk.StaticWebAssets.JSModules.targets(42,5): message :       ResolveReferencedProjectsStaticWebAssets;
       C:\Program Files\dotnet\sdk\9.0.304\Sdks\Microsoft.NET.Sdk.StaticWebAssets\targets\Microsoft.NET.Sdk.StaticWebAssets.JSModules.targets(42,5): message :       ;
       C:\Program Files\dotnet\sdk\9.0.304\Sdks\Microsoft.NET.Sdk.StaticWebAssets\targets\Microsoft.NET.Sdk.StaticWebAssets.JSModules.targets(42,5): message :     ;
       C:\Program Files\dotnet\sdk\9.0.304\Sdks\Microsoft.NET.Sdk.StaticWebAssets\targets\Microsoft.NET.Sdk.StaticWebAssets.JSModules.targets(42,5): message :       ResolveJsInitializerModuleStaticWebAssets;
       C:\Program Files\dotnet\sdk\9.0.304\Sdks\Microsoft.NET.Sdk.StaticWebAssets\targets\Microsoft.NET.Sdk.StaticWebAssets.JSModules.targets(42,5): message :     ") at C:\Program Files\dotnet\sdk\9.0.304\Sdks\Microsoft.NET.Sdk.StaticWebAssets\targets\Microsoft.NET.Sdk.StaticWebAssets.JSModules.targets (42,5)
       C:\Program Files\dotnet\sdk\9.0.304\Sdks\Microsoft.NET.Sdk.StaticWebAssets\targets\Microsoft.NET.Sdk.StaticWebAssets.JSModules.targets(57,5): message : Property reassignment: $(ResolveStaticWebAssetsInputsDependsOn)="
       C:\Program Files\dotnet\sdk\9.0.304\Sdks\Microsoft.NET.Sdk.StaticWebAssets\targets\Microsoft.NET.Sdk.StaticWebAssets.JSModules.targets(57,5): message :       ResolveJSModuleManifestBuildStaticWebAssets;
       C:\Program Files\dotnet\sdk\9.0.304\Sdks\Microsoft.NET.Sdk.StaticWebAssets\targets\Microsoft.NET.Sdk.StaticWebAssets.JSModules.targets(57,5): message :       
       C:\Program Files\dotnet\sdk\9.0.304\Sdks\Microsoft.NET.Sdk.StaticWebAssets\targets\Microsoft.NET.Sdk.StaticWebAssets.JSModules.targets(57,5): message :     
       C:\Program Files\dotnet\sdk\9.0.304\Sdks\Microsoft.NET.Sdk.StaticWebAssets\targets\Microsoft.NET.Sdk.StaticWebAssets.JSModules.targets(57,5): message :       ResolveCoreStaticWebAssets;
       C:\Program Files\dotnet\sdk\9.0.304\Sdks\Microsoft.NET.Sdk.StaticWebAssets\targets\Microsoft.NET.Sdk.StaticWebAssets.JSModules.targets(57,5): message :       GenerateComputedBuildStaticWebAssets;
       C:\Program Files\dotnet\sdk\9.0.304\Sdks\Microsoft.NET.Sdk.StaticWebAssets\targets\Microsoft.NET.Sdk.StaticWebAssets.JSModules.targets(57,5): message :       
       C:\Program Files\dotnet\sdk\9.0.304\Sdks\Microsoft.NET.Sdk.StaticWebAssets\targets\Microsoft.NET.Sdk.StaticWebAssets.JSModules.targets(57,5): message :     ;
       C:\Program Files\dotnet\sdk\9.0.304\Sdks\Microsoft.NET.Sdk.StaticWebAssets\targets\Microsoft.NET.Sdk.StaticWebAssets.JSModules.targets(57,5): message :     ResolveScopedCssAssets;
       C:\Program Files\dotnet\sdk\9.0.304\Sdks\Microsoft.NET.Sdk.StaticWebAssets\targets\Microsoft.NET.Sdk.StaticWebAssets.JSModules.targets(57,5): message :   
       C:\Program Files\dotnet\sdk\9.0.304\Sdks\Microsoft.NET.Sdk.StaticWebAssets\targets\Microsoft.NET.Sdk.StaticWebAssets.JSModules.targets(57,5): message :     " (previous value: "
       C:\Program Files\dotnet\sdk\9.0.304\Sdks\Microsoft.NET.Sdk.StaticWebAssets\targets\Microsoft.NET.Sdk.StaticWebAssets.JSModules.targets(57,5): message :     
       C:\Program Files\dotnet\sdk\9.0.304\Sdks\Microsoft.NET.Sdk.StaticWebAssets\targets\Microsoft.NET.Sdk.StaticWebAssets.JSModules.targets(57,5): message :       ResolveCoreStaticWebAssets;
       C:\Program Files\dotnet\sdk\9.0.304\Sdks\Microsoft.NET.Sdk.StaticWebAssets\targets\Microsoft.NET.Sdk.StaticWebAssets.JSModules.targets(57,5): message :       GenerateComputedBuildStaticWebAssets;
       C:\Program Files\dotnet\sdk\9.0.304\Sdks\Microsoft.NET.Sdk.StaticWebAssets\targets\Microsoft.NET.Sdk.StaticWebAssets.JSModules.targets(57,5): message :       
       C:\Program Files\dotnet\sdk\9.0.304\Sdks\Microsoft.NET.Sdk.StaticWebAssets\targets\Microsoft.NET.Sdk.StaticWebAssets.JSModules.targets(57,5): message :     ;
       C:\Program Files\dotnet\sdk\9.0.304\Sdks\Microsoft.NET.Sdk.StaticWebAssets\targets\Microsoft.NET.Sdk.StaticWebAssets.JSModules.targets(57,5): message :     ResolveScopedCssAssets;
       C:\Program Files\dotnet\sdk\9.0.304\Sdks\Microsoft.NET.Sdk.StaticWebAssets\targets\Microsoft.NET.Sdk.StaticWebAssets.JSModules.targets(57,5): message :   ") at C:\Program Files\dotnet\sdk\9.0.304\Sdks\Microsoft.NET.Sdk.StaticWebAssets\targets\Microsoft.NET.Sdk.StaticWebAssets.JSModules.targets (57,5)
       C:\Program Files\dotnet\sdk\9.0.304\Sdks\Microsoft.NET.Sdk.StaticWebAssets\targets\Microsoft.NET.Sdk.StaticWebAssets.JSModules.targets(76,5): message : Property reassignment: $(ResolvePublishStaticWebAssetsDependsOn)="
       C:\Program Files\dotnet\sdk\9.0.304\Sdks\Microsoft.NET.Sdk.StaticWebAssets\targets\Microsoft.NET.Sdk.StaticWebAssets.JSModules.targets(76,5): message :       ResolveJSModuleManifestPublishStaticWebAssets;
       C:\Program Files\dotnet\sdk\9.0.304\Sdks\Microsoft.NET.Sdk.StaticWebAssets\targets\Microsoft.NET.Sdk.StaticWebAssets.JSModules.targets(76,5): message :       
       C:\Program Files\dotnet\sdk\9.0.304\Sdks\Microsoft.NET.Sdk.StaticWebAssets\targets\Microsoft.NET.Sdk.StaticWebAssets.JSModules.targets(76,5): message :       ResolveCorePublishStaticWebAssets;
       C:\Program Files\dotnet\sdk\9.0.304\Sdks\Microsoft.NET.Sdk.StaticWebAssets\targets\Microsoft.NET.Sdk.StaticWebAssets.JSModules.targets(76,5): message :       GenerateComputedPublishStaticWebAssets;
       C:\Program Files\dotnet\sdk\9.0.304\Sdks\Microsoft.NET.Sdk.StaticWebAssets\targets\Microsoft.NET.Sdk.StaticWebAssets.JSModules.targets(76,5): message :       ;
       C:\Program Files\dotnet\sdk\9.0.304\Sdks\Microsoft.NET.Sdk.StaticWebAssets\targets\Microsoft.NET.Sdk.StaticWebAssets.JSModules.targets(76,5): message :     
       C:\Program Files\dotnet\sdk\9.0.304\Sdks\Microsoft.NET.Sdk.StaticWebAssets\targets\Microsoft.NET.Sdk.StaticWebAssets.JSModules.targets(76,5): message :     " (previous value: "
       C:\Program Files\dotnet\sdk\9.0.304\Sdks\Microsoft.NET.Sdk.StaticWebAssets\targets\Microsoft.NET.Sdk.StaticWebAssets.JSModules.targets(76,5): message :       ResolveCorePublishStaticWebAssets;
       C:\Program Files\dotnet\sdk\9.0.304\Sdks\Microsoft.NET.Sdk.StaticWebAssets\targets\Microsoft.NET.Sdk.StaticWebAssets.JSModules.targets(76,5): message :       GenerateComputedPublishStaticWebAssets;
       C:\Program Files\dotnet\sdk\9.0.304\Sdks\Microsoft.NET.Sdk.StaticWebAssets\targets\Microsoft.NET.Sdk.StaticWebAssets.JSModules.targets(76,5): message :       ;
       C:\Program Files\dotnet\sdk\9.0.304\Sdks\Microsoft.NET.Sdk.StaticWebAssets\targets\Microsoft.NET.Sdk.StaticWebAssets.JSModules.targets(76,5): message :     ") at C:\Program Files\dotnet\sdk\9.0.304\Sdks\Microsoft.NET.Sdk.StaticWebAssets\targets\Microsoft.NET.Sdk.StaticWebAssets.JSModules.targets (76,5)
       C:\Program Files\dotnet\sdk\9.0.304\Sdks\Microsoft.NET.Sdk.StaticWebAssets\targets\Microsoft.NET.Sdk.StaticWebAssets.Compression.targets(179,5): message : Property reassignment: $(ResolveBuildRelatedStaticWebAssetsDependsOn)="
       C:\Program Files\dotnet\sdk\9.0.304\Sdks\Microsoft.NET.Sdk.StaticWebAssets\targets\Microsoft.NET.Sdk.StaticWebAssets.Compression.targets(179,5): message :       ResolveBuildCompressedStaticWebAssets;
       C:\Program Files\dotnet\sdk\9.0.304\Sdks\Microsoft.NET.Sdk.StaticWebAssets\targets\Microsoft.NET.Sdk.StaticWebAssets.Compression.targets(179,5): message :       
       C:\Program Files\dotnet\sdk\9.0.304\Sdks\Microsoft.NET.Sdk.StaticWebAssets\targets\Microsoft.NET.Sdk.StaticWebAssets.Compression.targets(179,5): message :       ResolveStaticWebAssetsInputs;
       C:\Program Files\dotnet\sdk\9.0.304\Sdks\Microsoft.NET.Sdk.StaticWebAssets\targets\Microsoft.NET.Sdk.StaticWebAssets.Compression.targets(179,5): message :       
       C:\Program Files\dotnet\sdk\9.0.304\Sdks\Microsoft.NET.Sdk.StaticWebAssets\targets\Microsoft.NET.Sdk.StaticWebAssets.Compression.targets(179,5): message :     
       C:\Program Files\dotnet\sdk\9.0.304\Sdks\Microsoft.NET.Sdk.StaticWebAssets\targets\Microsoft.NET.Sdk.StaticWebAssets.Compression.targets(179,5): message :     " (previous value: "
       C:\Program Files\dotnet\sdk\9.0.304\Sdks\Microsoft.NET.Sdk.StaticWebAssets\targets\Microsoft.NET.Sdk.StaticWebAssets.Compression.targets(179,5): message :       ResolveStaticWebAssetsInputs;
       C:\Program Files\dotnet\sdk\9.0.304\Sdks\Microsoft.NET.Sdk.StaticWebAssets\targets\Microsoft.NET.Sdk.StaticWebAssets.Compression.targets(179,5): message :       
       C:\Program Files\dotnet\sdk\9.0.304\Sdks\Microsoft.NET.Sdk.StaticWebAssets\targets\Microsoft.NET.Sdk.StaticWebAssets.Compression.targets(179,5): message :     ") at C:\Program Files\dotnet\sdk\9.0.304\Sdks\Microsoft.NET.Sdk.StaticWebAssets\targets\Microsoft.NET.Sdk.StaticWebAssets.Compression.targets (179,5)
       C:\Program Files\dotnet\sdk\9.0.304\Sdks\Microsoft.NET.Sdk.StaticWebAssets\targets\Microsoft.NET.Sdk.StaticWebAssets.Compression.targets(198,5): message : Property reassignment: $(ResolvePublishRelatedStaticWebAssetsDependsOn)="
       C:\Program Files\dotnet\sdk\9.0.304\Sdks\Microsoft.NET.Sdk.StaticWebAssets\targets\Microsoft.NET.Sdk.StaticWebAssets.Compression.targets(198,5): message :       ResolvePublishCompressedStaticWebAssets;
       C:\Program Files\dotnet\sdk\9.0.304\Sdks\Microsoft.NET.Sdk.StaticWebAssets\targets\Microsoft.NET.Sdk.StaticWebAssets.Compression.targets(198,5): message :       
       C:\Program Files\dotnet\sdk\9.0.304\Sdks\Microsoft.NET.Sdk.StaticWebAssets\targets\Microsoft.NET.Sdk.StaticWebAssets.Compression.targets(198,5): message :     " (previous value: "") at C:\Program Files\dotnet\sdk\9.0.304\Sdks\Microsoft.NET.Sdk.StaticWebAssets\targets\Microsoft.NET.Sdk.StaticWebAssets.Compression.targets (198,5)
       C:\Program Files\dotnet\sdk\9.0.304\Sdks\Microsoft.NET.Sdk.Razor\targets\Sdk.Razor.CurrentVersion.targets(205,5): message : Property reassignment: $(DebugSymbolsProjectOutputGroupDependsOn)="
       C:\Program Files\dotnet\sdk\9.0.304\Sdks\Microsoft.NET.Sdk.Razor\targets\Sdk.Razor.CurrentVersion.targets(205,5): message :       ;
       C:\Program Files\dotnet\sdk\9.0.304\Sdks\Microsoft.NET.Sdk.Razor\targets\Sdk.Razor.CurrentVersion.targets(205,5): message :       _RazorAddDebugSymbolsProjectOutputGroupOutput
       C:\Program Files\dotnet\sdk\9.0.304\Sdks\Microsoft.NET.Sdk.Razor\targets\Sdk.Razor.CurrentVersion.targets(205,5): message :     " (previous value: "") at C:\Program Files\dotnet\sdk\9.0.304\Sdks\Microsoft.NET.Sdk.Razor\targets\Sdk.Razor.CurrentVersion.targets (205,5)
       C:\Program Files\dotnet\sdk\9.0.304\Sdks\Microsoft.NET.Sdk.Razor\targets\Sdk.Razor.CurrentVersion.targets(210,5): message : Property reassignment: $(PrepareForBuildDependsOn)="
       C:\Program Files\dotnet\sdk\9.0.304\Sdks\Microsoft.NET.Sdk.Razor\targets\Sdk.Razor.CurrentVersion.targets(210,5): message :       ;GetFrameworkPaths;GetReferenceAssemblyPaths;AssignLinkMetadata;
       C:\Program Files\dotnet\sdk\9.0.304\Sdks\Microsoft.NET.Sdk.Razor\targets\Sdk.Razor.CurrentVersion.targets(210,5): message :       ResolveRazorGenerateInputs
       C:\Program Files\dotnet\sdk\9.0.304\Sdks\Microsoft.NET.Sdk.Razor\targets\Sdk.Razor.CurrentVersion.targets(210,5): message :     " (previous value: ";GetFrameworkPaths;GetReferenceAssemblyPaths;AssignLinkMetadata") at C:\Program Files\dotnet\sdk\9.0.304\Sdks\Microsoft.NET.Sdk.Razor\targets\Sdk.Razor.CurrentVersion.targets (210,5)
       C:\Program Files\dotnet\sdk\9.0.304\Sdks\Microsoft.NET.Sdk.Razor\targets\Sdk.Razor.CurrentVersion.targets(215,5): message : Property reassignment: $(GenerateNuspecDependsOn)="
       C:\Program Files\dotnet\sdk\9.0.304\Sdks\Microsoft.NET.Sdk.Razor\targets\Sdk.Razor.CurrentVersion.targets(215,5): message :       ResolveRazorGenerateInputs;
       C:\Program Files\dotnet\sdk\9.0.304\Sdks\Microsoft.NET.Sdk.Razor\targets\Sdk.Razor.CurrentVersion.targets(215,5): message :       
       C:\Program Files\dotnet\sdk\9.0.304\Sdks\Microsoft.NET.Sdk.Razor\targets\Sdk.Razor.CurrentVersion.targets(215,5): message :       IncludeStaticWebAssetsPackItems;
       C:\Program Files\dotnet\sdk\9.0.304\Sdks\Microsoft.NET.Sdk.Razor\targets\Sdk.Razor.CurrentVersion.targets(215,5): message :       Build;_LoadPackInputItems; _GetTargetFrameworksOutput; _WalkEachTargetPerFramework; _GetPackageFiles; ;
       C:\Program Files\dotnet\sdk\9.0.304\Sdks\Microsoft.NET.Sdk.Razor\targets\Sdk.Razor.CurrentVersion.targets(215,5): message :     
       C:\Program Files\dotnet\sdk\9.0.304\Sdks\Microsoft.NET.Sdk.Razor\targets\Sdk.Razor.CurrentVersion.targets(215,5): message :     " (previous value: "
       C:\Program Files\dotnet\sdk\9.0.304\Sdks\Microsoft.NET.Sdk.Razor\targets\Sdk.Razor.CurrentVersion.targets(215,5): message :       IncludeStaticWebAssetsPackItems;
       C:\Program Files\dotnet\sdk\9.0.304\Sdks\Microsoft.NET.Sdk.Razor\targets\Sdk.Razor.CurrentVersion.targets(215,5): message :       Build;_LoadPackInputItems; _GetTargetFrameworksOutput; _WalkEachTargetPerFramework; _GetPackageFiles; ;
       C:\Program Files\dotnet\sdk\9.0.304\Sdks\Microsoft.NET.Sdk.Razor\targets\Sdk.Razor.CurrentVersion.targets(215,5): message :     ") at C:\Program Files\dotnet\sdk\9.0.304\Sdks\Microsoft.NET.Sdk.Razor\targets\Sdk.Razor.CurrentVersion.targets (215,5)
       C:\Program Files\dotnet\sdk\9.0.304\Sdks\Microsoft.NET.Sdk.Razor\targets\Sdk.Razor.CurrentVersion.targets(220,5): message : Property reassignment: $(PrepareForRunDependsOn)="
       C:\Program Files\dotnet\sdk\9.0.304\Sdks\Microsoft.NET.Sdk.Razor\targets\Sdk.Razor.CurrentVersion.targets(220,5): message :       _RazorPrepareForRun;
       C:\Program Files\dotnet\sdk\9.0.304\Sdks\Microsoft.NET.Sdk.Razor\targets\Sdk.Razor.CurrentVersion.targets(220,5): message :       StaticWebAssetsPrepareForRun;
       C:\Program Files\dotnet\sdk\9.0.304\Sdks\Microsoft.NET.Sdk.Razor\targets\Sdk.Razor.CurrentVersion.targets(220,5): message :       CopyFilesToOutputDirectory
       C:\Program Files\dotnet\sdk\9.0.304\Sdks\Microsoft.NET.Sdk.Razor\targets\Sdk.Razor.CurrentVersion.targets(220,5): message :     
       C:\Program Files\dotnet\sdk\9.0.304\Sdks\Microsoft.NET.Sdk.Razor\targets\Sdk.Razor.CurrentVersion.targets(220,5): message :     " (previous value: "StaticWebAssetsPrepareForRun;
       C:\Program Files\dotnet\sdk\9.0.304\Sdks\Microsoft.NET.Sdk.Razor\targets\Sdk.Razor.CurrentVersion.targets(220,5): message :       CopyFilesToOutputDirectory
       C:\Program Files\dotnet\sdk\9.0.304\Sdks\Microsoft.NET.Sdk.Razor\targets\Sdk.Razor.CurrentVersion.targets(220,5): message :     ") at C:\Program Files\dotnet\sdk\9.0.304\Sdks\Microsoft.NET.Sdk.Razor\targets\Sdk.Razor.CurrentVersion.targets (220,5)
       C:\Program Files\dotnet\sdk\9.0.304\Sdks\Microsoft.NET.Sdk.Razor\targets\Sdk.Razor.CurrentVersion.targets(311,5): message : Property reassignment: $(UseRazorBuildServer)="true" (previous value: "") at C:\Program Files\dotnet\sdk\9.0.304\Sdks\Microsoft.NET.Sdk.Razor\targets\Sdk.Razor.CurrentVersion.targets (311,5)
       C:\Program Files\dotnet\sdk\9.0.304\Sdks\Microsoft.NET.Sdk.Razor\targets\Sdk.Razor.CurrentVersion.targets(317,5): message : Property reassignment: $(_RazorDebugSymbolsProduced)="true" (previous value: "false") at C:\Program Files\dotnet\sdk\9.0.304\Sdks\Microsoft.NET.Sdk.Razor\targets\Sdk.Razor.CurrentVersion.targets (317,5)
       C:\Program Files\dotnet\sdk\9.0.304\Sdks\Microsoft.NET.Sdk.Razor\targets\Microsoft.NET.Sdk.Razor.GenerateAssemblyInfo.targets(36,5): message : Property reassignment: $(GenerateRazorTargetAssemblyInfoDependsOn)="
       C:\Program Files\dotnet\sdk\9.0.304\Sdks\Microsoft.NET.Sdk.Razor\targets\Microsoft.NET.Sdk.Razor.GenerateAssemblyInfo.targets(36,5): message :       _ResolveMvcAssemblyAttributes;
       C:\Program Files\dotnet\sdk\9.0.304\Sdks\Microsoft.NET.Sdk.Razor\targets\Microsoft.NET.Sdk.Razor.GenerateAssemblyInfo.targets(36,5): message :       
       C:\Program Files\dotnet\sdk\9.0.304\Sdks\Microsoft.NET.Sdk.Razor\targets\Microsoft.NET.Sdk.Razor.GenerateAssemblyInfo.targets(36,5): message :       GetRazorTargetAssemblyAttributes;
       C:\Program Files\dotnet\sdk\9.0.304\Sdks\Microsoft.NET.Sdk.Razor\targets\Microsoft.NET.Sdk.Razor.GenerateAssemblyInfo.targets(36,5): message :       _CreateRazorTargetAssemblyInfoInputsCacheFile;
       C:\Program Files\dotnet\sdk\9.0.304\Sdks\Microsoft.NET.Sdk.Razor\targets\Microsoft.NET.Sdk.Razor.GenerateAssemblyInfo.targets(36,5): message :       CoreGenerateRazorTargetAssemblyInfo
       C:\Program Files\dotnet\sdk\9.0.304\Sdks\Microsoft.NET.Sdk.Razor\targets\Microsoft.NET.Sdk.Razor.GenerateAssemblyInfo.targets(36,5): message :     
       C:\Program Files\dotnet\sdk\9.0.304\Sdks\Microsoft.NET.Sdk.Razor\targets\Microsoft.NET.Sdk.Razor.GenerateAssemblyInfo.targets(36,5): message :     " (previous value: "
       C:\Program Files\dotnet\sdk\9.0.304\Sdks\Microsoft.NET.Sdk.Razor\targets\Microsoft.NET.Sdk.Razor.GenerateAssemblyInfo.targets(36,5): message :       GetRazorTargetAssemblyAttributes;
       C:\Program Files\dotnet\sdk\9.0.304\Sdks\Microsoft.NET.Sdk.Razor\targets\Microsoft.NET.Sdk.Razor.GenerateAssemblyInfo.targets(36,5): message :       _CreateRazorTargetAssemblyInfoInputsCacheFile;
       C:\Program Files\dotnet\sdk\9.0.304\Sdks\Microsoft.NET.Sdk.Razor\targets\Microsoft.NET.Sdk.Razor.GenerateAssemblyInfo.targets(36,5): message :       CoreGenerateRazorTargetAssemblyInfo
       C:\Program Files\dotnet\sdk\9.0.304\Sdks\Microsoft.NET.Sdk.Razor\targets\Microsoft.NET.Sdk.Razor.GenerateAssemblyInfo.targets(36,5): message :     ") at C:\Program Files\dotnet\sdk\9.0.304\Sdks\Microsoft.NET.Sdk.Razor\targets\Microsoft.NET.Sdk.Razor.GenerateAssemblyInfo.targets (36,5)
       C:\Program Files\dotnet\sdk\9.0.304\Sdks\Microsoft.NET.Sdk.Razor\targets\Microsoft.NET.Sdk.Razor.GenerateAssemblyInfo.targets(181,5): message : Property reassignment: $(CoreCompileDependsOn)="
       C:\Program Files\dotnet\sdk\9.0.304\Sdks\Microsoft.NET.Sdk.Razor\targets\Microsoft.NET.Sdk.Razor.GenerateAssemblyInfo.targets(181,5): message :       ;_ComputeNonExistentFileProperty;ResolveCodeAnalysisRuleSet;
       C:\Program Files\dotnet\sdk\9.0.304\Sdks\Microsoft.NET.Sdk.Razor\targets\Microsoft.NET.Sdk.Razor.GenerateAssemblyInfo.targets(181,5): message :       _GenerateRazorAssemblyInfo
       C:\Program Files\dotnet\sdk\9.0.304\Sdks\Microsoft.NET.Sdk.Razor\targets\Microsoft.NET.Sdk.Razor.GenerateAssemblyInfo.targets(181,5): message :     " (previous value: ";_ComputeNonExistentFileProperty;ResolveCodeAnalysisRuleSet") at C:\Program Files\dotnet\sdk\9.0.304\Sdks\Microsoft.NET.Sdk.Razor\targets\Microsoft.NET.Sdk.Razor.GenerateAssemblyInfo.targets (181,5)
       C:\Program Files\dotnet\sdk\9.0.304\Sdks\Microsoft.NET.Sdk.Razor\targets\Microsoft.NET.Sdk.Razor.GenerateAssemblyInfo.targets(189,5): message : Property reassignment: $(_GenerateRazorAssemblyInfoDependsOn)="
       C:\Program Files\dotnet\sdk\9.0.304\Sdks\Microsoft.NET.Sdk.Razor\targets\Microsoft.NET.Sdk.Razor.GenerateAssemblyInfo.targets(189,5): message :       _ResolveMvcAssemblyAttributes;
       C:\Program Files\dotnet\sdk\9.0.304\Sdks\Microsoft.NET.Sdk.Razor\targets\Microsoft.NET.Sdk.Razor.GenerateAssemblyInfo.targets(189,5): message :       RazorGetAssemblyAttributes;PrepareForBuild;_CoreGenerateRazorAssemblyInfo;
       C:\Program Files\dotnet\sdk\9.0.304\Sdks\Microsoft.NET.Sdk.Razor\targets\Microsoft.NET.Sdk.Razor.GenerateAssemblyInfo.targets(189,5): message :     " (previous value: "RazorGetAssemblyAttributes;PrepareForBuild;_CoreGenerateRazorAssemblyInfo") at C:\Program Files\dotnet\sdk\9.0.304\Sdks\Microsoft.NET.Sdk.Razor\targets\Microsoft.NET.Sdk.Razor.GenerateAssemblyInfo.targets (189,5)
       C:\Program Files\dotnet\sdk\9.0.304\Sdks\Microsoft.NET.Sdk.Razor\targets\Microsoft.NET.Sdk.Razor.MvcApplicationPartsDiscovery.targets(22,5): message : Property reassignment: $(CoreCompileDependsOn)="
       C:\Program Files\dotnet\sdk\9.0.304\Sdks\Microsoft.NET.Sdk.Razor\targets\Microsoft.NET.Sdk.Razor.MvcApplicationPartsDiscovery.targets(22,5): message :       _DiscoverMvcApplicationParts;
       C:\Program Files\dotnet\sdk\9.0.304\Sdks\Microsoft.NET.Sdk.Razor\targets\Microsoft.NET.Sdk.Razor.MvcApplicationPartsDiscovery.targets(22,5): message :       
       C:\Program Files\dotnet\sdk\9.0.304\Sdks\Microsoft.NET.Sdk.Razor\targets\Microsoft.NET.Sdk.Razor.MvcApplicationPartsDiscovery.targets(22,5): message :       ;_ComputeNonExistentFileProperty;ResolveCodeAnalysisRuleSet;
       C:\Program Files\dotnet\sdk\9.0.304\Sdks\Microsoft.NET.Sdk.Razor\targets\Microsoft.NET.Sdk.Razor.MvcApplicationPartsDiscovery.targets(22,5): message :       _GenerateRazorAssemblyInfo
       C:\Program Files\dotnet\sdk\9.0.304\Sdks\Microsoft.NET.Sdk.Razor\targets\Microsoft.NET.Sdk.Razor.MvcApplicationPartsDiscovery.targets(22,5): message :     ;
       C:\Program Files\dotnet\sdk\9.0.304\Sdks\Microsoft.NET.Sdk.Razor\targets\Microsoft.NET.Sdk.Razor.MvcApplicationPartsDiscovery.targets(22,5): message :     " (previous value: "
       C:\Program Files\dotnet\sdk\9.0.304\Sdks\Microsoft.NET.Sdk.Razor\targets\Microsoft.NET.Sdk.Razor.MvcApplicationPartsDiscovery.targets(22,5): message :       ;_ComputeNonExistentFileProperty;ResolveCodeAnalysisRuleSet;
       C:\Program Files\dotnet\sdk\9.0.304\Sdks\Microsoft.NET.Sdk.Razor\targets\Microsoft.NET.Sdk.Razor.MvcApplicationPartsDiscovery.targets(22,5): message :       _GenerateRazorAssemblyInfo
       C:\Program Files\dotnet\sdk\9.0.304\Sdks\Microsoft.NET.Sdk.Razor\targets\Microsoft.NET.Sdk.Razor.MvcApplicationPartsDiscovery.targets(22,5): message :     ") at C:\Program Files\dotnet\sdk\9.0.304\Sdks\Microsoft.NET.Sdk.Razor\targets\Microsoft.NET.Sdk.Razor.MvcApplicationPartsDiscovery.targets (22,5)
       C:\Program Files\dotnet\sdk\9.0.304\Sdks\Microsoft.NET.Sdk.Razor\targets\Sdk.Razor.CurrentVersion.targets(791,5): message : Property reassignment: $(RazorDesignTimeTargets)="C:\Program Files\dotnet\sdk\9.0.304\Sdks\Microsoft.NET.Sdk.Razor\targets\Microsoft.NET.Sdk.Razor.DesignTime.targets" (previous value: "C:\Program Files\dotnet\sdk\9.0.304\\Microsoft\VisualStudio\Razor\Microsoft.NET.Sdk.Razor.DesignTime.targets") at C:\Program Files\dotnet\sdk\9.0.304\Sdks\Microsoft.NET.Sdk.Razor\targets\Sdk.Razor.CurrentVersion.targets (791,5)
       C:\Program Files\dotnet\sdk\9.0.304\Sdks\Microsoft.NET.Sdk.Web.ProjectSystem\targets\Microsoft.NET.Sdk.Web.ProjectSystem.targets(21,5): message : Property reassignment: $(RunWorkingDirectory)="C:\Projects\BlueSky\backend" (previous value: "") at C:\Program Files\dotnet\sdk\9.0.304\Sdks\Microsoft.NET.Sdk.Web.ProjectSystem\targets\Microsoft.NET.Sdk.Web.ProjectSystem.targets (21,5)
       C:\Program Files\dotnet\sdk\9.0.304\Sdks\Microsoft.NET.Sdk.Publish\targets\Microsoft.NET.Sdk.Publish.targets(60,5): message : Property reassignment: $(PublishProfileImported)="true" (previous value: "false") at C:\Program Files\dotnet\sdk\9.0.304\Sdks\Microsoft.NET.Sdk.Publish\targets\Microsoft.NET.Sdk.Publish.targets (60,5)
       C:\Program Files\dotnet\sdk\9.0.304\Sdks\Microsoft.NET.Sdk.Publish\targets\Microsoft.NET.Sdk.Publish.targets(81,5): message : Property reassignment: $(PublishConfiguration)="Debug" (previous value: "") at C:\Program Files\dotnet\sdk\9.0.304\Sdks\Microsoft.NET.Sdk.Publish\targets\Microsoft.NET.Sdk.Publish.targets (81,5)
       C:\Program Files\dotnet\sdk\9.0.304\Sdks\Microsoft.NET.Sdk.Publish\targets\Microsoft.NET.Sdk.Publish.targets(87,5): message : Property reassignment: $(BaseIntermediateOutputPath)="C:\Projects\BlueSky\backend\obj\" (previous value: "obj\") at C:\Program Files\dotnet\sdk\9.0.304\Sdks\Microsoft.NET.Sdk.Publish\targets\Microsoft.NET.Sdk.Publish.targets (87,5)
       Overriding target "Microsoft_ML_OnnxRuntime_CheckPrerequisites" in project "C:\Users\nguye\.nuget\packages\microsoft.ml.onnxruntime.managed\1.20.1\build\netstandard2.0\Microsoft.ML.OnnxRuntime.Managed.targets" with target "Microsoft_ML_OnnxRuntime_CheckPrerequisites" from project "C:\Users\nguye\.nuget\packages\microsoft.ml.onnxruntime\1.20.1\build\netstandard2.1\Microsoft.ML.OnnxRuntime.targets".
       Overriding target "ResolveFrameworkReferences" in project "C:\Program Files\dotnet\sdk\9.0.304\Microsoft.Common.CurrentVersion.targets" with target "ResolveFrameworkReferences" from project "C:\Program Files\dotnet\sdk\9.0.304\Sdks\Microsoft.NET.Sdk\targets\Microsoft.NET.Sdk.FrameworkReferenceResolution.targets".
       Overriding target "Run" in project "C:\Program Files\dotnet\sdk\9.0.304\Microsoft.Common.CurrentVersion.targets" with target "Run" from project "C:\Program Files\dotnet\sdk\9.0.304\Sdks\Microsoft.NET.Sdk\targets\Microsoft.NET.Sdk.targets".
       Overriding target "GenerateSupportedTargetFrameworkAlias" in project "C:\Program Files\dotnet\sdk\9.0.304\Microsoft.Common.CurrentVersion.targets" with target "GenerateSupportedTargetFrameworkAlias" from project "C:\Program Files\dotnet\sdk\9.0.304\Sdks\Microsoft.NET.Sdk\targets\Microsoft.NET.Sdk.targets".
       Overriding target "GetReferenceAssemblyPaths" in project "C:\Program Files\dotnet\sdk\9.0.304\Microsoft.Common.CurrentVersion.targets" with target "GetReferenceAssemblyPaths" from project "C:\Program Files\dotnet\sdk\9.0.304\Sdks\Microsoft.NET.Sdk\targets\Microsoft.NET.DisableStandardFrameworkResolution.targets".
       Overriding target "GetFrameworkPaths" in project "C:\Program Files\dotnet\sdk\9.0.304\Microsoft.Common.CurrentVersion.targets" with target "GetFrameworkPaths" from project "C:\Program Files\dotnet\sdk\9.0.304\Sdks\Microsoft.NET.Sdk\targets\Microsoft.NET.DisableStandardFrameworkResolution.targets".
       Overriding target "DesignerRuntimeImplementationProjectOutputGroup" in project "C:\Program Files\dotnet\sdk\9.0.304\Microsoft.Common.CurrentVersion.targets" with target "DesignerRuntimeImplementationProjectOutputGroup" from project "C:\Program Files\dotnet\sdk\9.0.304\Sdks\Microsoft.NET.Sdk\targets\Microsoft.NET.DesignerSupport.targets".
       Overriding target "Publish" in project "C:\Program Files\dotnet\sdk\9.0.304\Microsoft.Common.CurrentVersion.targets" with target "Publish" from project "C:\Program Files\dotnet\sdk\9.0.304\Sdks\Microsoft.NET.Sdk\targets\Microsoft.NET.Publish.targets".
       Overriding target "ResolveReadyToRunCompilers" in project "C:\Program Files\dotnet\sdk\9.0.304\Sdks\Microsoft.NET.Sdk\targets\Microsoft.NET.CrossGen.targets" with target "ResolveReadyToRunCompilers" from project "C:\Program Files\dotnet\sdk\9.0.304\Sdks\Microsoft.NET.Sdk\targets\Microsoft.NET.Publish.targets".
       Overriding target "GetCopyToPublishDirectoryItems" in project "C:\Program Files\dotnet\sdk\9.0.304\Microsoft.Common.CurrentVersion.targets" with target "GetCopyToPublishDirectoryItems" from project "C:\Program Files\dotnet\sdk\9.0.304\Sdks\Microsoft.NET.Sdk\targets\Microsoft.NET.Publish.targets".
       Overriding target "BeforePublish" in project "C:\Program Files\dotnet\sdk\9.0.304\Microsoft.Common.CurrentVersion.targets" with target "BeforePublish" from project "C:\Program Files\dotnet\sdk\9.0.304\Sdks\Microsoft.NET.Sdk.Publish\targets\Microsoft.NET.Sdk.Publish.targets".
       Overriding target "AfterPublish" in project "C:\Program Files\dotnet\sdk\9.0.304\Microsoft.Common.CurrentVersion.targets" with target "AfterPublish" from project "C:\Program Files\dotnet\sdk\9.0.304\Sdks\Microsoft.NET.Sdk.Publish\targets\Microsoft.NET.Sdk.Publish.targets".
       The target "ResolveNuGetPackageAssets" listed in an AfterTargets attribute at "C:\Users\nguye\.nuget\packages\system.text.json\10.0.0\buildTransitive\net8.0\System.Text.Json.targets (11,11)" does not exist in the project, and will be ignored.
       The target "ResolveNuGetPackageAssets" listed in an AfterTargets attribute at "C:\Users\nguye\.nuget\packages\system.text.json\10.0.0\buildTransitive\net8.0\System.Text.Json.targets (23,11)" does not exist in the project, and will be ignored.
       The target "ResolveNuGetPackageAssets" listed in an AfterTargets attribute at "C:\Users\nguye\.nuget\packages\microsoft.extensions.logging.abstractions\10.0.1\buildTransitive\net8.0\Microsoft.Extensions.Logging.Abstractions.targets (11,11)" does not exist in the project, and will be ignored.
       The target "ResolveNuGetPackageAssets" listed in an AfterTargets attribute at "C:\Users\nguye\.nuget\packages\microsoft.extensions.logging.abstractions\10.0.1\buildTransitive\net8.0\Microsoft.Extensions.Logging.Abstractions.targets (23,11)" does not exist in the project, and will be ignored.
       The target "ResolveNuGetPackageAssets" listed in an AfterTargets attribute at "C:\Users\nguye\.nuget\packages\microsoft.extensions.options\10.0.1\buildTransitive\net8.0\Microsoft.Extensions.Options.targets (11,11)" does not exist in the project, and will be ignored.
       The target "ResolveNuGetPackageAssets" listed in an AfterTargets attribute at "C:\Users\nguye\.nuget\packages\microsoft.extensions.options\10.0.1\buildTransitive\net8.0\Microsoft.Extensions.Options.targets (23,11)" does not exist in the project, and will be ignored.
       The target "CollectUpToDateCheckInputDesignTime" listed in a BeforeTargets attribute at "C:\Program Files\dotnet\sdk\9.0.304\Sdks\Microsoft.NET.Sdk.StaticWebAssets\targets\Microsoft.NET.Sdk.StaticWebAssets.ScopedCss.targets (171,5)" does not exist in the project, and will be ignored.
       The target "CollectUpToDateCheckBuiltDesignTime" listed in a BeforeTargets attribute at "C:\Program Files\dotnet\sdk\9.0.304\Sdks\Microsoft.NET.Sdk.StaticWebAssets\targets\Microsoft.NET.Sdk.StaticWebAssets.ScopedCss.targets (171,5)" does not exist in the project, and will be ignored.
       The target "RazorGenerateComponentDeclaration" listed in an AfterTargets attribute at "C:\Program Files\dotnet\sdk\9.0.304\Sdks\Microsoft.NET.Sdk.Razor\targets\Microsoft.NET.Sdk.Razor.DesignTime.targets (55,53)" does not exist in the project, and will be ignored.
   1:7>Project "C:\Projects\BlueSky\backend\BSkyClone.csproj" on node 1 (default targets).
   1:7>Target "NETStandardCompatError_Mono_TextTemplating_net6_0" in file "C:\Users\nguye\.nuget\packages\mono.texttemplating\3.0.0\buildTransitive\Mono.TextTemplating.targets" from project "C:\Projects\BlueSky\backend\BSkyClone.csproj" (entry point):
   1:7>Task "Warning" skipped, due to false condition; ('$(_Mono_TextTemplating_Warn_Compat_Tfm)' != '') was evaluated as ('' != '').
   1:7>Done building target "NETStandardCompatError_Mono_TextTemplating_net6_0" in project "BSkyClone.csproj".
       Target "_CheckForUnsupportedTargetFramework" skipped, due to false condition; ('$(_UnsupportedTargetFrameworkError)' == 'true') was evaluated as ('' == 'true').
   1:7>Target "_CollectTargetFrameworkForTelemetry" in file "C:\Program Files\dotnet\sdk\9.0.304\Sdks\Microsoft.NET.Sdk\targets\Microsoft.NET.TargetFrameworkInference.targets" from project "C:\Projects\BlueSky\backend\BSkyClone.csproj" (target "_CheckForInvalidConfigurationAndPlatform" depends on it):
       Using "AllowEmptyTelemetry" task from assembly "C:\Program Files\dotnet\sdk\9.0.304\Sdks\Microsoft.NET.Sdk\targets\..\tools\net9.0\Microsoft.NET.Build.Tasks.dll".
       Task "AllowEmptyTelemetry"
       Done executing task "AllowEmptyTelemetry".
   1:7>Done building target "_CollectTargetFrameworkForTelemetry" in project "BSkyClone.csproj".
       Target "_CheckForUnsupportedTargetPlatformIdentifier" skipped, due to false condition; ('$(TargetPlatformIdentifier)' != '' and '$(TargetFrameworkIdentifier)' == '.NETCoreApp' and $([MSBuild]::VersionGreaterThanOrEquals($(TargetFrameworkVersion), 5.0)) And ('$(DesignTimeBuild)' != 'true' Or '@(MissingWorkloadPack)' == '')) was evaluated as ('' != '' and '.NETCoreApp' == '.NETCoreApp' and True And ('' != 'true' Or '' == '')).
       Target "_CheckForMissingWorkload" skipped, due to false condition; ('@(MissingWorkloadPack)' != '' And '$(DesignTimeBuild)' != 'true') was evaluated as ('' != '' And '' != 'true').
   1:7>Target "_CheckForUnsupportedNETCoreVersion" in file "C:\Program Files\dotnet\sdk\9.0.304\Sdks\Microsoft.NET.Sdk\targets\Microsoft.NET.TargetFrameworkInference.targets" from project "C:\Projects\BlueSky\backend\BSkyClone.csproj" (target "_CheckForInvalidConfigurationAndPlatform" depends on it):
       Task "NETSdkError" skipped, due to false condition; ('$(_TargetFrameworkVersionWithoutV)' > '$(NETCoreAppMaximumVersion)' and '$(DisplayVSMessage)' != 'true') was evaluated as ('9.0' > '9.0' and '' != 'true').
       Task "NETSdkError" skipped, due to false condition; ('$(DisplayVSMessage)' == 'true') was evaluated as ('' == 'true').
   1:7>Done building target "_CheckForUnsupportedNETCoreVersion" in project "BSkyClone.csproj".
       Target "_CheckForEolTargetFrameworks" skipped, due to false condition; ('@(_EolNetCoreTargetFrameworkVersions->AnyHaveMetadataValue('Identity', '$(_TargetFrameworkVersionWithoutV)'))' and '$(TargetFrameworkIdentifier)' == '.NETCoreApp' and '$(CheckEolTargetFramework)' == 'true') was evaluated as ('false' and '.NETCoreApp' == '.NETCoreApp' and 'true' == 'true').
       Target "_CheckForEolWorkloads" skipped, due to false condition; ('@(EolWorkload)' != '' and '$(CheckEolWorkloads)' == 'true') was evaluated as ('' != '' and 'true' == 'true').
       Target "_CheckForNotRecommendedNETStandardVersion" skipped, due to false condition; ('$(TargetFrameworkIdentifier)' == '.NETStandard' and $([MSBuild]::VersionLessThan($(TargetFrameworkVersion), '2.0'))) was evaluated as ('.NETCoreApp' == '.NETStandard' and False).
   1:7>Target "_CheckForUnsupportedCppNETCoreVersion" in file "C:\Program Files\dotnet\sdk\9.0.304\Sdks\Microsoft.NET.Sdk\targets\Microsoft.NET.TargetFrameworkInference.targets" from project "C:\Projects\BlueSky\backend\BSkyClone.csproj" (target "_CheckForInvalidConfigurationAndPlatform" depends on it):
       Task "NETSdkError" skipped, due to false condition; ('$(TargetFrameworkIdentifier)' == '.NETCoreApp' and '$(_TargetFrameworkVersionWithoutV)' < '3.1' and ('$(Language)' == 'C++' and '$(_EnablePackageReferencesInVCProjects)' != 'true')) was evaluated as ('.NETCoreApp' == '.NETCoreApp' and '9.0' < '3.1' and ('C#' == 'C++' and '' != 'true')).
   1:7>Done building target "_CheckForUnsupportedCppNETCoreVersion" in project "BSkyClone.csproj".
       Target "_CheckForUnsupportedNETStandardVersion" skipped, due to false condition; ('$(TargetFrameworkIdentifier)' == '.NETStandard' And '$(NETStandardMaximumVersion)' != '') was evaluated as ('.NETCoreApp' == '.NETStandard' And '' != '').
       Target "_CheckForUnsupportedTargetFrameworkAndFeatureCombination" skipped, due to false condition; ('$(TargetFrameworkIdentifier)' == '.NETFramework') was evaluated as ('.NETCoreApp' == '.NETFramework').
       Target "_CheckForSupportedOSPlatformVersionHigherThanTargetPlatformVersion" skipped, due to false condition; ('$(TargetPlatformVersion)' != '' and '$(TargetFrameworkIdentifier)' == '.NETCoreApp' and $([MSBuild]::VersionGreaterThanOrEquals($(TargetFrameworkVersion), 5.0))) was evaluated as ('' != '' and '.NETCoreApp' == '.NETCoreApp' and True).
       Target "_CheckForInvalidTargetPlatformVersion" skipped, due to false condition; ('$(TargetPlatformVersion)' != '' and '$(TargetFrameworkIdentifier)' == '.NETCoreApp' and $([MSBuild]::VersionGreaterThanOrEquals($(TargetFrameworkVersion), 5.0)) and ('$(Language)' != 'C++' or '$(_EnablePackageReferencesInVCProjects)' == 'true')) was evaluated as ('' != '' and '.NETCoreApp' == '.NETCoreApp' and True and ('C#' != 'C++' or '' == 'true')).
   1:7>Target "_CheckForUnsupportedArtifactsPath" in file "C:\Program Files\dotnet\sdk\9.0.304\Sdks\Microsoft.NET.Sdk\targets\Microsoft.NET.DefaultOutputPaths.targets" from project "C:\Projects\BlueSky\backend\BSkyClone.csproj" (target "_CheckForInvalidConfigurationAndPlatform" depends on it):
       Task "NetSdkError" skipped, due to false condition; ('$(UseArtifactsOutput)' == 'true' and '$(_ArtifactsPathSetEarly)' != 'true') was evaluated as ('' == 'true' and '' != 'true').
       Task "NetSdkError" skipped, due to false condition; ('$(_ArtifactsPathLocationType)' == 'ProjectFolder') was evaluated as ('' == 'ProjectFolder').
   1:7>Done building target "_CheckForUnsupportedArtifactsPath" in project "BSkyClone.csproj".
       Target "_CheckForMissingWorkload" skipped, due to false condition; ('@(MissingWorkloadPack)' != '' And '$(DesignTimeBuild)' != 'true') was evaluated as ('' != '' And '' != 'true').
   1:7>Target "_CheckForUnsupportedAppHostUsage" in file "C:\Program Files\dotnet\sdk\9.0.304\Sdks\Microsoft.NET.Sdk\targets\Microsoft.NET.RuntimeIdentifierInference.targets" from project "C:\Projects\BlueSky\backend\BSkyClone.csproj" (target "_CheckForInvalidConfigurationAndPlatform" depends on it):
       Task "NETSdkError" skipped, due to false condition; ('$(SelfContained)' == 'true' and '$(RuntimeIdentifier)' == '' and '$(AllowSelfContainedWithoutRuntimeIdentifier)' != 'true') was evaluated as ('false' == 'true' and '' == '' and '' != 'true').
       Task "NETSdkError" skipped, due to false condition; ('$(PublishReadyToRun)' == 'true' and '$(RuntimeIdentifier)' == '' and '$(_IsPublishing)' == 'true') was evaluated as ('' == 'true' and '' == '' and '' == 'true').
       Task "NETSdkError" skipped, due to false condition; ('$(PublishSingleFile)' == 'true' and '$(RuntimeIdentifier)' == '' and '$(_IsPublishing)' == 'true') was evaluated as ('' == 'true' and '' == '' and '' == 'true').
       Task "NETSdkError" skipped, due to false condition; ('$(PublishAot)' == 'true' and '$(RuntimeIdentifier)' == '' and '$(_IsPublishing)' == 'true' and '$(AllowPublishAotWithoutRuntimeIdentifier)' != 'true') was evaluated as ('' == 'true' and '' == '' and '' == 'true' and '' != 'true').
       Task "NETSdkError" skipped, due to false condition; ('$(PublishSelfContained)' != 'true' and '$(PublishSelfContained)' != 'false' and '$(PublishSelfContained)' != '') was evaluated as ('' != 'true' and '' != 'false' and '' != '').
       Task "NETSdkError" skipped, due to false condition; ('$(SelfContained)' == 'true' and '$(UseAppHost)' != 'true' and '$(_RuntimeIdentifierUsesAppHost)' == 'true') was evaluated as ('false' == 'true' and 'true' != 'true' and 'true' == 'true').
       Task "NETSdkError" skipped, due to false condition; ('$(SelfContained)' != 'true' and '$(UseAppHost)' == 'true' and '$(_TargetFrameworkVersionWithoutV)' < '2.1') was evaluated as ('false' != 'true' and 'true' == 'true' and '9.0' < '2.1').
       Task "NETSdkError" skipped, due to false condition; ('$(PublishSingleFile)' == 'true' and '$(_TargetFrameworkVersionWithoutV)' < '3.0') was evaluated as ('' == 'true' and '9.0' < '3.0').
       Task "NETSdkWarning" skipped, due to false condition; ('$(PublishReadyToRun)' == 'true' and '$(_TargetFrameworkVersionWithoutV)' < '3.0') was evaluated as ('' == 'true' and '9.0' < '3.0').
       Task "NETSdkWarning" skipped, due to false condition; ('$(RuntimeIdentifier)' != '' and '$(_TargetFrameworkVersionWithoutV)' != '' and $([MSBuild]::VersionLessThan($(_TargetFrameworkVersionWithoutV), '8.0')) and '$(_SelfContainedWasSpecified)' != 'true') was evaluated as ('' != '' and '9.0' != '' and False and '' != 'true').
       Task "NetSdkError" skipped, due to false condition; (('$(UseWindowsForms)' == 'true') and ('$(PublishTrimmed)' == 'true') and ('$(_SuppressWinFormsTrimError)' != 'true')) was evaluated as (('' == 'true') and ('' == 'true') and ('' != 'true')).
       Task "NetSdkError" skipped, due to false condition; (('$(UseWpf)' == 'true') and ('$(PublishTrimmed)' == 'true') and ('$(_SuppressWpfTrimError)' != 'true')) was evaluated as (('' == 'true') and ('' == 'true') and ('' != 'true')).
   1:7>Done building target "_CheckForUnsupportedAppHostUsage" in project "BSkyClone.csproj".
   1:7>Target "_CheckForUnsupportedHostingUsage" in file "C:\Program Files\dotnet\sdk\9.0.304\Sdks\Microsoft.NET.Sdk\targets\Microsoft.NET.RuntimeIdentifierInference.targets" from project "C:\Projects\BlueSky\backend\BSkyClone.csproj" (target "_CheckForInvalidConfigurationAndPlatform" depends on it):
       Task "NETSdkWarning" skipped, due to false condition; ('$(SelfContained)' == 'true' and '$(EnableComHosting)' == 'true') was evaluated as ('false' == 'true' and '' == 'true').
   1:7>Done building target "_CheckForUnsupportedHostingUsage" in project "BSkyClone.csproj".
   1:7>Target "_CheckAndUnsetUnsupportedPrefer32Bit" in file "C:\Program Files\dotnet\sdk\9.0.304\Sdks\Microsoft.NET.Sdk\targets\Microsoft.NET.RuntimeIdentifierInference.targets" from project "C:\Projects\BlueSky\backend\BSkyClone.csproj" (target "_CheckForInvalidConfigurationAndPlatform" depends on it):
       Task "NETSdkWarning" skipped, due to false condition; ('$(Prefer32Bit)' == 'true') was evaluated as ('false' == 'true').
   1:7>Done building target "_CheckAndUnsetUnsupportedPrefer32Bit" in project "BSkyClone.csproj".
       Target "_CheckAndUnsetUnsupportedPreferNativeArm64" skipped, due to false condition; ('$(TargetFrameworkIdentifier)' == '.NETCoreApp' and '$(PreferNativeArm64)' == 'true') was evaluated as ('.NETCoreApp' == '.NETCoreApp' and 'false' == 'true').
       Target "_CheckForMismatchingPlatform" skipped, due to false condition; ('$(RuntimeIdentifier)' != '' and '$(PlatformTarget)' != '') was evaluated as ('' != '' and '' != '').
   1:7>Target "_CheckForLanguageAndFeatureCombinationSupport" in file "C:\Program Files\dotnet\sdk\9.0.304\Sdks\Microsoft.NET.Sdk\targets\Microsoft.NET.RuntimeIdentifierInference.targets" from project "C:\Projects\BlueSky\backend\BSkyClone.csproj" (target "_CheckForInvalidConfigurationAndPlatform" depends on it):
       Task "NETSdkError" skipped, due to false condition; (('$(Language)' == 'C++' and '$(_EnablePackageReferencesInVCProjects)' != 'true') and $(OutputType) != 'library' and '$(TargetFrameworkIdentifier)' == '.NETCoreApp') was evaluated as (('C#' == 'C++' and '' != 'true') and Exe != 'library' and '.NETCoreApp' == '.NETCoreApp').
       Task "NETSdkError" skipped, due to false condition; (('$(Language)' == 'C++' and '$(_EnablePackageReferencesInVCProjects)' != 'true') and $(EnableComHosting) == 'true') was evaluated as (('C#' == 'C++' and '' != 'true') and  == 'true').
       Task "NETSdkError" skipped, due to false condition; (('$(Language)' == 'C++' and '$(_EnablePackageReferencesInVCProjects)' != 'true') and $(SelfContained) == 'true') was evaluated as (('C#' == 'C++' and '' != 'true') and false == 'true').
   1:7>Done building target "_CheckForLanguageAndFeatureCombinationSupport" in project "BSkyClone.csproj".
       Target "_CheckForNETCoreSdkIsPreview" skipped, due to false condition; ( '$(_NETCoreSdkIsPreview)' == 'true' AND '$(SuppressNETCoreSdkPreviewMessage)' != 'true' ) was evaluated as ( 'false' == 'true' AND '' != 'true' ).
   1:7>Target "_GetProjectJsonPath" in file "C:\Program Files\dotnet\sdk\9.0.304\NuGet.targets" from project "C:\Projects\BlueSky\backend\BSkyClone.csproj" (target "_GetRestoreProjectStyle" depends on it):
       Task "GetRestoreProjectJsonPathTask" skipped, due to false condition; ( '$(RestoreProjectStyle)' == 'ProjectJson' OR '$(RestoreProjectStyle)' == '' ) was evaluated as ( 'PackageReference' == 'ProjectJson' OR 'PackageReference' == '' ).
   1:7>Done building target "_GetProjectJsonPath" in project "BSkyClone.csproj".
       Target "_CheckForUnsupportedTargetPlatformIdentifier" skipped, due to false condition; ('$(TargetPlatformIdentifier)' != '' and '$(TargetFrameworkIdentifier)' == '.NETCoreApp' and $([MSBuild]::VersionGreaterThanOrEquals($(TargetFrameworkVersion), 5.0)) And ('$(DesignTimeBuild)' != 'true' Or '@(MissingWorkloadPack)' == '')) was evaluated as ('' != '' and '.NETCoreApp' == '.NETCoreApp' and True And ('' != 'true' Or '' == '')).
       Target "_CheckForMissingWorkload" skipped, due to false condition; ('@(MissingWorkloadPack)' != '' And '$(DesignTimeBuild)' != 'true') was evaluated as ('' != '' And '' != 'true').
       Target "_CheckForNotRecommendedNETStandardVersion" skipped, due to false condition; ('$(TargetFrameworkIdentifier)' == '.NETStandard' and $([MSBuild]::VersionLessThan($(TargetFrameworkVersion), '2.0'))) was evaluated as ('.NETCoreApp' == '.NETStandard' and False).
       Target "_CheckForUnsupportedNETStandardVersion" skipped, due to false condition; ('$(TargetFrameworkIdentifier)' == '.NETStandard' And '$(NETStandardMaximumVersion)' != '') was evaluated as ('.NETCoreApp' == '.NETStandard' And '' != '').
       Target "_CheckForUnsupportedTargetFrameworkAndFeatureCombination" skipped, due to false condition; ('$(TargetFrameworkIdentifier)' == '.NETFramework') was evaluated as ('.NETCoreApp' == '.NETFramework').
   1:7>Target "UpdateAspNetToFrameworkReference" in file "C:\Program Files\dotnet\sdk\9.0.304\Sdks\Microsoft.NET.Sdk\targets\Microsoft.NET.Sdk.DefaultItems.Shared.targets" from project "C:\Projects\BlueSky\backend\BSkyClone.csproj" (target "ApplyImplicitVersions" depends on it):
       Using "CheckIfPackageReferenceShouldBeFrameworkReference" task from assembly "C:\Program Files\dotnet\sdk\9.0.304\Sdks\Microsoft.NET.Sdk\targets\..\tools\net9.0\Microsoft.NET.Build.Tasks.dll".
       Task "CheckIfPackageReferenceShouldBeFrameworkReference"
       Done executing task "CheckIfPackageReferenceShouldBeFrameworkReference".
       Task "NETSdkError" skipped, due to false condition; ('$(_ShouldRemoveAspNetCoreAll)' == 'true') was evaluated as ('False' == 'true').
       Task "CheckIfPackageReferenceShouldBeFrameworkReference"
       Done executing task "CheckIfPackageReferenceShouldBeFrameworkReference".
       Task "NETSdkWarning" skipped, due to false condition; ('$(_ShouldRemoveAspNetCoreApp)' == 'true') was evaluated as ('False' == 'true').
   1:7>Done building target "UpdateAspNetToFrameworkReference" in project "BSkyClone.csproj".
       Target "IncludeTargetingPackReference" skipped, due to false condition; ('$(TargetFrameworkMoniker)' != '' and '$(TargetFrameworkIdentifier)' == '.NETFramework' and '$(AutomaticallyUseReferenceAssemblyPackages)' == 'true') was evaluated as ('.NETCoreApp,Version=v9.0' != '' and '.NETCoreApp' == '.NETFramework' and 'true' == 'true').
   1:7>Target "CheckForImplicitPackageReferenceOverrides" in file "C:\Program Files\dotnet\sdk\9.0.304\Sdks\Microsoft.NET.Sdk\targets\Microsoft.NET.Sdk.DefaultItems.Shared.targets" from project "C:\Projects\BlueSky\backend\BSkyClone.csproj" (target "ApplyImplicitVersions" depends on it):
       Using "CheckForImplicitPackageReferenceOverrides" task from assembly "C:\Program Files\dotnet\sdk\9.0.304\Sdks\Microsoft.NET.Sdk\targets\..\tools\net9.0\Microsoft.NET.Build.Tasks.dll".
       Task "CheckForImplicitPackageReferenceOverrides"
       Done executing task "CheckForImplicitPackageReferenceOverrides".
   1:7>Done building target "CheckForImplicitPackageReferenceOverrides" in project "BSkyClone.csproj".
   1:7>Target "ApplyImplicitVersions" in file "C:\Program Files\dotnet\sdk\9.0.304\Sdks\Microsoft.NET.Sdk\targets\Microsoft.NET.Sdk.DefaultItems.Shared.targets" from project "C:\Projects\BlueSky\backend\BSkyClone.csproj" (target "CollectPackageReferences" depends on it):
       Using "ApplyImplicitVersions" task from assembly "C:\Program Files\dotnet\sdk\9.0.304\Sdks\Microsoft.NET.Sdk\targets\..\tools\net9.0\Microsoft.NET.Build.Tasks.dll".
       Task "ApplyImplicitVersions"
       Done executing task "ApplyImplicitVersions".
   1:7>Done building target "ApplyImplicitVersions" in project "BSkyClone.csproj".
       Target "CheckForImplicitPackageReferenceOverrides" skipped. Previously built successfully.
       Target "AddWindowsSdkKnownFrameworkReferences" skipped, due to false condition; ('$(TargetFrameworkIdentifier)' == '.NETCoreApp' And '$(TargetPlatformIdentifier)' == 'Windows'
                            And ('$(Language)' != 'C++' Or '$(IncludeWindowsSDKRefFrameworkReferences)' == 'true')) was evaluated as ('.NETCoreApp' == '.NETCoreApp' And '' == 'Windows'
                            And ('C#' != 'C++' Or '' == 'true')).
       Target "_NormalizeTargetPlatformVersion" skipped, due to false condition; ('$(TargetPlatformVersion)' != '' and '$(TargetFrameworkIdentifier)' == '.NETCoreApp' and $([MSBuild]::VersionGreaterThanOrEquals($(TargetFrameworkVersion), 5.0)) and ('$(Language)' != 'C++' or '$(_EnablePackageReferencesInVCProjects)' == 'true')) was evaluated as ('' != '' and '.NETCoreApp' == '.NETCoreApp' and True and ('C#' != 'C++' or '' == 'true')).
   1:7>Target "_ComputeToolPackInputsToProcessFrameworkReferences" in file "C:\Program Files\dotnet\sdk\9.0.304\Sdks\Microsoft.NET.Sdk\targets\Microsoft.NET.Publish.targets" from project "C:\Projects\BlueSky\backend\BSkyClone.csproj" (target "ProcessFrameworkReferences" depends on it):
   1:7>Done building target "_ComputeToolPackInputsToProcessFrameworkReferences" in project "BSkyClone.csproj".
   1:7>Target "ProcessFrameworkReferences" in file "C:\Program Files\dotnet\sdk\9.0.304\Sdks\Microsoft.NET.Sdk\targets\Microsoft.NET.Sdk.FrameworkReferenceResolution.targets" from project "C:\Projects\BlueSky\backend\BSkyClone.csproj" (target "CollectPackageReferences" depends on it):
       Using "CheckForDuplicateFrameworkReferences" task from assembly "C:\Program Files\dotnet\sdk\9.0.304\Sdks\Microsoft.NET.Sdk\targets\..\tools\net9.0\Microsoft.NET.Build.Tasks.dll".
       Task "CheckForDuplicateFrameworkReferences"
       Done executing task "CheckForDuplicateFrameworkReferences".
       Using "ProcessFrameworkReferences" task from assembly "C:\Program Files\dotnet\sdk\9.0.304\Sdks\Microsoft.NET.Sdk\targets\..\tools\net9.0\Microsoft.NET.Build.Tasks.dll".
       Task "ProcessFrameworkReferences"
       Done executing task "ProcessFrameworkReferences".
       Using "ResolveAppHosts" task from assembly "C:\Program Files\dotnet\sdk\9.0.304\Sdks\Microsoft.NET.Sdk\targets\..\tools\net9.0\Microsoft.NET.Build.Tasks.dll".
       Task "ResolveAppHosts"
       Done executing task "ResolveAppHosts".
   1:7>Done building target "ProcessFrameworkReferences" in project "BSkyClone.csproj".
       Target "IncludeTargetingPackReference" skipped, due to false condition; ('$(TargetFrameworkMoniker)' != '' and '$(TargetFrameworkIdentifier)' == '.NETFramework' and '$(AutomaticallyUseReferenceAssemblyPackages)' == 'true') was evaluated as ('.NETCoreApp,Version=v9.0' != '' and '.NETCoreApp' == '.NETFramework' and 'true' == 'true').
       Target "_CheckMicrosoftNetCompilersToolsetFrameworkPackageReference" skipped, due to false condition; ('$(MSBuildRuntimeType)' == 'Full') was evaluated as ('Core' == 'Full').
   1:7>Target "_CheckForObsoleteDotNetCliToolReferences" in file "C:\Program Files\dotnet\sdk\9.0.304\Sdks\Microsoft.NET.Sdk\targets\Microsoft.NET.ObsoleteReferences.targets" from project "C:\Projects\BlueSky\backend\BSkyClone.csproj" (target "CollectPackageReferences" depends on it):
       Task "NETSdkWarning" skipped, due to false condition; ( '%(_ReferenceToObsoleteDotNetCliTool.Identity)' != '' ) was evaluated as ( '' != '' ).
   1:7>Done building target "_CheckForObsoleteDotNetCliToolReferences" in project "BSkyClone.csproj".
   1:7>Target "CollectPackageReferences" in file "C:\Program Files\dotnet\sdk\9.0.304\NuGet.targets" from project "C:\Projects\BlueSky\backend\BSkyClone.csproj" (target "_GetRestoreProjectStyle" depends on it):
       Using "CheckForDuplicateNuGetItemsTask" task from assembly "C:\Program Files\dotnet\sdk\9.0.304\NuGet.Build.Tasks.dll".
       Task "CheckForDuplicateNuGetItemsTask"
       Done executing task "CheckForDuplicateNuGetItemsTask".
   1:7>Done building target "CollectPackageReferences" in project "BSkyClone.csproj".
   1:7>Target "_GetRestoreProjectStyle" in file "C:\Program Files\dotnet\sdk\9.0.304\NuGet.targets" from project "C:\Projects\BlueSky\backend\BSkyClone.csproj" (target "EnableIntermediateOutputPathMismatchWarning" depends on it):
       Using "GetRestoreProjectStyleTask" task from assembly "C:\Program Files\dotnet\sdk\9.0.304\NuGet.Build.Tasks.dll".
       Task "GetRestoreProjectStyleTask"
       Done executing task "GetRestoreProjectStyleTask".
   1:7>Done building target "_GetRestoreProjectStyle" in project "BSkyClone.csproj".
   1:7>Target "EnableIntermediateOutputPathMismatchWarning" in file "C:\Program Files\dotnet\sdk\9.0.304\NuGet.targets" from project "C:\Projects\BlueSky\backend\BSkyClone.csproj" (target "_CheckForInvalidConfigurationAndPlatform" depends on it):
   1:7>Done building target "EnableIntermediateOutputPathMismatchWarning" in project "BSkyClone.csproj".
       Target "ApplyImplicitVersions" skipped. Previously built successfully.
       Target "CheckForImplicitPackageReferenceOverrides" skipped. Previously built successfully.
   1:7>Target "CheckForDuplicateItems" in file "C:\Program Files\dotnet\sdk\9.0.304\Sdks\Microsoft.NET.Sdk\targets\Microsoft.NET.Sdk.DefaultItems.Shared.targets" from project "C:\Projects\BlueSky\backend\BSkyClone.csproj" (target "_CheckForInvalidConfigurationAndPlatform" depends on it):
       Using "CheckForDuplicateItems" task from assembly "C:\Program Files\dotnet\sdk\9.0.304\Sdks\Microsoft.NET.Sdk\targets\..\tools\net9.0\Microsoft.NET.Build.Tasks.dll".
       Task "CheckForDuplicateItems"
       Done executing task "CheckForDuplicateItems".
       Task "CheckForDuplicateItems"
       Done executing task "CheckForDuplicateItems".
       Task "CheckForDuplicateItems"
       Done executing task "CheckForDuplicateItems".
   1:7>Done building target "CheckForDuplicateItems" in project "BSkyClone.csproj".
       Target "WarnForExplicitVersions" skipped, due to false condition; ('@(SdkBuildWarning)' != '') was evaluated as ('' != '').
       Target "_CheckForFailedSDKResolution" skipped, due to false condition; ('$(SdkResolverHonoredGlobalJson)' == 'false') was evaluated as ('' == 'false').
       Target "_WarnWhenUsingNET9AndVSPriorTo1712" skipped, due to false condition; ($([MSBuild]::VersionLessThan($(MSBuildVersion), '17.12.0')) and '$(TargetFrameworkIdentifier)' == '.NETCoreApp' and $([MSBuild]::VersionGreaterThanOrEquals($(_TargetFrameworkVersionWithoutV), '9.0'))) was evaluated as (False and '.NETCoreApp' == '.NETCoreApp' and True).
       Target "_CheckForInvalidWindowsDesktopTargetingConfiguration" skipped, due to false condition; ('$(TargetFrameworkIdentifier)' == '.NETCoreApp' and $([MSBuild]::VersionGreaterThanOrEquals($(_TargetFrameworkVersionWithoutV), '5.0')) and ('$(UseWindowsForms)' == 'true' or '$(UseWPF)' == 'true')) was evaluated as ('.NETCoreApp' == '.NETCoreApp' and True and ('' == 'true' or '' == 'true')).
       Target "_CheckForUnnecessaryWindowsDesktopSDK" skipped, due to false condition; ('$(TargetFrameworkIdentifier)' == '.NETCoreApp' and $([MSBuild]::VersionGreaterThanOrEquals($(_TargetFrameworkVersionWithoutV), '5.0')) and '$(_MicrosoftWindowsDesktopSdkImported)' == 'true' and '$(TargetFrameworks)' == '') was evaluated as ('.NETCoreApp' == '.NETCoreApp' and True and '' == 'true' and '' == '').
       Target "ProcessFrameworkReferences" skipped. Previously built successfully.
       Target "IncludeTargetingPackReference" skipped, due to false condition; ('$(TargetFrameworkMoniker)' != '' and '$(TargetFrameworkIdentifier)' == '.NETFramework' and '$(AutomaticallyUseReferenceAssemblyPackages)' == 'true') was evaluated as ('.NETCoreApp,Version=v9.0' != '' and '.NETCoreApp' == '.NETFramework' and 'true' == 'true').
   1:7>Target "_CheckForInvalidConfigurationAndPlatform" in file "C:\Program Files\dotnet\sdk\9.0.304\Microsoft.Common.CurrentVersion.targets" from project "C:\Projects\BlueSky\backend\BSkyClone.csproj" (target "BeforeBuild" depends on it):
       Task "MSBuildInternalMessage" skipped, due to false condition; ('$(_InvalidConfigurationMessageSeverity)' != '') was evaluated as ('' != '').
       Task "Message"
         Configuration=Debug
       Done executing task "Message".
       Task "Message"
         Platform=AnyCPU
       Done executing task "Message".
       Task "MSBuildInternalMessage" skipped, due to false condition; ('$(OutDir)' != '' and !HasTrailingSlash('$(OutDir)')) was evaluated as ('bin\Debug\net9.0\' != '' and !HasTrailingSlash('bin\Debug\net9.0\')).
       Task "MSBuildInternalMessage" skipped, due to false condition; ('$(IntermediateOutputPath)' != '' and !HasTrailingSlash('$(IntermediateOutputPath)')) was evaluated as ('obj\Debug\net9.0\' != '' and !HasTrailingSlash('obj\Debug\net9.0\')).
       Task "MSBuildInternalMessage" skipped, due to false condition; ('$(BaseIntermediateOutputPath)' != '' and !HasTrailingSlash('$(BaseIntermediateOutputPath)')) was evaluated as ('C:\Projects\BlueSky\backend\obj\' != '' and !HasTrailingSlash('C:\Projects\BlueSky\backend\obj\')).
       Task "MSBuildInternalMessage" skipped, due to false condition; ( '$(Prefer32Bit)' == 'true' and '$(PreferNativeArm64)' == 'true' ) was evaluated as ( 'false' == 'true' and 'false' == 'true' ).
       Task "MSBuildInternalMessage" skipped, due to false condition; ( '$(NoWin32Manifest)' == 'true' and '$(PreferNativeArm64)' == 'true' ) was evaluated as ( '' == 'true' and 'false' == 'true' ).
       Task "MSBuildInternalMessage" skipped, due to false condition; ( '$(PreferNativeArm64)' == 'true' and '$(Platform)' != 'AnyCPU' ) was evaluated as ( 'false' == 'true' and 'AnyCPU' != 'AnyCPU' ).
       Task "MSBuildInternalMessage" skipped, due to false condition; ( '$(_InitialMSBuildProjectExtensionsPath)' != '' And '$(MSBuildProjectExtensionsPath)' != '$(_InitialMSBuildProjectExtensionsPath)' ) was evaluated as ( 'C:\Projects\BlueSky\backend\obj\' != '' And 'C:\Projects\BlueSky\backend\obj\' != 'C:\Projects\BlueSky\backend\obj\' ).
       Task "MSBuildInternalMessage" skipped, due to false condition; ( '$(EnableBaseIntermediateOutputPathMismatchWarning)' == 'true' And '$(_InitialBaseIntermediateOutputPath)' != '$(BaseIntermediateOutputPath)' And '$(BaseIntermediateOutputPath)' != '$(MSBuildProjectExtensionsPath)' ) was evaluated as ( 'true' == 'true' And 'obj\' != 'C:\Projects\BlueSky\backend\obj\' And 'C:\Projects\BlueSky\backend\obj\' != 'C:\Projects\BlueSky\backend\obj\' ).
   1:7>Done building target "_CheckForInvalidConfigurationAndPlatform" in project "BSkyClone.csproj".
   1:7>Target "_CheckForUnsupportedPlatformTarget" in file "C:\Users\nguye\.nuget\packages\microsoft.ml\5.0.0\build\netstandard2.0\Microsoft.ML.targets" from project "C:\Projects\BlueSky\backend\BSkyClone.csproj" (target "BeforeBuild" depends on it):
       Task "Error" skipped, due to false condition; (('$(PlatformTarget)' != 'x64' AND '$(PlatformTarget)' != 'x86') AND
                             ('$(OutputType)' == 'Exe' OR '$(OutputType)'=='WinExe') AND
                             !('$(TargetFrameworkIdentifier)' == '.NETCoreApp' AND '$(PlatformTarget)' == '')) was evaluated as (('' != 'x64' AND '' != 'x86') AND
                             ('Exe' == 'Exe' OR 'Exe'=='WinExe') AND
                             !('.NETCoreApp' == '.NETCoreApp' AND '' == '')).
   1:7>Done building target "_CheckForUnsupportedPlatformTarget" in project "BSkyClone.csproj".
   1:7>Target "ValidateCommandLineProperties" in file "C:\Program Files\dotnet\sdk\9.0.304\Sdks\Microsoft.NET.Sdk\targets\Microsoft.NET.Sdk.targets" from project "C:\Projects\BlueSky\backend\BSkyClone.csproj" (target "BeforeBuild" depends on it):
   1:7>Done building target "ValidateCommandLineProperties" in project "BSkyClone.csproj".
   1:7>Target "Microsoft_ML_OnnxRuntime_CheckPrerequisites" in file "C:\Users\nguye\.nuget\packages\microsoft.ml.onnxruntime\1.20.1\build\netstandard2.1\Microsoft.ML.OnnxRuntime.targets" from project "C:\Projects\BlueSky\backend\BSkyClone.csproj" (target "BeforeBuild" depends on it):
       Task "Error" skipped, due to false condition; (('$(PlatformTarget)' != 'x64' AND '$(PlatformTarget)' != 'arm32' AND '$(PlatformTarget)' != 'arm64' AND '$(PlatformTarget)' != 'x86' AND '$(PlatformTarget)' != 'AnyCPU') AND
                             ('$(OutputType)' == 'Exe' OR '$(OutputType)'=='WinExe') AND
                             !('$(TargetFrameworkIdentifier)' == '.NETCoreApp' AND '$(PlatformTarget)' == '') AND
                              $([MSBuild]::GetTargetPlatformIdentifier('$(TargetFramework)')) != 'ios' AND
                             '$(SuppressOnnxRuntimePlatformCompatibilityError)' != 'true') was evaluated as (('' != 'x64' AND '' != 'arm32' AND '' != 'arm64' AND '' != 'x86' AND '' != 'AnyCPU') AND
                             ('Exe' == 'Exe' OR 'Exe'=='WinExe') AND
                             !('.NETCoreApp' == '.NETCoreApp' AND '' == '') AND
                               != 'ios' AND
                             '' != 'true').
   1:7>Done building target "Microsoft_ML_OnnxRuntime_CheckPrerequisites" in project "BSkyClone.csproj".
   1:7>Target "BeforeBuild" in file "C:\Program Files\dotnet\sdk\9.0.304\Microsoft.Common.CurrentVersion.targets" from project "C:\Projects\BlueSky\backend\BSkyClone.csproj" (target "Build" depends on it):
   1:7>Done building target "BeforeBuild" in project "BSkyClone.csproj".
       Target "_CheckForBuildWithNoBuild" skipped, due to false condition; ('$(NoBuild)' == 'true' and '$(GeneratePackageOnBuild)' != 'true') was evaluated as ('' == 'true' and 'false' != 'true').
   1:7>Target "BuildOnlySettings" in file "C:\Program Files\dotnet\sdk\9.0.304\Microsoft.Common.CurrentVersion.targets" from project "C:\Projects\BlueSky\backend\BSkyClone.csproj" (target "CoreBuild" depends on it):
       C:\Program Files\dotnet\sdk\9.0.304\Microsoft.Common.CurrentVersion.targets(1168,7): message : Property reassignment: $(BuildingProject)="true" (previous value: "false") at C:\Program Files\dotnet\sdk\9.0.304\Microsoft.Common.CurrentVersion.targets (1168,7) [C:\Projects\BlueSky\backend\BSkyClone.csproj]
   1:7>Done building target "BuildOnlySettings" in project "BSkyClone.csproj".
       Target "_CheckForUnsupportedTargetFramework" skipped, due to false condition; ('$(_UnsupportedTargetFrameworkError)' == 'true') was evaluated as ('' == 'true').
       Target "_CheckForUnsupportedTargetPlatformIdentifier" skipped, due to false condition; ('$(TargetPlatformIdentifier)' != '' and '$(TargetFrameworkIdentifier)' == '.NETCoreApp' and $([MSBuild]::VersionGreaterThanOrEquals($(TargetFrameworkVersion), 5.0)) And ('$(DesignTimeBuild)' != 'true' Or '@(MissingWorkloadPack)' == '')) was evaluated as ('' != '' and '.NETCoreApp' == '.NETCoreApp' and True And ('' != 'true' Or '' == '')).
       Target "_CheckForMissingWorkload" skipped, due to false condition; ('@(MissingWorkloadPack)' != '' And '$(DesignTimeBuild)' != 'true') was evaluated as ('' != '' And '' != 'true').
   1:7>Target "GetFrameworkPaths" in file "C:\Program Files\dotnet\sdk\9.0.304\Sdks\Microsoft.NET.Sdk\targets\Microsoft.NET.DisableStandardFrameworkResolution.targets" from project "C:\Projects\BlueSky\backend\BSkyClone.csproj" (target "PrepareForBuild" depends on it):
   1:7>Done building target "GetFrameworkPaths" in project "BSkyClone.csproj".
       Target "_CheckForUnsupportedTargetFramework" skipped, due to false condition; ('$(_UnsupportedTargetFrameworkError)' == 'true') was evaluated as ('' == 'true').
       Target "_CheckForUnsupportedTargetPlatformIdentifier" skipped, due to false condition; ('$(TargetPlatformIdentifier)' != '' and '$(TargetFrameworkIdentifier)' == '.NETCoreApp' and $([MSBuild]::VersionGreaterThanOrEquals($(TargetFrameworkVersion), 5.0)) And ('$(DesignTimeBuild)' != 'true' Or '@(MissingWorkloadPack)' == '')) was evaluated as ('' != '' and '.NETCoreApp' == '.NETCoreApp' and True And ('' != 'true' Or '' == '')).
       Target "_CheckForMissingWorkload" skipped, due to false condition; ('@(MissingWorkloadPack)' != '' And '$(DesignTimeBuild)' != 'true') was evaluated as ('' != '' And '' != 'true').
   1:7>Target "GetReferenceAssemblyPaths" in file "C:\Program Files\dotnet\sdk\9.0.304\Sdks\Microsoft.NET.Sdk\targets\Microsoft.NET.DisableStandardFrameworkResolution.targets" from project "C:\Projects\BlueSky\backend\BSkyClone.csproj" (target "PrepareForBuild" depends on it):
   1:7>Done building target "GetReferenceAssemblyPaths" in project "BSkyClone.csproj".
       Target "AssignLinkMetadata" skipped, due to false condition; ( '$(SynthesizeLinkMetadata)' == 'true' ) was evaluated as ( '' == 'true' ).
   1:7>Target "ResolveRazorGenerateInputs" in file "C:\Program Files\dotnet\sdk\9.0.304\Sdks\Microsoft.NET.Sdk.Razor\targets\Sdk.Razor.CurrentVersion.targets" from project "C:\Projects\BlueSky\backend\BSkyClone.csproj" (target "PrepareForBuild" depends on it):
   1:7>Done building target "ResolveRazorGenerateInputs" in project "BSkyClone.csproj".
       Target "_VerifyPackReleaseConfigurations" skipped, due to false condition; ('$(_IsPacking)' == 'true' and '$(DOTNET_CLI_DISABLE_PUBLISH_AND_PACK_RELEASE)' != 'true' and '$(DOTNET_CLI_LAZY_PUBLISH_AND_PACK_RELEASE_FOR_SOLUTIONS)' == 'true') was evaluated as ('' == 'true' and '' != 'true' and '' == 'true').
   1:7>Target "PrepareForBuild" in file "C:\Program Files\dotnet\sdk\9.0.304\Microsoft.Common.CurrentVersion.targets" from project "C:\Projects\BlueSky\backend\BSkyClone.csproj" (target "CoreBuild" depends on it):
       Using "FindAppConfigFile" task from assembly "Microsoft.Build.Tasks.Core, Version=15.1.0.0, Culture=neutral, PublicKeyToken=b03f5f7f11d50a3a".
       Task "FindAppConfigFile"
       Done executing task "FindAppConfigFile".
       Using "MakeDir" task from assembly "Microsoft.Build.Tasks.Core, Version=15.1.0.0, Culture=neutral, PublicKeyToken=b03f5f7f11d50a3a".
       Task "MakeDir"
       Done executing task "MakeDir".
   1:7>Done building target "PrepareForBuild" in project "BSkyClone.csproj".
       Target "GenerateTargetPlatformDefineConstants" skipped, due to false condition; ( '$(DisableImplicitFrameworkDefines)' != 'true' and '$(TargetPlatformIdentifier)' != '' and '$(TargetFrameworkIdentifier)' == '.NETCoreApp' and $([MSBuild]::VersionGreaterThanOrEquals($(TargetFrameworkVersion), 5.0)) ) was evaluated as ( '' != 'true' and '' != '' and '.NETCoreApp' == '.NETCoreApp' and True ).
   1:7>Target "GenerateNETCompatibleDefineConstants" in file "C:\Program Files\dotnet\sdk\9.0.304\Sdks\Microsoft.NET.Sdk\targets\Microsoft.NET.Sdk.BeforeCommon.targets" from project "C:\Projects\BlueSky\backend\BSkyClone.csproj" (target "AddImplicitDefineConstants" depends on it):
   1:7>Done building target "GenerateNETCompatibleDefineConstants" in project "BSkyClone.csproj".
       Target "GeneratePlatformCompatibleDefineConstants" skipped, due to false condition; ( '$(DisableImplicitFrameworkDefines)' != 'true' and '$(TargetPlatformIdentifier)' != '' and '$(TargetFrameworkIdentifier)' == '.NETCoreApp' and $([MSBuild]::VersionGreaterThanOrEquals($(TargetFrameworkVersion), 5.0)) ) was evaluated as ( '' != 'true' and '' != '' and '.NETCoreApp' == '.NETCoreApp' and True ).
       Target "_DisableDiagnosticTracing" skipped, due to false condition; ('$(DisableDiagnosticTracing)' == 'true') was evaluated as ('' == 'true').
   1:7>Target "AddImplicitDefineConstants" in file "C:\Program Files\dotnet\sdk\9.0.304\Sdks\Microsoft.NET.Sdk\targets\Microsoft.NET.Sdk.BeforeCommon.targets" from project "C:\Projects\BlueSky\backend\BSkyClone.csproj" (target "CoreBuild" depends on it):
       C:\Program Files\dotnet\sdk\9.0.304\Sdks\Microsoft.NET.Sdk\targets\Microsoft.NET.Sdk.BeforeCommon.targets(267,7): message : Property reassignment: $(DefineConstants)="TRACE;DEBUG;NET;NET9_0;NETCOREAPP;NET5_0_OR_GREATER;NET6_0_OR_GREATER;NET7_0_OR_GREATER;NET8_0_OR_GREATER;NET9_0_OR_GREATER;NETCOREAPP1_0_OR_GREATER;NETCOREAPP1_1_OR_GREATER;NETCOREAPP2_0_OR_GREATER;NETCOREAPP2_1_OR_GREATER;NETCOREAPP2_2_OR_GREATER;NETCOREAPP3_0_OR_GREATER;NETCOREAPP3_1_OR_GREATER" (previous value: "TRACE;DEBUG;NET;NET9_0;NETCOREAPP") at C:\Program Files\dotnet\sdk\9.0.304\Sdks\Microsoft.NET.Sdk\targets\Microsoft.NET.Sdk.BeforeCommon.targets (267,7) [C:\Projects\BlueSky\backend\BSkyClone.csproj]
   1:7>Done building target "AddImplicitDefineConstants" in project "BSkyClone.csproj".
   1:7>Target "GenerateGlobalUsings" in file "C:\Program Files\dotnet\sdk\9.0.304\Sdks\Microsoft.NET.Sdk\targets\Microsoft.NET.GenerateGlobalUsings.targets" from project "C:\Projects\BlueSky\backend\BSkyClone.csproj" (target "CoreBuild" depends on it):
       Using "GenerateGlobalUsings" task from assembly "C:\Program Files\dotnet\sdk\9.0.304\Sdks\Microsoft.NET.Sdk\targets\..\tools\net9.0\Microsoft.NET.Build.Tasks.dll".
       Task "GenerateGlobalUsings"
       Done executing task "GenerateGlobalUsings".
       Using "WriteLinesToFile" task from assembly "Microsoft.Build.Tasks.Core, Version=15.1.0.0, Culture=neutral, PublicKeyToken=b03f5f7f11d50a3a".
       Task "WriteLinesToFile"
         Skipping write to file "obj\Debug\net9.0\BSkyClone.GlobalUsings.g.cs" because content would not change.
       Done executing task "WriteLinesToFile".
   1:7>Done building target "GenerateGlobalUsings" in project "BSkyClone.csproj".
       Target "PreBuildEvent" skipped, due to false condition; ('$(PreBuildEvent)'!='') was evaluated as (''!='').
   1:7>Target "BeforeResolveReferences" in file "C:\Program Files\dotnet\sdk\9.0.304\Microsoft.Common.CurrentVersion.targets" from project "C:\Projects\BlueSky\backend\BSkyClone.csproj" (target "ResolveReferences" depends on it):
   1:7>Done building target "BeforeResolveReferences" in project "BSkyClone.csproj".
       Target "AssignProjectConfiguration" skipped, due to false condition; ('$(CurrentSolutionConfigurationContents)' != '' or '@(ProjectReference)'!='') was evaluated as ('' != '' or ''!='').
   1:7>Target "IgnoreJavaScriptOutputAssembly" in file "C:\Program Files\dotnet\sdk\9.0.304\Microsoft.Common.CurrentVersion.targets" from project "C:\Projects\BlueSky\backend\BSkyClone.csproj" (target "AssignProjectConfiguration" depends on it):
   1:7>Done building target "IgnoreJavaScriptOutputAssembly" in project "BSkyClone.csproj".
       Target "ProcessFrameworkReferences" skipped. Previously built successfully.
   1:7>Target "_DefaultMicrosoftNETPlatformLibrary" in file "C:\Program Files\dotnet\sdk\9.0.304\Sdks\Microsoft.NET.Sdk\targets\Microsoft.NET.Sdk.Shared.targets" from project "C:\Projects\BlueSky\backend\BSkyClone.csproj" (target "ResolvePackageAssets" depends on it):
   1:7>Done building target "_DefaultMicrosoftNETPlatformLibrary" in project "BSkyClone.csproj".
   1:7>Target "_ComputePackageReferencePublish" in file "C:\Program Files\dotnet\sdk\9.0.304\Sdks\Microsoft.NET.Sdk\targets\Microsoft.NET.Sdk.Shared.targets" from project "C:\Projects\BlueSky\backend\BSkyClone.csproj" (target "ResolvePackageAssets" depends on it):
   1:7>Done building target "_ComputePackageReferencePublish" in project "BSkyClone.csproj".
       Target "_ResolveCompilerVersion" skipped, due to false condition; ('$(CompilerApiVersion)' == '' And
                            ('$(Language)' == 'C#' Or '$(Language)' == 'VB') And
                            Exists('$(RoslynTargetsPath)\Microsoft.Build.Tasks.CodeAnalysis.dll')) was evaluated as ('roslyn4.14' == '' And
                            ('C#' == 'C#' Or 'C#' == 'VB') And
                            Exists('C:\Program Files\dotnet\sdk\9.0.304\Roslyn\Microsoft.Build.Tasks.CodeAnalysis.dll')).
   1:7>Target "ResolvePackageAssets" in file "C:\Program Files\dotnet\sdk\9.0.304\Sdks\Microsoft.NET.Sdk\targets\Microsoft.PackageDependencyResolution.targets" from project "C:\Projects\BlueSky\backend\BSkyClone.csproj" (target "ResolveLockFileReferences" depends on it):
       Using "ResolvePackageAssets" task from assembly "C:\Program Files\dotnet\sdk\9.0.304\Sdks\Microsoft.NET.Sdk\targets\..\tools\net9.0\Microsoft.NET.Build.Tasks.dll".
       Task "ResolvePackageAssets"
   1:7>C:\Projects\BlueSky\backend\BSkyClone.csproj : warning NU1902: Package 'SixLabors.ImageSharp' 3.1.7 has a known moderate severity vulnerability, https://github.com/advisories/GHSA-rxmq-m78w-7wmc
       Done executing task "ResolvePackageAssets".
   1:7>Done building target "ResolvePackageAssets" in project "BSkyClone.csproj".
       Target "AdjustDefaultPlatformTargetForNetFrameworkExeWithNoNativeCopyLocalItems" skipped, due to false condition; ('$(_UsingDefaultPlatformTarget)' == 'true' and
                            '$(_UsingDefaultRuntimeIdentifier)' == 'true') was evaluated as ('true' == 'true' and
                            '' == 'true').
   1:7>Target "_CheckForTransitiveWindowsDesktopDependencies" in file "C:\Program Files\dotnet\sdk\9.0.304\Sdks\Microsoft.NET.Sdk\targets\Microsoft.NET.Sdk.DefaultItems.Shared.targets" from project "C:\Projects\BlueSky\backend\BSkyClone.csproj" (target "ResolveLockFileReferences" depends on it):
       Task "NetSdkError" skipped, due to false condition; ('@(_WindowsDesktopTransitiveFrameworkReference)' != '') was evaluated as ('' != '').
   1:7>Done building target "_CheckForTransitiveWindowsDesktopDependencies" in project "BSkyClone.csproj".
   1:7>Target "AddTransitiveFrameworkReferences" in file "C:\Program Files\dotnet\sdk\9.0.304\Sdks\Microsoft.NET.Sdk\targets\Microsoft.NET.Sdk.FrameworkReferenceResolution.targets" from project "C:\Projects\BlueSky\backend\BSkyClone.csproj" (target "ResolveLockFileReferences" depends on it):
   1:7>Done building target "AddTransitiveFrameworkReferences" in project "BSkyClone.csproj".
   1:7>Target "ResolveLockFileReferences" in file "C:\Program Files\dotnet\sdk\9.0.304\Sdks\Microsoft.NET.Sdk\targets\Microsoft.PackageDependencyResolution.targets" from project "C:\Projects\BlueSky\backend\BSkyClone.csproj" (target "ResolvePackageDependenciesForBuild" depends on it):
       Using "JoinItems" task from assembly "C:\Program Files\dotnet\sdk\9.0.304\Sdks\Microsoft.NET.Sdk\targets\..\tools\net9.0\Microsoft.NET.Build.Tasks.dll".
       Task "JoinItems"
       Done executing task "JoinItems".
   1:7>Done building target "ResolveLockFileReferences" in project "BSkyClone.csproj".
       Target "ResolvePackageAssets" skipped. Previously built successfully.
   1:7>Target "ResolveLockFileAnalyzers" in file "C:\Program Files\dotnet\sdk\9.0.304\Sdks\Microsoft.NET.Sdk\targets\Microsoft.PackageDependencyResolution.targets" from project "C:\Projects\BlueSky\backend\BSkyClone.csproj" (target "ResolvePackageDependenciesForBuild" depends on it):
   1:7>Done building target "ResolveLockFileAnalyzers" in project "BSkyClone.csproj".
       Target "ResolvePackageAssets" skipped. Previously built successfully.
       Target "RunProduceContentAssets" skipped, due to false condition; ('@(_ContentFilesToPreprocess)' != '' and '$(_CleaningWithoutRebuilding)' != 'true') was evaluated as ('' != '' and '' != 'true').
   1:7>Target "ResolveLockFileCopyLocalFiles" in file "C:\Program Files\dotnet\sdk\9.0.304\Sdks\Microsoft.NET.Sdk\targets\Microsoft.PackageDependencyResolution.targets" from project "C:\Projects\BlueSky\backend\BSkyClone.csproj" (target "ResolvePackageDependenciesForBuild" depends on it):
   1:7>Done building target "ResolveLockFileCopyLocalFiles" in project "BSkyClone.csproj".
       Target "ResolveRuntimePackAssets" skipped, due to false condition; ('@(RuntimePack)' != '') was evaluated as ('' != '').
       Target "RunProduceContentAssets" skipped, due to false condition; ('@(_ContentFilesToPreprocess)' != '' and '$(_CleaningWithoutRebuilding)' != 'true') was evaluated as ('' != '' and '' != 'true').
       Target "ResolvePackageAssets" skipped. Previously built successfully.
   1:7>Target "IncludeTransitiveProjectReferences" in file "C:\Program Files\dotnet\sdk\9.0.304\Sdks\Microsoft.NET.Sdk\targets\Microsoft.PackageDependencyResolution.targets" from project "C:\Projects\BlueSky\backend\BSkyClone.csproj" (target "ResolvePackageDependenciesForBuild" depends on it):
   1:7>Done building target "IncludeTransitiveProjectReferences" in project "BSkyClone.csproj".
   1:7>Target "ResolvePackageDependenciesForBuild" in file "C:\Program Files\dotnet\sdk\9.0.304\Sdks\Microsoft.NET.Sdk\targets\Microsoft.PackageDependencyResolution.targets" from project "C:\Projects\BlueSky\backend\BSkyClone.csproj" (target "AssignProjectConfiguration" depends on it):
   1:7>Done building target "ResolvePackageDependenciesForBuild" in project "BSkyClone.csproj".
       Target "_System_Text_JsonAnalyzerMultiTargeting" skipped, due to false condition; ('$(SupportsRoslynComponentVersioning)' != 'true') was evaluated as ('true' != 'true').
       Target "_System_Text_JsonRemoveAnalyzers" skipped, due to false condition; ('$(DisableSystemTextJsonSourceGenerator)' == 'true') was evaluated as ('' == 'true').
       Target "_Microsoft_Extensions_Logging_AbstractionsAnalyzerMultiTargeting" skipped, due to false condition; ('$(SupportsRoslynComponentVersioning)' != 'true') was evaluated as ('true' != 'true').
       Target "_Microsoft_Extensions_Logging_AbstractionsRemoveAnalyzers" skipped, due to false condition; ('$(DisableMicrosoftExtensionsLoggingSourceGenerator)' == 'true') was evaluated as ('' == 'true').
       Target "_Microsoft_Extensions_OptionsAnalyzerMultiTargeting" skipped, due to false condition; ('$(SupportsRoslynComponentVersioning)' != 'true') was evaluated as ('true' != 'true').
       Target "_Microsoft_Extensions_OptionsRemoveAnalyzers" skipped, due to false condition; ('$(DisableMicrosoftExtensionsOptionsSourceGenerator)' == 'true') was evaluated as ('' == 'true').
       Target "AssignProjectConfiguration" skipped, due to false condition; ('$(CurrentSolutionConfigurationContents)' != '' or '@(ProjectReference)'!='') was evaluated as ('' != '' or ''!='').
   1:7>Target "_SplitProjectReferencesByFileExistence" in file "C:\Program Files\dotnet\sdk\9.0.304\Microsoft.Common.CurrentVersion.targets" from project "C:\Projects\BlueSky\backend\BSkyClone.csproj" (target "PrepareProjectReferences" depends on it):
       Task "ResolveNonMSBuildProjectOutput" skipped, due to false condition; ('$(BuildingInsideVisualStudio)'=='true' and '@(ProjectReferenceWithConfiguration)'!='') was evaluated as (''=='true' and ''!='').
   1:7>Done building target "_SplitProjectReferencesByFileExistence" in project "BSkyClone.csproj".
   1:7>Target "_AddOutputPathToGlobalPropertiesToRemove" in file "C:\Program Files\dotnet\sdk\9.0.304\Microsoft.Common.CurrentVersion.targets" from project "C:\Projects\BlueSky\backend\BSkyClone.csproj" (target "_GetProjectReferenceTargetFrameworkProperties" depends on it):
   1:7>Done building target "_AddOutputPathToGlobalPropertiesToRemove" in project "BSkyClone.csproj".
   1:7>Target "_GetProjectReferenceTargetFrameworkProperties" in file "C:\Program Files\dotnet\sdk\9.0.304\Microsoft.Common.CurrentVersion.targets" from project "C:\Projects\BlueSky\backend\BSkyClone.csproj" (target "PrepareProjectReferences" depends on it):
       Task "MSBuild"
       Done executing task "MSBuild".
       Task "MSBuild" skipped, due to false condition; ('%(_MSBuildProjectReferenceExistent.SkipGetTargetFrameworkProperties)' != 'true' and '$(EnableDynamicPlatformResolution)' == 'true') was evaluated as ('' != 'true' and '' == 'true').
       Task "GetReferenceNearestTargetFrameworkTask" skipped, due to false condition; ('@(_ProjectReferenceTargetFrameworkPossibilities)' != '' and '$(ReferringTargetFrameworkForProjectReferences)' != ''
                                                               And '$(GetReferenceNearestTargetFrameworkTaskSupportsTargetPlatformParameter)' == 'true' and '%(_ProjectReferenceTargetFrameworkPossibilities.IsVcxOrNativeProj)' != 'true') was evaluated as ('' != '' and '.NETCoreApp,Version=v9.0' != ''
                                                               And 'true' == 'true' and '' != 'true').
       Task "GetReferenceNearestTargetFrameworkTask" skipped, due to false condition; ('@(_ProjectReferenceTargetFrameworkPossibilities)' != '' and '$(ReferringTargetFrameworkForProjectReferences)' != ''
                                                               And '$(GetReferenceNearestTargetFrameworkTaskSupportsTargetPlatformParameter)' != 'true' and '%(_ProjectReferenceTargetFrameworkPossibilities.IsVcxOrNativeProj)' != 'true') was evaluated as ('' != '' and '.NETCoreApp,Version=v9.0' != ''
                                                               And 'true' != 'true' and '' != 'true').
       Using "SetRidAgnosticValueForProjects" task from assembly "Microsoft.Build.Tasks.Core, Version=15.1.0.0, Culture=neutral, PublicKeyToken=b03f5f7f11d50a3a".
       Task "SetRidAgnosticValueForProjects"
       Done executing task "SetRidAgnosticValueForProjects".
   1:7>Done building target "_GetProjectReferenceTargetFrameworkProperties" in project "BSkyClone.csproj".
   1:7>Target "ValidateExecutableReferences" in file "C:\Program Files\dotnet\sdk\9.0.304\Sdks\Microsoft.NET.Sdk\targets\Microsoft.NET.Sdk.targets" from project "C:\Projects\BlueSky\backend\BSkyClone.csproj" (target "PrepareProjectReferences" depends on it):
       Using "ValidateExecutableReferences" task from assembly "C:\Program Files\dotnet\sdk\9.0.304\Sdks\Microsoft.NET.Sdk\targets\..\tools\net9.0\Microsoft.NET.Build.Tasks.dll".
       Task "ValidateExecutableReferences"
       Done executing task "ValidateExecutableReferences".
   1:7>Done building target "ValidateExecutableReferences" in project "BSkyClone.csproj".
       Target "_GetProjectReferencePlatformProperties" skipped, due to false condition; ('$(EnableDynamicPlatformResolution)' == 'true'
                            and '@(_MSBuildProjectReferenceExistent)' != '') was evaluated as ('' == 'true'
                            and '' != '').
   1:7>Target "PrepareProjectReferences" in file "C:\Program Files\dotnet\sdk\9.0.304\Microsoft.Common.CurrentVersion.targets" from project "C:\Projects\BlueSky\backend\BSkyClone.csproj" (target "ResolveProjectReferences" depends on it):
   1:7>Done building target "PrepareProjectReferences" in project "BSkyClone.csproj".
   1:7>Target "ResolveProjectReferences" in file "C:\Program Files\dotnet\sdk\9.0.304\Microsoft.Common.CurrentVersion.targets" from project "C:\Projects\BlueSky\backend\BSkyClone.csproj" (target "ResolveReferences" depends on it):
       Task "MSBuild" skipped, due to false condition; ('%(_MSBuildProjectReferenceExistent.BuildReference)' == 'true' and '@(ProjectReferenceWithConfiguration)' != '' and ('$(BuildingInsideVisualStudio)' == 'true' or '$(BuildProjectReferences)' != 'true') and '$(VisualStudioVersion)' != '10.0' and '@(_MSBuildProjectReferenceExistent)' != '') was evaluated as ('' == 'true' and '' != '' and ('' == 'true' or 'true' != 'true') and '17.0' != '10.0' and '' != '').
       Task "MSBuild" skipped, due to false condition; ('%(_MSBuildProjectReferenceExistent.BuildReference)' == 'true' and '@(ProjectReferenceWithConfiguration)' != '' and '$(BuildingInsideVisualStudio)' != 'true' and '$(BuildProjectReferences)' == 'true' and '@(_MSBuildProjectReferenceExistent)' != '') was evaluated as ('' == 'true' and '' != '' and '' != 'true' and 'true' == 'true' and '' != '').
       Task "MSBuild" skipped, due to false condition; ('%(_MSBuildProjectReferenceExistent.BuildReference)' == 'true' and '@(ProjectReferenceWithConfiguration)' != '' and '$(BuildingProject)' == 'true' and '@(_MSBuildProjectReferenceExistent)' != '') was evaluated as ('' == 'true' and '' != '' and 'true' == 'true' and '' != '').
       Task "MSBuildInternalMessage" skipped, due to false condition; ('$(_NonExistentProjectReferenceSeverity)' != '') was evaluated as ('' != '').
   1:7>Done building target "ResolveProjectReferences" in project "BSkyClone.csproj".
       Target "FindInvalidProjectReferences" skipped, due to false condition; ('$(FindInvalidProjectReferences)' == 'true') was evaluated as ('' == 'true').
       Target "ResolveNativeReferences" skipped, due to false condition; ('@(NativeReference)'!='') was evaluated as (''!='').
       Target "ResolveProjectReferences" skipped. Previously built successfully.
       Target "FindInvalidProjectReferences" skipped, due to false condition; ('$(FindInvalidProjectReferences)' == 'true') was evaluated as ('' == 'true').
       Target "GetFrameworkPaths" skipped. Previously built successfully.
       Target "GetReferenceAssemblyPaths" skipped. Previously built successfully.
       Target "PrepareForBuild" skipped. Previously built successfully.
       Target "GetInstalledSDKLocations" skipped, due to false condition; ('@(SDKReference)' != '') was evaluated as ('' != '').
   1:7>Target "ResolveSDKReferences" in file "C:\Program Files\dotnet\sdk\9.0.304\Microsoft.Common.CurrentVersion.targets" from project "C:\Projects\BlueSky\backend\BSkyClone.csproj" (target "ResolveAssemblyReferences" depends on it):
       Task "ResolveSDKReference" skipped, due to false condition; ('@(SDKReference)'!='') was evaluated as (''!='').
   1:7>Done building target "ResolveSDKReferences" in project "BSkyClone.csproj".
       Target "ResolveSDKReferences" skipped. Previously built successfully.
   1:7>Target "ExpandSDKReferences" in file "C:\Program Files\dotnet\sdk\9.0.304\Microsoft.Common.CurrentVersion.targets" from project "C:\Projects\BlueSky\backend\BSkyClone.csproj" (target "ResolveAssemblyReferences" depends on it):
       Task "GetSDKReferenceFiles" skipped, due to false condition; ('@(ResolvedSDKReference)'!='') was evaluated as (''!='').
   1:7>Done building target "ExpandSDKReferences" in project "BSkyClone.csproj".
       Target "ResolvePackageDependenciesForBuild" skipped. Previously built successfully.
       Target "GetFrameworkPaths" skipped. Previously built successfully.
       Target "GetReferenceAssemblyPaths" skipped. Previously built successfully.
       Target "ProcessFrameworkReferences" skipped. Previously built successfully.
       Target "ResolvePackageAssets" skipped. Previously built successfully.
   1:7>Target "ResolveFrameworkReferences" in file "C:\Program Files\dotnet\sdk\9.0.304\Sdks\Microsoft.NET.Sdk\targets\Microsoft.NET.Sdk.FrameworkReferenceResolution.targets" from project "C:\Projects\BlueSky\backend\BSkyClone.csproj" (target "ResolveTargetingPackAssets" depends on it):
       Using "GetPackageDirectory" task from assembly "C:\Program Files\dotnet\sdk\9.0.304\Sdks\Microsoft.NET.Sdk\targets\..\tools\net9.0\Microsoft.NET.Build.Tasks.dll".
       Task "GetPackageDirectory"
       Done executing task "GetPackageDirectory".
       Task "GetPackageDirectory"
       Done executing task "GetPackageDirectory".
       Task "GetPackageDirectory"
       Done executing task "GetPackageDirectory".
       Task "GetPackageDirectory"
       Done executing task "GetPackageDirectory".
       Task "GetPackageDirectory"
       Done executing task "GetPackageDirectory".
       Task "GetPackageDirectory"
       Done executing task "GetPackageDirectory".
       Task "GetPackageDirectory"
       Done executing task "GetPackageDirectory".
       Task "GetPackageDirectory"
       Done executing task "GetPackageDirectory".
       Task "GetPackageDirectory"
       Done executing task "GetPackageDirectory".
       Task "GetPackageDirectory"
       Done executing task "GetPackageDirectory".
       Using "ResolveFrameworkReferences" task from assembly "C:\Program Files\dotnet\sdk\9.0.304\Sdks\Microsoft.NET.Sdk\targets\..\tools\net9.0\Microsoft.NET.Build.Tasks.dll".
       Task "ResolveFrameworkReferences"
       Done executing task "ResolveFrameworkReferences".
   1:7>Done building target "ResolveFrameworkReferences" in project "BSkyClone.csproj".
   1:7>Target "ResolveTargetingPackAssets" in file "C:\Program Files\dotnet\sdk\9.0.304\Sdks\Microsoft.NET.Sdk\targets\Microsoft.NET.Sdk.FrameworkReferenceResolution.targets" from project "C:\Projects\BlueSky\backend\BSkyClone.csproj" (target "_HandlePackageFileConflicts" depends on it):
       Using "ResolveTargetingPackAssets" task from assembly "C:\Program Files\dotnet\sdk\9.0.304\Sdks\Microsoft.NET.Sdk\targets\..\tools\net9.0\Microsoft.NET.Build.Tasks.dll".
       Task "ResolveTargetingPackAssets"
       Done executing task "ResolveTargetingPackAssets".
   1:7>Done building target "ResolveTargetingPackAssets" in project "BSkyClone.csproj".
   1:7>Target "ResolveOffByDefaultAnalyzers" in file "C:\Program Files\dotnet\sdk\9.0.304\Sdks\Microsoft.NET.Sdk\targets\Microsoft.NET.Sdk.FrameworkReferenceResolution.targets" from project "C:\Projects\BlueSky\backend\BSkyClone.csproj" (target "_HandlePackageFileConflicts" depends on it):
   1:7>Done building target "ResolveOffByDefaultAnalyzers" in project "BSkyClone.csproj".
   1:7>Target "_HandlePackageFileConflicts" in file "C:\Program Files\dotnet\sdk\9.0.304\Sdks\Microsoft.NET.Sdk\targets\Microsoft.NET.ConflictResolution.targets" from project "C:\Projects\BlueSky\backend\BSkyClone.csproj" (target "ResolveAssemblyReferences" depends on it):
       Using "ResolvePackageFileConflicts" task from assembly "C:\Program Files\dotnet\sdk\9.0.304\Sdks\Microsoft.NET.Sdk\targets\..\tools\net9.0\Microsoft.NET.Build.Tasks.dll".
       Task "ResolvePackageFileConflicts"
         Encountered conflict between 'Reference:C:\Users\nguye\.nuget\packages\system.diagnostics.diagnosticsource\10.0.1\lib\net9.0\System.Diagnostics.DiagnosticSource.dll' and 'Reference:C:\Program Files\dotnet\packs\Microsoft.NETCore.App.Ref\9.0.8\ref/net9.0/System.Diagnostics.DiagnosticSource.dll'. Choosing 'Reference:C:\Users\nguye\.nuget\packages\system.diagnostics.diagnosticsource\10.0.1\lib\net9.0\System.Diagnostics.DiagnosticSource.dll' because AssemblyVersion '10.0.0.0' is greater than '9.0.0.0'.
         Encountered conflict between 'Reference:C:\Users\nguye\.nuget\packages\system.io.filesystem.accesscontrol\5.0.0\ref\netstandard2.0\System.IO.FileSystem.AccessControl.dll' and 'Reference:C:\Program Files\dotnet\packs\Microsoft.NETCore.App.Ref\9.0.8\ref/net9.0/System.IO.FileSystem.AccessControl.dll'. Choosing 'Reference:C:\Program Files\dotnet\packs\Microsoft.NETCore.App.Ref\9.0.8\ref/net9.0/System.IO.FileSystem.AccessControl.dll' because AssemblyVersion '9.0.0.0' is greater than '5.0.0.0'.
         Encountered conflict between 'Reference:C:\Users\nguye\.nuget\packages\system.io.pipelines\10.0.0\lib\net9.0\System.IO.Pipelines.dll' and 'Reference:C:\Program Files\dotnet\packs\Microsoft.NETCore.App.Ref\9.0.8\ref/net9.0/System.IO.Pipelines.dll'. Choosing 'Reference:C:\Users\nguye\.nuget\packages\system.io.pipelines\10.0.0\lib\net9.0\System.IO.Pipelines.dll' because AssemblyVersion '10.0.0.0' is greater than '9.0.0.0'.
         Encountered conflict between 'Reference:C:\Users\nguye\.nuget\packages\system.text.encodings.web\10.0.0\lib\net9.0\System.Text.Encodings.Web.dll' and 'Reference:C:\Program Files\dotnet\packs\Microsoft.NETCore.App.Ref\9.0.8\ref/net9.0/System.Text.Encodings.Web.dll'. Choosing 'Reference:C:\Users\nguye\.nuget\packages\system.text.encodings.web\10.0.0\lib\net9.0\System.Text.Encodings.Web.dll' because AssemblyVersion '10.0.0.0' is greater than '9.0.0.0'.
         Encountered conflict between 'Reference:C:\Users\nguye\.nuget\packages\system.text.json\10.0.0\lib\net9.0\System.Text.Json.dll' and 'Reference:C:\Program Files\dotnet\packs\Microsoft.NETCore.App.Ref\9.0.8\ref/net9.0/System.Text.Json.dll'. Choosing 'Reference:C:\Users\nguye\.nuget\packages\system.text.json\10.0.0\lib\net9.0\System.Text.Json.dll' because AssemblyVersion '10.0.0.0' is greater than '9.0.0.0'.
         Encountered conflict between 'Reference:C:\Users\nguye\.nuget\packages\microsoft.extensions.caching.abstractions\10.0.1\lib\net9.0\Microsoft.Extensions.Caching.Abstractions.dll' and 'Reference:C:\Program Files\dotnet\packs\Microsoft.AspNetCore.App.Ref\9.0.8\ref\net9.0\Microsoft.Extensions.Caching.Abstractions.dll'. Choosing 'Reference:C:\Users\nguye\.nuget\packages\microsoft.extensions.caching.abstractions\10.0.1\lib\net9.0\Microsoft.Extensions.Caching.Abstractions.dll' because AssemblyVersion '10.0.0.0' is greater than '9.0.0.0'.
         Encountered conflict between 'Reference:C:\Users\nguye\.nuget\packages\microsoft.extensions.dependencyinjection.abstractions\10.0.1\lib\net9.0\Microsoft.Extensions.DependencyInjection.Abstractions.dll' and 'Reference:C:\Program Files\dotnet\packs\Microsoft.AspNetCore.App.Ref\9.0.8\ref\net9.0\Microsoft.Extensions.DependencyInjection.Abstractions.dll'. Choosing 'Reference:C:\Users\nguye\.nuget\packages\microsoft.extensions.dependencyinjection.abstractions\10.0.1\lib\net9.0\Microsoft.Extensions.DependencyInjection.Abstractions.dll' because AssemblyVersion '10.0.0.0' is greater than '9.0.0.0'.
         Encountered conflict between 'Reference:C:\Users\nguye\.nuget\packages\microsoft.extensions.logging.abstractions\10.0.1\lib\net9.0\Microsoft.Extensions.Logging.Abstractions.dll' and 'Reference:C:\Program Files\dotnet\packs\Microsoft.AspNetCore.App.Ref\9.0.8\ref\net9.0\Microsoft.Extensions.Logging.Abstractions.dll'. Choosing 'Reference:C:\Users\nguye\.nuget\packages\microsoft.extensions.logging.abstractions\10.0.1\lib\net9.0\Microsoft.Extensions.Logging.Abstractions.dll' because AssemblyVersion '10.0.0.0' is greater than '9.0.0.0'.
         Encountered conflict between 'Reference:C:\Users\nguye\.nuget\packages\microsoft.extensions.options\10.0.1\lib\net9.0\Microsoft.Extensions.Options.dll' and 'Reference:C:\Program Files\dotnet\packs\Microsoft.AspNetCore.App.Ref\9.0.8\ref\net9.0\Microsoft.Extensions.Options.dll'. Choosing 'Reference:C:\Users\nguye\.nuget\packages\microsoft.extensions.options\10.0.1\lib\net9.0\Microsoft.Extensions.Options.dll' because AssemblyVersion '10.0.0.0' is greater than '9.0.0.0'.
         Encountered conflict between 'Reference:C:\Users\nguye\.nuget\packages\microsoft.extensions.primitives\10.0.1\lib\net9.0\Microsoft.Extensions.Primitives.dll' and 'Reference:C:\Program Files\dotnet\packs\Microsoft.AspNetCore.App.Ref\9.0.8\ref\net9.0\Microsoft.Extensions.Primitives.dll'. Choosing 'Reference:C:\Users\nguye\.nuget\packages\microsoft.extensions.primitives\10.0.1\lib\net9.0\Microsoft.Extensions.Primitives.dll' because AssemblyVersion '10.0.0.0' is greater than '9.0.0.0'.
         Encountered conflict between 'Analyzer:C:\Users\nguye\.nuget\packages\system.text.json\10.0.0\analyzers\dotnet\roslyn4.4\cs\System.Text.Json.SourceGeneration.dll' and 'Analyzer:C:\Program Files\dotnet\packs\Microsoft.NETCore.App.Ref\9.0.8\analyzers/dotnet/cs/System.Text.Json.SourceGeneration.dll'. Choosing 'Analyzer:C:\Users\nguye\.nuget\packages\system.text.json\10.0.0\analyzers\dotnet\roslyn4.4\cs\System.Text.Json.SourceGeneration.dll' because AssemblyVersion '10.0.13.2411' is greater than '9.0.12.36511'.
         Encountered conflict between 'Analyzer:C:\Users\nguye\.nuget\packages\microsoft.extensions.logging.abstractions\10.0.1\analyzers\dotnet\roslyn4.4\cs\Microsoft.Extensions.Logging.Generators.dll' and 'Analyzer:C:\Program Files\dotnet\packs\Microsoft.AspNetCore.App.Ref\9.0.8\analyzers/dotnet/roslyn4.4/cs/Microsoft.Extensions.Logging.Generators.dll'. Choosing 'Analyzer:C:\Users\nguye\.nuget\packages\microsoft.extensions.logging.abstractions\10.0.1\analyzers\dotnet\roslyn4.4\cs\Microsoft.Extensions.Logging.Generators.dll' because AssemblyVersion '10.0.13.7005' is greater than '9.0.12.36511'.
         Encountered conflict between 'Analyzer:C:\Users\nguye\.nuget\packages\microsoft.extensions.options\10.0.1\analyzers\dotnet\roslyn4.4\cs\Microsoft.Extensions.Options.SourceGeneration.dll' and 'Analyzer:C:\Program Files\dotnet\packs\Microsoft.AspNetCore.App.Ref\9.0.8\analyzers/dotnet/roslyn4.4/cs/Microsoft.Extensions.Options.SourceGeneration.dll'. Choosing 'Analyzer:C:\Users\nguye\.nuget\packages\microsoft.extensions.options\10.0.1\analyzers\dotnet\roslyn4.4\cs\Microsoft.Extensions.Options.SourceGeneration.dll' because AssemblyVersion '10.0.13.7005' is greater than '9.0.12.36511'.
         Encountered conflict between 'Platform:Microsoft.Extensions.Caching.Abstractions.dll' and 'CopyLocal:C:\Users\nguye\.nuget\packages\microsoft.extensions.caching.abstractions\10.0.1\lib\net9.0\Microsoft.Extensions.Caching.Abstractions.dll'. Choosing 'CopyLocal:C:\Users\nguye\.nuget\packages\microsoft.extensions.caching.abstractions\10.0.1\lib\net9.0\Microsoft.Extensions.Caching.Abstractions.dll' because AssemblyVersion '10.0.0.0' is greater than '9.0.0.0'.
         Encountered conflict between 'Platform:Microsoft.Extensions.DependencyInjection.Abstractions.dll' and 'CopyLocal:C:\Users\nguye\.nuget\packages\microsoft.extensions.dependencyinjection.abstractions\10.0.1\lib\net9.0\Microsoft.Extensions.DependencyInjection.Abstractions.dll'. Choosing 'CopyLocal:C:\Users\nguye\.nuget\packages\microsoft.extensions.dependencyinjection.abstractions\10.0.1\lib\net9.0\Microsoft.Extensions.DependencyInjection.Abstractions.dll' because AssemblyVersion '10.0.0.0' is greater than '9.0.0.0'.
         Encountered conflict between 'Platform:Microsoft.Extensions.Logging.Abstractions.dll' and 'CopyLocal:C:\Users\nguye\.nuget\packages\microsoft.extensions.logging.abstractions\10.0.1\lib\net9.0\Microsoft.Extensions.Logging.Abstractions.dll'. Choosing 'CopyLocal:C:\Users\nguye\.nuget\packages\microsoft.extensions.logging.abstractions\10.0.1\lib\net9.0\Microsoft.Extensions.Logging.Abstractions.dll' because AssemblyVersion '10.0.0.0' is greater than '9.0.0.0'.
         Encountered conflict between 'Platform:Microsoft.Extensions.Options.dll' and 'CopyLocal:C:\Users\nguye\.nuget\packages\microsoft.extensions.options\10.0.1\lib\net9.0\Microsoft.Extensions.Options.dll'. Choosing 'CopyLocal:C:\Users\nguye\.nuget\packages\microsoft.extensions.options\10.0.1\lib\net9.0\Microsoft.Extensions.Options.dll' because AssemblyVersion '10.0.0.0' is greater than '9.0.0.0'.
         Encountered conflict between 'Platform:Microsoft.Extensions.Primitives.dll' and 'CopyLocal:C:\Users\nguye\.nuget\packages\microsoft.extensions.primitives\10.0.1\lib\net9.0\Microsoft.Extensions.Primitives.dll'. Choosing 'CopyLocal:C:\Users\nguye\.nuget\packages\microsoft.extensions.primitives\10.0.1\lib\net9.0\Microsoft.Extensions.Primitives.dll' because AssemblyVersion '10.0.0.0' is greater than '9.0.0.0'.
         Encountered conflict between 'Platform:System.Diagnostics.DiagnosticSource.dll' and 'CopyLocal:C:\Users\nguye\.nuget\packages\system.diagnostics.diagnosticsource\10.0.1\lib\net9.0\System.Diagnostics.DiagnosticSource.dll'. Choosing 'CopyLocal:C:\Users\nguye\.nuget\packages\system.diagnostics.diagnosticsource\10.0.1\lib\net9.0\System.Diagnostics.DiagnosticSource.dll' because AssemblyVersion '10.0.0.0' is greater than '9.0.0.0'.
         Encountered conflict between 'Platform:System.IO.FileSystem.AccessControl.dll' and 'CopyLocal:C:\Users\nguye\.nuget\packages\system.io.filesystem.accesscontrol\5.0.0\lib\netstandard2.0\System.IO.FileSystem.AccessControl.dll'. Choosing 'Platform:System.IO.FileSystem.AccessControl.dll' because AssemblyVersion '9.0.0.0' is greater than '5.0.0.0'.
         Encountered conflict between 'Platform:System.IO.Pipelines.dll' and 'CopyLocal:C:\Users\nguye\.nuget\packages\system.io.pipelines\10.0.0\lib\net9.0\System.IO.Pipelines.dll'. Choosing 'CopyLocal:C:\Users\nguye\.nuget\packages\system.io.pipelines\10.0.0\lib\net9.0\System.IO.Pipelines.dll' because AssemblyVersion '10.0.0.0' is greater than '9.0.0.0'.
         Encountered conflict between 'Platform:System.Text.Encodings.Web.dll' and 'CopyLocal:C:\Users\nguye\.nuget\packages\system.text.encodings.web\10.0.0\lib\net9.0\System.Text.Encodings.Web.dll'. Choosing 'CopyLocal:C:\Users\nguye\.nuget\packages\system.text.encodings.web\10.0.0\lib\net9.0\System.Text.Encodings.Web.dll' because AssemblyVersion '10.0.0.0' is greater than '9.0.0.0'.
         Encountered conflict between 'Platform:System.Text.Json.dll' and 'CopyLocal:C:\Users\nguye\.nuget\packages\system.text.json\10.0.0\lib\net9.0\System.Text.Json.dll'. Choosing 'CopyLocal:C:\Users\nguye\.nuget\packages\system.text.json\10.0.0\lib\net9.0\System.Text.Json.dll' because AssemblyVersion '10.0.0.0' is greater than '9.0.0.0'.
         Encountered conflict between 'Platform:System.IO.FileSystem.AccessControl.dll' and 'CopyLocal:C:\Users\nguye\.nuget\packages\system.io.filesystem.accesscontrol\5.0.0\runtimes\win\lib\netstandard2.0\System.IO.FileSystem.AccessControl.dll'. Choosing 'Platform:System.IO.FileSystem.AccessControl.dll' because AssemblyVersion '9.0.0.0' is greater than '5.0.0.0'.
         Encountered conflict between 'Platform:mscorlib.dll' and 'Platform:mscorlib.dll'. Could not determine winner due to equal file and assembly versions.
         Encountered conflict between 'Platform:Microsoft.VisualBasic.dll' and 'Platform:Microsoft.VisualBasic.dll'. Could not determine winner due to equal file and assembly versions.
         Encountered conflict between 'Platform:System.dll' and 'Platform:System.dll'. Could not determine winner due to equal file and assembly versions.
         Encountered conflict between 'Platform:System.ComponentModel.DataAnnotations.dll' and 'Platform:System.ComponentModel.DataAnnotations.dll'. Could not determine winner due to equal file and assembly versions.
         Encountered conflict between 'Platform:System.Configuration.dll' and 'Platform:System.Configuration.dll'. Could not determine winner due to equal file and assembly versions.
         Encountered conflict between 'Platform:System.Core.dll' and 'Platform:System.Core.dll'. Could not determine winner due to equal file and assembly versions.
         Encountered conflict between 'Platform:System.Data.dll' and 'Platform:System.Data.dll'. Could not determine winner due to equal file and assembly versions.
         Encountered conflict between 'Platform:System.Drawing.dll' and 'Platform:System.Drawing.dll'. Could not determine winner due to equal file and assembly versions.
         Encountered conflict between 'Platform:System.IO.Compression.FileSystem.dll' and 'Platform:System.IO.Compression.FileSystem.dll'. Could not determine winner due to equal file and assembly versions.
         Encountered conflict between 'Platform:System.Net.dll' and 'Platform:System.Net.dll'. Could not determine winner due to equal file and assembly versions.
         Encountered conflict between 'Platform:System.Numerics.dll' and 'Platform:System.Numerics.dll'. Could not determine winner due to equal file and assembly versions.
         Encountered conflict between 'Platform:System.Runtime.Serialization.dll' and 'Platform:System.Runtime.Serialization.dll'. Could not determine winner due to equal file and assembly versions.
         Encountered conflict between 'Platform:System.Security.dll' and 'Platform:System.Security.dll'. Could not determine winner due to equal file and assembly versions.
         Encountered conflict between 'Platform:System.ServiceProcess.dll' and 'Platform:System.ServiceProcess.dll'. Could not determine winner due to equal file and assembly versions.
         Encountered conflict between 'Platform:System.ServiceModel.Web.dll' and 'Platform:System.ServiceModel.Web.dll'. Could not determine winner due to equal file and assembly versions.
         Encountered conflict between 'Platform:System.Transactions.dll' and 'Platform:System.Transactions.dll'. Could not determine winner due to equal file and assembly versions.
         Encountered conflict between 'Platform:System.Web.dll' and 'Platform:System.Web.dll'. Could not determine winner due to equal file and assembly versions.
         Encountered conflict between 'Platform:System.Windows.dll' and 'Platform:System.Windows.dll'. Could not determine winner due to equal file and assembly versions.
         Encountered conflict between 'Platform:System.Xml.dll' and 'Platform:System.Xml.dll'. Could not determine winner due to equal file and assembly versions.
         Encountered conflict between 'Platform:System.Xml.Serialization.dll' and 'Platform:System.Xml.Serialization.dll'. Could not determine winner due to equal file and assembly versions.
         Encountered conflict between 'Platform:System.Xml.Linq.dll' and 'Platform:System.Xml.Linq.dll'. Could not determine winner due to equal file and assembly versions.
         Encountered conflict between 'Platform:WindowsBase.dll' and 'Platform:WindowsBase.dll'. Could not determine winner due to equal file and assembly versions.
         Encountered conflict between 'Platform:netstandard.dll' and 'Platform:netstandard.dll'. Could not determine winner due to equal file and assembly versions.
         Encountered conflict between 'Platform:System.Private.CoreLib.dll' and 'Platform:System.Private.CoreLib.dll'. Could not determine winner due to equal file and assembly versions.
         Encountered conflict between 'Platform:System.Private.DataContractSerialization.dll' and 'Platform:System.Private.DataContractSerialization.dll'. Could not determine winner due to equal file and assembly versions.
         Encountered conflict between 'Platform:System.Private.Uri.dll' and 'Platform:System.Private.Uri.dll'. Could not determine winner due to equal file and assembly versions.
         Encountered conflict between 'Platform:System.Private.Xml.dll' and 'Platform:System.Private.Xml.dll'. Could not determine winner due to equal file and assembly versions.
         Encountered conflict between 'Platform:System.Private.Xml.Linq.dll' and 'Platform:System.Private.Xml.Linq.dll'. Could not determine winner due to equal file and assembly versions.
         Encountered conflict between 'Platform:mscordaccore_amd64_amd64_9.0.825.36511.dll' and 'Platform:mscordaccore_amd64_amd64_9.0.825.36511.dll'. Could not determine winner due to equal file and assembly versions.
       Done executing task "ResolvePackageFileConflicts".
   1:7>Done building target "_HandlePackageFileConflicts" in project "BSkyClone.csproj".
       Target "ResolveTargetingPackAssets" skipped. Previously built successfully.
   1:7>Target "ResolveAssemblyReferences" in file "C:\Program Files\dotnet\sdk\9.0.304\Microsoft.Common.CurrentVersion.targets" from project "C:\Projects\BlueSky\backend\BSkyClone.csproj" (target "ResolveReferences" depends on it):
       Using "ResolveAssemblyReference" task from assembly "Microsoft.Build.Tasks.Core, Version=15.1.0.0, Culture=neutral, PublicKeyToken=b03f5f7f11d50a3a".
       Task "ResolveAssemblyReference"
         TargetFrameworkMoniker:
             .NETCoreApp,Version=v9.0
         TargetFrameworkMonikerDisplayName:
             .NET 9.0
         TargetedRuntimeVersion:
             
         Assemblies:
             C:\Users\nguye\.nuget\packages\azure.core\1.38.0\lib\net6.0\Azure.Core.dll
                 Private = 'false'
                 HintPath = 'C:\Users\nguye\.nuget\packages\azure.core\1.38.0\lib\net6.0\Azure.Core.dll'
             C:\Users\nguye\.nuget\packages\azure.identity\1.11.4\lib\netstandard2.0\Azure.Identity.dll
                 Private = 'false'
                 HintPath = 'C:\Users\nguye\.nuget\packages\azure.identity\1.11.4\lib\netstandard2.0\Azure.Identity.dll'
             C:\Users\nguye\.nuget\packages\bcrypt.net-next\4.0.3\lib\net6.0\BCrypt.Net-Next.dll
                 Private = 'false'
                 HintPath = 'C:\Users\nguye\.nuget\packages\bcrypt.net-next\4.0.3\lib\net6.0\BCrypt.Net-Next.dll'
             C:\Users\nguye\.nuget\packages\elastic.clients.elasticsearch\9.3.0\lib\net9.0\Elastic.Clients.Elasticsearch.dll
                 Private = 'false'
                 HintPath = 'C:\Users\nguye\.nuget\packages\elastic.clients.elasticsearch\9.3.0\lib\net9.0\Elastic.Clients.Elasticsearch.dll'
             C:\Users\nguye\.nuget\packages\elastic.transport\0.10.3\lib\net8.0\Elastic.Transport.dll
                 Private = 'false'
                 HintPath = 'C:\Users\nguye\.nuget\packages\elastic.transport\0.10.3\lib\net8.0\Elastic.Transport.dll'
             C:\Users\nguye\.nuget\packages\google.protobuf\3.30.2\lib\net5.0\Google.Protobuf.dll
                 Private = 'false'
                 HintPath = 'C:\Users\nguye\.nuget\packages\google.protobuf\3.30.2\lib\net5.0\Google.Protobuf.dll'
             C:\Users\nguye\.nuget\packages\htmlagilitypack\1.12.4\lib\net7.0\HtmlAgilityPack.dll
                 Private = 'false'
                 HintPath = 'C:\Users\nguye\.nuget\packages\htmlagilitypack\1.12.4\lib\net7.0\HtmlAgilityPack.dll'
             C:\Users\nguye\.nuget\packages\methodboundaryaspect.fody\2.0.148\lib\netstandard2.0\MethodBoundaryAspect.dll
                 Private = 'false'
                 HintPath = 'C:\Users\nguye\.nuget\packages\methodboundaryaspect.fody\2.0.148\lib\netstandard2.0\MethodBoundaryAspect.dll'
             C:\Users\nguye\.nuget\packages\microsoft.aspnetcore.authentication.jwtbearer\9.0.0\lib\net9.0\Microsoft.AspNetCore.Authentication.JwtBearer.dll
                 Private = 'false'
                 HintPath = 'C:\Users\nguye\.nuget\packages\microsoft.aspnetcore.authentication.jwtbearer\9.0.0\lib\net9.0\Microsoft.AspNetCore.Authentication.JwtBearer.dll'
             C:\Users\nguye\.nuget\packages\microsoft.bcl.asyncinterfaces\9.0.4\lib\netstandard2.1\Microsoft.Bcl.AsyncInterfaces.dll
                 Private = 'false'
                 HintPath = 'C:\Users\nguye\.nuget\packages\microsoft.bcl.asyncinterfaces\9.0.4\lib\netstandard2.1\Microsoft.Bcl.AsyncInterfaces.dll'
             C:\Users\nguye\.nuget\packages\microsoft.data.sqlclient\5.1.6\ref\net6.0\Microsoft.Data.SqlClient.dll
                 Private = 'false'
                 HintPath = 'C:\Users\nguye\.nuget\packages\microsoft.data.sqlclient\5.1.6\ref\net6.0\Microsoft.Data.SqlClient.dll'
             C:\Users\nguye\.nuget\packages\microsoft.entityframeworkcore\9.0.0\lib\net8.0\Microsoft.EntityFrameworkCore.dll
                 Private = 'false'
                 HintPath = 'C:\Users\nguye\.nuget\packages\microsoft.entityframeworkcore\9.0.0\lib\net8.0\Microsoft.EntityFrameworkCore.dll'
             C:\Users\nguye\.nuget\packages\microsoft.entityframeworkcore.abstractions\9.0.0\lib\net8.0\Microsoft.EntityFrameworkCore.Abstractions.dll
                 Private = 'false'
                 HintPath = 'C:\Users\nguye\.nuget\packages\microsoft.entityframeworkcore.abstractions\9.0.0\lib\net8.0\Microsoft.EntityFrameworkCore.Abstractions.dll'
             C:\Users\nguye\.nuget\packages\microsoft.entityframeworkcore.relational\9.0.0\lib\net8.0\Microsoft.EntityFrameworkCore.Relational.dll
                 Private = 'false'
                 HintPath = 'C:\Users\nguye\.nuget\packages\microsoft.entityframeworkcore.relational\9.0.0\lib\net8.0\Microsoft.EntityFrameworkCore.Relational.dll'
             C:\Users\nguye\.nuget\packages\microsoft.entityframeworkcore.sqlserver\9.0.0\lib\net8.0\Microsoft.EntityFrameworkCore.SqlServer.dll
                 Private = 'false'
                 HintPath = 'C:\Users\nguye\.nuget\packages\microsoft.entityframeworkcore.sqlserver\9.0.0\lib\net8.0\Microsoft.EntityFrameworkCore.SqlServer.dll'
             C:\Users\nguye\.nuget\packages\microsoft.extensions.caching.abstractions\10.0.1\lib\net9.0\Microsoft.Extensions.Caching.Abstractions.dll
                 Private = 'false'
                 HintPath = 'C:\Users\nguye\.nuget\packages\microsoft.extensions.caching.abstractions\10.0.1\lib\net9.0\Microsoft.Extensions.Caching.Abstractions.dll'
             C:\Users\nguye\.nuget\packages\microsoft.extensions.caching.stackexchangeredis\10.0.1\lib\netstandard2.0\Microsoft.Extensions.Caching.StackExchangeRedis.dll
                 Private = 'false'
                 HintPath = 'C:\Users\nguye\.nuget\packages\microsoft.extensions.caching.stackexchangeredis\10.0.1\lib\netstandard2.0\Microsoft.Extensions.Caching.StackExchangeRedis.dll'
             C:\Users\nguye\.nuget\packages\microsoft.extensions.dependencyinjection.abstractions\10.0.1\lib\net9.0\Microsoft.Extensions.DependencyInjection.Abstractions.dll
                 Private = 'false'
                 HintPath = 'C:\Users\nguye\.nuget\packages\microsoft.extensions.dependencyinjection.abstractions\10.0.1\lib\net9.0\Microsoft.Extensions.DependencyInjection.Abstractions.dll'
             C:\Users\nguye\.nuget\packages\microsoft.extensions.logging.abstractions\10.0.1\lib\net9.0\Microsoft.Extensions.Logging.Abstractions.dll
                 Private = 'false'
                 HintPath = 'C:\Users\nguye\.nuget\packages\microsoft.extensions.logging.abstractions\10.0.1\lib\net9.0\Microsoft.Extensions.Logging.Abstractions.dll'
             C:\Users\nguye\.nuget\packages\microsoft.extensions.options\10.0.1\lib\net9.0\Microsoft.Extensions.Options.dll
                 Private = 'false'
                 HintPath = 'C:\Users\nguye\.nuget\packages\microsoft.extensions.options\10.0.1\lib\net9.0\Microsoft.Extensions.Options.dll'
             C:\Users\nguye\.nuget\packages\microsoft.extensions.primitives\10.0.1\lib\net9.0\Microsoft.Extensions.Primitives.dll
                 Private = 'false'
                 HintPath = 'C:\Users\nguye\.nuget\packages\microsoft.extensions.primitives\10.0.1\lib\net9.0\Microsoft.Extensions.Primitives.dll'
             C:\Users\nguye\.nuget\packages\microsoft.identity.client\4.61.3\lib\net6.0\Microsoft.Identity.Client.dll
                 Private = 'false'
                 HintPath = 'C:\Users\nguye\.nuget\packages\microsoft.identity.client\4.61.3\lib\net6.0\Microsoft.Identity.Client.dll'
             C:\Users\nguye\.nuget\packages\microsoft.identity.client.extensions.msal\4.61.3\lib\net6.0\Microsoft.Identity.Client.Extensions.Msal.dll
                 Private = 'false'
                 HintPath = 'C:\Users\nguye\.nuget\packages\microsoft.identity.client.extensions.msal\4.61.3\lib\net6.0\Microsoft.Identity.Client.Extensions.Msal.dll'
             C:\Users\nguye\.nuget\packages\microsoft.identitymodel.abstractions\8.0.1\lib\net9.0\Microsoft.IdentityModel.Abstractions.dll
                 Private = 'false'
                 HintPath = 'C:\Users\nguye\.nuget\packages\microsoft.identitymodel.abstractions\8.0.1\lib\net9.0\Microsoft.IdentityModel.Abstractions.dll'
             C:\Users\nguye\.nuget\packages\microsoft.identitymodel.jsonwebtokens\8.0.1\lib\net9.0\Microsoft.IdentityModel.JsonWebTokens.dll
                 Private = 'false'
                 HintPath = 'C:\Users\nguye\.nuget\packages\microsoft.identitymodel.jsonwebtokens\8.0.1\lib\net9.0\Microsoft.IdentityModel.JsonWebTokens.dll'
             C:\Users\nguye\.nuget\packages\microsoft.identitymodel.logging\8.0.1\lib\net9.0\Microsoft.IdentityModel.Logging.dll
                 Private = 'false'
                 HintPath = 'C:\Users\nguye\.nuget\packages\microsoft.identitymodel.logging\8.0.1\lib\net9.0\Microsoft.IdentityModel.Logging.dll'
             C:\Users\nguye\.nuget\packages\microsoft.identitymodel.protocols\8.0.1\lib\net9.0\Microsoft.IdentityModel.Protocols.dll
                 Private = 'false'
                 HintPath = 'C:\Users\nguye\.nuget\packages\microsoft.identitymodel.protocols\8.0.1\lib\net9.0\Microsoft.IdentityModel.Protocols.dll'
             C:\Users\nguye\.nuget\packages\microsoft.identitymodel.protocols.openidconnect\8.0.1\lib\net9.0\Microsoft.IdentityModel.Protocols.OpenIdConnect.dll
                 Private = 'false'
                 HintPath = 'C:\Users\nguye\.nuget\packages\microsoft.identitymodel.protocols.openidconnect\8.0.1\lib\net9.0\Microsoft.IdentityModel.Protocols.OpenIdConnect.dll'
             C:\Users\nguye\.nuget\packages\microsoft.identitymodel.tokens\8.0.1\lib\net9.0\Microsoft.IdentityModel.Tokens.dll
                 Private = 'false'
                 HintPath = 'C:\Users\nguye\.nuget\packages\microsoft.identitymodel.tokens\8.0.1\lib\net9.0\Microsoft.IdentityModel.Tokens.dll'
             C:\Users\nguye\.nuget\packages\microsoft.ml\5.0.0\lib\netstandard2.0\Microsoft.ML.Core.dll
                 Private = 'false'
                 HintPath = 'C:\Users\nguye\.nuget\packages\microsoft.ml\5.0.0\lib\netstandard2.0\Microsoft.ML.Core.dll'
             C:\Users\nguye\.nuget\packages\microsoft.ml\5.0.0\lib\netstandard2.0\Microsoft.ML.Data.dll
                 Private = 'false'
                 HintPath = 'C:\Users\nguye\.nuget\packages\microsoft.ml\5.0.0\lib\netstandard2.0\Microsoft.ML.Data.dll'
             C:\Users\nguye\.nuget\packages\microsoft.ml\5.0.0\lib\netstandard2.0\Microsoft.ML.KMeansClustering.dll
                 Private = 'false'
                 HintPath = 'C:\Users\nguye\.nuget\packages\microsoft.ml\5.0.0\lib\netstandard2.0\Microsoft.ML.KMeansClustering.dll'
             C:\Users\nguye\.nuget\packages\microsoft.ml\5.0.0\lib\netstandard2.0\Microsoft.ML.PCA.dll
                 Private = 'false'
                 HintPath = 'C:\Users\nguye\.nuget\packages\microsoft.ml\5.0.0\lib\netstandard2.0\Microsoft.ML.PCA.dll'
             C:\Users\nguye\.nuget\packages\microsoft.ml\5.0.0\lib\netstandard2.0\Microsoft.ML.StandardTrainers.dll
                 Private = 'false'
                 HintPath = 'C:\Users\nguye\.nuget\packages\microsoft.ml\5.0.0\lib\netstandard2.0\Microsoft.ML.StandardTrainers.dll'
             C:\Users\nguye\.nuget\packages\microsoft.ml\5.0.0\lib\netstandard2.0\Microsoft.ML.Transforms.dll
                 Private = 'false'
                 HintPath = 'C:\Users\nguye\.nuget\packages\microsoft.ml\5.0.0\lib\netstandard2.0\Microsoft.ML.Transforms.dll'
             C:\Users\nguye\.nuget\packages\microsoft.ml.cpumath\5.0.0\lib\net8.0\Microsoft.ML.CpuMath.dll
                 Private = 'false'
                 HintPath = 'C:\Users\nguye\.nuget\packages\microsoft.ml.cpumath\5.0.0\lib\net8.0\Microsoft.ML.CpuMath.dll'
             C:\Users\nguye\.nuget\packages\microsoft.ml.dataview\5.0.0\lib\netstandard2.0\Microsoft.ML.DataView.dll
                 Private = 'false'
                 HintPath = 'C:\Users\nguye\.nuget\packages\microsoft.ml.dataview\5.0.0\lib\netstandard2.0\Microsoft.ML.DataView.dll'
             C:\Users\nguye\.nuget\packages\microsoft.ml.imageanalytics\5.0.0\lib\netstandard2.0\Microsoft.ML.ImageAnalytics.dll
                 Private = 'false'
                 HintPath = 'C:\Users\nguye\.nuget\packages\microsoft.ml.imageanalytics\5.0.0\lib\netstandard2.0\Microsoft.ML.ImageAnalytics.dll'
             C:\Users\nguye\.nuget\packages\microsoft.ml.onnxruntime.managed\1.20.1\lib\net8.0\Microsoft.ML.OnnxRuntime.dll
                 Private = 'false'
                 HintPath = 'C:\Users\nguye\.nuget\packages\microsoft.ml.onnxruntime.managed\1.20.1\lib\net8.0\Microsoft.ML.OnnxRuntime.dll'
             C:\Users\nguye\.nuget\packages\microsoft.ml.onnxtransformer\4.0.1\lib\netstandard2.0\Microsoft.ML.OnnxTransformer.dll
                 Private = 'false'
                 HintPath = 'C:\Users\nguye\.nuget\packages\microsoft.ml.onnxtransformer\4.0.1\lib\netstandard2.0\Microsoft.ML.OnnxTransformer.dll'
             C:\Users\nguye\.nuget\packages\microsoft.ml.tensorflow\5.0.0\lib\netstandard2.0\Microsoft.ML.TensorFlow.dll
                 Private = 'false'
                 HintPath = 'C:\Users\nguye\.nuget\packages\microsoft.ml.tensorflow\5.0.0\lib\netstandard2.0\Microsoft.ML.TensorFlow.dll'
             C:\Users\nguye\.nuget\packages\microsoft.ml.vision\5.0.0\lib\netstandard2.0\Microsoft.ML.Vision.dll
                 Private = 'false'
                 HintPath = 'C:\Users\nguye\.nuget\packages\microsoft.ml.vision\5.0.0\lib\netstandard2.0\Microsoft.ML.Vision.dll'
             C:\Users\nguye\.nuget\packages\microsoft.openapi\1.6.22\lib\netstandard2.0\Microsoft.OpenApi.dll
                 Private = 'false'
                 HintPath = 'C:\Users\nguye\.nuget\packages\microsoft.openapi\1.6.22\lib\netstandard2.0\Microsoft.OpenApi.dll'
             C:\Users\nguye\.nuget\packages\microsoft.sqlserver.server\1.0.0\lib\netstandard2.0\Microsoft.SqlServer.Server.dll
                 Private = 'false'
                 HintPath = 'C:\Users\nguye\.nuget\packages\microsoft.sqlserver.server\1.0.0\lib\netstandard2.0\Microsoft.SqlServer.Server.dll'
             C:\Users\nguye\.nuget\packages\newtonsoft.json\13.0.3\lib\net6.0\Newtonsoft.Json.dll
                 Private = 'false'
                 HintPath = 'C:\Users\nguye\.nuget\packages\newtonsoft.json\13.0.3\lib\net6.0\Newtonsoft.Json.dll'
             C:\Users\nguye\.nuget\packages\pipelines.sockets.unofficial\2.2.8\lib\net5.0\Pipelines.Sockets.Unofficial.dll
                 Private = 'false'
                 HintPath = 'C:\Users\nguye\.nuget\packages\pipelines.sockets.unofficial\2.2.8\lib\net5.0\Pipelines.Sockets.Unofficial.dll'
             C:\Users\nguye\.nuget\packages\protobuf.text\0.6.0\lib\net6.0\Protobuf.Text.dll
                 Private = 'false'
                 HintPath = 'C:\Users\nguye\.nuget\packages\protobuf.text\0.6.0\lib\net6.0\Protobuf.Text.dll'
             C:\Users\nguye\.nuget\packages\serilog\2.10.0\lib\netstandard2.1\Serilog.dll
                 Private = 'false'
                 HintPath = 'C:\Users\nguye\.nuget\packages\serilog\2.10.0\lib\netstandard2.1\Serilog.dll'
             C:\Users\nguye\.nuget\packages\serilog.sinks.console\4.1.0\lib\net5.0\Serilog.Sinks.Console.dll
                 Private = 'false'
                 HintPath = 'C:\Users\nguye\.nuget\packages\serilog.sinks.console\4.1.0\lib\net5.0\Serilog.Sinks.Console.dll'
             C:\Users\nguye\.nuget\packages\sixlabors.imagesharp\3.1.7\lib\net6.0\SixLabors.ImageSharp.dll
                 Private = 'false'
                 HintPath = 'C:\Users\nguye\.nuget\packages\sixlabors.imagesharp\3.1.7\lib\net6.0\SixLabors.ImageSharp.dll'
             C:\Users\nguye\.nuget\packages\skiasharp\2.88.8\lib\net6.0\SkiaSharp.dll
                 Private = 'false'
                 HintPath = 'C:\Users\nguye\.nuget\packages\skiasharp\2.88.8\lib\net6.0\SkiaSharp.dll'
             C:\Users\nguye\.nuget\packages\stackexchange.redis\2.7.27\lib\net6.0\StackExchange.Redis.dll
                 Private = 'false'
                 HintPath = 'C:\Users\nguye\.nuget\packages\stackexchange.redis\2.7.27\lib\net6.0\StackExchange.Redis.dll'
             C:\Users\nguye\.nuget\packages\swashbuckle.aspnetcore.swagger\7.2.0\lib\net9.0\Swashbuckle.AspNetCore.Swagger.dll
                 Private = 'false'
                 HintPath = 'C:\Users\nguye\.nuget\packages\swashbuckle.aspnetcore.swagger\7.2.0\lib\net9.0\Swashbuckle.AspNetCore.Swagger.dll'
             C:\Users\nguye\.nuget\packages\swashbuckle.aspnetcore.swaggergen\7.2.0\lib\net9.0\Swashbuckle.AspNetCore.SwaggerGen.dll
                 Private = 'false'
                 HintPath = 'C:\Users\nguye\.nuget\packages\swashbuckle.aspnetcore.swaggergen\7.2.0\lib\net9.0\Swashbuckle.AspNetCore.SwaggerGen.dll'
             C:\Users\nguye\.nuget\packages\swashbuckle.aspnetcore.swaggerui\7.2.0\lib\net9.0\Swashbuckle.AspNetCore.SwaggerUI.dll
                 Private = 'false'
                 HintPath = 'C:\Users\nguye\.nuget\packages\swashbuckle.aspnetcore.swaggerui\7.2.0\lib\net9.0\Swashbuckle.AspNetCore.SwaggerUI.dll'
             C:\Users\nguye\.nuget\packages\system.clientmodel\1.0.0\lib\net6.0\System.ClientModel.dll
                 Private = 'false'
                 HintPath = 'C:\Users\nguye\.nuget\packages\system.clientmodel\1.0.0\lib\net6.0\System.ClientModel.dll'
             C:\Users\nguye\.nuget\packages\system.codedom\9.0.4\lib\net9.0\System.CodeDom.dll
                 Private = 'false'
                 HintPath = 'C:\Users\nguye\.nuget\packages\system.codedom\9.0.4\lib\net9.0\System.CodeDom.dll'
             C:\Users\nguye\.nuget\packages\system.diagnostics.diagnosticsource\10.0.1\lib\net9.0\System.Diagnostics.DiagnosticSource.dll
                 Private = 'false'
                 HintPath = 'C:\Users\nguye\.nuget\packages\system.diagnostics.diagnosticsource\10.0.1\lib\net9.0\System.Diagnostics.DiagnosticSource.dll'
             C:\Users\nguye\.nuget\packages\system.identitymodel.tokens.jwt\8.0.1\lib\net9.0\System.IdentityModel.Tokens.Jwt.dll
                 Private = 'false'
                 HintPath = 'C:\Users\nguye\.nuget\packages\system.identitymodel.tokens.jwt\8.0.1\lib\net9.0\System.IdentityModel.Tokens.Jwt.dll'
             C:\Users\nguye\.nuget\packages\system.io.pipelines\10.0.0\lib\net9.0\System.IO.Pipelines.dll
                 Private = 'false'
                 HintPath = 'C:\Users\nguye\.nuget\packages\system.io.pipelines\10.0.0\lib\net9.0\System.IO.Pipelines.dll'
             C:\Users\nguye\.nuget\packages\system.memory.data\1.0.2\lib\netstandard2.0\System.Memory.Data.dll
                 Private = 'false'
                 HintPath = 'C:\Users\nguye\.nuget\packages\system.memory.data\1.0.2\lib\netstandard2.0\System.Memory.Data.dll'
             C:\Users\nguye\.nuget\packages\system.numerics.tensors\9.0.4\lib\net9.0\System.Numerics.Tensors.dll
                 Private = 'false'
                 HintPath = 'C:\Users\nguye\.nuget\packages\system.numerics.tensors\9.0.4\lib\net9.0\System.Numerics.Tensors.dll'
             C:\Users\nguye\.nuget\packages\system.security.cryptography.protecteddata\6.0.0\lib\net6.0\System.Security.Cryptography.ProtectedData.dll
                 Private = 'false'
                 HintPath = 'C:\Users\nguye\.nuget\packages\system.security.cryptography.protecteddata\6.0.0\lib\net6.0\System.Security.Cryptography.ProtectedData.dll'
             C:\Users\nguye\.nuget\packages\system.text.encodings.web\10.0.0\lib\net9.0\System.Text.Encodings.Web.dll
                 Private = 'false'
                 HintPath = 'C:\Users\nguye\.nuget\packages\system.text.encodings.web\10.0.0\lib\net9.0\System.Text.Encodings.Web.dll'
             C:\Users\nguye\.nuget\packages\system.text.json\10.0.0\lib\net9.0\System.Text.Json.dll
                 Private = 'false'
                 HintPath = 'C:\Users\nguye\.nuget\packages\system.text.json\10.0.0\lib\net9.0\System.Text.Json.dll'
             C:\Users\nguye\.nuget\packages\tensorflow.net\0.100.2\lib\net6.0\Tensorflow.Binding.dll
                 Private = 'false'
                 HintPath = 'C:\Users\nguye\.nuget\packages\tensorflow.net\0.100.2\lib\net6.0\Tensorflow.Binding.dll'
             C:\Program Files\dotnet\packs\Microsoft.NETCore.App.Ref\9.0.8\ref/net9.0/Microsoft.CSharp.dll
                 Private = 'false'
             C:\Program Files\dotnet\packs\Microsoft.NETCore.App.Ref\9.0.8\ref/net9.0/Microsoft.VisualBasic.Core.dll
                 Private = 'false'
             C:\Program Files\dotnet\packs\Microsoft.NETCore.App.Ref\9.0.8\ref/net9.0/Microsoft.VisualBasic.dll
                 Private = 'false'
             C:\Program Files\dotnet\packs\Microsoft.NETCore.App.Ref\9.0.8\ref/net9.0/Microsoft.Win32.Primitives.dll
                 Private = 'false'
             C:\Program Files\dotnet\packs\Microsoft.NETCore.App.Ref\9.0.8\ref/net9.0/Microsoft.Win32.Registry.dll
                 Private = 'false'
             C:\Program Files\dotnet\packs\Microsoft.NETCore.App.Ref\9.0.8\ref/net9.0/System.AppContext.dll
                 Private = 'false'
             C:\Program Files\dotnet\packs\Microsoft.NETCore.App.Ref\9.0.8\ref/net9.0/System.Buffers.dll
                 Private = 'false'
             C:\Program Files\dotnet\packs\Microsoft.NETCore.App.Ref\9.0.8\ref/net9.0/System.Collections.Concurrent.dll
                 Private = 'false'
             C:\Program Files\dotnet\packs\Microsoft.NETCore.App.Ref\9.0.8\ref/net9.0/System.Collections.Immutable.dll
                 Private = 'false'
             C:\Program Files\dotnet\packs\Microsoft.NETCore.App.Ref\9.0.8\ref/net9.0/System.Collections.NonGeneric.dll
                 Private = 'false'
             C:\Program Files\dotnet\packs\Microsoft.NETCore.App.Ref\9.0.8\ref/net9.0/System.Collections.Specialized.dll
                 Private = 'false'
             C:\Program Files\dotnet\packs\Microsoft.NETCore.App.Ref\9.0.8\ref/net9.0/System.Collections.dll
                 Private = 'false'
             C:\Program Files\dotnet\packs\Microsoft.NETCore.App.Ref\9.0.8\ref/net9.0/System.ComponentModel.Annotations.dll
                 Private = 'false'
             C:\Program Files\dotnet\packs\Microsoft.NETCore.App.Ref\9.0.8\ref/net9.0/System.ComponentModel.DataAnnotations.dll
                 Private = 'false'
             C:\Program Files\dotnet\packs\Microsoft.NETCore.App.Ref\9.0.8\ref/net9.0/System.ComponentModel.EventBasedAsync.dll
                 Private = 'false'
             C:\Program Files\dotnet\packs\Microsoft.NETCore.App.Ref\9.0.8\ref/net9.0/System.ComponentModel.Primitives.dll
                 Private = 'false'
             C:\Program Files\dotnet\packs\Microsoft.NETCore.App.Ref\9.0.8\ref/net9.0/System.ComponentModel.TypeConverter.dll
                 Private = 'false'
             C:\Program Files\dotnet\packs\Microsoft.NETCore.App.Ref\9.0.8\ref/net9.0/System.ComponentModel.dll
                 Private = 'false'
             C:\Program Files\dotnet\packs\Microsoft.NETCore.App.Ref\9.0.8\ref/net9.0/System.Configuration.dll
                 Private = 'false'
             C:\Program Files\dotnet\packs\Microsoft.NETCore.App.Ref\9.0.8\ref/net9.0/System.Console.dll
                 Private = 'false'
             C:\Program Files\dotnet\packs\Microsoft.NETCore.App.Ref\9.0.8\ref/net9.0/System.Core.dll
                 Private = 'false'
             C:\Program Files\dotnet\packs\Microsoft.NETCore.App.Ref\9.0.8\ref/net9.0/System.Data.Common.dll
                 Private = 'false'
             C:\Program Files\dotnet\packs\Microsoft.NETCore.App.Ref\9.0.8\ref/net9.0/System.Data.DataSetExtensions.dll
                 Private = 'false'
             C:\Program Files\dotnet\packs\Microsoft.NETCore.App.Ref\9.0.8\ref/net9.0/System.Data.dll
                 Private = 'false'
             C:\Program Files\dotnet\packs\Microsoft.NETCore.App.Ref\9.0.8\ref/net9.0/System.Diagnostics.Contracts.dll
                 Private = 'false'
             C:\Program Files\dotnet\packs\Microsoft.NETCore.App.Ref\9.0.8\ref/net9.0/System.Diagnostics.Debug.dll
                 Private = 'false'
             C:\Program Files\dotnet\packs\Microsoft.NETCore.App.Ref\9.0.8\ref/net9.0/System.Diagnostics.FileVersionInfo.dll
                 Private = 'false'
             C:\Program Files\dotnet\packs\Microsoft.NETCore.App.Ref\9.0.8\ref/net9.0/System.Diagnostics.Process.dll
                 Private = 'false'
             C:\Program Files\dotnet\packs\Microsoft.NETCore.App.Ref\9.0.8\ref/net9.0/System.Diagnostics.StackTrace.dll
                 Private = 'false'
             C:\Program Files\dotnet\packs\Microsoft.NETCore.App.Ref\9.0.8\ref/net9.0/System.Diagnostics.TextWriterTraceListener.dll
                 Private = 'false'
             C:\Program Files\dotnet\packs\Microsoft.NETCore.App.Ref\9.0.8\ref/net9.0/System.Diagnostics.Tools.dll
                 Private = 'false'
             C:\Program Files\dotnet\packs\Microsoft.NETCore.App.Ref\9.0.8\ref/net9.0/System.Diagnostics.TraceSource.dll
                 Private = 'false'
             C:\Program Files\dotnet\packs\Microsoft.NETCore.App.Ref\9.0.8\ref/net9.0/System.Diagnostics.Tracing.dll
                 Private = 'false'
             C:\Program Files\dotnet\packs\Microsoft.NETCore.App.Ref\9.0.8\ref/net9.0/System.Drawing.Primitives.dll
                 Private = 'false'
             C:\Program Files\dotnet\packs\Microsoft.NETCore.App.Ref\9.0.8\ref/net9.0/System.Drawing.dll
                 Private = 'false'
             C:\Program Files\dotnet\packs\Microsoft.NETCore.App.Ref\9.0.8\ref/net9.0/System.Dynamic.Runtime.dll
                 Private = 'false'
             C:\Program Files\dotnet\packs\Microsoft.NETCore.App.Ref\9.0.8\ref/net9.0/System.Formats.Asn1.dll
                 Private = 'false'
             C:\Program Files\dotnet\packs\Microsoft.NETCore.App.Ref\9.0.8\ref/net9.0/System.Formats.Tar.dll
                 Private = 'false'
             C:\Program Files\dotnet\packs\Microsoft.NETCore.App.Ref\9.0.8\ref/net9.0/System.Globalization.Calendars.dll
                 Private = 'false'
             C:\Program Files\dotnet\packs\Microsoft.NETCore.App.Ref\9.0.8\ref/net9.0/System.Globalization.Extensions.dll
                 Private = 'false'
             C:\Program Files\dotnet\packs\Microsoft.NETCore.App.Ref\9.0.8\ref/net9.0/System.Globalization.dll
                 Private = 'false'
             C:\Program Files\dotnet\packs\Microsoft.NETCore.App.Ref\9.0.8\ref/net9.0/System.IO.Compression.Brotli.dll
                 Private = 'false'
             C:\Program Files\dotnet\packs\Microsoft.NETCore.App.Ref\9.0.8\ref/net9.0/System.IO.Compression.FileSystem.dll
                 Private = 'false'
             C:\Program Files\dotnet\packs\Microsoft.NETCore.App.Ref\9.0.8\ref/net9.0/System.IO.Compression.ZipFile.dll
                 Private = 'false'
             C:\Program Files\dotnet\packs\Microsoft.NETCore.App.Ref\9.0.8\ref/net9.0/System.IO.Compression.dll
                 Private = 'false'
             C:\Program Files\dotnet\packs\Microsoft.NETCore.App.Ref\9.0.8\ref/net9.0/System.IO.FileSystem.AccessControl.dll
                 Private = 'false'
             C:\Program Files\dotnet\packs\Microsoft.NETCore.App.Ref\9.0.8\ref/net9.0/System.IO.FileSystem.DriveInfo.dll
                 Private = 'false'
             C:\Program Files\dotnet\packs\Microsoft.NETCore.App.Ref\9.0.8\ref/net9.0/System.IO.FileSystem.Primitives.dll
                 Private = 'false'
             C:\Program Files\dotnet\packs\Microsoft.NETCore.App.Ref\9.0.8\ref/net9.0/System.IO.FileSystem.Watcher.dll
                 Private = 'false'
             C:\Program Files\dotnet\packs\Microsoft.NETCore.App.Ref\9.0.8\ref/net9.0/System.IO.FileSystem.dll
                 Private = 'false'
             C:\Program Files\dotnet\packs\Microsoft.NETCore.App.Ref\9.0.8\ref/net9.0/System.IO.IsolatedStorage.dll
                 Private = 'false'
             C:\Program Files\dotnet\packs\Microsoft.NETCore.App.Ref\9.0.8\ref/net9.0/System.IO.MemoryMappedFiles.dll
                 Private = 'false'
             C:\Program Files\dotnet\packs\Microsoft.NETCore.App.Ref\9.0.8\ref/net9.0/System.IO.Pipes.AccessControl.dll
                 Private = 'false'
             C:\Program Files\dotnet\packs\Microsoft.NETCore.App.Ref\9.0.8\ref/net9.0/System.IO.Pipes.dll
                 Private = 'false'
             C:\Program Files\dotnet\packs\Microsoft.NETCore.App.Ref\9.0.8\ref/net9.0/System.IO.UnmanagedMemoryStream.dll
                 Private = 'false'
             C:\Program Files\dotnet\packs\Microsoft.NETCore.App.Ref\9.0.8\ref/net9.0/System.IO.dll
                 Private = 'false'
             C:\Program Files\dotnet\packs\Microsoft.NETCore.App.Ref\9.0.8\ref/net9.0/System.Linq.Expressions.dll
                 Private = 'false'
             C:\Program Files\dotnet\packs\Microsoft.NETCore.App.Ref\9.0.8\ref/net9.0/System.Linq.Parallel.dll
                 Private = 'false'
             C:\Program Files\dotnet\packs\Microsoft.NETCore.App.Ref\9.0.8\ref/net9.0/System.Linq.Queryable.dll
                 Private = 'false'
             C:\Program Files\dotnet\packs\Microsoft.NETCore.App.Ref\9.0.8\ref/net9.0/System.Linq.dll
                 Private = 'false'
             C:\Program Files\dotnet\packs\Microsoft.NETCore.App.Ref\9.0.8\ref/net9.0/System.Memory.dll
                 Private = 'false'
             C:\Program Files\dotnet\packs\Microsoft.NETCore.App.Ref\9.0.8\ref/net9.0/System.Net.Http.Json.dll
                 Private = 'false'
             C:\Program Files\dotnet\packs\Microsoft.NETCore.App.Ref\9.0.8\ref/net9.0/System.Net.Http.dll
                 Private = 'false'
             C:\Program Files\dotnet\packs\Microsoft.NETCore.App.Ref\9.0.8\ref/net9.0/System.Net.HttpListener.dll
                 Private = 'false'
             C:\Program Files\dotnet\packs\Microsoft.NETCore.App.Ref\9.0.8\ref/net9.0/System.Net.Mail.dll
                 Private = 'false'
             C:\Program Files\dotnet\packs\Microsoft.NETCore.App.Ref\9.0.8\ref/net9.0/System.Net.NameResolution.dll
                 Private = 'false'
             C:\Program Files\dotnet\packs\Microsoft.NETCore.App.Ref\9.0.8\ref/net9.0/System.Net.NetworkInformation.dll
                 Private = 'false'
             C:\Program Files\dotnet\packs\Microsoft.NETCore.App.Ref\9.0.8\ref/net9.0/System.Net.Ping.dll
                 Private = 'false'
             C:\Program Files\dotnet\packs\Microsoft.NETCore.App.Ref\9.0.8\ref/net9.0/System.Net.Primitives.dll
                 Private = 'false'
             C:\Program Files\dotnet\packs\Microsoft.NETCore.App.Ref\9.0.8\ref/net9.0/System.Net.Quic.dll
                 Private = 'false'
             C:\Program Files\dotnet\packs\Microsoft.NETCore.App.Ref\9.0.8\ref/net9.0/System.Net.Requests.dll
                 Private = 'false'
             C:\Program Files\dotnet\packs\Microsoft.NETCore.App.Ref\9.0.8\ref/net9.0/System.Net.Security.dll
                 Private = 'false'
             C:\Program Files\dotnet\packs\Microsoft.NETCore.App.Ref\9.0.8\ref/net9.0/System.Net.ServicePoint.dll
                 Private = 'false'
             C:\Program Files\dotnet\packs\Microsoft.NETCore.App.Ref\9.0.8\ref/net9.0/System.Net.Sockets.dll
                 Private = 'false'
             C:\Program Files\dotnet\packs\Microsoft.NETCore.App.Ref\9.0.8\ref/net9.0/System.Net.WebClient.dll
                 Private = 'false'
             C:\Program Files\dotnet\packs\Microsoft.NETCore.App.Ref\9.0.8\ref/net9.0/System.Net.WebHeaderCollection.dll
                 Private = 'false'
             C:\Program Files\dotnet\packs\Microsoft.NETCore.App.Ref\9.0.8\ref/net9.0/System.Net.WebProxy.dll
                 Private = 'false'
             C:\Program Files\dotnet\packs\Microsoft.NETCore.App.Ref\9.0.8\ref/net9.0/System.Net.WebSockets.Client.dll
                 Private = 'false'
             C:\Program Files\dotnet\packs\Microsoft.NETCore.App.Ref\9.0.8\ref/net9.0/System.Net.WebSockets.dll
                 Private = 'false'
             C:\Program Files\dotnet\packs\Microsoft.NETCore.App.Ref\9.0.8\ref/net9.0/System.Net.dll
                 Private = 'false'
             C:\Program Files\dotnet\packs\Microsoft.NETCore.App.Ref\9.0.8\ref/net9.0/System.Numerics.Vectors.dll
                 Private = 'false'
             C:\Program Files\dotnet\packs\Microsoft.NETCore.App.Ref\9.0.8\ref/net9.0/System.Numerics.dll
                 Private = 'false'
             C:\Program Files\dotnet\packs\Microsoft.NETCore.App.Ref\9.0.8\ref/net9.0/System.ObjectModel.dll
                 Private = 'false'
             C:\Program Files\dotnet\packs\Microsoft.NETCore.App.Ref\9.0.8\ref/net9.0/System.Reflection.DispatchProxy.dll
                 Private = 'false'
             C:\Program Files\dotnet\packs\Microsoft.NETCore.App.Ref\9.0.8\ref/net9.0/System.Reflection.Emit.ILGeneration.dll
                 Private = 'false'
             C:\Program Files\dotnet\packs\Microsoft.NETCore.App.Ref\9.0.8\ref/net9.0/System.Reflection.Emit.Lightweight.dll
                 Private = 'false'
             C:\Program Files\dotnet\packs\Microsoft.NETCore.App.Ref\9.0.8\ref/net9.0/System.Reflection.Emit.dll
                 Private = 'false'
             C:\Program Files\dotnet\packs\Microsoft.NETCore.App.Ref\9.0.8\ref/net9.0/System.Reflection.Extensions.dll
                 Private = 'false'
             C:\Program Files\dotnet\packs\Microsoft.NETCore.App.Ref\9.0.8\ref/net9.0/System.Reflection.Metadata.dll
                 Private = 'false'
             C:\Program Files\dotnet\packs\Microsoft.NETCore.App.Ref\9.0.8\ref/net9.0/System.Reflection.Primitives.dll
                 Private = 'false'
             C:\Program Files\dotnet\packs\Microsoft.NETCore.App.Ref\9.0.8\ref/net9.0/System.Reflection.TypeExtensions.dll
                 Private = 'false'
             C:\Program Files\dotnet\packs\Microsoft.NETCore.App.Ref\9.0.8\ref/net9.0/System.Reflection.dll
                 Private = 'false'
             C:\Program Files\dotnet\packs\Microsoft.NETCore.App.Ref\9.0.8\ref/net9.0/System.Resources.Reader.dll
                 Private = 'false'
             C:\Program Files\dotnet\packs\Microsoft.NETCore.App.Ref\9.0.8\ref/net9.0/System.Resources.ResourceManager.dll
                 Private = 'false'
             C:\Program Files\dotnet\packs\Microsoft.NETCore.App.Ref\9.0.8\ref/net9.0/System.Resources.Writer.dll
                 Private = 'false'
             C:\Program Files\dotnet\packs\Microsoft.NETCore.App.Ref\9.0.8\ref/net9.0/System.Runtime.CompilerServices.Unsafe.dll
                 Private = 'false'
             C:\Program Files\dotnet\packs\Microsoft.NETCore.App.Ref\9.0.8\ref/net9.0/System.Runtime.CompilerServices.VisualC.dll
                 Private = 'false'
             C:\Program Files\dotnet\packs\Microsoft.NETCore.App.Ref\9.0.8\ref/net9.0/System.Runtime.Extensions.dll
                 Private = 'false'
             C:\Program Files\dotnet\packs\Microsoft.NETCore.App.Ref\9.0.8\ref/net9.0/System.Runtime.Handles.dll
                 Private = 'false'
             C:\Program Files\dotnet\packs\Microsoft.NETCore.App.Ref\9.0.8\ref/net9.0/System.Runtime.InteropServices.JavaScript.dll
                 Private = 'false'
             C:\Program Files\dotnet\packs\Microsoft.NETCore.App.Ref\9.0.8\ref/net9.0/System.Runtime.InteropServices.RuntimeInformation.dll
                 Private = 'false'
             C:\Program Files\dotnet\packs\Microsoft.NETCore.App.Ref\9.0.8\ref/net9.0/System.Runtime.InteropServices.dll
                 Private = 'false'
             C:\Program Files\dotnet\packs\Microsoft.NETCore.App.Ref\9.0.8\ref/net9.0/System.Runtime.Intrinsics.dll
                 Private = 'false'
             C:\Program Files\dotnet\packs\Microsoft.NETCore.App.Ref\9.0.8\ref/net9.0/System.Runtime.Loader.dll
                 Private = 'false'
             C:\Program Files\dotnet\packs\Microsoft.NETCore.App.Ref\9.0.8\ref/net9.0/System.Runtime.Numerics.dll
                 Private = 'false'
             C:\Program Files\dotnet\packs\Microsoft.NETCore.App.Ref\9.0.8\ref/net9.0/System.Runtime.Serialization.Formatters.dll
                 Private = 'false'
             C:\Program Files\dotnet\packs\Microsoft.NETCore.App.Ref\9.0.8\ref/net9.0/System.Runtime.Serialization.Json.dll
                 Private = 'false'
             C:\Program Files\dotnet\packs\Microsoft.NETCore.App.Ref\9.0.8\ref/net9.0/System.Runtime.Serialization.Primitives.dll
                 Private = 'false'
             C:\Program Files\dotnet\packs\Microsoft.NETCore.App.Ref\9.0.8\ref/net9.0/System.Runtime.Serialization.Xml.dll
                 Private = 'false'
             C:\Program Files\dotnet\packs\Microsoft.NETCore.App.Ref\9.0.8\ref/net9.0/System.Runtime.Serialization.dll
                 Private = 'false'
             C:\Program Files\dotnet\packs\Microsoft.NETCore.App.Ref\9.0.8\ref/net9.0/System.Runtime.dll
                 Private = 'false'
             C:\Program Files\dotnet\packs\Microsoft.NETCore.App.Ref\9.0.8\ref/net9.0/System.Security.AccessControl.dll
                 Private = 'false'
             C:\Program Files\dotnet\packs\Microsoft.NETCore.App.Ref\9.0.8\ref/net9.0/System.Security.Claims.dll
                 Private = 'false'
             C:\Program Files\dotnet\packs\Microsoft.NETCore.App.Ref\9.0.8\ref/net9.0/System.Security.Cryptography.Algorithms.dll
                 Private = 'false'
             C:\Program Files\dotnet\packs\Microsoft.NETCore.App.Ref\9.0.8\ref/net9.0/System.Security.Cryptography.Cng.dll
                 Private = 'false'
             C:\Program Files\dotnet\packs\Microsoft.NETCore.App.Ref\9.0.8\ref/net9.0/System.Security.Cryptography.Csp.dll
                 Private = 'false'
             C:\Program Files\dotnet\packs\Microsoft.NETCore.App.Ref\9.0.8\ref/net9.0/System.Security.Cryptography.Encoding.dll
                 Private = 'false'
             C:\Program Files\dotnet\packs\Microsoft.NETCore.App.Ref\9.0.8\ref/net9.0/System.Security.Cryptography.OpenSsl.dll
                 Private = 'false'
             C:\Program Files\dotnet\packs\Microsoft.NETCore.App.Ref\9.0.8\ref/net9.0/System.Security.Cryptography.Primitives.dll
                 Private = 'false'
             C:\Program Files\dotnet\packs\Microsoft.NETCore.App.Ref\9.0.8\ref/net9.0/System.Security.Cryptography.X509Certificates.dll
                 Private = 'false'
             C:\Program Files\dotnet\packs\Microsoft.NETCore.App.Ref\9.0.8\ref/net9.0/System.Security.Cryptography.dll
                 Private = 'false'
             C:\Program Files\dotnet\packs\Microsoft.NETCore.App.Ref\9.0.8\ref/net9.0/System.Security.Principal.Windows.dll
                 Private = 'false'
             C:\Program Files\dotnet\packs\Microsoft.NETCore.App.Ref\9.0.8\ref/net9.0/System.Security.Principal.dll
                 Private = 'false'
             C:\Program Files\dotnet\packs\Microsoft.NETCore.App.Ref\9.0.8\ref/net9.0/System.Security.SecureString.dll
                 Private = 'false'
             C:\Program Files\dotnet\packs\Microsoft.NETCore.App.Ref\9.0.8\ref/net9.0/System.Security.dll
                 Private = 'false'
             C:\Program Files\dotnet\packs\Microsoft.NETCore.App.Ref\9.0.8\ref/net9.0/System.ServiceModel.Web.dll
                 Private = 'false'
             C:\Program Files\dotnet\packs\Microsoft.NETCore.App.Ref\9.0.8\ref/net9.0/System.ServiceProcess.dll
                 Private = 'false'
             C:\Program Files\dotnet\packs\Microsoft.NETCore.App.Ref\9.0.8\ref/net9.0/System.Text.Encoding.CodePages.dll
                 Private = 'false'
             C:\Program Files\dotnet\packs\Microsoft.NETCore.App.Ref\9.0.8\ref/net9.0/System.Text.Encoding.Extensions.dll
                 Private = 'false'
             C:\Program Files\dotnet\packs\Microsoft.NETCore.App.Ref\9.0.8\ref/net9.0/System.Text.Encoding.dll
                 Private = 'false'
             C:\Program Files\dotnet\packs\Microsoft.NETCore.App.Ref\9.0.8\ref/net9.0/System.Text.RegularExpressions.dll
                 Private = 'false'
             C:\Program Files\dotnet\packs\Microsoft.NETCore.App.Ref\9.0.8\ref/net9.0/System.Threading.Channels.dll
                 Private = 'false'
             C:\Program Files\dotnet\packs\Microsoft.NETCore.App.Ref\9.0.8\ref/net9.0/System.Threading.Overlapped.dll
                 Private = 'false'
             C:\Program Files\dotnet\packs\Microsoft.NETCore.App.Ref\9.0.8\ref/net9.0/System.Threading.Tasks.Dataflow.dll
                 Private = 'false'
             C:\Program Files\dotnet\packs\Microsoft.NETCore.App.Ref\9.0.8\ref/net9.0/System.Threading.Tasks.Extensions.dll
                 Private = 'false'
             C:\Program Files\dotnet\packs\Microsoft.NETCore.App.Ref\9.0.8\ref/net9.0/System.Threading.Tasks.Parallel.dll
                 Private = 'false'
             C:\Program Files\dotnet\packs\Microsoft.NETCore.App.Ref\9.0.8\ref/net9.0/System.Threading.Tasks.dll
                 Private = 'false'
             C:\Program Files\dotnet\packs\Microsoft.NETCore.App.Ref\9.0.8\ref/net9.0/System.Threading.Thread.dll
                 Private = 'false'
             C:\Program Files\dotnet\packs\Microsoft.NETCore.App.Ref\9.0.8\ref/net9.0/System.Threading.ThreadPool.dll
                 Private = 'false'
             C:\Program Files\dotnet\packs\Microsoft.NETCore.App.Ref\9.0.8\ref/net9.0/System.Threading.Timer.dll
                 Private = 'false'
             C:\Program Files\dotnet\packs\Microsoft.NETCore.App.Ref\9.0.8\ref/net9.0/System.Threading.dll
                 Private = 'false'
             C:\Program Files\dotnet\packs\Microsoft.NETCore.App.Ref\9.0.8\ref/net9.0/System.Transactions.Local.dll
                 Private = 'false'
             C:\Program Files\dotnet\packs\Microsoft.NETCore.App.Ref\9.0.8\ref/net9.0/System.Transactions.dll
                 Private = 'false'
             C:\Program Files\dotnet\packs\Microsoft.NETCore.App.Ref\9.0.8\ref/net9.0/System.ValueTuple.dll
                 Private = 'false'
             C:\Program Files\dotnet\packs\Microsoft.NETCore.App.Ref\9.0.8\ref/net9.0/System.Web.HttpUtility.dll
                 Private = 'false'
             C:\Program Files\dotnet\packs\Microsoft.NETCore.App.Ref\9.0.8\ref/net9.0/System.Web.dll
                 Private = 'false'
             C:\Program Files\dotnet\packs\Microsoft.NETCore.App.Ref\9.0.8\ref/net9.0/System.Windows.dll
                 Private = 'false'
             C:\Program Files\dotnet\packs\Microsoft.NETCore.App.Ref\9.0.8\ref/net9.0/System.Xml.Linq.dll
                 Private = 'false'
             C:\Program Files\dotnet\packs\Microsoft.NETCore.App.Ref\9.0.8\ref/net9.0/System.Xml.ReaderWriter.dll
                 Private = 'false'
             C:\Program Files\dotnet\packs\Microsoft.NETCore.App.Ref\9.0.8\ref/net9.0/System.Xml.Serialization.dll
                 Private = 'false'
             C:\Program Files\dotnet\packs\Microsoft.NETCore.App.Ref\9.0.8\ref/net9.0/System.Xml.XDocument.dll
                 Private = 'false'
             C:\Program Files\dotnet\packs\Microsoft.NETCore.App.Ref\9.0.8\ref/net9.0/System.Xml.XPath.XDocument.dll
                 Private = 'false'
             C:\Program Files\dotnet\packs\Microsoft.NETCore.App.Ref\9.0.8\ref/net9.0/System.Xml.XPath.dll
                 Private = 'false'
             C:\Program Files\dotnet\packs\Microsoft.NETCore.App.Ref\9.0.8\ref/net9.0/System.Xml.XmlDocument.dll
                 Private = 'false'
             C:\Program Files\dotnet\packs\Microsoft.NETCore.App.Ref\9.0.8\ref/net9.0/System.Xml.XmlSerializer.dll
                 Private = 'false'
             C:\Program Files\dotnet\packs\Microsoft.NETCore.App.Ref\9.0.8\ref/net9.0/System.Xml.dll
                 Private = 'false'
             C:\Program Files\dotnet\packs\Microsoft.NETCore.App.Ref\9.0.8\ref/net9.0/System.dll
                 Private = 'false'
             C:\Program Files\dotnet\packs\Microsoft.NETCore.App.Ref\9.0.8\ref/net9.0/WindowsBase.dll
                 Private = 'false'
             C:\Program Files\dotnet\packs\Microsoft.NETCore.App.Ref\9.0.8\ref/net9.0/mscorlib.dll
                 Private = 'false'
             C:\Program Files\dotnet\packs\Microsoft.NETCore.App.Ref\9.0.8\ref/net9.0/netstandard.dll
                 Private = 'false'
             C:\Program Files\dotnet\packs\Microsoft.AspNetCore.App.Ref\9.0.8\ref\net9.0\Microsoft.AspNetCore.Antiforgery.dll
                 Private = 'false'
             C:\Program Files\dotnet\packs\Microsoft.AspNetCore.App.Ref\9.0.8\ref\net9.0\Microsoft.AspNetCore.Authentication.Abstractions.dll
                 Private = 'false'
             C:\Program Files\dotnet\packs\Microsoft.AspNetCore.App.Ref\9.0.8\ref\net9.0\Microsoft.AspNetCore.Authentication.BearerToken.dll
                 Private = 'false'
             C:\Program Files\dotnet\packs\Microsoft.AspNetCore.App.Ref\9.0.8\ref\net9.0\Microsoft.AspNetCore.Authentication.Cookies.dll
                 Private = 'false'
             C:\Program Files\dotnet\packs\Microsoft.AspNetCore.App.Ref\9.0.8\ref\net9.0\Microsoft.AspNetCore.Authentication.Core.dll
                 Private = 'false'
             C:\Program Files\dotnet\packs\Microsoft.AspNetCore.App.Ref\9.0.8\ref\net9.0\Microsoft.AspNetCore.Authentication.OAuth.dll
                 Private = 'false'
             C:\Program Files\dotnet\packs\Microsoft.AspNetCore.App.Ref\9.0.8\ref\net9.0\Microsoft.AspNetCore.Authentication.dll
                 Private = 'false'
             C:\Program Files\dotnet\packs\Microsoft.AspNetCore.App.Ref\9.0.8\ref\net9.0\Microsoft.AspNetCore.Authorization.Policy.dll
                 Private = 'false'
             C:\Program Files\dotnet\packs\Microsoft.AspNetCore.App.Ref\9.0.8\ref\net9.0\Microsoft.AspNetCore.Authorization.dll
                 Private = 'false'
             C:\Program Files\dotnet\packs\Microsoft.AspNetCore.App.Ref\9.0.8\ref\net9.0\Microsoft.AspNetCore.Components.Authorization.dll
                 Private = 'false'
             C:\Program Files\dotnet\packs\Microsoft.AspNetCore.App.Ref\9.0.8\ref\net9.0\Microsoft.AspNetCore.Components.Endpoints.dll
                 Private = 'false'
             C:\Program Files\dotnet\packs\Microsoft.AspNetCore.App.Ref\9.0.8\ref\net9.0\Microsoft.AspNetCore.Components.Forms.dll
                 Private = 'false'
             C:\Program Files\dotnet\packs\Microsoft.AspNetCore.App.Ref\9.0.8\ref\net9.0\Microsoft.AspNetCore.Components.Server.dll
                 Private = 'false'
             C:\Program Files\dotnet\packs\Microsoft.AspNetCore.App.Ref\9.0.8\ref\net9.0\Microsoft.AspNetCore.Components.Web.dll
                 Private = 'false'
             C:\Program Files\dotnet\packs\Microsoft.AspNetCore.App.Ref\9.0.8\ref\net9.0\Microsoft.AspNetCore.Components.dll
                 Private = 'false'
             C:\Program Files\dotnet\packs\Microsoft.AspNetCore.App.Ref\9.0.8\ref\net9.0\Microsoft.AspNetCore.Connections.Abstractions.dll
                 Private = 'false'
             C:\Program Files\dotnet\packs\Microsoft.AspNetCore.App.Ref\9.0.8\ref\net9.0\Microsoft.AspNetCore.CookiePolicy.dll
                 Private = 'false'
             C:\Program Files\dotnet\packs\Microsoft.AspNetCore.App.Ref\9.0.8\ref\net9.0\Microsoft.AspNetCore.Cors.dll
                 Private = 'false'
             C:\Program Files\dotnet\packs\Microsoft.AspNetCore.App.Ref\9.0.8\ref\net9.0\Microsoft.AspNetCore.Cryptography.Internal.dll
                 Private = 'false'
             C:\Program Files\dotnet\packs\Microsoft.AspNetCore.App.Ref\9.0.8\ref\net9.0\Microsoft.AspNetCore.Cryptography.KeyDerivation.dll
                 Private = 'false'
             C:\Program Files\dotnet\packs\Microsoft.AspNetCore.App.Ref\9.0.8\ref\net9.0\Microsoft.AspNetCore.DataProtection.Abstractions.dll
                 Private = 'false'
             C:\Program Files\dotnet\packs\Microsoft.AspNetCore.App.Ref\9.0.8\ref\net9.0\Microsoft.AspNetCore.DataProtection.Extensions.dll
                 Private = 'false'
             C:\Program Files\dotnet\packs\Microsoft.AspNetCore.App.Ref\9.0.8\ref\net9.0\Microsoft.AspNetCore.DataProtection.dll
                 Private = 'false'
             C:\Program Files\dotnet\packs\Microsoft.AspNetCore.App.Ref\9.0.8\ref\net9.0\Microsoft.AspNetCore.Diagnostics.Abstractions.dll
                 Private = 'false'
             C:\Program Files\dotnet\packs\Microsoft.AspNetCore.App.Ref\9.0.8\ref\net9.0\Microsoft.AspNetCore.Diagnostics.HealthChecks.dll
                 Private = 'false'
             C:\Program Files\dotnet\packs\Microsoft.AspNetCore.App.Ref\9.0.8\ref\net9.0\Microsoft.AspNetCore.Diagnostics.dll
                 Private = 'false'
             C:\Program Files\dotnet\packs\Microsoft.AspNetCore.App.Ref\9.0.8\ref\net9.0\Microsoft.AspNetCore.HostFiltering.dll
                 Private = 'false'
             C:\Program Files\dotnet\packs\Microsoft.AspNetCore.App.Ref\9.0.8\ref\net9.0\Microsoft.AspNetCore.Hosting.Abstractions.dll
                 Private = 'false'
             C:\Program Files\dotnet\packs\Microsoft.AspNetCore.App.Ref\9.0.8\ref\net9.0\Microsoft.AspNetCore.Hosting.Server.Abstractions.dll
                 Private = 'false'
             C:\Program Files\dotnet\packs\Microsoft.AspNetCore.App.Ref\9.0.8\ref\net9.0\Microsoft.AspNetCore.Hosting.dll
                 Private = 'false'
             C:\Program Files\dotnet\packs\Microsoft.AspNetCore.App.Ref\9.0.8\ref\net9.0\Microsoft.AspNetCore.Html.Abstractions.dll
                 Private = 'false'
             C:\Program Files\dotnet\packs\Microsoft.AspNetCore.App.Ref\9.0.8\ref\net9.0\Microsoft.AspNetCore.Http.Abstractions.dll
                 Private = 'false'
             C:\Program Files\dotnet\packs\Microsoft.AspNetCore.App.Ref\9.0.8\ref\net9.0\Microsoft.AspNetCore.Http.Connections.Common.dll
                 Private = 'false'
             C:\Program Files\dotnet\packs\Microsoft.AspNetCore.App.Ref\9.0.8\ref\net9.0\Microsoft.AspNetCore.Http.Connections.dll
                 Private = 'false'
             C:\Program Files\dotnet\packs\Microsoft.AspNetCore.App.Ref\9.0.8\ref\net9.0\Microsoft.AspNetCore.Http.Extensions.dll
                 Private = 'false'
             C:\Program Files\dotnet\packs\Microsoft.AspNetCore.App.Ref\9.0.8\ref\net9.0\Microsoft.AspNetCore.Http.Features.dll
                 Private = 'false'
             C:\Program Files\dotnet\packs\Microsoft.AspNetCore.App.Ref\9.0.8\ref\net9.0\Microsoft.AspNetCore.Http.Results.dll
                 Private = 'false'
             C:\Program Files\dotnet\packs\Microsoft.AspNetCore.App.Ref\9.0.8\ref\net9.0\Microsoft.AspNetCore.Http.dll
                 Private = 'false'
             C:\Program Files\dotnet\packs\Microsoft.AspNetCore.App.Ref\9.0.8\ref\net9.0\Microsoft.AspNetCore.HttpLogging.dll
                 Private = 'false'
             C:\Program Files\dotnet\packs\Microsoft.AspNetCore.App.Ref\9.0.8\ref\net9.0\Microsoft.AspNetCore.HttpOverrides.dll
                 Private = 'false'
             C:\Program Files\dotnet\packs\Microsoft.AspNetCore.App.Ref\9.0.8\ref\net9.0\Microsoft.AspNetCore.HttpsPolicy.dll
                 Private = 'false'
             C:\Program Files\dotnet\packs\Microsoft.AspNetCore.App.Ref\9.0.8\ref\net9.0\Microsoft.AspNetCore.Identity.dll
                 Private = 'false'
             C:\Program Files\dotnet\packs\Microsoft.AspNetCore.App.Ref\9.0.8\ref\net9.0\Microsoft.AspNetCore.Localization.Routing.dll
                 Private = 'false'
             C:\Program Files\dotnet\packs\Microsoft.AspNetCore.App.Ref\9.0.8\ref\net9.0\Microsoft.AspNetCore.Localization.dll
                 Private = 'false'
             C:\Program Files\dotnet\packs\Microsoft.AspNetCore.App.Ref\9.0.8\ref\net9.0\Microsoft.AspNetCore.Metadata.dll
                 Private = 'false'
             C:\Program Files\dotnet\packs\Microsoft.AspNetCore.App.Ref\9.0.8\ref\net9.0\Microsoft.AspNetCore.Mvc.Abstractions.dll
                 Private = 'false'
             C:\Program Files\dotnet\packs\Microsoft.AspNetCore.App.Ref\9.0.8\ref\net9.0\Microsoft.AspNetCore.Mvc.ApiExplorer.dll
                 Private = 'false'
             C:\Program Files\dotnet\packs\Microsoft.AspNetCore.App.Ref\9.0.8\ref\net9.0\Microsoft.AspNetCore.Mvc.Core.dll
                 Private = 'false'
             C:\Program Files\dotnet\packs\Microsoft.AspNetCore.App.Ref\9.0.8\ref\net9.0\Microsoft.AspNetCore.Mvc.Cors.dll
                 Private = 'false'
             C:\Program Files\dotnet\packs\Microsoft.AspNetCore.App.Ref\9.0.8\ref\net9.0\Microsoft.AspNetCore.Mvc.DataAnnotations.dll
                 Private = 'false'
             C:\Program Files\dotnet\packs\Microsoft.AspNetCore.App.Ref\9.0.8\ref\net9.0\Microsoft.AspNetCore.Mvc.Formatters.Json.dll
                 Private = 'false'
             C:\Program Files\dotnet\packs\Microsoft.AspNetCore.App.Ref\9.0.8\ref\net9.0\Microsoft.AspNetCore.Mvc.Formatters.Xml.dll
                 Private = 'false'
             C:\Program Files\dotnet\packs\Microsoft.AspNetCore.App.Ref\9.0.8\ref\net9.0\Microsoft.AspNetCore.Mvc.Localization.dll
                 Private = 'false'
             C:\Program Files\dotnet\packs\Microsoft.AspNetCore.App.Ref\9.0.8\ref\net9.0\Microsoft.AspNetCore.Mvc.Razor.dll
                 Private = 'false'
             C:\Program Files\dotnet\packs\Microsoft.AspNetCore.App.Ref\9.0.8\ref\net9.0\Microsoft.AspNetCore.Mvc.RazorPages.dll
                 Private = 'false'
             C:\Program Files\dotnet\packs\Microsoft.AspNetCore.App.Ref\9.0.8\ref\net9.0\Microsoft.AspNetCore.Mvc.TagHelpers.dll
                 Private = 'false'
             C:\Program Files\dotnet\packs\Microsoft.AspNetCore.App.Ref\9.0.8\ref\net9.0\Microsoft.AspNetCore.Mvc.ViewFeatures.dll
                 Private = 'false'
             C:\Program Files\dotnet\packs\Microsoft.AspNetCore.App.Ref\9.0.8\ref\net9.0\Microsoft.AspNetCore.Mvc.dll
                 Private = 'false'
             C:\Program Files\dotnet\packs\Microsoft.AspNetCore.App.Ref\9.0.8\ref\net9.0\Microsoft.AspNetCore.OutputCaching.dll
                 Private = 'false'
             C:\Program Files\dotnet\packs\Microsoft.AspNetCore.App.Ref\9.0.8\ref\net9.0\Microsoft.AspNetCore.RateLimiting.dll
                 Private = 'false'
             C:\Program Files\dotnet\packs\Microsoft.AspNetCore.App.Ref\9.0.8\ref\net9.0\Microsoft.AspNetCore.Razor.Runtime.dll
                 Private = 'false'
             C:\Program Files\dotnet\packs\Microsoft.AspNetCore.App.Ref\9.0.8\ref\net9.0\Microsoft.AspNetCore.Razor.dll
                 Private = 'false'
             C:\Program Files\dotnet\packs\Microsoft.AspNetCore.App.Ref\9.0.8\ref\net9.0\Microsoft.AspNetCore.RequestDecompression.dll
                 Private = 'false'
             C:\Program Files\dotnet\packs\Microsoft.AspNetCore.App.Ref\9.0.8\ref\net9.0\Microsoft.AspNetCore.ResponseCaching.Abstractions.dll
                 Private = 'false'
             C:\Program Files\dotnet\packs\Microsoft.AspNetCore.App.Ref\9.0.8\ref\net9.0\Microsoft.AspNetCore.ResponseCaching.dll
                 Private = 'false'
             C:\Program Files\dotnet\packs\Microsoft.AspNetCore.App.Ref\9.0.8\ref\net9.0\Microsoft.AspNetCore.ResponseCompression.dll
                 Private = 'false'
             C:\Program Files\dotnet\packs\Microsoft.AspNetCore.App.Ref\9.0.8\ref\net9.0\Microsoft.AspNetCore.Rewrite.dll
                 Private = 'false'
             C:\Program Files\dotnet\packs\Microsoft.AspNetCore.App.Ref\9.0.8\ref\net9.0\Microsoft.AspNetCore.Routing.Abstractions.dll
                 Private = 'false'
             C:\Program Files\dotnet\packs\Microsoft.AspNetCore.App.Ref\9.0.8\ref\net9.0\Microsoft.AspNetCore.Routing.dll
                 Private = 'false'
             C:\Program Files\dotnet\packs\Microsoft.AspNetCore.App.Ref\9.0.8\ref\net9.0\Microsoft.AspNetCore.Server.HttpSys.dll
                 Private = 'false'
             C:\Program Files\dotnet\packs\Microsoft.AspNetCore.App.Ref\9.0.8\ref\net9.0\Microsoft.AspNetCore.Server.IIS.dll
                 Private = 'false'
             C:\Program Files\dotnet\packs\Microsoft.AspNetCore.App.Ref\9.0.8\ref\net9.0\Microsoft.AspNetCore.Server.IISIntegration.dll
                 Private = 'false'
             C:\Program Files\dotnet\packs\Microsoft.AspNetCore.App.Ref\9.0.8\ref\net9.0\Microsoft.AspNetCore.Server.Kestrel.Core.dll
                 Private = 'false'
             C:\Program Files\dotnet\packs\Microsoft.AspNetCore.App.Ref\9.0.8\ref\net9.0\Microsoft.AspNetCore.Server.Kestrel.Transport.NamedPipes.dll
                 Private = 'false'
             C:\Program Files\dotnet\packs\Microsoft.AspNetCore.App.Ref\9.0.8\ref\net9.0\Microsoft.AspNetCore.Server.Kestrel.Transport.Quic.dll
                 Private = 'false'
             C:\Program Files\dotnet\packs\Microsoft.AspNetCore.App.Ref\9.0.8\ref\net9.0\Microsoft.AspNetCore.Server.Kestrel.Transport.Sockets.dll
                 Private = 'false'
             C:\Program Files\dotnet\packs\Microsoft.AspNetCore.App.Ref\9.0.8\ref\net9.0\Microsoft.AspNetCore.Server.Kestrel.dll
                 Private = 'false'
             C:\Program Files\dotnet\packs\Microsoft.AspNetCore.App.Ref\9.0.8\ref\net9.0\Microsoft.AspNetCore.Session.dll
                 Private = 'false'
             C:\Program Files\dotnet\packs\Microsoft.AspNetCore.App.Ref\9.0.8\ref\net9.0\Microsoft.AspNetCore.SignalR.Common.dll
                 Private = 'false'
             C:\Program Files\dotnet\packs\Microsoft.AspNetCore.App.Ref\9.0.8\ref\net9.0\Microsoft.AspNetCore.SignalR.Core.dll
                 Private = 'false'
             C:\Program Files\dotnet\packs\Microsoft.AspNetCore.App.Ref\9.0.8\ref\net9.0\Microsoft.AspNetCore.SignalR.Protocols.Json.dll
                 Private = 'false'
             C:\Program Files\dotnet\packs\Microsoft.AspNetCore.App.Ref\9.0.8\ref\net9.0\Microsoft.AspNetCore.SignalR.dll
                 Private = 'false'
             C:\Program Files\dotnet\packs\Microsoft.AspNetCore.App.Ref\9.0.8\ref\net9.0\Microsoft.AspNetCore.StaticAssets.dll
                 Private = 'false'
             C:\Program Files\dotnet\packs\Microsoft.AspNetCore.App.Ref\9.0.8\ref\net9.0\Microsoft.AspNetCore.StaticFiles.dll
                 Private = 'false'
             C:\Program Files\dotnet\packs\Microsoft.AspNetCore.App.Ref\9.0.8\ref\net9.0\Microsoft.AspNetCore.WebSockets.dll
                 Private = 'false'
             C:\Program Files\dotnet\packs\Microsoft.AspNetCore.App.Ref\9.0.8\ref\net9.0\Microsoft.AspNetCore.WebUtilities.dll
                 Private = 'false'
             C:\Program Files\dotnet\packs\Microsoft.AspNetCore.App.Ref\9.0.8\ref\net9.0\Microsoft.AspNetCore.dll
                 Private = 'false'
             C:\Program Files\dotnet\packs\Microsoft.AspNetCore.App.Ref\9.0.8\ref\net9.0\Microsoft.Extensions.Caching.Memory.dll
                 Private = 'false'
             C:\Program Files\dotnet\packs\Microsoft.AspNetCore.App.Ref\9.0.8\ref\net9.0\Microsoft.Extensions.Configuration.Abstractions.dll
                 Private = 'false'
             C:\Program Files\dotnet\packs\Microsoft.AspNetCore.App.Ref\9.0.8\ref\net9.0\Microsoft.Extensions.Configuration.Binder.dll
                 Private = 'false'
             C:\Program Files\dotnet\packs\Microsoft.AspNetCore.App.Ref\9.0.8\ref\net9.0\Microsoft.Extensions.Configuration.CommandLine.dll
                 Private = 'false'
             C:\Program Files\dotnet\packs\Microsoft.AspNetCore.App.Ref\9.0.8\ref\net9.0\Microsoft.Extensions.Configuration.EnvironmentVariables.dll
                 Private = 'false'
             C:\Program Files\dotnet\packs\Microsoft.AspNetCore.App.Ref\9.0.8\ref\net9.0\Microsoft.Extensions.Configuration.FileExtensions.dll
                 Private = 'false'
             C:\Program Files\dotnet\packs\Microsoft.AspNetCore.App.Ref\9.0.8\ref\net9.0\Microsoft.Extensions.Configuration.Ini.dll
                 Private = 'false'
             C:\Program Files\dotnet\packs\Microsoft.AspNetCore.App.Ref\9.0.8\ref\net9.0\Microsoft.Extensions.Configuration.Json.dll
                 Private = 'false'
             C:\Program Files\dotnet\packs\Microsoft.AspNetCore.App.Ref\9.0.8\ref\net9.0\Microsoft.Extensions.Configuration.KeyPerFile.dll
                 Private = 'false'
             C:\Program Files\dotnet\packs\Microsoft.AspNetCore.App.Ref\9.0.8\ref\net9.0\Microsoft.Extensions.Configuration.UserSecrets.dll
                 Private = 'false'
             C:\Program Files\dotnet\packs\Microsoft.AspNetCore.App.Ref\9.0.8\ref\net9.0\Microsoft.Extensions.Configuration.Xml.dll
                 Private = 'false'
             C:\Program Files\dotnet\packs\Microsoft.AspNetCore.App.Ref\9.0.8\ref\net9.0\Microsoft.Extensions.Configuration.dll
                 Private = 'false'
             C:\Program Files\dotnet\packs\Microsoft.AspNetCore.App.Ref\9.0.8\ref\net9.0\Microsoft.Extensions.DependencyInjection.dll
                 Private = 'false'
             C:\Program Files\dotnet\packs\Microsoft.AspNetCore.App.Ref\9.0.8\ref\net9.0\Microsoft.Extensions.Diagnostics.Abstractions.dll
                 Private = 'false'
             C:\Program Files\dotnet\packs\Microsoft.AspNetCore.App.Ref\9.0.8\ref\net9.0\Microsoft.Extensions.Diagnostics.HealthChecks.Abstractions.dll
                 Private = 'false'
             C:\Program Files\dotnet\packs\Microsoft.AspNetCore.App.Ref\9.0.8\ref\net9.0\Microsoft.Extensions.Diagnostics.HealthChecks.dll
                 Private = 'false'
             C:\Program Files\dotnet\packs\Microsoft.AspNetCore.App.Ref\9.0.8\ref\net9.0\Microsoft.Extensions.Diagnostics.dll
                 Private = 'false'
             C:\Program Files\dotnet\packs\Microsoft.AspNetCore.App.Ref\9.0.8\ref\net9.0\Microsoft.Extensions.Features.dll
                 Private = 'false'
             C:\Program Files\dotnet\packs\Microsoft.AspNetCore.App.Ref\9.0.8\ref\net9.0\Microsoft.Extensions.FileProviders.Abstractions.dll
                 Private = 'false'
             C:\Program Files\dotnet\packs\Microsoft.AspNetCore.App.Ref\9.0.8\ref\net9.0\Microsoft.Extensions.FileProviders.Composite.dll
                 Private = 'false'
             C:\Program Files\dotnet\packs\Microsoft.AspNetCore.App.Ref\9.0.8\ref\net9.0\Microsoft.Extensions.FileProviders.Embedded.dll
                 Private = 'false'
             C:\Program Files\dotnet\packs\Microsoft.AspNetCore.App.Ref\9.0.8\ref\net9.0\Microsoft.Extensions.FileProviders.Physical.dll
                 Private = 'false'
             C:\Program Files\dotnet\packs\Microsoft.AspNetCore.App.Ref\9.0.8\ref\net9.0\Microsoft.Extensions.FileSystemGlobbing.dll
                 Private = 'false'
             C:\Program Files\dotnet\packs\Microsoft.AspNetCore.App.Ref\9.0.8\ref\net9.0\Microsoft.Extensions.Hosting.Abstractions.dll
                 Private = 'false'
             C:\Program Files\dotnet\packs\Microsoft.AspNetCore.App.Ref\9.0.8\ref\net9.0\Microsoft.Extensions.Hosting.dll
                 Private = 'false'
             C:\Program Files\dotnet\packs\Microsoft.AspNetCore.App.Ref\9.0.8\ref\net9.0\Microsoft.Extensions.Http.dll
                 Private = 'false'
             C:\Program Files\dotnet\packs\Microsoft.AspNetCore.App.Ref\9.0.8\ref\net9.0\Microsoft.Extensions.Identity.Core.dll
                 Private = 'false'
             C:\Program Files\dotnet\packs\Microsoft.AspNetCore.App.Ref\9.0.8\ref\net9.0\Microsoft.Extensions.Identity.Stores.dll
                 Private = 'false'
             C:\Program Files\dotnet\packs\Microsoft.AspNetCore.App.Ref\9.0.8\ref\net9.0\Microsoft.Extensions.Localization.Abstractions.dll
                 Private = 'false'
             C:\Program Files\dotnet\packs\Microsoft.AspNetCore.App.Ref\9.0.8\ref\net9.0\Microsoft.Extensions.Localization.dll
                 Private = 'false'
             C:\Program Files\dotnet\packs\Microsoft.AspNetCore.App.Ref\9.0.8\ref\net9.0\Microsoft.Extensions.Logging.Configuration.dll
                 Private = 'false'
             C:\Program Files\dotnet\packs\Microsoft.AspNetCore.App.Ref\9.0.8\ref\net9.0\Microsoft.Extensions.Logging.Console.dll
                 Private = 'false'
             C:\Program Files\dotnet\packs\Microsoft.AspNetCore.App.Ref\9.0.8\ref\net9.0\Microsoft.Extensions.Logging.Debug.dll
                 Private = 'false'
             C:\Program Files\dotnet\packs\Microsoft.AspNetCore.App.Ref\9.0.8\ref\net9.0\Microsoft.Extensions.Logging.EventLog.dll
                 Private = 'false'
             C:\Program Files\dotnet\packs\Microsoft.AspNetCore.App.Ref\9.0.8\ref\net9.0\Microsoft.Extensions.Logging.EventSource.dll
                 Private = 'false'
             C:\Program Files\dotnet\packs\Microsoft.AspNetCore.App.Ref\9.0.8\ref\net9.0\Microsoft.Extensions.Logging.TraceSource.dll
                 Private = 'false'
             C:\Program Files\dotnet\packs\Microsoft.AspNetCore.App.Ref\9.0.8\ref\net9.0\Microsoft.Extensions.Logging.dll
                 Private = 'false'
             C:\Program Files\dotnet\packs\Microsoft.AspNetCore.App.Ref\9.0.8\ref\net9.0\Microsoft.Extensions.ObjectPool.dll
                 Private = 'false'
             C:\Program Files\dotnet\packs\Microsoft.AspNetCore.App.Ref\9.0.8\ref\net9.0\Microsoft.Extensions.Options.ConfigurationExtensions.dll
                 Private = 'false'
             C:\Program Files\dotnet\packs\Microsoft.AspNetCore.App.Ref\9.0.8\ref\net9.0\Microsoft.Extensions.Options.DataAnnotations.dll
                 Private = 'false'
             C:\Program Files\dotnet\packs\Microsoft.AspNetCore.App.Ref\9.0.8\ref\net9.0\Microsoft.Extensions.WebEncoders.dll
                 Private = 'false'
             C:\Program Files\dotnet\packs\Microsoft.AspNetCore.App.Ref\9.0.8\ref\net9.0\Microsoft.JSInterop.dll
                 Private = 'false'
             C:\Program Files\dotnet\packs\Microsoft.AspNetCore.App.Ref\9.0.8\ref\net9.0\Microsoft.Net.Http.Headers.dll
                 Private = 'false'
             C:\Program Files\dotnet\packs\Microsoft.AspNetCore.App.Ref\9.0.8\ref\net9.0\System.Diagnostics.EventLog.dll
                 Private = 'false'
             C:\Program Files\dotnet\packs\Microsoft.AspNetCore.App.Ref\9.0.8\ref\net9.0\System.Security.Cryptography.Xml.dll
                 Private = 'false'
             C:\Program Files\dotnet\packs\Microsoft.AspNetCore.App.Ref\9.0.8\ref\net9.0\System.Threading.RateLimiting.dll
                 Private = 'false'
         AssemblyFiles:
         CandidateAssemblyFiles:
         TargetFrameworkDirectories:
             
         NonCultureResourceDirectories:
             
         InstalledAssemblyTables:
         IgnoreInstalledAssemblyTable:
             False
         SearchPaths:
             {CandidateAssemblyFiles}
             {HintPathFromItem}
             {TargetFrameworkDirectory}
             {RawFileName}
         AllowedAssemblyExtensions:
             .winmd
             .dll
             .exe
         AllowedRelatedFileExtensions:
             .pdb
             .xml
             .pri
             .dll.config
             .exe.config
         AppConfigFile:
             
         AutoUnify:
             True
         EnableCustomCulture:
             False
         CopyLocalDependenciesWhenParentReferenceInGac:
             True
         FindDependencies:
             True
         TargetProcessorArchitecture:
             msil
         StateFile:
             obj\Debug\net9.0\BSkyClone.csproj.AssemblyReference.cache
         InstalledAssemblySubsetTables:
         IgnoreInstalledAssemblySubsetTable:
             False
         TargetFrameworkSubsets:
         FullTargetFrameworkSubsetNames:
             Full
         ProfileName:
             
         FullFrameworkFolders:
         LatestTargetFrameworkDirectories:
         ProfileTablesLocation:
         Primary reference "Azure.Core, Version=1.38.0.0, Culture=neutral, PublicKeyToken=92742159e12e44c8".
             Resolved file path is "C:\Users\nguye\.nuget\packages\azure.core\1.38.0\lib\net6.0\Azure.Core.dll".
             Reference found at search path location "{HintPathFromItem}".
             This reference is not "CopyLocal" because at least one source item had "Private" set to "false" and no source items had "Private" set to "true".
         Primary reference "Azure.Identity, Version=1.11.4.0, Culture=neutral, PublicKeyToken=92742159e12e44c8".
             Resolved file path is "C:\Users\nguye\.nuget\packages\azure.identity\1.11.4\lib\netstandard2.0\Azure.Identity.dll".
             Reference found at search path location "{HintPathFromItem}".
             This reference is not "CopyLocal" because at least one source item had "Private" set to "false" and no source items had "Private" set to "true".
         Primary reference "BCrypt.Net-Next, Version=4.0.3.0, Culture=neutral, PublicKeyToken=1e11be04b6288443".
             Resolved file path is "C:\Users\nguye\.nuget\packages\bcrypt.net-next\4.0.3\lib\net6.0\BCrypt.Net-Next.dll".
             Reference found at search path location "{HintPathFromItem}".
             This reference is not "CopyLocal" because at least one source item had "Private" set to "false" and no source items had "Private" set to "true".
         Primary reference "Elastic.Clients.Elasticsearch, Version=9.0.0.0, Culture=neutral, PublicKeyToken=96c599bbe3e70f5d".
             Resolved file path is "C:\Users\nguye\.nuget\packages\elastic.clients.elasticsearch\9.3.0\lib\net9.0\Elastic.Clients.Elasticsearch.dll".
             Reference found at search path location "{HintPathFromItem}".
             This reference is not "CopyLocal" because at least one source item had "Private" set to "false" and no source items had "Private" set to "true".
         Primary reference "Elastic.Transport, Version=0.0.0.0, Culture=neutral, PublicKeyToken=069ca2728db333c1".
             Resolved file path is "C:\Users\nguye\.nuget\packages\elastic.transport\0.10.3\lib\net8.0\Elastic.Transport.dll".
             Reference found at search path location "{HintPathFromItem}".
             This reference is not "CopyLocal" because at least one source item had "Private" set to "false" and no source items had "Private" set to "true".
         Primary reference "Google.Protobuf, Version=3.30.2.0, Culture=neutral, PublicKeyToken=a7d26565bac4d604".
             Resolved file path is "C:\Users\nguye\.nuget\packages\google.protobuf\3.30.2\lib\net5.0\Google.Protobuf.dll".
             Reference found at search path location "{HintPathFromItem}".
             This reference is not "CopyLocal" because at least one source item had "Private" set to "false" and no source items had "Private" set to "true".
         Primary reference "HtmlAgilityPack, Version=1.12.4.0, Culture=neutral, PublicKeyToken=bd319b19eaf3b43a".
             Resolved file path is "C:\Users\nguye\.nuget\packages\htmlagilitypack\1.12.4\lib\net7.0\HtmlAgilityPack.dll".
             Reference found at search path location "{HintPathFromItem}".
             This reference is not "CopyLocal" because at least one source item had "Private" set to "false" and no source items had "Private" set to "true".
         Primary reference "MethodBoundaryAspect, Version=2.0.148.0, Culture=neutral, PublicKeyToken=296379d5065c9d61".
             Resolved file path is "C:\Users\nguye\.nuget\packages\methodboundaryaspect.fody\2.0.148\lib\netstandard2.0\MethodBoundaryAspect.dll".
             Reference found at search path location "{HintPathFromItem}".
             This reference is not "CopyLocal" because at least one source item had "Private" set to "false" and no source items had "Private" set to "true".
         Primary reference "Microsoft.AspNetCore.Authentication.JwtBearer, Version=9.0.0.0, Culture=neutral, PublicKeyToken=adb9793829ddae60".
             Resolved file path is "C:\Users\nguye\.nuget\packages\microsoft.aspnetcore.authentication.jwtbearer\9.0.0\lib\net9.0\Microsoft.AspNetCore.Authentication.JwtBearer.dll".
             Reference found at search path location "{HintPathFromItem}".
             This reference is not "CopyLocal" because at least one source item had "Private" set to "false" and no source items had "Private" set to "true".
         Primary reference "Microsoft.Bcl.AsyncInterfaces, Version=9.0.0.4, Culture=neutral, PublicKeyToken=cc7b13ffcd2ddd51".
             Resolved file path is "C:\Users\nguye\.nuget\packages\microsoft.bcl.asyncinterfaces\9.0.4\lib\netstandard2.1\Microsoft.Bcl.AsyncInterfaces.dll".
             Reference found at search path location "{HintPathFromItem}".
             This reference is not "CopyLocal" because at least one source item had "Private" set to "false" and no source items had "Private" set to "true".
         Primary reference "Microsoft.Data.SqlClient, Version=5.0.0.0, Culture=neutral, PublicKeyToken=23ec7fc2d6eaa4a5".
             Resolved file path is "C:\Users\nguye\.nuget\packages\microsoft.data.sqlclient\5.1.6\ref\net6.0\Microsoft.Data.SqlClient.dll".
             Reference found at search path location "{HintPathFromItem}".
             This reference is not "CopyLocal" because at least one source item had "Private" set to "false" and no source items had "Private" set to "true".
         Primary reference "Microsoft.EntityFrameworkCore, Version=9.0.0.0, Culture=neutral, PublicKeyToken=adb9793829ddae60".
             Resolved file path is "C:\Users\nguye\.nuget\packages\microsoft.entityframeworkcore\9.0.0\lib\net8.0\Microsoft.EntityFrameworkCore.dll".
             Reference found at search path location "{HintPathFromItem}".
             This reference is not "CopyLocal" because at least one source item had "Private" set to "false" and no source items had "Private" set to "true".
         Primary reference "Microsoft.EntityFrameworkCore.Abstractions, Version=9.0.0.0, Culture=neutral, PublicKeyToken=adb9793829ddae60".
             Resolved file path is "C:\Users\nguye\.nuget\packages\microsoft.entityframeworkcore.abstractions\9.0.0\lib\net8.0\Microsoft.EntityFrameworkCore.Abstractions.dll".
             Reference found at search path location "{HintPathFromItem}".
             This reference is not "CopyLocal" because at least one source item had "Private" set to "false" and no source items had "Private" set to "true".
         Primary reference "Microsoft.EntityFrameworkCore.Relational, Version=9.0.0.0, Culture=neutral, PublicKeyToken=adb9793829ddae60".
             Resolved file path is "C:\Users\nguye\.nuget\packages\microsoft.entityframeworkcore.relational\9.0.0\lib\net8.0\Microsoft.EntityFrameworkCore.Relational.dll".
             Reference found at search path location "{HintPathFromItem}".
             This reference is not "CopyLocal" because at least one source item had "Private" set to "false" and no source items had "Private" set to "true".
         Primary reference "Microsoft.EntityFrameworkCore.SqlServer, Version=9.0.0.0, Culture=neutral, PublicKeyToken=adb9793829ddae60".
             Resolved file path is "C:\Users\nguye\.nuget\packages\microsoft.entityframeworkcore.sqlserver\9.0.0\lib\net8.0\Microsoft.EntityFrameworkCore.SqlServer.dll".
             Reference found at search path location "{HintPathFromItem}".
             This reference is not "CopyLocal" because at least one source item had "Private" set to "false" and no source items had "Private" set to "true".
         Primary reference "Microsoft.Extensions.Caching.Abstractions, Version=10.0.0.0, Culture=neutral, PublicKeyToken=adb9793829ddae60".
             Resolved file path is "C:\Users\nguye\.nuget\packages\microsoft.extensions.caching.abstractions\10.0.1\lib\net9.0\Microsoft.Extensions.Caching.Abstractions.dll".
             Reference found at search path location "{HintPathFromItem}".
             This reference is not "CopyLocal" because at least one source item had "Private" set to "false" and no source items had "Private" set to "true".
         Primary reference "Microsoft.Extensions.Caching.StackExchangeRedis, Version=10.0.1.0, Culture=neutral, PublicKeyToken=adb9793829ddae60".
             Resolved file path is "C:\Users\nguye\.nuget\packages\microsoft.extensions.caching.stackexchangeredis\10.0.1\lib\netstandard2.0\Microsoft.Extensions.Caching.StackExchangeRedis.dll".
             Reference found at search path location "{HintPathFromItem}".
             This reference is not "CopyLocal" because at least one source item had "Private" set to "false" and no source items had "Private" set to "true".
         Primary reference "Microsoft.Extensions.DependencyInjection.Abstractions, Version=10.0.0.0, Culture=neutral, PublicKeyToken=adb9793829ddae60".
             Resolved file path is "C:\Users\nguye\.nuget\packages\microsoft.extensions.dependencyinjection.abstractions\10.0.1\lib\net9.0\Microsoft.Extensions.DependencyInjection.Abstractions.dll".
             Reference found at search path location "{HintPathFromItem}".
             This reference is not "CopyLocal" because at least one source item had "Private" set to "false" and no source items had "Private" set to "true".
         Primary reference "Microsoft.Extensions.Logging.Abstractions, Version=10.0.0.0, Culture=neutral, PublicKeyToken=adb9793829ddae60".
             Resolved file path is "C:\Users\nguye\.nuget\packages\microsoft.extensions.logging.abstractions\10.0.1\lib\net9.0\Microsoft.Extensions.Logging.Abstractions.dll".
             Reference found at search path location "{HintPathFromItem}".
             This reference is not "CopyLocal" because at least one source item had "Private" set to "false" and no source items had "Private" set to "true".
         Primary reference "Microsoft.Extensions.Options, Version=10.0.0.0, Culture=neutral, PublicKeyToken=adb9793829ddae60".
             Resolved file path is "C:\Users\nguye\.nuget\packages\microsoft.extensions.options\10.0.1\lib\net9.0\Microsoft.Extensions.Options.dll".
             Reference found at search path location "{HintPathFromItem}".
             This reference is not "CopyLocal" because at least one source item had "Private" set to "false" and no source items had "Private" set to "true".
         Primary reference "Microsoft.Extensions.Primitives, Version=10.0.0.0, Culture=neutral, PublicKeyToken=adb9793829ddae60".
             Resolved file path is "C:\Users\nguye\.nuget\packages\microsoft.extensions.primitives\10.0.1\lib\net9.0\Microsoft.Extensions.Primitives.dll".
             Reference found at search path location "{HintPathFromItem}".
             This reference is not "CopyLocal" because at least one source item had "Private" set to "false" and no source items had "Private" set to "true".
         Primary reference "Microsoft.Identity.Client, Version=4.61.3.0, Culture=neutral, PublicKeyToken=0a613f4dd989e8ae".
             Resolved file path is "C:\Users\nguye\.nuget\packages\microsoft.identity.client\4.61.3\lib\net6.0\Microsoft.Identity.Client.dll".
             Reference found at search path location "{HintPathFromItem}".
             This reference is not "CopyLocal" because at least one source item had "Private" set to "false" and no source items had "Private" set to "true".
         Primary reference "Microsoft.Identity.Client.Extensions.Msal, Version=4.61.3.0, Culture=neutral, PublicKeyToken=0a613f4dd989e8ae".
             Resolved file path is "C:\Users\nguye\.nuget\packages\microsoft.identity.client.extensions.msal\4.61.3\lib\net6.0\Microsoft.Identity.Client.Extensions.Msal.dll".
             Reference found at search path location "{HintPathFromItem}".
             This reference is not "CopyLocal" because at least one source item had "Private" set to "false" and no source items had "Private" set to "true".
         Primary reference "Microsoft.IdentityModel.Abstractions, Version=8.0.1.0, Culture=neutral, PublicKeyToken=31bf3856ad364e35".
             Resolved file path is "C:\Users\nguye\.nuget\packages\microsoft.identitymodel.abstractions\8.0.1\lib\net9.0\Microsoft.IdentityModel.Abstractions.dll".
             Reference found at search path location "{HintPathFromItem}".
             This reference is not "CopyLocal" because at least one source item had "Private" set to "false" and no source items had "Private" set to "true".
         Primary reference "Microsoft.IdentityModel.JsonWebTokens, Version=8.0.1.0, Culture=neutral, PublicKeyToken=31bf3856ad364e35".
             Resolved file path is "C:\Users\nguye\.nuget\packages\microsoft.identitymodel.jsonwebtokens\8.0.1\lib\net9.0\Microsoft.IdentityModel.JsonWebTokens.dll".
             Reference found at search path location "{HintPathFromItem}".
             This reference is not "CopyLocal" because at least one source item had "Private" set to "false" and no source items had "Private" set to "true".
         Primary reference "Microsoft.IdentityModel.Logging, Version=8.0.1.0, Culture=neutral, PublicKeyToken=31bf3856ad364e35".
             Resolved file path is "C:\Users\nguye\.nuget\packages\microsoft.identitymodel.logging\8.0.1\lib\net9.0\Microsoft.IdentityModel.Logging.dll".
             Reference found at search path location "{HintPathFromItem}".
             This reference is not "CopyLocal" because at least one source item had "Private" set to "false" and no source items had "Private" set to "true".
         Primary reference "Microsoft.IdentityModel.Protocols, Version=8.0.1.0, Culture=neutral, PublicKeyToken=31bf3856ad364e35".
             Resolved file path is "C:\Users\nguye\.nuget\packages\microsoft.identitymodel.protocols\8.0.1\lib\net9.0\Microsoft.IdentityModel.Protocols.dll".
             Reference found at search path location "{HintPathFromItem}".
             This reference is not "CopyLocal" because at least one source item had "Private" set to "false" and no source items had "Private" set to "true".
         Primary reference "Microsoft.IdentityModel.Protocols.OpenIdConnect, Version=8.0.1.0, Culture=neutral, PublicKeyToken=31bf3856ad364e35".
             Resolved file path is "C:\Users\nguye\.nuget\packages\microsoft.identitymodel.protocols.openidconnect\8.0.1\lib\net9.0\Microsoft.IdentityModel.Protocols.OpenIdConnect.dll".
             Reference found at search path location "{HintPathFromItem}".
             This reference is not "CopyLocal" because at least one source item had "Private" set to "false" and no source items had "Private" set to "true".
         Primary reference "Microsoft.IdentityModel.Tokens, Version=8.0.1.0, Culture=neutral, PublicKeyToken=31bf3856ad364e35".
             Resolved file path is "C:\Users\nguye\.nuget\packages\microsoft.identitymodel.tokens\8.0.1\lib\net9.0\Microsoft.IdentityModel.Tokens.dll".
             Reference found at search path location "{HintPathFromItem}".
             This reference is not "CopyLocal" because at least one source item had "Private" set to "false" and no source items had "Private" set to "true".
         Primary reference "Microsoft.ML.Core, Version=1.0.0.0, Culture=neutral, PublicKeyToken=cc7b13ffcd2ddd51".
             Resolved file path is "C:\Users\nguye\.nuget\packages\microsoft.ml\5.0.0\lib\netstandard2.0\Microsoft.ML.Core.dll".
             Reference found at search path location "{HintPathFromItem}".
             This reference is not "CopyLocal" because at least one source item had "Private" set to "false" and no source items had "Private" set to "true".
         Primary reference "Microsoft.ML.Data, Version=1.0.0.0, Culture=neutral, PublicKeyToken=cc7b13ffcd2ddd51".
             Resolved file path is "C:\Users\nguye\.nuget\packages\microsoft.ml\5.0.0\lib\netstandard2.0\Microsoft.ML.Data.dll".
             Reference found at search path location "{HintPathFromItem}".
             This reference is not "CopyLocal" because at least one source item had "Private" set to "false" and no source items had "Private" set to "true".
         Primary reference "Microsoft.ML.KMeansClustering, Version=1.0.0.0, Culture=neutral, PublicKeyToken=cc7b13ffcd2ddd51".
             Resolved file path is "C:\Users\nguye\.nuget\packages\microsoft.ml\5.0.0\lib\netstandard2.0\Microsoft.ML.KMeansClustering.dll".
             Reference found at search path location "{HintPathFromItem}".
             This reference is not "CopyLocal" because at least one source item had "Private" set to "false" and no source items had "Private" set to "true".
         Primary reference "Microsoft.ML.PCA, Version=1.0.0.0, Culture=neutral, PublicKeyToken=cc7b13ffcd2ddd51".
             Resolved file path is "C:\Users\nguye\.nuget\packages\microsoft.ml\5.0.0\lib\netstandard2.0\Microsoft.ML.PCA.dll".
             Reference found at search path location "{HintPathFromItem}".
             This reference is not "CopyLocal" because at least one source item had "Private" set to "false" and no source items had "Private" set to "true".
         Primary reference "Microsoft.ML.StandardTrainers, Version=1.0.0.0, Culture=neutral, PublicKeyToken=cc7b13ffcd2ddd51".
             Resolved file path is "C:\Users\nguye\.nuget\packages\microsoft.ml\5.0.0\lib\netstandard2.0\Microsoft.ML.StandardTrainers.dll".
             Reference found at search path location "{HintPathFromItem}".
             This reference is not "CopyLocal" because at least one source item had "Private" set to "false" and no source items had "Private" set to "true".
         Primary reference "Microsoft.ML.Transforms, Version=1.0.0.0, Culture=neutral, PublicKeyToken=cc7b13ffcd2ddd51".
             Resolved file path is "C:\Users\nguye\.nuget\packages\microsoft.ml\5.0.0\lib\netstandard2.0\Microsoft.ML.Transforms.dll".
             Reference found at search path location "{HintPathFromItem}".
             This reference is not "CopyLocal" because at least one source item had "Private" set to "false" and no source items had "Private" set to "true".
         Primary reference "Microsoft.ML.CpuMath, Version=1.0.0.0, Culture=neutral, PublicKeyToken=cc7b13ffcd2ddd51".
             Resolved file path is "C:\Users\nguye\.nuget\packages\microsoft.ml.cpumath\5.0.0\lib\net8.0\Microsoft.ML.CpuMath.dll".
             Reference found at search path location "{HintPathFromItem}".
             This reference is not "CopyLocal" because at least one source item had "Private" set to "false" and no source items had "Private" set to "true".
         Primary reference "Microsoft.ML.DataView, Version=1.0.0.0, Culture=neutral, PublicKeyToken=cc7b13ffcd2ddd51".
             Resolved file path is "C:\Users\nguye\.nuget\packages\microsoft.ml.dataview\5.0.0\lib\netstandard2.0\Microsoft.ML.DataView.dll".
             Reference found at search path location "{HintPathFromItem}".
             This reference is not "CopyLocal" because at least one source item had "Private" set to "false" and no source items had "Private" set to "true".
         Primary reference "Microsoft.ML.ImageAnalytics, Version=1.0.0.0, Culture=neutral, PublicKeyToken=cc7b13ffcd2ddd51".
             Resolved file path is "C:\Users\nguye\.nuget\packages\microsoft.ml.imageanalytics\5.0.0\lib\netstandard2.0\Microsoft.ML.ImageAnalytics.dll".
             Reference found at search path location "{HintPathFromItem}".
             This reference is not "CopyLocal" because at least one source item had "Private" set to "false" and no source items had "Private" set to "true".
         Primary reference "Microsoft.ML.OnnxRuntime, Version=1.20.1.0, Culture=neutral, PublicKeyToken=f27f157f0a5b7bb6".
             Resolved file path is "C:\Users\nguye\.nuget\packages\microsoft.ml.onnxruntime.managed\1.20.1\lib\net8.0\Microsoft.ML.OnnxRuntime.dll".
             Reference found at search path location "{HintPathFromItem}".
             This reference is not "CopyLocal" because at least one source item had "Private" set to "false" and no source items had "Private" set to "true".
         Primary reference "Microsoft.ML.OnnxTransformer, Version=1.0.0.0, Culture=neutral, PublicKeyToken=cc7b13ffcd2ddd51".
             Resolved file path is "C:\Users\nguye\.nuget\packages\microsoft.ml.onnxtransformer\4.0.1\lib\netstandard2.0\Microsoft.ML.OnnxTransformer.dll".
             Reference found at search path location "{HintPathFromItem}".
             This reference is not "CopyLocal" because at least one source item had "Private" set to "false" and no source items had "Private" set to "true".
         Primary reference "Microsoft.ML.TensorFlow, Version=1.0.0.0, Culture=neutral, PublicKeyToken=cc7b13ffcd2ddd51".
             Resolved file path is "C:\Users\nguye\.nuget\packages\microsoft.ml.tensorflow\5.0.0\lib\netstandard2.0\Microsoft.ML.TensorFlow.dll".
             Reference found at search path location "{HintPathFromItem}".
             This reference is not "CopyLocal" because at least one source item had "Private" set to "false" and no source items had "Private" set to "true".
         Primary reference "Microsoft.ML.Vision, Version=1.0.0.0, Culture=neutral, PublicKeyToken=cc7b13ffcd2ddd51".
             Resolved file path is "C:\Users\nguye\.nuget\packages\microsoft.ml.vision\5.0.0\lib\netstandard2.0\Microsoft.ML.Vision.dll".
             Reference found at search path location "{HintPathFromItem}".
             This reference is not "CopyLocal" because at least one source item had "Private" set to "false" and no source items had "Private" set to "true".
         Primary reference "Microsoft.OpenApi, Version=1.6.22.0, Culture=neutral, PublicKeyToken=3f5743946376f042".
             Resolved file path is "C:\Users\nguye\.nuget\packages\microsoft.openapi\1.6.22\lib\netstandard2.0\Microsoft.OpenApi.dll".
             Reference found at search path location "{HintPathFromItem}".
             This reference is not "CopyLocal" because at least one source item had "Private" set to "false" and no source items had "Private" set to "true".
         Primary reference "Microsoft.SqlServer.Server, Version=1.0.0.0, Culture=neutral, PublicKeyToken=23ec7fc2d6eaa4a5".
             Resolved file path is "C:\Users\nguye\.nuget\packages\microsoft.sqlserver.server\1.0.0\lib\netstandard2.0\Microsoft.SqlServer.Server.dll".
             Reference found at search path location "{HintPathFromItem}".
             This reference is not "CopyLocal" because at least one source item had "Private" set to "false" and no source items had "Private" set to "true".
         Primary reference "Newtonsoft.Json, Version=13.0.0.0, Culture=neutral, PublicKeyToken=30ad4fe6b2a6aeed".
             Resolved file path is "C:\Users\nguye\.nuget\packages\newtonsoft.json\13.0.3\lib\net6.0\Newtonsoft.Json.dll".
             Reference found at search path location "{HintPathFromItem}".
             This reference is not "CopyLocal" because at least one source item had "Private" set to "false" and no source items had "Private" set to "true".
         Primary reference "Pipelines.Sockets.Unofficial, Version=1.0.0.0, Culture=neutral, PublicKeyToken=42ea0a778e13fbe2".
             Resolved file path is "C:\Users\nguye\.nuget\packages\pipelines.sockets.unofficial\2.2.8\lib\net5.0\Pipelines.Sockets.Unofficial.dll".
             Reference found at search path location "{HintPathFromItem}".
             This reference is not "CopyLocal" because at least one source item had "Private" set to "false" and no source items had "Private" set to "true".
         Primary reference "Protobuf.Text, Version=0.6.0.0, Culture=neutral, PublicKeyToken=cc7b13ffcd2ddd51".
             Resolved file path is "C:\Users\nguye\.nuget\packages\protobuf.text\0.6.0\lib\net6.0\Protobuf.Text.dll".
             Reference found at search path location "{HintPathFromItem}".
             This reference is not "CopyLocal" because at least one source item had "Private" set to "false" and no source items had "Private" set to "true".
         Primary reference "Serilog, Version=2.0.0.0, Culture=neutral, PublicKeyToken=24c2f752a8e58a10".
             Resolved file path is "C:\Users\nguye\.nuget\packages\serilog\2.10.0\lib\netstandard2.1\Serilog.dll".
             Reference found at search path location "{HintPathFromItem}".
             This reference is not "CopyLocal" because at least one source item had "Private" set to "false" and no source items had "Private" set to "true".
         Primary reference "Serilog.Sinks.Console, Version=4.1.0.0, Culture=neutral, PublicKeyToken=24c2f752a8e58a10".
             Resolved file path is "C:\Users\nguye\.nuget\packages\serilog.sinks.console\4.1.0\lib\net5.0\Serilog.Sinks.Console.dll".
             Reference found at search path location "{HintPathFromItem}".
             This reference is not "CopyLocal" because at least one source item had "Private" set to "false" and no source items had "Private" set to "true".
         Primary reference "SixLabors.ImageSharp, Version=3.0.0.0, Culture=neutral, PublicKeyToken=d998eea7b14cab13".
             Resolved file path is "C:\Users\nguye\.nuget\packages\sixlabors.imagesharp\3.1.7\lib\net6.0\SixLabors.ImageSharp.dll".
             Reference found at search path location "{HintPathFromItem}".
             This reference is not "CopyLocal" because at least one source item had "Private" set to "false" and no source items had "Private" set to "true".
         Primary reference "SkiaSharp, Version=2.88.0.0, Culture=neutral, PublicKeyToken=0738eb9f132ed756".
             Resolved file path is "C:\Users\nguye\.nuget\packages\skiasharp\2.88.8\lib\net6.0\SkiaSharp.dll".
             Reference found at search path location "{HintPathFromItem}".
             This reference is not "CopyLocal" because at least one source item had "Private" set to "false" and no source items had "Private" set to "true".
         Primary reference "StackExchange.Redis, Version=2.0.0.0, Culture=neutral, PublicKeyToken=c219ff1ca8c2ce46".
             Resolved file path is "C:\Users\nguye\.nuget\packages\stackexchange.redis\2.7.27\lib\net6.0\StackExchange.Redis.dll".
             Reference found at search path location "{HintPathFromItem}".
             This reference is not "CopyLocal" because at least one source item had "Private" set to "false" and no source items had "Private" set to "true".
         Primary reference "Swashbuckle.AspNetCore.Swagger, Version=7.2.0.0, Culture=neutral, PublicKeyToken=62657d7474907593".
             Resolved file path is "C:\Users\nguye\.nuget\packages\swashbuckle.aspnetcore.swagger\7.2.0\lib\net9.0\Swashbuckle.AspNetCore.Swagger.dll".
             Reference found at search path location "{HintPathFromItem}".
             This reference is not "CopyLocal" because at least one source item had "Private" set to "false" and no source items had "Private" set to "true".
         Primary reference "Swashbuckle.AspNetCore.SwaggerGen, Version=7.2.0.0, Culture=neutral, PublicKeyToken=d84d99fb0135530a".
             Resolved file path is "C:\Users\nguye\.nuget\packages\swashbuckle.aspnetcore.swaggergen\7.2.0\lib\net9.0\Swashbuckle.AspNetCore.SwaggerGen.dll".
             Reference found at search path location "{HintPathFromItem}".
             This reference is not "CopyLocal" because at least one source item had "Private" set to "false" and no source items had "Private" set to "true".
         Primary reference "Swashbuckle.AspNetCore.SwaggerUI, Version=7.2.0.0, Culture=neutral, PublicKeyToken=4232c99127b3c254".
             Resolved file path is "C:\Users\nguye\.nuget\packages\swashbuckle.aspnetcore.swaggerui\7.2.0\lib\net9.0\Swashbuckle.AspNetCore.SwaggerUI.dll".
             Reference found at search path location "{HintPathFromItem}".
             This reference is not "CopyLocal" because at least one source item had "Private" set to "false" and no source items had "Private" set to "true".
         Primary reference "System.ClientModel, Version=1.0.0.0, Culture=neutral, PublicKeyToken=92742159e12e44c8".
             Resolved file path is "C:\Users\nguye\.nuget\packages\system.clientmodel\1.0.0\lib\net6.0\System.ClientModel.dll".
             Reference found at search path location "{HintPathFromItem}".
             This reference is not "CopyLocal" because at least one source item had "Private" set to "false" and no source items had "Private" set to "true".
         Primary reference "System.CodeDom, Version=9.0.0.0, Culture=neutral, PublicKeyToken=cc7b13ffcd2ddd51".
             Resolved file path is "C:\Users\nguye\.nuget\packages\system.codedom\9.0.4\lib\net9.0\System.CodeDom.dll".
             Reference found at search path location "{HintPathFromItem}".
             This reference is not "CopyLocal" because at least one source item had "Private" set to "false" and no source items had "Private" set to "true".
         Primary reference "System.Diagnostics.DiagnosticSource, Version=10.0.0.0, Culture=neutral, PublicKeyToken=cc7b13ffcd2ddd51".
             Resolved file path is "C:\Users\nguye\.nuget\packages\system.diagnostics.diagnosticsource\10.0.1\lib\net9.0\System.Diagnostics.DiagnosticSource.dll".
             Reference found at search path location "{HintPathFromItem}".
             This reference is not "CopyLocal" because at least one source item had "Private" set to "false" and no source items had "Private" set to "true".
         Primary reference "System.IdentityModel.Tokens.Jwt, Version=8.0.1.0, Culture=neutral, PublicKeyToken=31bf3856ad364e35".
             Resolved file path is "C:\Users\nguye\.nuget\packages\system.identitymodel.tokens.jwt\8.0.1\lib\net9.0\System.IdentityModel.Tokens.Jwt.dll".
             Reference found at search path location "{HintPathFromItem}".
             This reference is not "CopyLocal" because at least one source item had "Private" set to "false" and no source items had "Private" set to "true".
         Primary reference "System.IO.Pipelines, Version=10.0.0.0, Culture=neutral, PublicKeyToken=cc7b13ffcd2ddd51".
             Resolved file path is "C:\Users\nguye\.nuget\packages\system.io.pipelines\10.0.0\lib\net9.0\System.IO.Pipelines.dll".
             Reference found at search path location "{HintPathFromItem}".
             This reference is not "CopyLocal" because at least one source item had "Private" set to "false" and no source items had "Private" set to "true".
         Primary reference "System.Memory.Data, Version=1.0.2.0, Culture=neutral, PublicKeyToken=cc7b13ffcd2ddd51".
             Resolved file path is "C:\Users\nguye\.nuget\packages\system.memory.data\1.0.2\lib\netstandard2.0\System.Memory.Data.dll".
             Reference found at search path location "{HintPathFromItem}".
             This reference is not "CopyLocal" because at least one source item had "Private" set to "false" and no source items had "Private" set to "true".
         Primary reference "System.Numerics.Tensors, Version=9.0.0.4, Culture=neutral, PublicKeyToken=cc7b13ffcd2ddd51".
             Resolved file path is "C:\Users\nguye\.nuget\packages\system.numerics.tensors\9.0.4\lib\net9.0\System.Numerics.Tensors.dll".
             Reference found at search path location "{HintPathFromItem}".
             This reference is not "CopyLocal" because at least one source item had "Private" set to "false" and no source items had "Private" set to "true".
         Primary reference "System.Security.Cryptography.ProtectedData, Version=6.0.0.0, Culture=neutral, PublicKeyToken=b03f5f7f11d50a3a".
             Resolved file path is "C:\Users\nguye\.nuget\packages\system.security.cryptography.protecteddata\6.0.0\lib\net6.0\System.Security.Cryptography.ProtectedData.dll".
             Reference found at search path location "{HintPathFromItem}".
             This reference is not "CopyLocal" because at least one source item had "Private" set to "false" and no source items had "Private" set to "true".
         Primary reference "System.Text.Encodings.Web, Version=10.0.0.0, Culture=neutral, PublicKeyToken=cc7b13ffcd2ddd51".
             Resolved file path is "C:\Users\nguye\.nuget\packages\system.text.encodings.web\10.0.0\lib\net9.0\System.Text.Encodings.Web.dll".
             Reference found at search path location "{HintPathFromItem}".
             This reference is not "CopyLocal" because at least one source item had "Private" set to "false" and no source items had "Private" set to "true".
         Primary reference "System.Text.Json, Version=10.0.0.0, Culture=neutral, PublicKeyToken=cc7b13ffcd2ddd51".
             Resolved file path is "C:\Users\nguye\.nuget\packages\system.text.json\10.0.0\lib\net9.0\System.Text.Json.dll".
             Reference found at search path location "{HintPathFromItem}".
             This reference is not "CopyLocal" because at least one source item had "Private" set to "false" and no source items had "Private" set to "true".
         Primary reference "Tensorflow.Binding, Version=0.100.2.0, Culture=neutral, PublicKeyToken=cc7b13ffcd2ddd51".
             Resolved file path is "C:\Users\nguye\.nuget\packages\tensorflow.net\0.100.2\lib\net6.0\Tensorflow.Binding.dll".
             Reference found at search path location "{HintPathFromItem}".
             This reference is not "CopyLocal" because at least one source item had "Private" set to "false" and no source items had "Private" set to "true".
         Primary reference "Microsoft.CSharp, Version=9.0.0.0, Culture=neutral, PublicKeyToken=b03f5f7f11d50a3a".
             Resolved file path is "C:\Program Files\dotnet\packs\Microsoft.NETCore.App.Ref\9.0.8\ref\net9.0\Microsoft.CSharp.dll".
             Reference found at search path location "{RawFileName}".
             This reference is not "CopyLocal" because at least one source item had "Private" set to "false" and no source items had "Private" set to "true".
         Primary reference "Microsoft.VisualBasic.Core, Version=14.0.0.0, Culture=neutral, PublicKeyToken=b03f5f7f11d50a3a".
             Resolved file path is "C:\Program Files\dotnet\packs\Microsoft.NETCore.App.Ref\9.0.8\ref\net9.0\Microsoft.VisualBasic.Core.dll".
             Reference found at search path location "{RawFileName}".
             This reference is not "CopyLocal" because at least one source item had "Private" set to "false" and no source items had "Private" set to "true".
         Primary reference "Microsoft.VisualBasic, Version=10.0.0.0, Culture=neutral, PublicKeyToken=b03f5f7f11d50a3a".
             Resolved file path is "C:\Program Files\dotnet\packs\Microsoft.NETCore.App.Ref\9.0.8\ref\net9.0\Microsoft.VisualBasic.dll".
             Reference found at search path location "{RawFileName}".
             This reference is not "CopyLocal" because at least one source item had "Private" set to "false" and no source items had "Private" set to "true".
         Primary reference "Microsoft.Win32.Primitives, Version=9.0.0.0, Culture=neutral, PublicKeyToken=b03f5f7f11d50a3a".
             Resolved file path is "C:\Program Files\dotnet\packs\Microsoft.NETCore.App.Ref\9.0.8\ref\net9.0\Microsoft.Win32.Primitives.dll".
             Reference found at search path location "{RawFileName}".
             This reference is not "CopyLocal" because at least one source item had "Private" set to "false" and no source items had "Private" set to "true".
         Primary reference "Microsoft.Win32.Registry, Version=9.0.0.0, Culture=neutral, PublicKeyToken=b03f5f7f11d50a3a".
             Resolved file path is "C:\Program Files\dotnet\packs\Microsoft.NETCore.App.Ref\9.0.8\ref\net9.0\Microsoft.Win32.Registry.dll".
             Reference found at search path location "{RawFileName}".
             This reference is not "CopyLocal" because at least one source item had "Private" set to "false" and no source items had "Private" set to "true".
         Primary reference "System.AppContext, Version=9.0.0.0, Culture=neutral, PublicKeyToken=b03f5f7f11d50a3a".
             Resolved file path is "C:\Program Files\dotnet\packs\Microsoft.NETCore.App.Ref\9.0.8\ref\net9.0\System.AppContext.dll".
             Reference found at search path location "{RawFileName}".
             This reference is not "CopyLocal" because at least one source item had "Private" set to "false" and no source items had "Private" set to "true".
         Primary reference "System.Buffers, Version=9.0.0.0, Culture=neutral, PublicKeyToken=cc7b13ffcd2ddd51".
             Resolved file path is "C:\Program Files\dotnet\packs\Microsoft.NETCore.App.Ref\9.0.8\ref\net9.0\System.Buffers.dll".
             Reference found at search path location "{RawFileName}".
             This reference is not "CopyLocal" because at least one source item had "Private" set to "false" and no source items had "Private" set to "true".
         Primary reference "System.Collections.Concurrent, Version=9.0.0.0, Culture=neutral, PublicKeyToken=b03f5f7f11d50a3a".
             Resolved file path is "C:\Program Files\dotnet\packs\Microsoft.NETCore.App.Ref\9.0.8\ref\net9.0\System.Collections.Concurrent.dll".
             Reference found at search path location "{RawFileName}".
             This reference is not "CopyLocal" because at least one source item had "Private" set to "false" and no source items had "Private" set to "true".
         Primary reference "System.Collections.Immutable, Version=9.0.0.0, Culture=neutral, PublicKeyToken=b03f5f7f11d50a3a".
             Resolved file path is "C:\Program Files\dotnet\packs\Microsoft.NETCore.App.Ref\9.0.8\ref\net9.0\System.Collections.Immutable.dll".
             Reference found at search path location "{RawFileName}".
             This reference is not "CopyLocal" because at least one source item had "Private" set to "false" and no source items had "Private" set to "true".
         Primary reference "System.Collections.NonGeneric, Version=9.0.0.0, Culture=neutral, PublicKeyToken=b03f5f7f11d50a3a".
             Resolved file path is "C:\Program Files\dotnet\packs\Microsoft.NETCore.App.Ref\9.0.8\ref\net9.0\System.Collections.NonGeneric.dll".
             Reference found at search path location "{RawFileName}".
             This reference is not "CopyLocal" because at least one source item had "Private" set to "false" and no source items had "Private" set to "true".
         Primary reference "System.Collections.Specialized, Version=9.0.0.0, Culture=neutral, PublicKeyToken=b03f5f7f11d50a3a".
             Resolved file path is "C:\Program Files\dotnet\packs\Microsoft.NETCore.App.Ref\9.0.8\ref\net9.0\System.Collections.Specialized.dll".
             Reference found at search path location "{RawFileName}".
             This reference is not "CopyLocal" because at least one source item had "Private" set to "false" and no source items had "Private" set to "true".
         Primary reference "System.Collections, Version=9.0.0.0, Culture=neutral, PublicKeyToken=b03f5f7f11d50a3a".
             Resolved file path is "C:\Program Files\dotnet\packs\Microsoft.NETCore.App.Ref\9.0.8\ref\net9.0\System.Collections.dll".
             Reference found at search path location "{RawFileName}".
             This reference is not "CopyLocal" because at least one source item had "Private" set to "false" and no source items had "Private" set to "true".
         Primary reference "System.ComponentModel.Annotations, Version=9.0.0.0, Culture=neutral, PublicKeyToken=b03f5f7f11d50a3a".
             Resolved file path is "C:\Program Files\dotnet\packs\Microsoft.NETCore.App.Ref\9.0.8\ref\net9.0\System.ComponentModel.Annotations.dll".
             Reference found at search path location "{RawFileName}".
             This reference is not "CopyLocal" because at least one source item had "Private" set to "false" and no source items had "Private" set to "true".
         Primary reference "System.ComponentModel.DataAnnotations, Version=4.0.0.0, Culture=neutral, PublicKeyToken=31bf3856ad364e35".
             Resolved file path is "C:\Program Files\dotnet\packs\Microsoft.NETCore.App.Ref\9.0.8\ref\net9.0\System.ComponentModel.DataAnnotations.dll".
             Reference found at search path location "{RawFileName}".
             This reference is not "CopyLocal" because at least one source item had "Private" set to "false" and no source items had "Private" set to "true".
         Primary reference "System.ComponentModel.EventBasedAsync, Version=9.0.0.0, Culture=neutral, PublicKeyToken=b03f5f7f11d50a3a".
             Resolved file path is "C:\Program Files\dotnet\packs\Microsoft.NETCore.App.Ref\9.0.8\ref\net9.0\System.ComponentModel.EventBasedAsync.dll".
             Reference found at search path location "{RawFileName}".
             This reference is not "CopyLocal" because at least one source item had "Private" set to "false" and no source items had "Private" set to "true".
         Primary reference "System.ComponentModel.Primitives, Version=9.0.0.0, Culture=neutral, PublicKeyToken=b03f5f7f11d50a3a".
             Resolved file path is "C:\Program Files\dotnet\packs\Microsoft.NETCore.App.Ref\9.0.8\ref\net9.0\System.ComponentModel.Primitives.dll".
             Reference found at search path location "{RawFileName}".
             This reference is not "CopyLocal" because at least one source item had "Private" set to "false" and no source items had "Private" set to "true".
         Primary reference "System.ComponentModel.TypeConverter, Version=9.0.0.0, Culture=neutral, PublicKeyToken=b03f5f7f11d50a3a".
             Resolved file path is "C:\Program Files\dotnet\packs\Microsoft.NETCore.App.Ref\9.0.8\ref\net9.0\System.ComponentModel.TypeConverter.dll".
             Reference found at search path location "{RawFileName}".
             This reference is not "CopyLocal" because at least one source item had "Private" set to "false" and no source items had "Private" set to "true".
         Primary reference "System.ComponentModel, Version=9.0.0.0, Culture=neutral, PublicKeyToken=b03f5f7f11d50a3a".
             Resolved file path is "C:\Program Files\dotnet\packs\Microsoft.NETCore.App.Ref\9.0.8\ref\net9.0\System.ComponentModel.dll".
             Reference found at search path location "{RawFileName}".
             This reference is not "CopyLocal" because at least one source item had "Private" set to "false" and no source items had "Private" set to "true".
         Primary reference "System.Configuration, Version=4.0.0.0, Culture=neutral, PublicKeyToken=b03f5f7f11d50a3a".
             Resolved file path is "C:\Program Files\dotnet\packs\Microsoft.NETCore.App.Ref\9.0.8\ref\net9.0\System.Configuration.dll".
             Reference found at search path location "{RawFileName}".
             This reference is not "CopyLocal" because at least one source item had "Private" set to "false" and no source items had "Private" set to "true".
         Primary reference "System.Console, Version=9.0.0.0, Culture=neutral, PublicKeyToken=b03f5f7f11d50a3a".
             Resolved file path is "C:\Program Files\dotnet\packs\Microsoft.NETCore.App.Ref\9.0.8\ref\net9.0\System.Console.dll".
             Reference found at search path location "{RawFileName}".
             This reference is not "CopyLocal" because at least one source item had "Private" set to "false" and no source items had "Private" set to "true".
         Primary reference "System.Core, Version=4.0.0.0, Culture=neutral, PublicKeyToken=b77a5c561934e089".
             Resolved file path is "C:\Program Files\dotnet\packs\Microsoft.NETCore.App.Ref\9.0.8\ref\net9.0\System.Core.dll".
             Reference found at search path location "{RawFileName}".
             This reference is not "CopyLocal" because at least one source item had "Private" set to "false" and no source items had "Private" set to "true".
         Primary reference "System.Data.Common, Version=9.0.0.0, Culture=neutral, PublicKeyToken=b03f5f7f11d50a3a".
             Resolved file path is "C:\Program Files\dotnet\packs\Microsoft.NETCore.App.Ref\9.0.8\ref\net9.0\System.Data.Common.dll".
             Reference found at search path location "{RawFileName}".
             This reference is not "CopyLocal" because at least one source item had "Private" set to "false" and no source items had "Private" set to "true".
         Primary reference "System.Data.DataSetExtensions, Version=9.0.0.0, Culture=neutral, PublicKeyToken=b77a5c561934e089".
             Resolved file path is "C:\Program Files\dotnet\packs\Microsoft.NETCore.App.Ref\9.0.8\ref\net9.0\System.Data.DataSetExtensions.dll".
             Reference found at search path location "{RawFileName}".
             This reference is not "CopyLocal" because at least one source item had "Private" set to "false" and no source items had "Private" set to "true".
         Primary reference "System.Data, Version=4.0.0.0, Culture=neutral, PublicKeyToken=b77a5c561934e089".
             Resolved file path is "C:\Program Files\dotnet\packs\Microsoft.NETCore.App.Ref\9.0.8\ref\net9.0\System.Data.dll".
             Reference found at search path location "{RawFileName}".
             This reference is not "CopyLocal" because at least one source item had "Private" set to "false" and no source items had "Private" set to "true".
         Primary reference "System.Diagnostics.Contracts, Version=9.0.0.0, Culture=neutral, PublicKeyToken=b03f5f7f11d50a3a".
             Resolved file path is "C:\Program Files\dotnet\packs\Microsoft.NETCore.App.Ref\9.0.8\ref\net9.0\System.Diagnostics.Contracts.dll".
             Reference found at search path location "{RawFileName}".
             This reference is not "CopyLocal" because at least one source item had "Private" set to "false" and no source items had "Private" set to "true".
         Primary reference "System.Diagnostics.Debug, Version=9.0.0.0, Culture=neutral, PublicKeyToken=b03f5f7f11d50a3a".
             Resolved file path is "C:\Program Files\dotnet\packs\Microsoft.NETCore.App.Ref\9.0.8\ref\net9.0\System.Diagnostics.Debug.dll".
             Reference found at search path location "{RawFileName}".
             This reference is not "CopyLocal" because at least one source item had "Private" set to "false" and no source items had "Private" set to "true".
         Primary reference "System.Diagnostics.FileVersionInfo, Version=9.0.0.0, Culture=neutral, PublicKeyToken=b03f5f7f11d50a3a".
             Resolved file path is "C:\Program Files\dotnet\packs\Microsoft.NETCore.App.Ref\9.0.8\ref\net9.0\System.Diagnostics.FileVersionInfo.dll".
             Reference found at search path location "{RawFileName}".
             This reference is not "CopyLocal" because at least one source item had "Private" set to "false" and no source items had "Private" set to "true".
         Primary reference "System.Diagnostics.Process, Version=9.0.0.0, Culture=neutral, PublicKeyToken=b03f5f7f11d50a3a".
             Resolved file path is "C:\Program Files\dotnet\packs\Microsoft.NETCore.App.Ref\9.0.8\ref\net9.0\System.Diagnostics.Process.dll".
             Reference found at search path location "{RawFileName}".
             This reference is not "CopyLocal" because at least one source item had "Private" set to "false" and no source items had "Private" set to "true".
         Primary reference "System.Diagnostics.StackTrace, Version=9.0.0.0, Culture=neutral, PublicKeyToken=b03f5f7f11d50a3a".
             Resolved file path is "C:\Program Files\dotnet\packs\Microsoft.NETCore.App.Ref\9.0.8\ref\net9.0\System.Diagnostics.StackTrace.dll".
             Reference found at search path location "{RawFileName}".
             This reference is not "CopyLocal" because at least one source item had "Private" set to "false" and no source items had "Private" set to "true".
         Primary reference "System.Diagnostics.TextWriterTraceListener, Version=9.0.0.0, Culture=neutral, PublicKeyToken=b03f5f7f11d50a3a".
             Resolved file path is "C:\Program Files\dotnet\packs\Microsoft.NETCore.App.Ref\9.0.8\ref\net9.0\System.Diagnostics.TextWriterTraceListener.dll".
             Reference found at search path location "{RawFileName}".
             This reference is not "CopyLocal" because at least one source item had "Private" set to "false" and no source items had "Private" set to "true".
         Primary reference "System.Diagnostics.Tools, Version=9.0.0.0, Culture=neutral, PublicKeyToken=b03f5f7f11d50a3a".
             Resolved file path is "C:\Program Files\dotnet\packs\Microsoft.NETCore.App.Ref\9.0.8\ref\net9.0\System.Diagnostics.Tools.dll".
             Reference found at search path location "{RawFileName}".
             This reference is not "CopyLocal" because at least one source item had "Private" set to "false" and no source items had "Private" set to "true".
         Primary reference "System.Diagnostics.TraceSource, Version=9.0.0.0, Culture=neutral, PublicKeyToken=b03f5f7f11d50a3a".
             Resolved file path is "C:\Program Files\dotnet\packs\Microsoft.NETCore.App.Ref\9.0.8\ref\net9.0\System.Diagnostics.TraceSource.dll".
             Reference found at search path location "{RawFileName}".
             This reference is not "CopyLocal" because at least one source item had "Private" set to "false" and no source items had "Private" set to "true".
         Primary reference "System.Diagnostics.Tracing, Version=9.0.0.0, Culture=neutral, PublicKeyToken=b03f5f7f11d50a3a".
             Resolved file path is "C:\Program Files\dotnet\packs\Microsoft.NETCore.App.Ref\9.0.8\ref\net9.0\System.Diagnostics.Tracing.dll".
             Reference found at search path location "{RawFileName}".
             This reference is not "CopyLocal" because at least one source item had "Private" set to "false" and no source items had "Private" set to "true".
         Primary reference "System.Drawing.Primitives, Version=9.0.0.0, Culture=neutral, PublicKeyToken=b03f5f7f11d50a3a".
             Resolved file path is "C:\Program Files\dotnet\packs\Microsoft.NETCore.App.Ref\9.0.8\ref\net9.0\System.Drawing.Primitives.dll".
             Reference found at search path location "{RawFileName}".
             This reference is not "CopyLocal" because at least one source item had "Private" set to "false" and no source items had "Private" set to "true".
         Primary reference "System.Drawing, Version=4.0.0.0, Culture=neutral, PublicKeyToken=b03f5f7f11d50a3a".
             Resolved file path is "C:\Program Files\dotnet\packs\Microsoft.NETCore.App.Ref\9.0.8\ref\net9.0\System.Drawing.dll".
             Reference found at search path location "{RawFileName}".
             This reference is not "CopyLocal" because at least one source item had "Private" set to "false" and no source items had "Private" set to "true".
         Primary reference "System.Dynamic.Runtime, Version=9.0.0.0, Culture=neutral, PublicKeyToken=b03f5f7f11d50a3a".
             Resolved file path is "C:\Program Files\dotnet\packs\Microsoft.NETCore.App.Ref\9.0.8\ref\net9.0\System.Dynamic.Runtime.dll".
             Reference found at search path location "{RawFileName}".
             This reference is not "CopyLocal" because at least one source item had "Private" set to "false" and no source items had "Private" set to "true".
         Primary reference "System.Formats.Asn1, Version=9.0.0.0, Culture=neutral, PublicKeyToken=cc7b13ffcd2ddd51".
             Resolved file path is "C:\Program Files\dotnet\packs\Microsoft.NETCore.App.Ref\9.0.8\ref\net9.0\System.Formats.Asn1.dll".
             Reference found at search path location "{RawFileName}".
             This reference is not "CopyLocal" because at least one source item had "Private" set to "false" and no source items had "Private" set to "true".
         Primary reference "System.Formats.Tar, Version=9.0.0.0, Culture=neutral, PublicKeyToken=cc7b13ffcd2ddd51".
             Resolved file path is "C:\Program Files\dotnet\packs\Microsoft.NETCore.App.Ref\9.0.8\ref\net9.0\System.Formats.Tar.dll".
             Reference found at search path location "{RawFileName}".
             This reference is not "CopyLocal" because at least one source item had "Private" set to "false" and no source items had "Private" set to "true".
         Primary reference "System.Globalization.Calendars, Version=9.0.0.0, Culture=neutral, PublicKeyToken=b03f5f7f11d50a3a".
             Resolved file path is "C:\Program Files\dotnet\packs\Microsoft.NETCore.App.Ref\9.0.8\ref\net9.0\System.Globalization.Calendars.dll".
             Reference found at search path location "{RawFileName}".
             This reference is not "CopyLocal" because at least one source item had "Private" set to "false" and no source items had "Private" set to "true".
         Primary reference "System.Globalization.Extensions, Version=9.0.0.0, Culture=neutral, PublicKeyToken=b03f5f7f11d50a3a".
             Resolved file path is "C:\Program Files\dotnet\packs\Microsoft.NETCore.App.Ref\9.0.8\ref\net9.0\System.Globalization.Extensions.dll".
             Reference found at search path location "{RawFileName}".
             This reference is not "CopyLocal" because at least one source item had "Private" set to "false" and no source items had "Private" set to "true".
         Primary reference "System.Globalization, Version=9.0.0.0, Culture=neutral, PublicKeyToken=b03f5f7f11d50a3a".
             Resolved file path is "C:\Program Files\dotnet\packs\Microsoft.NETCore.App.Ref\9.0.8\ref\net9.0\System.Globalization.dll".
             Reference found at search path location "{RawFileName}".
             This reference is not "CopyLocal" because at least one source item had "Private" set to "false" and no source items had "Private" set to "true".
         Primary reference "System.IO.Compression.Brotli, Version=9.0.0.0, Culture=neutral, PublicKeyToken=b77a5c561934e089".
             Resolved file path is "C:\Program Files\dotnet\packs\Microsoft.NETCore.App.Ref\9.0.8\ref\net9.0\System.IO.Compression.Brotli.dll".
             Reference found at search path location "{RawFileName}".
             This reference is not "CopyLocal" because at least one source item had "Private" set to "false" and no source items had "Private" set to "true".
         Primary reference "System.IO.Compression.FileSystem, Version=4.0.0.0, Culture=neutral, PublicKeyToken=b77a5c561934e089".
             Resolved file path is "C:\Program Files\dotnet\packs\Microsoft.NETCore.App.Ref\9.0.8\ref\net9.0\System.IO.Compression.FileSystem.dll".
             Reference found at search path location "{RawFileName}".
             This reference is not "CopyLocal" because at least one source item had "Private" set to "false" and no source items had "Private" set to "true".
         Primary reference "System.IO.Compression.ZipFile, Version=9.0.0.0, Culture=neutral, PublicKeyToken=b77a5c561934e089".
             Resolved file path is "C:\Program Files\dotnet\packs\Microsoft.NETCore.App.Ref\9.0.8\ref\net9.0\System.IO.Compression.ZipFile.dll".
             Reference found at search path location "{RawFileName}".
             This reference is not "CopyLocal" because at least one source item had "Private" set to "false" and no source items had "Private" set to "true".
         Primary reference "System.IO.Compression, Version=9.0.0.0, Culture=neutral, PublicKeyToken=b77a5c561934e089".
             Resolved file path is "C:\Program Files\dotnet\packs\Microsoft.NETCore.App.Ref\9.0.8\ref\net9.0\System.IO.Compression.dll".
             Reference found at search path location "{RawFileName}".
             This reference is not "CopyLocal" because at least one source item had "Private" set to "false" and no source items had "Private" set to "true".
         Primary reference "System.IO.FileSystem.AccessControl, Version=9.0.0.0, Culture=neutral, PublicKeyToken=b03f5f7f11d50a3a".
             Resolved file path is "C:\Program Files\dotnet\packs\Microsoft.NETCore.App.Ref\9.0.8\ref\net9.0\System.IO.FileSystem.AccessControl.dll".
             Reference found at search path location "{RawFileName}".
             This reference is not "CopyLocal" because at least one source item had "Private" set to "false" and no source items had "Private" set to "true".
         Primary reference "System.IO.FileSystem.DriveInfo, Version=9.0.0.0, Culture=neutral, PublicKeyToken=b03f5f7f11d50a3a".
             Resolved file path is "C:\Program Files\dotnet\packs\Microsoft.NETCore.App.Ref\9.0.8\ref\net9.0\System.IO.FileSystem.DriveInfo.dll".
             Reference found at search path location "{RawFileName}".
             This reference is not "CopyLocal" because at least one source item had "Private" set to "false" and no source items had "Private" set to "true".
         Primary reference "System.IO.FileSystem.Primitives, Version=9.0.0.0, Culture=neutral, PublicKeyToken=b03f5f7f11d50a3a".
             Resolved file path is "C:\Program Files\dotnet\packs\Microsoft.NETCore.App.Ref\9.0.8\ref\net9.0\System.IO.FileSystem.Primitives.dll".
             Reference found at search path location "{RawFileName}".
             This reference is not "CopyLocal" because at least one source item had "Private" set to "false" and no source items had "Private" set to "true".
         Primary reference "System.IO.FileSystem.Watcher, Version=9.0.0.0, Culture=neutral, PublicKeyToken=b03f5f7f11d50a3a".
             Resolved file path is "C:\Program Files\dotnet\packs\Microsoft.NETCore.App.Ref\9.0.8\ref\net9.0\System.IO.FileSystem.Watcher.dll".
             Reference found at search path location "{RawFileName}".
             This reference is not "CopyLocal" because at least one source item had "Private" set to "false" and no source items had "Private" set to "true".
         Primary reference "System.IO.FileSystem, Version=9.0.0.0, Culture=neutral, PublicKeyToken=b03f5f7f11d50a3a".
             Resolved file path is "C:\Program Files\dotnet\packs\Microsoft.NETCore.App.Ref\9.0.8\ref\net9.0\System.IO.FileSystem.dll".
             Reference found at search path location "{RawFileName}".
             This reference is not "CopyLocal" because at least one source item had "Private" set to "false" and no source items had "Private" set to "true".
         Primary reference "System.IO.IsolatedStorage, Version=9.0.0.0, Culture=neutral, PublicKeyToken=b03f5f7f11d50a3a".
             Resolved file path is "C:\Program Files\dotnet\packs\Microsoft.NETCore.App.Ref\9.0.8\ref\net9.0\System.IO.IsolatedStorage.dll".
             Reference found at search path location "{RawFileName}".
             This reference is not "CopyLocal" because at least one source item had "Private" set to "false" and no source items had "Private" set to "true".
         Primary reference "System.IO.MemoryMappedFiles, Version=9.0.0.0, Culture=neutral, PublicKeyToken=b03f5f7f11d50a3a".
             Resolved file path is "C:\Program Files\dotnet\packs\Microsoft.NETCore.App.Ref\9.0.8\ref\net9.0\System.IO.MemoryMappedFiles.dll".
             Reference found at search path location "{RawFileName}".
             This reference is not "CopyLocal" because at least one source item had "Private" set to "false" and no source items had "Private" set to "true".
         Primary reference "System.IO.Pipes.AccessControl, Version=9.0.0.0, Culture=neutral, PublicKeyToken=b03f5f7f11d50a3a".
             Resolved file path is "C:\Program Files\dotnet\packs\Microsoft.NETCore.App.Ref\9.0.8\ref\net9.0\System.IO.Pipes.AccessControl.dll".
             Reference found at search path location "{RawFileName}".
             This reference is not "CopyLocal" because at least one source item had "Private" set to "false" and no source items had "Private" set to "true".
         Primary reference "System.IO.Pipes, Version=9.0.0.0, Culture=neutral, PublicKeyToken=b03f5f7f11d50a3a".
             Resolved file path is "C:\Program Files\dotnet\packs\Microsoft.NETCore.App.Ref\9.0.8\ref\net9.0\System.IO.Pipes.dll".
             Reference found at search path location "{RawFileName}".
             This reference is not "CopyLocal" because at least one source item had "Private" set to "false" and no source items had "Private" set to "true".
         Primary reference "System.IO.UnmanagedMemoryStream, Version=9.0.0.0, Culture=neutral, PublicKeyToken=b03f5f7f11d50a3a".
             Resolved file path is "C:\Program Files\dotnet\packs\Microsoft.NETCore.App.Ref\9.0.8\ref\net9.0\System.IO.UnmanagedMemoryStream.dll".
             Reference found at search path location "{RawFileName}".
             This reference is not "CopyLocal" because at least one source item had "Private" set to "false" and no source items had "Private" set to "true".
         Primary reference "System.IO, Version=9.0.0.0, Culture=neutral, PublicKeyToken=b03f5f7f11d50a3a".
             Resolved file path is "C:\Program Files\dotnet\packs\Microsoft.NETCore.App.Ref\9.0.8\ref\net9.0\System.IO.dll".
             Reference found at search path location "{RawFileName}".
             This reference is not "CopyLocal" because at least one source item had "Private" set to "false" and no source items had "Private" set to "true".
         Primary reference "System.Linq.Expressions, Version=9.0.0.0, Culture=neutral, PublicKeyToken=b03f5f7f11d50a3a".
             Resolved file path is "C:\Program Files\dotnet\packs\Microsoft.NETCore.App.Ref\9.0.8\ref\net9.0\System.Linq.Expressions.dll".
             Reference found at search path location "{RawFileName}".
             This reference is not "CopyLocal" because at least one source item had "Private" set to "false" and no source items had "Private" set to "true".
         Primary reference "System.Linq.Parallel, Version=9.0.0.0, Culture=neutral, PublicKeyToken=b03f5f7f11d50a3a".
             Resolved file path is "C:\Program Files\dotnet\packs\Microsoft.NETCore.App.Ref\9.0.8\ref\net9.0\System.Linq.Parallel.dll".
             Reference found at search path location "{RawFileName}".
             This reference is not "CopyLocal" because at least one source item had "Private" set to "false" and no source items had "Private" set to "true".
         Primary reference "System.Linq.Queryable, Version=9.0.0.0, Culture=neutral, PublicKeyToken=b03f5f7f11d50a3a".
             Resolved file path is "C:\Program Files\dotnet\packs\Microsoft.NETCore.App.Ref\9.0.8\ref\net9.0\System.Linq.Queryable.dll".
             Reference found at search path location "{RawFileName}".
             This reference is not "CopyLocal" because at least one source item had "Private" set to "false" and no source items had "Private" set to "true".
         Primary reference "System.Linq, Version=9.0.0.0, Culture=neutral, PublicKeyToken=b03f5f7f11d50a3a".
             Resolved file path is "C:\Program Files\dotnet\packs\Microsoft.NETCore.App.Ref\9.0.8\ref\net9.0\System.Linq.dll".
             Reference found at search path location "{RawFileName}".
             This reference is not "CopyLocal" because at least one source item had "Private" set to "false" and no source items had "Private" set to "true".
         Primary reference "System.Memory, Version=9.0.0.0, Culture=neutral, PublicKeyToken=cc7b13ffcd2ddd51".
             Resolved file path is "C:\Program Files\dotnet\packs\Microsoft.NETCore.App.Ref\9.0.8\ref\net9.0\System.Memory.dll".
             Reference found at search path location "{RawFileName}".
             This reference is not "CopyLocal" because at least one source item had "Private" set to "false" and no source items had "Private" set to "true".
         Primary reference "System.Net.Http.Json, Version=9.0.0.0, Culture=neutral, PublicKeyToken=cc7b13ffcd2ddd51".
             Resolved file path is "C:\Program Files\dotnet\packs\Microsoft.NETCore.App.Ref\9.0.8\ref\net9.0\System.Net.Http.Json.dll".
             Reference found at search path location "{RawFileName}".
             This reference is not "CopyLocal" because at least one source item had "Private" set to "false" and no source items had "Private" set to "true".
         Primary reference "System.Net.Http, Version=9.0.0.0, Culture=neutral, PublicKeyToken=b03f5f7f11d50a3a".
             Resolved file path is "C:\Program Files\dotnet\packs\Microsoft.NETCore.App.Ref\9.0.8\ref\net9.0\System.Net.Http.dll".
             Reference found at search path location "{RawFileName}".
             This reference is not "CopyLocal" because at least one source item had "Private" set to "false" and no source items had "Private" set to "true".
         Primary reference "System.Net.HttpListener, Version=9.0.0.0, Culture=neutral, PublicKeyToken=cc7b13ffcd2ddd51".
             Resolved file path is "C:\Program Files\dotnet\packs\Microsoft.NETCore.App.Ref\9.0.8\ref\net9.0\System.Net.HttpListener.dll".
             Reference found at search path location "{RawFileName}".
             This reference is not "CopyLocal" because at least one source item had "Private" set to "false" and no source items had "Private" set to "true".
         Primary reference "System.Net.Mail, Version=9.0.0.0, Culture=neutral, PublicKeyToken=cc7b13ffcd2ddd51".
             Resolved file path is "C:\Program Files\dotnet\packs\Microsoft.NETCore.App.Ref\9.0.8\ref\net9.0\System.Net.Mail.dll".
             Reference found at search path location "{RawFileName}".
             This reference is not "CopyLocal" because at least one source item had "Private" set to "false" and no source items had "Private" set to "true".
         Primary reference "System.Net.NameResolution, Version=9.0.0.0, Culture=neutral, PublicKeyToken=b03f5f7f11d50a3a".
             Resolved file path is "C:\Program Files\dotnet\packs\Microsoft.NETCore.App.Ref\9.0.8\ref\net9.0\System.Net.NameResolution.dll".
             Reference found at search path location "{RawFileName}".
             This reference is not "CopyLocal" because at least one source item had "Private" set to "false" and no source items had "Private" set to "true".
         Primary reference "System.Net.NetworkInformation, Version=9.0.0.0, Culture=neutral, PublicKeyToken=b03f5f7f11d50a3a".
             Resolved file path is "C:\Program Files\dotnet\packs\Microsoft.NETCore.App.Ref\9.0.8\ref\net9.0\System.Net.NetworkInformation.dll".
             Reference found at search path location "{RawFileName}".
             This reference is not "CopyLocal" because at least one source item had "Private" set to "false" and no source items had "Private" set to "true".
         Primary reference "System.Net.Ping, Version=9.0.0.0, Culture=neutral, PublicKeyToken=b03f5f7f11d50a3a".
             Resolved file path is "C:\Program Files\dotnet\packs\Microsoft.NETCore.App.Ref\9.0.8\ref\net9.0\System.Net.Ping.dll".
             Reference found at search path location "{RawFileName}".
             This reference is not "CopyLocal" because at least one source item had "Private" set to "false" and no source items had "Private" set to "true".
         Primary reference "System.Net.Primitives, Version=9.0.0.0, Culture=neutral, PublicKeyToken=b03f5f7f11d50a3a".
             Resolved file path is "C:\Program Files\dotnet\packs\Microsoft.NETCore.App.Ref\9.0.8\ref\net9.0\System.Net.Primitives.dll".
             Reference found at search path location "{RawFileName}".
             This reference is not "CopyLocal" because at least one source item had "Private" set to "false" and no source items had "Private" set to "true".
         Primary reference "System.Net.Quic, Version=9.0.0.0, Culture=neutral, PublicKeyToken=b03f5f7f11d50a3a".
             Resolved file path is "C:\Program Files\dotnet\packs\Microsoft.NETCore.App.Ref\9.0.8\ref\net9.0\System.Net.Quic.dll".
             Reference found at search path location "{RawFileName}".
             This reference is not "CopyLocal" because at least one source item had "Private" set to "false" and no source items had "Private" set to "true".
         Primary reference "System.Net.Requests, Version=9.0.0.0, Culture=neutral, PublicKeyToken=b03f5f7f11d50a3a".
             Resolved file path is "C:\Program Files\dotnet\packs\Microsoft.NETCore.App.Ref\9.0.8\ref\net9.0\System.Net.Requests.dll".
             Reference found at search path location "{RawFileName}".
             This reference is not "CopyLocal" because at least one source item had "Private" set to "false" and no source items had "Private" set to "true".
         Primary reference "System.Net.Security, Version=9.0.0.0, Culture=neutral, PublicKeyToken=b03f5f7f11d50a3a".
             Resolved file path is "C:\Program Files\dotnet\packs\Microsoft.NETCore.App.Ref\9.0.8\ref\net9.0\System.Net.Security.dll".
             Reference found at search path location "{RawFileName}".
             This reference is not "CopyLocal" because at least one source item had "Private" set to "false" and no source items had "Private" set to "true".
         Primary reference "System.Net.ServicePoint, Version=9.0.0.0, Culture=neutral, PublicKeyToken=cc7b13ffcd2ddd51".
             Resolved file path is "C:\Program Files\dotnet\packs\Microsoft.NETCore.App.Ref\9.0.8\ref\net9.0\System.Net.ServicePoint.dll".
             Reference found at search path location "{RawFileName}".
             This reference is not "CopyLocal" because at least one source item had "Private" set to "false" and no source items had "Private" set to "true".
         Primary reference "System.Net.Sockets, Version=9.0.0.0, Culture=neutral, PublicKeyToken=b03f5f7f11d50a3a".
             Resolved file path is "C:\Program Files\dotnet\packs\Microsoft.NETCore.App.Ref\9.0.8\ref\net9.0\System.Net.Sockets.dll".
             Reference found at search path location "{RawFileName}".
             This reference is not "CopyLocal" because at least one source item had "Private" set to "false" and no source items had "Private" set to "true".
         Primary reference "System.Net.WebClient, Version=9.0.0.0, Culture=neutral, PublicKeyToken=cc7b13ffcd2ddd51".
             Resolved file path is "C:\Program Files\dotnet\packs\Microsoft.NETCore.App.Ref\9.0.8\ref\net9.0\System.Net.WebClient.dll".
             Reference found at search path location "{RawFileName}".
             This reference is not "CopyLocal" because at least one source item had "Private" set to "false" and no source items had "Private" set to "true".
         Primary reference "System.Net.WebHeaderCollection, Version=9.0.0.0, Culture=neutral, PublicKeyToken=b03f5f7f11d50a3a".
             Resolved file path is "C:\Program Files\dotnet\packs\Microsoft.NETCore.App.Ref\9.0.8\ref\net9.0\System.Net.WebHeaderCollection.dll".
             Reference found at search path location "{RawFileName}".
             This reference is not "CopyLocal" because at least one source item had "Private" set to "false" and no source items had "Private" set to "true".
         Primary reference "System.Net.WebProxy, Version=9.0.0.0, Culture=neutral, PublicKeyToken=cc7b13ffcd2ddd51".
             Resolved file path is "C:\Program Files\dotnet\packs\Microsoft.NETCore.App.Ref\9.0.8\ref\net9.0\System.Net.WebProxy.dll".
             Reference found at search path location "{RawFileName}".
             This reference is not "CopyLocal" because at least one source item had "Private" set to "false" and no source items had "Private" set to "true".
         Primary reference "System.Net.WebSockets.Client, Version=9.0.0.0, Culture=neutral, PublicKeyToken=b03f5f7f11d50a3a".
             Resolved file path is "C:\Program Files\dotnet\packs\Microsoft.NETCore.App.Ref\9.0.8\ref\net9.0\System.Net.WebSockets.Client.dll".
             Reference found at search path location "{RawFileName}".
             This reference is not "CopyLocal" because at least one source item had "Private" set to "false" and no source items had "Private" set to "true".
         Primary reference "System.Net.WebSockets, Version=9.0.0.0, Culture=neutral, PublicKeyToken=b03f5f7f11d50a3a".
             Resolved file path is "C:\Program Files\dotnet\packs\Microsoft.NETCore.App.Ref\9.0.8\ref\net9.0\System.Net.WebSockets.dll".
             Reference found at search path location "{RawFileName}".
             This reference is not "CopyLocal" because at least one source item had "Private" set to "false" and no source items had "Private" set to "true".
         Primary reference "System.Net, Version=4.0.0.0, Culture=neutral, PublicKeyToken=b03f5f7f11d50a3a".
             Resolved file path is "C:\Program Files\dotnet\packs\Microsoft.NETCore.App.Ref\9.0.8\ref\net9.0\System.Net.dll".
             Reference found at search path location "{RawFileName}".
             This reference is not "CopyLocal" because at least one source item had "Private" set to "false" and no source items had "Private" set to "true".
         Primary reference "System.Numerics.Vectors, Version=9.0.0.0, Culture=neutral, PublicKeyToken=b03f5f7f11d50a3a".
             Resolved file path is "C:\Program Files\dotnet\packs\Microsoft.NETCore.App.Ref\9.0.8\ref\net9.0\System.Numerics.Vectors.dll".
             Reference found at search path location "{RawFileName}".
             This reference is not "CopyLocal" because at least one source item had "Private" set to "false" and no source items had "Private" set to "true".
         Primary reference "System.Numerics, Version=4.0.0.0, Culture=neutral, PublicKeyToken=b77a5c561934e089".
             Resolved file path is "C:\Program Files\dotnet\packs\Microsoft.NETCore.App.Ref\9.0.8\ref\net9.0\System.Numerics.dll".
             Reference found at search path location "{RawFileName}".
             This reference is not "CopyLocal" because at least one source item had "Private" set to "false" and no source items had "Private" set to "true".
         Primary reference "System.ObjectModel, Version=9.0.0.0, Culture=neutral, PublicKeyToken=b03f5f7f11d50a3a".
             Resolved file path is "C:\Program Files\dotnet\packs\Microsoft.NETCore.App.Ref\9.0.8\ref\net9.0\System.ObjectModel.dll".
             Reference found at search path location "{RawFileName}".
             This reference is not "CopyLocal" because at least one source item had "Private" set to "false" and no source items had "Private" set to "true".
         Primary reference "System.Reflection.DispatchProxy, Version=9.0.0.0, Culture=neutral, PublicKeyToken=b03f5f7f11d50a3a".
             Resolved file path is "C:\Program Files\dotnet\packs\Microsoft.NETCore.App.Ref\9.0.8\ref\net9.0\System.Reflection.DispatchProxy.dll".
             Reference found at search path location "{RawFileName}".
             This reference is not "CopyLocal" because at least one source item had "Private" set to "false" and no source items had "Private" set to "true".
         Primary reference "System.Reflection.Emit.ILGeneration, Version=9.0.0.0, Culture=neutral, PublicKeyToken=b03f5f7f11d50a3a".
             Resolved file path is "C:\Program Files\dotnet\packs\Microsoft.NETCore.App.Ref\9.0.8\ref\net9.0\System.Reflection.Emit.ILGeneration.dll".
             Reference found at search path location "{RawFileName}".
             This reference is not "CopyLocal" because at least one source item had "Private" set to "false" and no source items had "Private" set to "true".
         Primary reference "System.Reflection.Emit.Lightweight, Version=9.0.0.0, Culture=neutral, PublicKeyToken=b03f5f7f11d50a3a".
             Resolved file path is "C:\Program Files\dotnet\packs\Microsoft.NETCore.App.Ref\9.0.8\ref\net9.0\System.Reflection.Emit.Lightweight.dll".
             Reference found at search path location "{RawFileName}".
             This reference is not "CopyLocal" because at least one source item had "Private" set to "false" and no source items had "Private" set to "true".
         Primary reference "System.Reflection.Emit, Version=9.0.0.0, Culture=neutral, PublicKeyToken=b03f5f7f11d50a3a".
             Resolved file path is "C:\Program Files\dotnet\packs\Microsoft.NETCore.App.Ref\9.0.8\ref\net9.0\System.Reflection.Emit.dll".
             Reference found at search path location "{RawFileName}".
             This reference is not "CopyLocal" because at least one source item had "Private" set to "false" and no source items had "Private" set to "true".
         Primary reference "System.Reflection.Extensions, Version=9.0.0.0, Culture=neutral, PublicKeyToken=b03f5f7f11d50a3a".
             Resolved file path is "C:\Program Files\dotnet\packs\Microsoft.NETCore.App.Ref\9.0.8\ref\net9.0\System.Reflection.Extensions.dll".
             Reference found at search path location "{RawFileName}".
             This reference is not "CopyLocal" because at least one source item had "Private" set to "false" and no source items had "Private" set to "true".
         Primary reference "System.Reflection.Metadata, Version=9.0.0.0, Culture=neutral, PublicKeyToken=b03f5f7f11d50a3a".
             Resolved file path is "C:\Program Files\dotnet\packs\Microsoft.NETCore.App.Ref\9.0.8\ref\net9.0\System.Reflection.Metadata.dll".
             Reference found at search path location "{RawFileName}".
             This reference is not "CopyLocal" because at least one source item had "Private" set to "false" and no source items had "Private" set to "true".
         Primary reference "System.Reflection.Primitives, Version=9.0.0.0, Culture=neutral, PublicKeyToken=b03f5f7f11d50a3a".
             Resolved file path is "C:\Program Files\dotnet\packs\Microsoft.NETCore.App.Ref\9.0.8\ref\net9.0\System.Reflection.Primitives.dll".
             Reference found at search path location "{RawFileName}".
             This reference is not "CopyLocal" because at least one source item had "Private" set to "false" and no source items had "Private" set to "true".
         Primary reference "System.Reflection.TypeExtensions, Version=9.0.0.0, Culture=neutral, PublicKeyToken=b03f5f7f11d50a3a".
             Resolved file path is "C:\Program Files\dotnet\packs\Microsoft.NETCore.App.Ref\9.0.8\ref\net9.0\System.Reflection.TypeExtensions.dll".
             Reference found at search path location "{RawFileName}".
             This reference is not "CopyLocal" because at least one source item had "Private" set to "false" and no source items had "Private" set to "true".
         Primary reference "System.Reflection, Version=9.0.0.0, Culture=neutral, PublicKeyToken=b03f5f7f11d50a3a".
             Resolved file path is "C:\Program Files\dotnet\packs\Microsoft.NETCore.App.Ref\9.0.8\ref\net9.0\System.Reflection.dll".
             Reference found at search path location "{RawFileName}".
             This reference is not "CopyLocal" because at least one source item had "Private" set to "false" and no source items had "Private" set to "true".
         Primary reference "System.Resources.Reader, Version=9.0.0.0, Culture=neutral, PublicKeyToken=b03f5f7f11d50a3a".
             Resolved file path is "C:\Program Files\dotnet\packs\Microsoft.NETCore.App.Ref\9.0.8\ref\net9.0\System.Resources.Reader.dll".
             Reference found at search path location "{RawFileName}".
             This reference is not "CopyLocal" because at least one source item had "Private" set to "false" and no source items had "Private" set to "true".
         Primary reference "System.Resources.ResourceManager, Version=9.0.0.0, Culture=neutral, PublicKeyToken=b03f5f7f11d50a3a".
             Resolved file path is "C:\Program Files\dotnet\packs\Microsoft.NETCore.App.Ref\9.0.8\ref\net9.0\System.Resources.ResourceManager.dll".
             Reference found at search path location "{RawFileName}".
             This reference is not "CopyLocal" because at least one source item had "Private" set to "false" and no source items had "Private" set to "true".
         Primary reference "System.Resources.Writer, Version=9.0.0.0, Culture=neutral, PublicKeyToken=b03f5f7f11d50a3a".
             Resolved file path is "C:\Program Files\dotnet\packs\Microsoft.NETCore.App.Ref\9.0.8\ref\net9.0\System.Resources.Writer.dll".
             Reference found at search path location "{RawFileName}".
             This reference is not "CopyLocal" because at least one source item had "Private" set to "false" and no source items had "Private" set to "true".
         Primary reference "System.Runtime.CompilerServices.Unsafe, Version=9.0.0.0, Culture=neutral, PublicKeyToken=b03f5f7f11d50a3a".
             Resolved file path is "C:\Program Files\dotnet\packs\Microsoft.NETCore.App.Ref\9.0.8\ref\net9.0\System.Runtime.CompilerServices.Unsafe.dll".
             Reference found at search path location "{RawFileName}".
             This reference is not "CopyLocal" because at least one source item had "Private" set to "false" and no source items had "Private" set to "true".
         Primary reference "System.Runtime.CompilerServices.VisualC, Version=9.0.0.0, Culture=neutral, PublicKeyToken=b03f5f7f11d50a3a".
             Resolved file path is "C:\Program Files\dotnet\packs\Microsoft.NETCore.App.Ref\9.0.8\ref\net9.0\System.Runtime.CompilerServices.VisualC.dll".
             Reference found at search path location "{RawFileName}".
             This reference is not "CopyLocal" because at least one source item had "Private" set to "false" and no source items had "Private" set to "true".
         Primary reference "System.Runtime.Extensions, Version=9.0.0.0, Culture=neutral, PublicKeyToken=b03f5f7f11d50a3a".
             Resolved file path is "C:\Program Files\dotnet\packs\Microsoft.NETCore.App.Ref\9.0.8\ref\net9.0\System.Runtime.Extensions.dll".
             Reference found at search path location "{RawFileName}".
             This reference is not "CopyLocal" because at least one source item had "Private" set to "false" and no source items had "Private" set to "true".
         Primary reference "System.Runtime.Handles, Version=9.0.0.0, Culture=neutral, PublicKeyToken=b03f5f7f11d50a3a".
             Resolved file path is "C:\Program Files\dotnet\packs\Microsoft.NETCore.App.Ref\9.0.8\ref\net9.0\System.Runtime.Handles.dll".
             Reference found at search path location "{RawFileName}".
             This reference is not "CopyLocal" because at least one source item had "Private" set to "false" and no source items had "Private" set to "true".
         Primary reference "System.Runtime.InteropServices.JavaScript, Version=9.0.0.0, Culture=neutral, PublicKeyToken=b03f5f7f11d50a3a".
             Resolved file path is "C:\Program Files\dotnet\packs\Microsoft.NETCore.App.Ref\9.0.8\ref\net9.0\System.Runtime.InteropServices.JavaScript.dll".
             Reference found at search path location "{RawFileName}".
             This reference is not "CopyLocal" because at least one source item had "Private" set to "false" and no source items had "Private" set to "true".
         Primary reference "System.Runtime.InteropServices.RuntimeInformation, Version=9.0.0.0, Culture=neutral, PublicKeyToken=b03f5f7f11d50a3a".
             Resolved file path is "C:\Program Files\dotnet\packs\Microsoft.NETCore.App.Ref\9.0.8\ref\net9.0\System.Runtime.InteropServices.RuntimeInformation.dll".
             Reference found at search path location "{RawFileName}".
             This reference is not "CopyLocal" because at least one source item had "Private" set to "false" and no source items had "Private" set to "true".
         Primary reference "System.Runtime.InteropServices, Version=9.0.0.0, Culture=neutral, PublicKeyToken=b03f5f7f11d50a3a".
             Resolved file path is "C:\Program Files\dotnet\packs\Microsoft.NETCore.App.Ref\9.0.8\ref\net9.0\System.Runtime.InteropServices.dll".
             Reference found at search path location "{RawFileName}".
             This reference is not "CopyLocal" because at least one source item had "Private" set to "false" and no source items had "Private" set to "true".
         Primary reference "System.Runtime.Intrinsics, Version=9.0.0.0, Culture=neutral, PublicKeyToken=cc7b13ffcd2ddd51".
             Resolved file path is "C:\Program Files\dotnet\packs\Microsoft.NETCore.App.Ref\9.0.8\ref\net9.0\System.Runtime.Intrinsics.dll".
             Reference found at search path location "{RawFileName}".
             This reference is not "CopyLocal" because at least one source item had "Private" set to "false" and no source items had "Private" set to "true".
         Primary reference "System.Runtime.Loader, Version=9.0.0.0, Culture=neutral, PublicKeyToken=b03f5f7f11d50a3a".
             Resolved file path is "C:\Program Files\dotnet\packs\Microsoft.NETCore.App.Ref\9.0.8\ref\net9.0\System.Runtime.Loader.dll".
             Reference found at search path location "{RawFileName}".
             This reference is not "CopyLocal" because at least one source item had "Private" set to "false" and no source items had "Private" set to "true".
         Primary reference "System.Runtime.Numerics, Version=9.0.0.0, Culture=neutral, PublicKeyToken=b03f5f7f11d50a3a".
             Resolved file path is "C:\Program Files\dotnet\packs\Microsoft.NETCore.App.Ref\9.0.8\ref\net9.0\System.Runtime.Numerics.dll".
             Reference found at search path location "{RawFileName}".
             This reference is not "CopyLocal" because at least one source item had "Private" set to "false" and no source items had "Private" set to "true".
         Primary reference "System.Runtime.Serialization.Formatters, Version=8.1.0.0, Culture=neutral, PublicKeyToken=b03f5f7f11d50a3a".
             Resolved file path is "C:\Program Files\dotnet\packs\Microsoft.NETCore.App.Ref\9.0.8\ref\net9.0\System.Runtime.Serialization.Formatters.dll".
             Reference found at search path location "{RawFileName}".
             This reference is not "CopyLocal" because at least one source item had "Private" set to "false" and no source items had "Private" set to "true".
         Primary reference "System.Runtime.Serialization.Json, Version=9.0.0.0, Culture=neutral, PublicKeyToken=b03f5f7f11d50a3a".
             Resolved file path is "C:\Program Files\dotnet\packs\Microsoft.NETCore.App.Ref\9.0.8\ref\net9.0\System.Runtime.Serialization.Json.dll".
             Reference found at search path location "{RawFileName}".
             This reference is not "CopyLocal" because at least one source item had "Private" set to "false" and no source items had "Private" set to "true".
         Primary reference "System.Runtime.Serialization.Primitives, Version=9.0.0.0, Culture=neutral, PublicKeyToken=b03f5f7f11d50a3a".
             Resolved file path is "C:\Program Files\dotnet\packs\Microsoft.NETCore.App.Ref\9.0.8\ref\net9.0\System.Runtime.Serialization.Primitives.dll".
             Reference found at search path location "{RawFileName}".
             This reference is not "CopyLocal" because at least one source item had "Private" set to "false" and no source items had "Private" set to "true".
         Primary reference "System.Runtime.Serialization.Xml, Version=9.0.0.0, Culture=neutral, PublicKeyToken=b03f5f7f11d50a3a".
             Resolved file path is "C:\Program Files\dotnet\packs\Microsoft.NETCore.App.Ref\9.0.8\ref\net9.0\System.Runtime.Serialization.Xml.dll".
             Reference found at search path location "{RawFileName}".
             This reference is not "CopyLocal" because at least one source item had "Private" set to "false" and no source items had "Private" set to "true".
         Primary reference "System.Runtime.Serialization, Version=4.0.0.0, Culture=neutral, PublicKeyToken=b77a5c561934e089".
             Resolved file path is "C:\Program Files\dotnet\packs\Microsoft.NETCore.App.Ref\9.0.8\ref\net9.0\System.Runtime.Serialization.dll".
             Reference found at search path location "{RawFileName}".
             This reference is not "CopyLocal" because at least one source item had "Private" set to "false" and no source items had "Private" set to "true".
         Primary reference "System.Runtime, Version=9.0.0.0, Culture=neutral, PublicKeyToken=b03f5f7f11d50a3a".
             Resolved file path is "C:\Program Files\dotnet\packs\Microsoft.NETCore.App.Ref\9.0.8\ref\net9.0\System.Runtime.dll".
             Reference found at search path location "{RawFileName}".
             This reference is not "CopyLocal" because at least one source item had "Private" set to "false" and no source items had "Private" set to "true".
         Primary reference "System.Security.AccessControl, Version=9.0.0.0, Culture=neutral, PublicKeyToken=b03f5f7f11d50a3a".
             Resolved file path is "C:\Program Files\dotnet\packs\Microsoft.NETCore.App.Ref\9.0.8\ref\net9.0\System.Security.AccessControl.dll".
             Reference found at search path location "{RawFileName}".
             This reference is not "CopyLocal" because at least one source item had "Private" set to "false" and no source items had "Private" set to "true".
         Primary reference "System.Security.Claims, Version=9.0.0.0, Culture=neutral, PublicKeyToken=b03f5f7f11d50a3a".
             Resolved file path is "C:\Program Files\dotnet\packs\Microsoft.NETCore.App.Ref\9.0.8\ref\net9.0\System.Security.Claims.dll".
             Reference found at search path location "{RawFileName}".
             This reference is not "CopyLocal" because at least one source item had "Private" set to "false" and no source items had "Private" set to "true".
         Primary reference "System.Security.Cryptography.Algorithms, Version=9.0.0.0, Culture=neutral, PublicKeyToken=b03f5f7f11d50a3a".
             Resolved file path is "C:\Program Files\dotnet\packs\Microsoft.NETCore.App.Ref\9.0.8\ref\net9.0\System.Security.Cryptography.Algorithms.dll".
             Reference found at search path location "{RawFileName}".
             This reference is not "CopyLocal" because at least one source item had "Private" set to "false" and no source items had "Private" set to "true".
         Primary reference "System.Security.Cryptography.Cng, Version=9.0.0.0, Culture=neutral, PublicKeyToken=b03f5f7f11d50a3a".
             Resolved file path is "C:\Program Files\dotnet\packs\Microsoft.NETCore.App.Ref\9.0.8\ref\net9.0\System.Security.Cryptography.Cng.dll".
             Reference found at search path location "{RawFileName}".
             This reference is not "CopyLocal" because at least one source item had "Private" set to "false" and no source items had "Private" set to "true".
         Primary reference "System.Security.Cryptography.Csp, Version=9.0.0.0, Culture=neutral, PublicKeyToken=b03f5f7f11d50a3a".
             Resolved file path is "C:\Program Files\dotnet\packs\Microsoft.NETCore.App.Ref\9.0.8\ref\net9.0\System.Security.Cryptography.Csp.dll".
             Reference found at search path location "{RawFileName}".
             This reference is not "CopyLocal" because at least one source item had "Private" set to "false" and no source items had "Private" set to "true".
         Primary reference "System.Security.Cryptography.Encoding, Version=9.0.0.0, Culture=neutral, PublicKeyToken=b03f5f7f11d50a3a".
             Resolved file path is "C:\Program Files\dotnet\packs\Microsoft.NETCore.App.Ref\9.0.8\ref\net9.0\System.Security.Cryptography.Encoding.dll".
             Reference found at search path location "{RawFileName}".
             This reference is not "CopyLocal" because at least one source item had "Private" set to "false" and no source items had "Private" set to "true".
         Primary reference "System.Security.Cryptography.OpenSsl, Version=9.0.0.0, Culture=neutral, PublicKeyToken=b03f5f7f11d50a3a".
             Resolved file path is "C:\Program Files\dotnet\packs\Microsoft.NETCore.App.Ref\9.0.8\ref\net9.0\System.Security.Cryptography.OpenSsl.dll".
             Reference found at search path location "{RawFileName}".
             This reference is not "CopyLocal" because at least one source item had "Private" set to "false" and no source items had "Private" set to "true".
         Primary reference "System.Security.Cryptography.Primitives, Version=9.0.0.0, Culture=neutral, PublicKeyToken=b03f5f7f11d50a3a".
             Resolved file path is "C:\Program Files\dotnet\packs\Microsoft.NETCore.App.Ref\9.0.8\ref\net9.0\System.Security.Cryptography.Primitives.dll".
             Reference found at search path location "{RawFileName}".
             This reference is not "CopyLocal" because at least one source item had "Private" set to "false" and no source items had "Private" set to "true".
         Primary reference "System.Security.Cryptography.X509Certificates, Version=9.0.0.0, Culture=neutral, PublicKeyToken=b03f5f7f11d50a3a".
             Resolved file path is "C:\Program Files\dotnet\packs\Microsoft.NETCore.App.Ref\9.0.8\ref\net9.0\System.Security.Cryptography.X509Certificates.dll".
             Reference found at search path location "{RawFileName}".
             This reference is not "CopyLocal" because at least one source item had "Private" set to "false" and no source items had "Private" set to "true".
         Primary reference "System.Security.Cryptography, Version=9.0.0.0, Culture=neutral, PublicKeyToken=b03f5f7f11d50a3a".
             Resolved file path is "C:\Program Files\dotnet\packs\Microsoft.NETCore.App.Ref\9.0.8\ref\net9.0\System.Security.Cryptography.dll".
             Reference found at search path location "{RawFileName}".
             This reference is not "CopyLocal" because at least one source item had "Private" set to "false" and no source items had "Private" set to "true".
         Primary reference "System.Security.Principal.Windows, Version=9.0.0.0, Culture=neutral, PublicKeyToken=b03f5f7f11d50a3a".
             Resolved file path is "C:\Program Files\dotnet\packs\Microsoft.NETCore.App.Ref\9.0.8\ref\net9.0\System.Security.Principal.Windows.dll".
             Reference found at search path location "{RawFileName}".
             This reference is not "CopyLocal" because at least one source item had "Private" set to "false" and no source items had "Private" set to "true".
         Primary reference "System.Security.Principal, Version=9.0.0.0, Culture=neutral, PublicKeyToken=b03f5f7f11d50a3a".
             Resolved file path is "C:\Program Files\dotnet\packs\Microsoft.NETCore.App.Ref\9.0.8\ref\net9.0\System.Security.Principal.dll".
             Reference found at search path location "{RawFileName}".
             This reference is not "CopyLocal" because at least one source item had "Private" set to "false" and no source items had "Private" set to "true".
         Primary reference "System.Security.SecureString, Version=9.0.0.0, Culture=neutral, PublicKeyToken=b03f5f7f11d50a3a".
             Resolved file path is "C:\Program Files\dotnet\packs\Microsoft.NETCore.App.Ref\9.0.8\ref\net9.0\System.Security.SecureString.dll".
             Reference found at search path location "{RawFileName}".
             This reference is not "CopyLocal" because at least one source item had "Private" set to "false" and no source items had "Private" set to "true".
         Primary reference "System.Security, Version=4.0.0.0, Culture=neutral, PublicKeyToken=b03f5f7f11d50a3a".
             Resolved file path is "C:\Program Files\dotnet\packs\Microsoft.NETCore.App.Ref\9.0.8\ref\net9.0\System.Security.dll".
             Reference found at search path location "{RawFileName}".
             This reference is not "CopyLocal" because at least one source item had "Private" set to "false" and no source items had "Private" set to "true".
         Primary reference "System.ServiceModel.Web, Version=4.0.0.0, Culture=neutral, PublicKeyToken=31bf3856ad364e35".
             Resolved file path is "C:\Program Files\dotnet\packs\Microsoft.NETCore.App.Ref\9.0.8\ref\net9.0\System.ServiceModel.Web.dll".
             Reference found at search path location "{RawFileName}".
             This reference is not "CopyLocal" because at least one source item had "Private" set to "false" and no source items had "Private" set to "true".
         Primary reference "System.ServiceProcess, Version=4.0.0.0, Culture=neutral, PublicKeyToken=b03f5f7f11d50a3a".
             Resolved file path is "C:\Program Files\dotnet\packs\Microsoft.NETCore.App.Ref\9.0.8\ref\net9.0\System.ServiceProcess.dll".
             Reference found at search path location "{RawFileName}".
             This reference is not "CopyLocal" because at least one source item had "Private" set to "false" and no source items had "Private" set to "true".
         Primary reference "System.Text.Encoding.CodePages, Version=9.0.0.0, Culture=neutral, PublicKeyToken=b03f5f7f11d50a3a".
             Resolved file path is "C:\Program Files\dotnet\packs\Microsoft.NETCore.App.Ref\9.0.8\ref\net9.0\System.Text.Encoding.CodePages.dll".
             Reference found at search path location "{RawFileName}".
             This reference is not "CopyLocal" because at least one source item had "Private" set to "false" and no source items had "Private" set to "true".
         Primary reference "System.Text.Encoding.Extensions, Version=9.0.0.0, Culture=neutral, PublicKeyToken=b03f5f7f11d50a3a".
             Resolved file path is "C:\Program Files\dotnet\packs\Microsoft.NETCore.App.Ref\9.0.8\ref\net9.0\System.Text.Encoding.Extensions.dll".
             Reference found at search path location "{RawFileName}".
             This reference is not "CopyLocal" because at least one source item had "Private" set to "false" and no source items had "Private" set to "true".
         Primary reference "System.Text.Encoding, Version=9.0.0.0, Culture=neutral, PublicKeyToken=b03f5f7f11d50a3a".
             Resolved file path is "C:\Program Files\dotnet\packs\Microsoft.NETCore.App.Ref\9.0.8\ref\net9.0\System.Text.Encoding.dll".
             Reference found at search path location "{RawFileName}".
             This reference is not "CopyLocal" because at least one source item had "Private" set to "false" and no source items had "Private" set to "true".
         Primary reference "System.Text.RegularExpressions, Version=9.0.0.0, Culture=neutral, PublicKeyToken=b03f5f7f11d50a3a".
             Resolved file path is "C:\Program Files\dotnet\packs\Microsoft.NETCore.App.Ref\9.0.8\ref\net9.0\System.Text.RegularExpressions.dll".
             Reference found at search path location "{RawFileName}".
             This reference is not "CopyLocal" because at least one source item had "Private" set to "false" and no source items had "Private" set to "true".
         Primary reference "System.Threading.Channels, Version=9.0.0.0, Culture=neutral, PublicKeyToken=cc7b13ffcd2ddd51".
             Resolved file path is "C:\Program Files\dotnet\packs\Microsoft.NETCore.App.Ref\9.0.8\ref\net9.0\System.Threading.Channels.dll".
             Reference found at search path location "{RawFileName}".
             This reference is not "CopyLocal" because at least one source item had "Private" set to "false" and no source items had "Private" set to "true".
         Primary reference "System.Threading.Overlapped, Version=9.0.0.0, Culture=neutral, PublicKeyToken=b03f5f7f11d50a3a".
             Resolved file path is "C:\Program Files\dotnet\packs\Microsoft.NETCore.App.Ref\9.0.8\ref\net9.0\System.Threading.Overlapped.dll".
             Reference found at search path location "{RawFileName}".
             This reference is not "CopyLocal" because at least one source item had "Private" set to "false" and no source items had "Private" set to "true".
         Primary reference "System.Threading.Tasks.Dataflow, Version=9.0.0.0, Culture=neutral, PublicKeyToken=b03f5f7f11d50a3a".
             Resolved file path is "C:\Program Files\dotnet\packs\Microsoft.NETCore.App.Ref\9.0.8\ref\net9.0\System.Threading.Tasks.Dataflow.dll".
             Reference found at search path location "{RawFileName}".
             This reference is not "CopyLocal" because at least one source item had "Private" set to "false" and no source items had "Private" set to "true".
         Primary reference "System.Threading.Tasks.Extensions, Version=9.0.0.0, Culture=neutral, PublicKeyToken=cc7b13ffcd2ddd51".
             Resolved file path is "C:\Program Files\dotnet\packs\Microsoft.NETCore.App.Ref\9.0.8\ref\net9.0\System.Threading.Tasks.Extensions.dll".
             Reference found at search path location "{RawFileName}".
             This reference is not "CopyLocal" because at least one source item had "Private" set to "false" and no source items had "Private" set to "true".
         Primary reference "System.Threading.Tasks.Parallel, Version=9.0.0.0, Culture=neutral, PublicKeyToken=b03f5f7f11d50a3a".
             Resolved file path is "C:\Program Files\dotnet\packs\Microsoft.NETCore.App.Ref\9.0.8\ref\net9.0\System.Threading.Tasks.Parallel.dll".
             Reference found at search path location "{RawFileName}".
             This reference is not "CopyLocal" because at least one source item had "Private" set to "false" and no source items had "Private" set to "true".
         Primary reference "System.Threading.Tasks, Version=9.0.0.0, Culture=neutral, PublicKeyToken=b03f5f7f11d50a3a".
             Resolved file path is "C:\Program Files\dotnet\packs\Microsoft.NETCore.App.Ref\9.0.8\ref\net9.0\System.Threading.Tasks.dll".
             Reference found at search path location "{RawFileName}".
             This reference is not "CopyLocal" because at least one source item had "Private" set to "false" and no source items had "Private" set to "true".
         Primary reference "System.Threading.Thread, Version=9.0.0.0, Culture=neutral, PublicKeyToken=b03f5f7f11d50a3a".
             Resolved file path is "C:\Program Files\dotnet\packs\Microsoft.NETCore.App.Ref\9.0.8\ref\net9.0\System.Threading.Thread.dll".
             Reference found at search path location "{RawFileName}".
             This reference is not "CopyLocal" because at least one source item had "Private" set to "false" and no source items had "Private" set to "true".
         Primary reference "System.Threading.ThreadPool, Version=9.0.0.0, Culture=neutral, PublicKeyToken=b03f5f7f11d50a3a".
             Resolved file path is "C:\Program Files\dotnet\packs\Microsoft.NETCore.App.Ref\9.0.8\ref\net9.0\System.Threading.ThreadPool.dll".
             Reference found at search path location "{RawFileName}".
             This reference is not "CopyLocal" because at least one source item had "Private" set to "false" and no source items had "Private" set to "true".
         Primary reference "System.Threading.Timer, Version=9.0.0.0, Culture=neutral, PublicKeyToken=b03f5f7f11d50a3a".
             Resolved file path is "C:\Program Files\dotnet\packs\Microsoft.NETCore.App.Ref\9.0.8\ref\net9.0\System.Threading.Timer.dll".
             Reference found at search path location "{RawFileName}".
             This reference is not "CopyLocal" because at least one source item had "Private" set to "false" and no source items had "Private" set to "true".
         Primary reference "System.Threading, Version=9.0.0.0, Culture=neutral, PublicKeyToken=b03f5f7f11d50a3a".
             Resolved file path is "C:\Program Files\dotnet\packs\Microsoft.NETCore.App.Ref\9.0.8\ref\net9.0\System.Threading.dll".
             Reference found at search path location "{RawFileName}".
             This reference is not "CopyLocal" because at least one source item had "Private" set to "false" and no source items had "Private" set to "true".
         Primary reference "System.Transactions.Local, Version=9.0.0.0, Culture=neutral, PublicKeyToken=cc7b13ffcd2ddd51".
             Resolved file path is "C:\Program Files\dotnet\packs\Microsoft.NETCore.App.Ref\9.0.8\ref\net9.0\System.Transactions.Local.dll".
             Reference found at search path location "{RawFileName}".
             This reference is not "CopyLocal" because at least one source item had "Private" set to "false" and no source items had "Private" set to "true".
         Primary reference "System.Transactions, Version=4.0.0.0, Culture=neutral, PublicKeyToken=b77a5c561934e089".
             Resolved file path is "C:\Program Files\dotnet\packs\Microsoft.NETCore.App.Ref\9.0.8\ref\net9.0\System.Transactions.dll".
             Reference found at search path location "{RawFileName}".
             This reference is not "CopyLocal" because at least one source item had "Private" set to "false" and no source items had "Private" set to "true".
         Primary reference "System.ValueTuple, Version=9.0.0.0, Culture=neutral, PublicKeyToken=cc7b13ffcd2ddd51".
             Resolved file path is "C:\Program Files\dotnet\packs\Microsoft.NETCore.App.Ref\9.0.8\ref\net9.0\System.ValueTuple.dll".
             Reference found at search path location "{RawFileName}".
             This reference is not "CopyLocal" because at least one source item had "Private" set to "false" and no source items had "Private" set to "true".
         Primary reference "System.Web.HttpUtility, Version=9.0.0.0, Culture=neutral, PublicKeyToken=cc7b13ffcd2ddd51".
             Resolved file path is "C:\Program Files\dotnet\packs\Microsoft.NETCore.App.Ref\9.0.8\ref\net9.0\System.Web.HttpUtility.dll".
             Reference found at search path location "{RawFileName}".
             This reference is not "CopyLocal" because at least one source item had "Private" set to "false" and no source items had "Private" set to "true".
         Primary reference "System.Web, Version=4.0.0.0, Culture=neutral, PublicKeyToken=b03f5f7f11d50a3a".
             Resolved file path is "C:\Program Files\dotnet\packs\Microsoft.NETCore.App.Ref\9.0.8\ref\net9.0\System.Web.dll".
             Reference found at search path location "{RawFileName}".
             This reference is not "CopyLocal" because at least one source item had "Private" set to "false" and no source items had "Private" set to "true".
         Primary reference "System.Windows, Version=4.0.0.0, Culture=neutral, PublicKeyToken=b03f5f7f11d50a3a".
             Resolved file path is "C:\Program Files\dotnet\packs\Microsoft.NETCore.App.Ref\9.0.8\ref\net9.0\System.Windows.dll".
             Reference found at search path location "{RawFileName}".
             This reference is not "CopyLocal" because at least one source item had "Private" set to "false" and no source items had "Private" set to "true".
         Primary reference "System.Xml.Linq, Version=4.0.0.0, Culture=neutral, PublicKeyToken=b77a5c561934e089".
             Resolved file path is "C:\Program Files\dotnet\packs\Microsoft.NETCore.App.Ref\9.0.8\ref\net9.0\System.Xml.Linq.dll".
             Reference found at search path location "{RawFileName}".
             This reference is not "CopyLocal" because at least one source item had "Private" set to "false" and no source items had "Private" set to "true".
         Primary reference "System.Xml.ReaderWriter, Version=9.0.0.0, Culture=neutral, PublicKeyToken=b03f5f7f11d50a3a".
             Resolved file path is "C:\Program Files\dotnet\packs\Microsoft.NETCore.App.Ref\9.0.8\ref\net9.0\System.Xml.ReaderWriter.dll".
             Reference found at search path location "{RawFileName}".
             This reference is not "CopyLocal" because at least one source item had "Private" set to "false" and no source items had "Private" set to "true".
         Primary reference "System.Xml.Serialization, Version=4.0.0.0, Culture=neutral, PublicKeyToken=b77a5c561934e089".
             Resolved file path is "C:\Program Files\dotnet\packs\Microsoft.NETCore.App.Ref\9.0.8\ref\net9.0\System.Xml.Serialization.dll".
             Reference found at search path location "{RawFileName}".
             This reference is not "CopyLocal" because at least one source item had "Private" set to "false" and no source items had "Private" set to "true".
         Primary reference "System.Xml.XDocument, Version=9.0.0.0, Culture=neutral, PublicKeyToken=b03f5f7f11d50a3a".
             Resolved file path is "C:\Program Files\dotnet\packs\Microsoft.NETCore.App.Ref\9.0.8\ref\net9.0\System.Xml.XDocument.dll".
             Reference found at search path location "{RawFileName}".
             This reference is not "CopyLocal" because at least one source item had "Private" set to "false" and no source items had "Private" set to "true".
         Primary reference "System.Xml.XPath.XDocument, Version=9.0.0.0, Culture=neutral, PublicKeyToken=b03f5f7f11d50a3a".
             Resolved file path is "C:\Program Files\dotnet\packs\Microsoft.NETCore.App.Ref\9.0.8\ref\net9.0\System.Xml.XPath.XDocument.dll".
             Reference found at search path location "{RawFileName}".
             This reference is not "CopyLocal" because at least one source item had "Private" set to "false" and no source items had "Private" set to "true".
         Primary reference "System.Xml.XPath, Version=9.0.0.0, Culture=neutral, PublicKeyToken=b03f5f7f11d50a3a".
             Resolved file path is "C:\Program Files\dotnet\packs\Microsoft.NETCore.App.Ref\9.0.8\ref\net9.0\System.Xml.XPath.dll".
             Reference found at search path location "{RawFileName}".
             This reference is not "CopyLocal" because at least one source item had "Private" set to "false" and no source items had "Private" set to "true".
         Primary reference "System.Xml.XmlDocument, Version=9.0.0.0, Culture=neutral, PublicKeyToken=b03f5f7f11d50a3a".
             Resolved file path is "C:\Program Files\dotnet\packs\Microsoft.NETCore.App.Ref\9.0.8\ref\net9.0\System.Xml.XmlDocument.dll".
             Reference found at search path location "{RawFileName}".
             This reference is not "CopyLocal" because at least one source item had "Private" set to "false" and no source items had "Private" set to "true".
         Primary reference "System.Xml.XmlSerializer, Version=9.0.0.0, Culture=neutral, PublicKeyToken=b03f5f7f11d50a3a".
             Resolved file path is "C:\Program Files\dotnet\packs\Microsoft.NETCore.App.Ref\9.0.8\ref\net9.0\System.Xml.XmlSerializer.dll".
             Reference found at search path location "{RawFileName}".
             This reference is not "CopyLocal" because at least one source item had "Private" set to "false" and no source items had "Private" set to "true".
         Primary reference "System.Xml, Version=4.0.0.0, Culture=neutral, PublicKeyToken=b77a5c561934e089".
             Resolved file path is "C:\Program Files\dotnet\packs\Microsoft.NETCore.App.Ref\9.0.8\ref\net9.0\System.Xml.dll".
             Reference found at search path location "{RawFileName}".
             This reference is not "CopyLocal" because at least one source item had "Private" set to "false" and no source items had "Private" set to "true".
         Primary reference "System, Version=4.0.0.0, Culture=neutral, PublicKeyToken=b77a5c561934e089".
             Resolved file path is "C:\Program Files\dotnet\packs\Microsoft.NETCore.App.Ref\9.0.8\ref\net9.0\System.dll".
             Reference found at search path location "{RawFileName}".
             This reference is not "CopyLocal" because at least one source item had "Private" set to "false" and no source items had "Private" set to "true".
         Primary reference "WindowsBase, Version=4.0.0.0, Culture=neutral, PublicKeyToken=31bf3856ad364e35".
             Resolved file path is "C:\Program Files\dotnet\packs\Microsoft.NETCore.App.Ref\9.0.8\ref\net9.0\WindowsBase.dll".
             Reference found at search path location "{RawFileName}".
             This reference is not "CopyLocal" because at least one source item had "Private" set to "false" and no source items had "Private" set to "true".
         Primary reference "mscorlib, Version=4.0.0.0, Culture=neutral, PublicKeyToken=b77a5c561934e089".
             Resolved file path is "C:\Program Files\dotnet\packs\Microsoft.NETCore.App.Ref\9.0.8\ref\net9.0\mscorlib.dll".
             Reference found at search path location "{RawFileName}".
             This reference is not "CopyLocal" because at least one source item had "Private" set to "false" and no source items had "Private" set to "true".
         Primary reference "netstandard, Version=2.1.0.0, Culture=neutral, PublicKeyToken=cc7b13ffcd2ddd51".
             Resolved file path is "C:\Program Files\dotnet\packs\Microsoft.NETCore.App.Ref\9.0.8\ref\net9.0\netstandard.dll".
             Reference found at search path location "{RawFileName}".
             This reference is not "CopyLocal" because at least one source item had "Private" set to "false" and no source items had "Private" set to "true".
         Primary reference "Microsoft.AspNetCore.Antiforgery, Version=9.0.0.0, Culture=neutral, PublicKeyToken=adb9793829ddae60".
             Resolved file path is "C:\Program Files\dotnet\packs\Microsoft.AspNetCore.App.Ref\9.0.8\ref\net9.0\Microsoft.AspNetCore.Antiforgery.dll".
             Reference found at search path location "{RawFileName}".
             This reference is not "CopyLocal" because at least one source item had "Private" set to "false" and no source items had "Private" set to "true".
         Primary reference "Microsoft.AspNetCore.Authentication.Abstractions, Version=9.0.0.0, Culture=neutral, PublicKeyToken=adb9793829ddae60".
             Resolved file path is "C:\Program Files\dotnet\packs\Microsoft.AspNetCore.App.Ref\9.0.8\ref\net9.0\Microsoft.AspNetCore.Authentication.Abstractions.dll".
             Reference found at search path location "{RawFileName}".
             This reference is not "CopyLocal" because at least one source item had "Private" set to "false" and no source items had "Private" set to "true".
         Primary reference "Microsoft.AspNetCore.Authentication.BearerToken, Version=9.0.0.0, Culture=neutral, PublicKeyToken=adb9793829ddae60".
             Resolved file path is "C:\Program Files\dotnet\packs\Microsoft.AspNetCore.App.Ref\9.0.8\ref\net9.0\Microsoft.AspNetCore.Authentication.BearerToken.dll".
             Reference found at search path location "{RawFileName}".
             This reference is not "CopyLocal" because at least one source item had "Private" set to "false" and no source items had "Private" set to "true".
         Primary reference "Microsoft.AspNetCore.Authentication.Cookies, Version=9.0.0.0, Culture=neutral, PublicKeyToken=adb9793829ddae60".
             Resolved file path is "C:\Program Files\dotnet\packs\Microsoft.AspNetCore.App.Ref\9.0.8\ref\net9.0\Microsoft.AspNetCore.Authentication.Cookies.dll".
             Reference found at search path location "{RawFileName}".
             This reference is not "CopyLocal" because at least one source item had "Private" set to "false" and no source items had "Private" set to "true".
         Primary reference "Microsoft.AspNetCore.Authentication.Core, Version=9.0.0.0, Culture=neutral, PublicKeyToken=adb9793829ddae60".
             Resolved file path is "C:\Program Files\dotnet\packs\Microsoft.AspNetCore.App.Ref\9.0.8\ref\net9.0\Microsoft.AspNetCore.Authentication.Core.dll".
             Reference found at search path location "{RawFileName}".
             This reference is not "CopyLocal" because at least one source item had "Private" set to "false" and no source items had "Private" set to "true".
         Primary reference "Microsoft.AspNetCore.Authentication.OAuth, Version=9.0.0.0, Culture=neutral, PublicKeyToken=adb9793829ddae60".
             Resolved file path is "C:\Program Files\dotnet\packs\Microsoft.AspNetCore.App.Ref\9.0.8\ref\net9.0\Microsoft.AspNetCore.Authentication.OAuth.dll".
             Reference found at search path location "{RawFileName}".
             This reference is not "CopyLocal" because at least one source item had "Private" set to "false" and no source items had "Private" set to "true".
         Primary reference "Microsoft.AspNetCore.Authentication, Version=9.0.0.0, Culture=neutral, PublicKeyToken=adb9793829ddae60".
             Resolved file path is "C:\Program Files\dotnet\packs\Microsoft.AspNetCore.App.Ref\9.0.8\ref\net9.0\Microsoft.AspNetCore.Authentication.dll".
             Reference found at search path location "{RawFileName}".
             This reference is not "CopyLocal" because at least one source item had "Private" set to "false" and no source items had "Private" set to "true".
         Primary reference "Microsoft.AspNetCore.Authorization.Policy, Version=9.0.0.0, Culture=neutral, PublicKeyToken=adb9793829ddae60".
             Resolved file path is "C:\Program Files\dotnet\packs\Microsoft.AspNetCore.App.Ref\9.0.8\ref\net9.0\Microsoft.AspNetCore.Authorization.Policy.dll".
             Reference found at search path location "{RawFileName}".
             This reference is not "CopyLocal" because at least one source item had "Private" set to "false" and no source items had "Private" set to "true".
         Primary reference "Microsoft.AspNetCore.Authorization, Version=9.0.0.0, Culture=neutral, PublicKeyToken=adb9793829ddae60".
             Resolved file path is "C:\Program Files\dotnet\packs\Microsoft.AspNetCore.App.Ref\9.0.8\ref\net9.0\Microsoft.AspNetCore.Authorization.dll".
             Reference found at search path location "{RawFileName}".
             This reference is not "CopyLocal" because at least one source item had "Private" set to "false" and no source items had "Private" set to "true".
         Primary reference "Microsoft.AspNetCore.Components.Authorization, Version=9.0.0.0, Culture=neutral, PublicKeyToken=adb9793829ddae60".
             Resolved file path is "C:\Program Files\dotnet\packs\Microsoft.AspNetCore.App.Ref\9.0.8\ref\net9.0\Microsoft.AspNetCore.Components.Authorization.dll".
             Reference found at search path location "{RawFileName}".
             This reference is not "CopyLocal" because at least one source item had "Private" set to "false" and no source items had "Private" set to "true".
         Primary reference "Microsoft.AspNetCore.Components.Endpoints, Version=9.0.0.0, Culture=neutral, PublicKeyToken=adb9793829ddae60".
             Resolved file path is "C:\Program Files\dotnet\packs\Microsoft.AspNetCore.App.Ref\9.0.8\ref\net9.0\Microsoft.AspNetCore.Components.Endpoints.dll".
             Reference found at search path location "{RawFileName}".
             This reference is not "CopyLocal" because at least one source item had "Private" set to "false" and no source items had "Private" set to "true".
         Primary reference "Microsoft.AspNetCore.Components.Forms, Version=9.0.0.0, Culture=neutral, PublicKeyToken=adb9793829ddae60".
             Resolved file path is "C:\Program Files\dotnet\packs\Microsoft.AspNetCore.App.Ref\9.0.8\ref\net9.0\Microsoft.AspNetCore.Components.Forms.dll".
             Reference found at search path location "{RawFileName}".
             This reference is not "CopyLocal" because at least one source item had "Private" set to "false" and no source items had "Private" set to "true".
         Primary reference "Microsoft.AspNetCore.Components.Server, Version=9.0.0.0, Culture=neutral, PublicKeyToken=adb9793829ddae60".
             Resolved file path is "C:\Program Files\dotnet\packs\Microsoft.AspNetCore.App.Ref\9.0.8\ref\net9.0\Microsoft.AspNetCore.Components.Server.dll".
             Reference found at search path location "{RawFileName}".
             This reference is not "CopyLocal" because at least one source item had "Private" set to "false" and no source items had "Private" set to "true".
         Primary reference "Microsoft.AspNetCore.Components.Web, Version=9.0.0.0, Culture=neutral, PublicKeyToken=adb9793829ddae60".
             Resolved file path is "C:\Program Files\dotnet\packs\Microsoft.AspNetCore.App.Ref\9.0.8\ref\net9.0\Microsoft.AspNetCore.Components.Web.dll".
             Reference found at search path location "{RawFileName}".
             This reference is not "CopyLocal" because at least one source item had "Private" set to "false" and no source items had "Private" set to "true".
         Primary reference "Microsoft.AspNetCore.Components, Version=9.0.0.0, Culture=neutral, PublicKeyToken=adb9793829ddae60".
             Resolved file path is "C:\Program Files\dotnet\packs\Microsoft.AspNetCore.App.Ref\9.0.8\ref\net9.0\Microsoft.AspNetCore.Components.dll".
             Reference found at search path location "{RawFileName}".
             This reference is not "CopyLocal" because at least one source item had "Private" set to "false" and no source items had "Private" set to "true".
         Primary reference "Microsoft.AspNetCore.Connections.Abstractions, Version=9.0.0.0, Culture=neutral, PublicKeyToken=adb9793829ddae60".
             Resolved file path is "C:\Program Files\dotnet\packs\Microsoft.AspNetCore.App.Ref\9.0.8\ref\net9.0\Microsoft.AspNetCore.Connections.Abstractions.dll".
             Reference found at search path location "{RawFileName}".
             This reference is not "CopyLocal" because at least one source item had "Private" set to "false" and no source items had "Private" set to "true".
         Primary reference "Microsoft.AspNetCore.CookiePolicy, Version=9.0.0.0, Culture=neutral, PublicKeyToken=adb9793829ddae60".
             Resolved file path is "C:\Program Files\dotnet\packs\Microsoft.AspNetCore.App.Ref\9.0.8\ref\net9.0\Microsoft.AspNetCore.CookiePolicy.dll".
             Reference found at search path location "{RawFileName}".
             This reference is not "CopyLocal" because at least one source item had "Private" set to "false" and no source items had "Private" set to "true".
         Primary reference "Microsoft.AspNetCore.Cors, Version=9.0.0.0, Culture=neutral, PublicKeyToken=adb9793829ddae60".
             Resolved file path is "C:\Program Files\dotnet\packs\Microsoft.AspNetCore.App.Ref\9.0.8\ref\net9.0\Microsoft.AspNetCore.Cors.dll".
             Reference found at search path location "{RawFileName}".
             This reference is not "CopyLocal" because at least one source item had "Private" set to "false" and no source items had "Private" set to "true".
         Primary reference "Microsoft.AspNetCore.Cryptography.Internal, Version=9.0.0.0, Culture=neutral, PublicKeyToken=adb9793829ddae60".
             Resolved file path is "C:\Program Files\dotnet\packs\Microsoft.AspNetCore.App.Ref\9.0.8\ref\net9.0\Microsoft.AspNetCore.Cryptography.Internal.dll".
             Reference found at search path location "{RawFileName}".
             This reference is not "CopyLocal" because at least one source item had "Private" set to "false" and no source items had "Private" set to "true".
         Primary reference "Microsoft.AspNetCore.Cryptography.KeyDerivation, Version=9.0.0.0, Culture=neutral, PublicKeyToken=adb9793829ddae60".
             Resolved file path is "C:\Program Files\dotnet\packs\Microsoft.AspNetCore.App.Ref\9.0.8\ref\net9.0\Microsoft.AspNetCore.Cryptography.KeyDerivation.dll".
             Reference found at search path location "{RawFileName}".
             This reference is not "CopyLocal" because at least one source item had "Private" set to "false" and no source items had "Private" set to "true".
         Primary reference "Microsoft.AspNetCore.DataProtection.Abstractions, Version=9.0.0.0, Culture=neutral, PublicKeyToken=adb9793829ddae60".
             Resolved file path is "C:\Program Files\dotnet\packs\Microsoft.AspNetCore.App.Ref\9.0.8\ref\net9.0\Microsoft.AspNetCore.DataProtection.Abstractions.dll".
             Reference found at search path location "{RawFileName}".
             This reference is not "CopyLocal" because at least one source item had "Private" set to "false" and no source items had "Private" set to "true".
         Primary reference "Microsoft.AspNetCore.DataProtection.Extensions, Version=9.0.0.0, Culture=neutral, PublicKeyToken=adb9793829ddae60".
             Resolved file path is "C:\Program Files\dotnet\packs\Microsoft.AspNetCore.App.Ref\9.0.8\ref\net9.0\Microsoft.AspNetCore.DataProtection.Extensions.dll".
             Reference found at search path location "{RawFileName}".
             This reference is not "CopyLocal" because at least one source item had "Private" set to "false" and no source items had "Private" set to "true".
         Primary reference "Microsoft.AspNetCore.DataProtection, Version=9.0.0.0, Culture=neutral, PublicKeyToken=adb9793829ddae60".
             Resolved file path is "C:\Program Files\dotnet\packs\Microsoft.AspNetCore.App.Ref\9.0.8\ref\net9.0\Microsoft.AspNetCore.DataProtection.dll".
             Reference found at search path location "{RawFileName}".
             This reference is not "CopyLocal" because at least one source item had "Private" set to "false" and no source items had "Private" set to "true".
         Primary reference "Microsoft.AspNetCore.Diagnostics.Abstractions, Version=9.0.0.0, Culture=neutral, PublicKeyToken=adb9793829ddae60".
             Resolved file path is "C:\Program Files\dotnet\packs\Microsoft.AspNetCore.App.Ref\9.0.8\ref\net9.0\Microsoft.AspNetCore.Diagnostics.Abstractions.dll".
             Reference found at search path location "{RawFileName}".
             This reference is not "CopyLocal" because at least one source item had "Private" set to "false" and no source items had "Private" set to "true".
         Primary reference "Microsoft.AspNetCore.Diagnostics.HealthChecks, Version=9.0.0.0, Culture=neutral, PublicKeyToken=adb9793829ddae60".
             Resolved file path is "C:\Program Files\dotnet\packs\Microsoft.AspNetCore.App.Ref\9.0.8\ref\net9.0\Microsoft.AspNetCore.Diagnostics.HealthChecks.dll".
             Reference found at search path location "{RawFileName}".
             This reference is not "CopyLocal" because at least one source item had "Private" set to "false" and no source items had "Private" set to "true".
         Primary reference "Microsoft.AspNetCore.Diagnostics, Version=9.0.0.0, Culture=neutral, PublicKeyToken=adb9793829ddae60".
             Resolved file path is "C:\Program Files\dotnet\packs\Microsoft.AspNetCore.App.Ref\9.0.8\ref\net9.0\Microsoft.AspNetCore.Diagnostics.dll".
             Reference found at search path location "{RawFileName}".
             This reference is not "CopyLocal" because at least one source item had "Private" set to "false" and no source items had "Private" set to "true".
         Primary reference "Microsoft.AspNetCore.HostFiltering, Version=9.0.0.0, Culture=neutral, PublicKeyToken=adb9793829ddae60".
             Resolved file path is "C:\Program Files\dotnet\packs\Microsoft.AspNetCore.App.Ref\9.0.8\ref\net9.0\Microsoft.AspNetCore.HostFiltering.dll".
             Reference found at search path location "{RawFileName}".
             This reference is not "CopyLocal" because at least one source item had "Private" set to "false" and no source items had "Private" set to "true".
         Primary reference "Microsoft.AspNetCore.Hosting.Abstractions, Version=9.0.0.0, Culture=neutral, PublicKeyToken=adb9793829ddae60".
             Resolved file path is "C:\Program Files\dotnet\packs\Microsoft.AspNetCore.App.Ref\9.0.8\ref\net9.0\Microsoft.AspNetCore.Hosting.Abstractions.dll".
             Reference found at search path location "{RawFileName}".
             This reference is not "CopyLocal" because at least one source item had "Private" set to "false" and no source items had "Private" set to "true".
         Primary reference "Microsoft.AspNetCore.Hosting.Server.Abstractions, Version=9.0.0.0, Culture=neutral, PublicKeyToken=adb9793829ddae60".
             Resolved file path is "C:\Program Files\dotnet\packs\Microsoft.AspNetCore.App.Ref\9.0.8\ref\net9.0\Microsoft.AspNetCore.Hosting.Server.Abstractions.dll".
             Reference found at search path location "{RawFileName}".
             This reference is not "CopyLocal" because at least one source item had "Private" set to "false" and no source items had "Private" set to "true".
         Primary reference "Microsoft.AspNetCore.Hosting, Version=9.0.0.0, Culture=neutral, PublicKeyToken=adb9793829ddae60".
             Resolved file path is "C:\Program Files\dotnet\packs\Microsoft.AspNetCore.App.Ref\9.0.8\ref\net9.0\Microsoft.AspNetCore.Hosting.dll".
             Reference found at search path location "{RawFileName}".
             This reference is not "CopyLocal" because at least one source item had "Private" set to "false" and no source items had "Private" set to "true".
         Primary reference "Microsoft.AspNetCore.Html.Abstractions, Version=9.0.0.0, Culture=neutral, PublicKeyToken=adb9793829ddae60".
             Resolved file path is "C:\Program Files\dotnet\packs\Microsoft.AspNetCore.App.Ref\9.0.8\ref\net9.0\Microsoft.AspNetCore.Html.Abstractions.dll".
             Reference found at search path location "{RawFileName}".
             This reference is not "CopyLocal" because at least one source item had "Private" set to "false" and no source items had "Private" set to "true".
         Primary reference "Microsoft.AspNetCore.Http.Abstractions, Version=9.0.0.0, Culture=neutral, PublicKeyToken=adb9793829ddae60".
             Resolved file path is "C:\Program Files\dotnet\packs\Microsoft.AspNetCore.App.Ref\9.0.8\ref\net9.0\Microsoft.AspNetCore.Http.Abstractions.dll".
             Reference found at search path location "{RawFileName}".
             This reference is not "CopyLocal" because at least one source item had "Private" set to "false" and no source items had "Private" set to "true".
         Primary reference "Microsoft.AspNetCore.Http.Connections.Common, Version=9.0.0.0, Culture=neutral, PublicKeyToken=adb9793829ddae60".
             Resolved file path is "C:\Program Files\dotnet\packs\Microsoft.AspNetCore.App.Ref\9.0.8\ref\net9.0\Microsoft.AspNetCore.Http.Connections.Common.dll".
             Reference found at search path location "{RawFileName}".
             This reference is not "CopyLocal" because at least one source item had "Private" set to "false" and no source items had "Private" set to "true".
         Primary reference "Microsoft.AspNetCore.Http.Connections, Version=9.0.0.0, Culture=neutral, PublicKeyToken=adb9793829ddae60".
             Resolved file path is "C:\Program Files\dotnet\packs\Microsoft.AspNetCore.App.Ref\9.0.8\ref\net9.0\Microsoft.AspNetCore.Http.Connections.dll".
             Reference found at search path location "{RawFileName}".
             This reference is not "CopyLocal" because at least one source item had "Private" set to "false" and no source items had "Private" set to "true".
         Primary reference "Microsoft.AspNetCore.Http.Extensions, Version=9.0.0.0, Culture=neutral, PublicKeyToken=adb9793829ddae60".
             Resolved file path is "C:\Program Files\dotnet\packs\Microsoft.AspNetCore.App.Ref\9.0.8\ref\net9.0\Microsoft.AspNetCore.Http.Extensions.dll".
             Reference found at search path location "{RawFileName}".
             This reference is not "CopyLocal" because at least one source item had "Private" set to "false" and no source items had "Private" set to "true".
         Primary reference "Microsoft.AspNetCore.Http.Features, Version=9.0.0.0, Culture=neutral, PublicKeyToken=adb9793829ddae60".
             Resolved file path is "C:\Program Files\dotnet\packs\Microsoft.AspNetCore.App.Ref\9.0.8\ref\net9.0\Microsoft.AspNetCore.Http.Features.dll".
             Reference found at search path location "{RawFileName}".
             This reference is not "CopyLocal" because at least one source item had "Private" set to "false" and no source items had "Private" set to "true".
         Primary reference "Microsoft.AspNetCore.Http.Results, Version=9.0.0.0, Culture=neutral, PublicKeyToken=adb9793829ddae60".
             Resolved file path is "C:\Program Files\dotnet\packs\Microsoft.AspNetCore.App.Ref\9.0.8\ref\net9.0\Microsoft.AspNetCore.Http.Results.dll".
             Reference found at search path location "{RawFileName}".
             This reference is not "CopyLocal" because at least one source item had "Private" set to "false" and no source items had "Private" set to "true".
         Primary reference "Microsoft.AspNetCore.Http, Version=9.0.0.0, Culture=neutral, PublicKeyToken=adb9793829ddae60".
             Resolved file path is "C:\Program Files\dotnet\packs\Microsoft.AspNetCore.App.Ref\9.0.8\ref\net9.0\Microsoft.AspNetCore.Http.dll".
             Reference found at search path location "{RawFileName}".
             This reference is not "CopyLocal" because at least one source item had "Private" set to "false" and no source items had "Private" set to "true".
         Primary reference "Microsoft.AspNetCore.HttpLogging, Version=9.0.0.0, Culture=neutral, PublicKeyToken=adb9793829ddae60".
             Resolved file path is "C:\Program Files\dotnet\packs\Microsoft.AspNetCore.App.Ref\9.0.8\ref\net9.0\Microsoft.AspNetCore.HttpLogging.dll".
             Reference found at search path location "{RawFileName}".
             This reference is not "CopyLocal" because at least one source item had "Private" set to "false" and no source items had "Private" set to "true".
         Primary reference "Microsoft.AspNetCore.HttpOverrides, Version=9.0.0.0, Culture=neutral, PublicKeyToken=adb9793829ddae60".
             Resolved file path is "C:\Program Files\dotnet\packs\Microsoft.AspNetCore.App.Ref\9.0.8\ref\net9.0\Microsoft.AspNetCore.HttpOverrides.dll".
             Reference found at search path location "{RawFileName}".
             This reference is not "CopyLocal" because at least one source item had "Private" set to "false" and no source items had "Private" set to "true".
         Primary reference "Microsoft.AspNetCore.HttpsPolicy, Version=9.0.0.0, Culture=neutral, PublicKeyToken=adb9793829ddae60".
             Resolved file path is "C:\Program Files\dotnet\packs\Microsoft.AspNetCore.App.Ref\9.0.8\ref\net9.0\Microsoft.AspNetCore.HttpsPolicy.dll".
             Reference found at search path location "{RawFileName}".
             This reference is not "CopyLocal" because at least one source item had "Private" set to "false" and no source items had "Private" set to "true".
         Primary reference "Microsoft.AspNetCore.Identity, Version=9.0.0.0, Culture=neutral, PublicKeyToken=adb9793829ddae60".
             Resolved file path is "C:\Program Files\dotnet\packs\Microsoft.AspNetCore.App.Ref\9.0.8\ref\net9.0\Microsoft.AspNetCore.Identity.dll".
             Reference found at search path location "{RawFileName}".
             This reference is not "CopyLocal" because at least one source item had "Private" set to "false" and no source items had "Private" set to "true".
         Primary reference "Microsoft.AspNetCore.Localization.Routing, Version=9.0.0.0, Culture=neutral, PublicKeyToken=adb9793829ddae60".
             Resolved file path is "C:\Program Files\dotnet\packs\Microsoft.AspNetCore.App.Ref\9.0.8\ref\net9.0\Microsoft.AspNetCore.Localization.Routing.dll".
             Reference found at search path location "{RawFileName}".
             This reference is not "CopyLocal" because at least one source item had "Private" set to "false" and no source items had "Private" set to "true".
         Primary reference "Microsoft.AspNetCore.Localization, Version=9.0.0.0, Culture=neutral, PublicKeyToken=adb9793829ddae60".
             Resolved file path is "C:\Program Files\dotnet\packs\Microsoft.AspNetCore.App.Ref\9.0.8\ref\net9.0\Microsoft.AspNetCore.Localization.dll".
             Reference found at search path location "{RawFileName}".
             This reference is not "CopyLocal" because at least one source item had "Private" set to "false" and no source items had "Private" set to "true".
         Primary reference "Microsoft.AspNetCore.Metadata, Version=9.0.0.0, Culture=neutral, PublicKeyToken=adb9793829ddae60".
             Resolved file path is "C:\Program Files\dotnet\packs\Microsoft.AspNetCore.App.Ref\9.0.8\ref\net9.0\Microsoft.AspNetCore.Metadata.dll".
             Reference found at search path location "{RawFileName}".
             This reference is not "CopyLocal" because at least one source item had "Private" set to "false" and no source items had "Private" set to "true".
         Primary reference "Microsoft.AspNetCore.Mvc.Abstractions, Version=9.0.0.0, Culture=neutral, PublicKeyToken=adb9793829ddae60".
             Resolved file path is "C:\Program Files\dotnet\packs\Microsoft.AspNetCore.App.Ref\9.0.8\ref\net9.0\Microsoft.AspNetCore.Mvc.Abstractions.dll".
             Reference found at search path location "{RawFileName}".
             This reference is not "CopyLocal" because at least one source item had "Private" set to "false" and no source items had "Private" set to "true".
         Primary reference "Microsoft.AspNetCore.Mvc.ApiExplorer, Version=9.0.0.0, Culture=neutral, PublicKeyToken=adb9793829ddae60".
             Resolved file path is "C:\Program Files\dotnet\packs\Microsoft.AspNetCore.App.Ref\9.0.8\ref\net9.0\Microsoft.AspNetCore.Mvc.ApiExplorer.dll".
             Reference found at search path location "{RawFileName}".
             This reference is not "CopyLocal" because at least one source item had "Private" set to "false" and no source items had "Private" set to "true".
         Primary reference "Microsoft.AspNetCore.Mvc.Core, Version=9.0.0.0, Culture=neutral, PublicKeyToken=adb9793829ddae60".
             Resolved file path is "C:\Program Files\dotnet\packs\Microsoft.AspNetCore.App.Ref\9.0.8\ref\net9.0\Microsoft.AspNetCore.Mvc.Core.dll".
             Reference found at search path location "{RawFileName}".
             This reference is not "CopyLocal" because at least one source item had "Private" set to "false" and no source items had "Private" set to "true".
         Primary reference "Microsoft.AspNetCore.Mvc.Cors, Version=9.0.0.0, Culture=neutral, PublicKeyToken=adb9793829ddae60".
             Resolved file path is "C:\Program Files\dotnet\packs\Microsoft.AspNetCore.App.Ref\9.0.8\ref\net9.0\Microsoft.AspNetCore.Mvc.Cors.dll".
             Reference found at search path location "{RawFileName}".
             This reference is not "CopyLocal" because at least one source item had "Private" set to "false" and no source items had "Private" set to "true".
         Primary reference "Microsoft.AspNetCore.Mvc.DataAnnotations, Version=9.0.0.0, Culture=neutral, PublicKeyToken=adb9793829ddae60".
             Resolved file path is "C:\Program Files\dotnet\packs\Microsoft.AspNetCore.App.Ref\9.0.8\ref\net9.0\Microsoft.AspNetCore.Mvc.DataAnnotations.dll".
             Reference found at search path location "{RawFileName}".
             This reference is not "CopyLocal" because at least one source item had "Private" set to "false" and no source items had "Private" set to "true".
         Primary reference "Microsoft.AspNetCore.Mvc.Formatters.Json, Version=9.0.0.0, Culture=neutral, PublicKeyToken=adb9793829ddae60".
             Resolved file path is "C:\Program Files\dotnet\packs\Microsoft.AspNetCore.App.Ref\9.0.8\ref\net9.0\Microsoft.AspNetCore.Mvc.Formatters.Json.dll".
             Reference found at search path location "{RawFileName}".
             This reference is not "CopyLocal" because at least one source item had "Private" set to "false" and no source items had "Private" set to "true".
         Primary reference "Microsoft.AspNetCore.Mvc.Formatters.Xml, Version=9.0.0.0, Culture=neutral, PublicKeyToken=adb9793829ddae60".
             Resolved file path is "C:\Program Files\dotnet\packs\Microsoft.AspNetCore.App.Ref\9.0.8\ref\net9.0\Microsoft.AspNetCore.Mvc.Formatters.Xml.dll".
             Reference found at search path location "{RawFileName}".
             This reference is not "CopyLocal" because at least one source item had "Private" set to "false" and no source items had "Private" set to "true".
         Primary reference "Microsoft.AspNetCore.Mvc.Localization, Version=9.0.0.0, Culture=neutral, PublicKeyToken=adb9793829ddae60".
             Resolved file path is "C:\Program Files\dotnet\packs\Microsoft.AspNetCore.App.Ref\9.0.8\ref\net9.0\Microsoft.AspNetCore.Mvc.Localization.dll".
             Reference found at search path location "{RawFileName}".
             This reference is not "CopyLocal" because at least one source item had "Private" set to "false" and no source items had "Private" set to "true".
         Primary reference "Microsoft.AspNetCore.Mvc.Razor, Version=9.0.0.0, Culture=neutral, PublicKeyToken=adb9793829ddae60".
             Resolved file path is "C:\Program Files\dotnet\packs\Microsoft.AspNetCore.App.Ref\9.0.8\ref\net9.0\Microsoft.AspNetCore.Mvc.Razor.dll".
             Reference found at search path location "{RawFileName}".
             This reference is not "CopyLocal" because at least one source item had "Private" set to "false" and no source items had "Private" set to "true".
         Primary reference "Microsoft.AspNetCore.Mvc.RazorPages, Version=9.0.0.0, Culture=neutral, PublicKeyToken=adb9793829ddae60".
             Resolved file path is "C:\Program Files\dotnet\packs\Microsoft.AspNetCore.App.Ref\9.0.8\ref\net9.0\Microsoft.AspNetCore.Mvc.RazorPages.dll".
             Reference found at search path location "{RawFileName}".
             This reference is not "CopyLocal" because at least one source item had "Private" set to "false" and no source items had "Private" set to "true".
         Primary reference "Microsoft.AspNetCore.Mvc.TagHelpers, Version=9.0.0.0, Culture=neutral, PublicKeyToken=adb9793829ddae60".
             Resolved file path is "C:\Program Files\dotnet\packs\Microsoft.AspNetCore.App.Ref\9.0.8\ref\net9.0\Microsoft.AspNetCore.Mvc.TagHelpers.dll".
             Reference found at search path location "{RawFileName}".
             This reference is not "CopyLocal" because at least one source item had "Private" set to "false" and no source items had "Private" set to "true".
         Primary reference "Microsoft.AspNetCore.Mvc.ViewFeatures, Version=9.0.0.0, Culture=neutral, PublicKeyToken=adb9793829ddae60".
             Resolved file path is "C:\Program Files\dotnet\packs\Microsoft.AspNetCore.App.Ref\9.0.8\ref\net9.0\Microsoft.AspNetCore.Mvc.ViewFeatures.dll".
             Reference found at search path location "{RawFileName}".
             This reference is not "CopyLocal" because at least one source item had "Private" set to "false" and no source items had "Private" set to "true".
         Primary reference "Microsoft.AspNetCore.Mvc, Version=9.0.0.0, Culture=neutral, PublicKeyToken=adb9793829ddae60".
             Resolved file path is "C:\Program Files\dotnet\packs\Microsoft.AspNetCore.App.Ref\9.0.8\ref\net9.0\Microsoft.AspNetCore.Mvc.dll".
             Reference found at search path location "{RawFileName}".
             This reference is not "CopyLocal" because at least one source item had "Private" set to "false" and no source items had "Private" set to "true".
         Primary reference "Microsoft.AspNetCore.OutputCaching, Version=9.0.0.0, Culture=neutral, PublicKeyToken=adb9793829ddae60".
             Resolved file path is "C:\Program Files\dotnet\packs\Microsoft.AspNetCore.App.Ref\9.0.8\ref\net9.0\Microsoft.AspNetCore.OutputCaching.dll".
             Reference found at search path location "{RawFileName}".
             This reference is not "CopyLocal" because at least one source item had "Private" set to "false" and no source items had "Private" set to "true".
         Primary reference "Microsoft.AspNetCore.RateLimiting, Version=9.0.0.0, Culture=neutral, PublicKeyToken=adb9793829ddae60".
             Resolved file path is "C:\Program Files\dotnet\packs\Microsoft.AspNetCore.App.Ref\9.0.8\ref\net9.0\Microsoft.AspNetCore.RateLimiting.dll".
             Reference found at search path location "{RawFileName}".
             This reference is not "CopyLocal" because at least one source item had "Private" set to "false" and no source items had "Private" set to "true".
         Primary reference "Microsoft.AspNetCore.Razor.Runtime, Version=9.0.0.0, Culture=neutral, PublicKeyToken=adb9793829ddae60".
             Resolved file path is "C:\Program Files\dotnet\packs\Microsoft.AspNetCore.App.Ref\9.0.8\ref\net9.0\Microsoft.AspNetCore.Razor.Runtime.dll".
             Reference found at search path location "{RawFileName}".
             This reference is not "CopyLocal" because at least one source item had "Private" set to "false" and no source items had "Private" set to "true".
         Primary reference "Microsoft.AspNetCore.Razor, Version=9.0.0.0, Culture=neutral, PublicKeyToken=adb9793829ddae60".
             Resolved file path is "C:\Program Files\dotnet\packs\Microsoft.AspNetCore.App.Ref\9.0.8\ref\net9.0\Microsoft.AspNetCore.Razor.dll".
             Reference found at search path location "{RawFileName}".
             This reference is not "CopyLocal" because at least one source item had "Private" set to "false" and no source items had "Private" set to "true".
         Primary reference "Microsoft.AspNetCore.RequestDecompression, Version=9.0.0.0, Culture=neutral, PublicKeyToken=adb9793829ddae60".
             Resolved file path is "C:\Program Files\dotnet\packs\Microsoft.AspNetCore.App.Ref\9.0.8\ref\net9.0\Microsoft.AspNetCore.RequestDecompression.dll".
             Reference found at search path location "{RawFileName}".
             This reference is not "CopyLocal" because at least one source item had "Private" set to "false" and no source items had "Private" set to "true".
         Primary reference "Microsoft.AspNetCore.ResponseCaching.Abstractions, Version=9.0.0.0, Culture=neutral, PublicKeyToken=adb9793829ddae60".
             Resolved file path is "C:\Program Files\dotnet\packs\Microsoft.AspNetCore.App.Ref\9.0.8\ref\net9.0\Microsoft.AspNetCore.ResponseCaching.Abstractions.dll".
             Reference found at search path location "{RawFileName}".
             This reference is not "CopyLocal" because at least one source item had "Private" set to "false" and no source items had "Private" set to "true".
         Primary reference "Microsoft.AspNetCore.ResponseCaching, Version=9.0.0.0, Culture=neutral, PublicKeyToken=adb9793829ddae60".
             Resolved file path is "C:\Program Files\dotnet\packs\Microsoft.AspNetCore.App.Ref\9.0.8\ref\net9.0\Microsoft.AspNetCore.ResponseCaching.dll".
             Reference found at search path location "{RawFileName}".
             This reference is not "CopyLocal" because at least one source item had "Private" set to "false" and no source items had "Private" set to "true".
         Primary reference "Microsoft.AspNetCore.ResponseCompression, Version=9.0.0.0, Culture=neutral, PublicKeyToken=adb9793829ddae60".
             Resolved file path is "C:\Program Files\dotnet\packs\Microsoft.AspNetCore.App.Ref\9.0.8\ref\net9.0\Microsoft.AspNetCore.ResponseCompression.dll".
             Reference found at search path location "{RawFileName}".
             This reference is not "CopyLocal" because at least one source item had "Private" set to "false" and no source items had "Private" set to "true".
         Primary reference "Microsoft.AspNetCore.Rewrite, Version=9.0.0.0, Culture=neutral, PublicKeyToken=adb9793829ddae60".
             Resolved file path is "C:\Program Files\dotnet\packs\Microsoft.AspNetCore.App.Ref\9.0.8\ref\net9.0\Microsoft.AspNetCore.Rewrite.dll".
             Reference found at search path location "{RawFileName}".
             This reference is not "CopyLocal" because at least one source item had "Private" set to "false" and no source items had "Private" set to "true".
         Primary reference "Microsoft.AspNetCore.Routing.Abstractions, Version=9.0.0.0, Culture=neutral, PublicKeyToken=adb9793829ddae60".
             Resolved file path is "C:\Program Files\dotnet\packs\Microsoft.AspNetCore.App.Ref\9.0.8\ref\net9.0\Microsoft.AspNetCore.Routing.Abstractions.dll".
             Reference found at search path location "{RawFileName}".
             This reference is not "CopyLocal" because at least one source item had "Private" set to "false" and no source items had "Private" set to "true".
         Primary reference "Microsoft.AspNetCore.Routing, Version=9.0.0.0, Culture=neutral, PublicKeyToken=adb9793829ddae60".
             Resolved file path is "C:\Program Files\dotnet\packs\Microsoft.AspNetCore.App.Ref\9.0.8\ref\net9.0\Microsoft.AspNetCore.Routing.dll".
             Reference found at search path location "{RawFileName}".
             This reference is not "CopyLocal" because at least one source item had "Private" set to "false" and no source items had "Private" set to "true".
         Primary reference "Microsoft.AspNetCore.Server.HttpSys, Version=9.0.0.0, Culture=neutral, PublicKeyToken=adb9793829ddae60".
             Resolved file path is "C:\Program Files\dotnet\packs\Microsoft.AspNetCore.App.Ref\9.0.8\ref\net9.0\Microsoft.AspNetCore.Server.HttpSys.dll".
             Reference found at search path location "{RawFileName}".
             This reference is not "CopyLocal" because at least one source item had "Private" set to "false" and no source items had "Private" set to "true".
         Primary reference "Microsoft.AspNetCore.Server.IIS, Version=9.0.0.0, Culture=neutral, PublicKeyToken=adb9793829ddae60".
             Resolved file path is "C:\Program Files\dotnet\packs\Microsoft.AspNetCore.App.Ref\9.0.8\ref\net9.0\Microsoft.AspNetCore.Server.IIS.dll".
             Reference found at search path location "{RawFileName}".
             This reference is not "CopyLocal" because at least one source item had "Private" set to "false" and no source items had "Private" set to "true".
         Primary reference "Microsoft.AspNetCore.Server.IISIntegration, Version=9.0.0.0, Culture=neutral, PublicKeyToken=adb9793829ddae60".
             Resolved file path is "C:\Program Files\dotnet\packs\Microsoft.AspNetCore.App.Ref\9.0.8\ref\net9.0\Microsoft.AspNetCore.Server.IISIntegration.dll".
             Reference found at search path location "{RawFileName}".
             This reference is not "CopyLocal" because at least one source item had "Private" set to "false" and no source items had "Private" set to "true".
         Primary reference "Microsoft.AspNetCore.Server.Kestrel.Core, Version=9.0.0.0, Culture=neutral, PublicKeyToken=adb9793829ddae60".
             Resolved file path is "C:\Program Files\dotnet\packs\Microsoft.AspNetCore.App.Ref\9.0.8\ref\net9.0\Microsoft.AspNetCore.Server.Kestrel.Core.dll".
             Reference found at search path location "{RawFileName}".
             This reference is not "CopyLocal" because at least one source item had "Private" set to "false" and no source items had "Private" set to "true".
         Primary reference "Microsoft.AspNetCore.Server.Kestrel.Transport.NamedPipes, Version=9.0.0.0, Culture=neutral, PublicKeyToken=adb9793829ddae60".
             Resolved file path is "C:\Program Files\dotnet\packs\Microsoft.AspNetCore.App.Ref\9.0.8\ref\net9.0\Microsoft.AspNetCore.Server.Kestrel.Transport.NamedPipes.dll".
             Reference found at search path location "{RawFileName}".
             This reference is not "CopyLocal" because at least one source item had "Private" set to "false" and no source items had "Private" set to "true".
         Primary reference "Microsoft.AspNetCore.Server.Kestrel.Transport.Quic, Version=9.0.0.0, Culture=neutral, PublicKeyToken=adb9793829ddae60".
             Resolved file path is "C:\Program Files\dotnet\packs\Microsoft.AspNetCore.App.Ref\9.0.8\ref\net9.0\Microsoft.AspNetCore.Server.Kestrel.Transport.Quic.dll".
             Reference found at search path location "{RawFileName}".
             This reference is not "CopyLocal" because at least one source item had "Private" set to "false" and no source items had "Private" set to "true".
         Primary reference "Microsoft.AspNetCore.Server.Kestrel.Transport.Sockets, Version=9.0.0.0, Culture=neutral, PublicKeyToken=adb9793829ddae60".
             Resolved file path is "C:\Program Files\dotnet\packs\Microsoft.AspNetCore.App.Ref\9.0.8\ref\net9.0\Microsoft.AspNetCore.Server.Kestrel.Transport.Sockets.dll".
             Reference found at search path location "{RawFileName}".
             This reference is not "CopyLocal" because at least one source item had "Private" set to "false" and no source items had "Private" set to "true".
         Primary reference "Microsoft.AspNetCore.Server.Kestrel, Version=9.0.0.0, Culture=neutral, PublicKeyToken=adb9793829ddae60".
             Resolved file path is "C:\Program Files\dotnet\packs\Microsoft.AspNetCore.App.Ref\9.0.8\ref\net9.0\Microsoft.AspNetCore.Server.Kestrel.dll".
             Reference found at search path location "{RawFileName}".
             This reference is not "CopyLocal" because at least one source item had "Private" set to "false" and no source items had "Private" set to "true".
         Primary reference "Microsoft.AspNetCore.Session, Version=9.0.0.0, Culture=neutral, PublicKeyToken=adb9793829ddae60".
             Resolved file path is "C:\Program Files\dotnet\packs\Microsoft.AspNetCore.App.Ref\9.0.8\ref\net9.0\Microsoft.AspNetCore.Session.dll".
             Reference found at search path location "{RawFileName}".
             This reference is not "CopyLocal" because at least one source item had "Private" set to "false" and no source items had "Private" set to "true".
         Primary reference "Microsoft.AspNetCore.SignalR.Common, Version=9.0.0.0, Culture=neutral, PublicKeyToken=adb9793829ddae60".
             Resolved file path is "C:\Program Files\dotnet\packs\Microsoft.AspNetCore.App.Ref\9.0.8\ref\net9.0\Microsoft.AspNetCore.SignalR.Common.dll".
             Reference found at search path location "{RawFileName}".
             This reference is not "CopyLocal" because at least one source item had "Private" set to "false" and no source items had "Private" set to "true".
         Primary reference "Microsoft.AspNetCore.SignalR.Core, Version=9.0.0.0, Culture=neutral, PublicKeyToken=adb9793829ddae60".
             Resolved file path is "C:\Program Files\dotnet\packs\Microsoft.AspNetCore.App.Ref\9.0.8\ref\net9.0\Microsoft.AspNetCore.SignalR.Core.dll".
             Reference found at search path location "{RawFileName}".
             This reference is not "CopyLocal" because at least one source item had "Private" set to "false" and no source items had "Private" set to "true".
         Primary reference "Microsoft.AspNetCore.SignalR.Protocols.Json, Version=9.0.0.0, Culture=neutral, PublicKeyToken=adb9793829ddae60".
             Resolved file path is "C:\Program Files\dotnet\packs\Microsoft.AspNetCore.App.Ref\9.0.8\ref\net9.0\Microsoft.AspNetCore.SignalR.Protocols.Json.dll".
             Reference found at search path location "{RawFileName}".
             This reference is not "CopyLocal" because at least one source item had "Private" set to "false" and no source items had "Private" set to "true".
         Primary reference "Microsoft.AspNetCore.SignalR, Version=9.0.0.0, Culture=neutral, PublicKeyToken=adb9793829ddae60".
             Resolved file path is "C:\Program Files\dotnet\packs\Microsoft.AspNetCore.App.Ref\9.0.8\ref\net9.0\Microsoft.AspNetCore.SignalR.dll".
             Reference found at search path location "{RawFileName}".
             This reference is not "CopyLocal" because at least one source item had "Private" set to "false" and no source items had "Private" set to "true".
         Primary reference "Microsoft.AspNetCore.StaticAssets, Version=9.0.0.0, Culture=neutral, PublicKeyToken=adb9793829ddae60".
             Resolved file path is "C:\Program Files\dotnet\packs\Microsoft.AspNetCore.App.Ref\9.0.8\ref\net9.0\Microsoft.AspNetCore.StaticAssets.dll".
             Reference found at search path location "{RawFileName}".
             This reference is not "CopyLocal" because at least one source item had "Private" set to "false" and no source items had "Private" set to "true".
         Primary reference "Microsoft.AspNetCore.StaticFiles, Version=9.0.0.0, Culture=neutral, PublicKeyToken=adb9793829ddae60".
             Resolved file path is "C:\Program Files\dotnet\packs\Microsoft.AspNetCore.App.Ref\9.0.8\ref\net9.0\Microsoft.AspNetCore.StaticFiles.dll".
             Reference found at search path location "{RawFileName}".
             This reference is not "CopyLocal" because at least one source item had "Private" set to "false" and no source items had "Private" set to "true".
         Primary reference "Microsoft.AspNetCore.WebSockets, Version=9.0.0.0, Culture=neutral, PublicKeyToken=adb9793829ddae60".
             Resolved file path is "C:\Program Files\dotnet\packs\Microsoft.AspNetCore.App.Ref\9.0.8\ref\net9.0\Microsoft.AspNetCore.WebSockets.dll".
             Reference found at search path location "{RawFileName}".
             This reference is not "CopyLocal" because at least one source item had "Private" set to "false" and no source items had "Private" set to "true".
         Primary reference "Microsoft.AspNetCore.WebUtilities, Version=9.0.0.0, Culture=neutral, PublicKeyToken=adb9793829ddae60".
             Resolved file path is "C:\Program Files\dotnet\packs\Microsoft.AspNetCore.App.Ref\9.0.8\ref\net9.0\Microsoft.AspNetCore.WebUtilities.dll".
             Reference found at search path location "{RawFileName}".
             This reference is not "CopyLocal" because at least one source item had "Private" set to "false" and no source items had "Private" set to "true".
         Primary reference "Microsoft.AspNetCore, Version=9.0.0.0, Culture=neutral, PublicKeyToken=adb9793829ddae60".
             Resolved file path is "C:\Program Files\dotnet\packs\Microsoft.AspNetCore.App.Ref\9.0.8\ref\net9.0\Microsoft.AspNetCore.dll".
             Reference found at search path location "{RawFileName}".
             This reference is not "CopyLocal" because at least one source item had "Private" set to "false" and no source items had "Private" set to "true".
         Primary reference "Microsoft.Extensions.Caching.Memory, Version=9.0.0.0, Culture=neutral, PublicKeyToken=adb9793829ddae60".
             Resolved file path is "C:\Program Files\dotnet\packs\Microsoft.AspNetCore.App.Ref\9.0.8\ref\net9.0\Microsoft.Extensions.Caching.Memory.dll".
             Reference found at search path location "{RawFileName}".
             This reference is not "CopyLocal" because at least one source item had "Private" set to "false" and no source items had "Private" set to "true".
         Primary reference "Microsoft.Extensions.Configuration.Abstractions, Version=9.0.0.0, Culture=neutral, PublicKeyToken=adb9793829ddae60".
             Resolved file path is "C:\Program Files\dotnet\packs\Microsoft.AspNetCore.App.Ref\9.0.8\ref\net9.0\Microsoft.Extensions.Configuration.Abstractions.dll".
             Reference found at search path location "{RawFileName}".
             This reference is not "CopyLocal" because at least one source item had "Private" set to "false" and no source items had "Private" set to "true".
         Primary reference "Microsoft.Extensions.Configuration.Binder, Version=9.0.0.0, Culture=neutral, PublicKeyToken=adb9793829ddae60".
             Resolved file path is "C:\Program Files\dotnet\packs\Microsoft.AspNetCore.App.Ref\9.0.8\ref\net9.0\Microsoft.Extensions.Configuration.Binder.dll".
             Reference found at search path location "{RawFileName}".
             This reference is not "CopyLocal" because at least one source item had "Private" set to "false" and no source items had "Private" set to "true".
         Primary reference "Microsoft.Extensions.Configuration.CommandLine, Version=9.0.0.0, Culture=neutral, PublicKeyToken=adb9793829ddae60".
             Resolved file path is "C:\Program Files\dotnet\packs\Microsoft.AspNetCore.App.Ref\9.0.8\ref\net9.0\Microsoft.Extensions.Configuration.CommandLine.dll".
             Reference found at search path location "{RawFileName}".
             This reference is not "CopyLocal" because at least one source item had "Private" set to "false" and no source items had "Private" set to "true".
         Primary reference "Microsoft.Extensions.Configuration.EnvironmentVariables, Version=9.0.0.0, Culture=neutral, PublicKeyToken=adb9793829ddae60".
             Resolved file path is "C:\Program Files\dotnet\packs\Microsoft.AspNetCore.App.Ref\9.0.8\ref\net9.0\Microsoft.Extensions.Configuration.EnvironmentVariables.dll".
             Reference found at search path location "{RawFileName}".
             This reference is not "CopyLocal" because at least one source item had "Private" set to "false" and no source items had "Private" set to "true".
         Primary reference "Microsoft.Extensions.Configuration.FileExtensions, Version=9.0.0.0, Culture=neutral, PublicKeyToken=adb9793829ddae60".
             Resolved file path is "C:\Program Files\dotnet\packs\Microsoft.AspNetCore.App.Ref\9.0.8\ref\net9.0\Microsoft.Extensions.Configuration.FileExtensions.dll".
             Reference found at search path location "{RawFileName}".
             This reference is not "CopyLocal" because at least one source item had "Private" set to "false" and no source items had "Private" set to "true".
         Primary reference "Microsoft.Extensions.Configuration.Ini, Version=9.0.0.0, Culture=neutral, PublicKeyToken=adb9793829ddae60".
             Resolved file path is "C:\Program Files\dotnet\packs\Microsoft.AspNetCore.App.Ref\9.0.8\ref\net9.0\Microsoft.Extensions.Configuration.Ini.dll".
             Reference found at search path location "{RawFileName}".
             This reference is not "CopyLocal" because at least one source item had "Private" set to "false" and no source items had "Private" set to "true".
         Primary reference "Microsoft.Extensions.Configuration.Json, Version=9.0.0.0, Culture=neutral, PublicKeyToken=adb9793829ddae60".
             Resolved file path is "C:\Program Files\dotnet\packs\Microsoft.AspNetCore.App.Ref\9.0.8\ref\net9.0\Microsoft.Extensions.Configuration.Json.dll".
             Reference found at search path location "{RawFileName}".
             This reference is not "CopyLocal" because at least one source item had "Private" set to "false" and no source items had "Private" set to "true".
         Primary reference "Microsoft.Extensions.Configuration.KeyPerFile, Version=9.0.0.0, Culture=neutral, PublicKeyToken=adb9793829ddae60".
             Resolved file path is "C:\Program Files\dotnet\packs\Microsoft.AspNetCore.App.Ref\9.0.8\ref\net9.0\Microsoft.Extensions.Configuration.KeyPerFile.dll".
             Reference found at search path location "{RawFileName}".
             This reference is not "CopyLocal" because at least one source item had "Private" set to "false" and no source items had "Private" set to "true".
         Primary reference "Microsoft.Extensions.Configuration.UserSecrets, Version=9.0.0.0, Culture=neutral, PublicKeyToken=adb9793829ddae60".
             Resolved file path is "C:\Program Files\dotnet\packs\Microsoft.AspNetCore.App.Ref\9.0.8\ref\net9.0\Microsoft.Extensions.Configuration.UserSecrets.dll".
             Reference found at search path location "{RawFileName}".
             This reference is not "CopyLocal" because at least one source item had "Private" set to "false" and no source items had "Private" set to "true".
         Primary reference "Microsoft.Extensions.Configuration.Xml, Version=9.0.0.0, Culture=neutral, PublicKeyToken=adb9793829ddae60".
             Resolved file path is "C:\Program Files\dotnet\packs\Microsoft.AspNetCore.App.Ref\9.0.8\ref\net9.0\Microsoft.Extensions.Configuration.Xml.dll".
             Reference found at search path location "{RawFileName}".
             This reference is not "CopyLocal" because at least one source item had "Private" set to "false" and no source items had "Private" set to "true".
         Primary reference "Microsoft.Extensions.Configuration, Version=9.0.0.0, Culture=neutral, PublicKeyToken=adb9793829ddae60".
             Resolved file path is "C:\Program Files\dotnet\packs\Microsoft.AspNetCore.App.Ref\9.0.8\ref\net9.0\Microsoft.Extensions.Configuration.dll".
             Reference found at search path location "{RawFileName}".
             This reference is not "CopyLocal" because at least one source item had "Private" set to "false" and no source items had "Private" set to "true".
         Primary reference "Microsoft.Extensions.DependencyInjection, Version=9.0.0.0, Culture=neutral, PublicKeyToken=adb9793829ddae60".
             Resolved file path is "C:\Program Files\dotnet\packs\Microsoft.AspNetCore.App.Ref\9.0.8\ref\net9.0\Microsoft.Extensions.DependencyInjection.dll".
             Reference found at search path location "{RawFileName}".
             This reference is not "CopyLocal" because at least one source item had "Private" set to "false" and no source items had "Private" set to "true".
         Primary reference "Microsoft.Extensions.Diagnostics.Abstractions, Version=9.0.0.0, Culture=neutral, PublicKeyToken=adb9793829ddae60".
             Resolved file path is "C:\Program Files\dotnet\packs\Microsoft.AspNetCore.App.Ref\9.0.8\ref\net9.0\Microsoft.Extensions.Diagnostics.Abstractions.dll".
             Reference found at search path location "{RawFileName}".
             This reference is not "CopyLocal" because at least one source item had "Private" set to "false" and no source items had "Private" set to "true".
         Primary reference "Microsoft.Extensions.Diagnostics.HealthChecks.Abstractions, Version=9.0.0.0, Culture=neutral, PublicKeyToken=adb9793829ddae60".
             Resolved file path is "C:\Program Files\dotnet\packs\Microsoft.AspNetCore.App.Ref\9.0.8\ref\net9.0\Microsoft.Extensions.Diagnostics.HealthChecks.Abstractions.dll".
             Reference found at search path location "{RawFileName}".
             This reference is not "CopyLocal" because at least one source item had "Private" set to "false" and no source items had "Private" set to "true".
         Primary reference "Microsoft.Extensions.Diagnostics.HealthChecks, Version=9.0.0.0, Culture=neutral, PublicKeyToken=adb9793829ddae60".
             Resolved file path is "C:\Program Files\dotnet\packs\Microsoft.AspNetCore.App.Ref\9.0.8\ref\net9.0\Microsoft.Extensions.Diagnostics.HealthChecks.dll".
             Reference found at search path location "{RawFileName}".
             This reference is not "CopyLocal" because at least one source item had "Private" set to "false" and no source items had "Private" set to "true".
         Primary reference "Microsoft.Extensions.Diagnostics, Version=9.0.0.0, Culture=neutral, PublicKeyToken=adb9793829ddae60".
             Resolved file path is "C:\Program Files\dotnet\packs\Microsoft.AspNetCore.App.Ref\9.0.8\ref\net9.0\Microsoft.Extensions.Diagnostics.dll".
             Reference found at search path location "{RawFileName}".
             This reference is not "CopyLocal" because at least one source item had "Private" set to "false" and no source items had "Private" set to "true".
         Primary reference "Microsoft.Extensions.Features, Version=9.0.0.0, Culture=neutral, PublicKeyToken=adb9793829ddae60".
             Resolved file path is "C:\Program Files\dotnet\packs\Microsoft.AspNetCore.App.Ref\9.0.8\ref\net9.0\Microsoft.Extensions.Features.dll".
             Reference found at search path location "{RawFileName}".
             This reference is not "CopyLocal" because at least one source item had "Private" set to "false" and no source items had "Private" set to "true".
         Primary reference "Microsoft.Extensions.FileProviders.Abstractions, Version=9.0.0.0, Culture=neutral, PublicKeyToken=adb9793829ddae60".
             Resolved file path is "C:\Program Files\dotnet\packs\Microsoft.AspNetCore.App.Ref\9.0.8\ref\net9.0\Microsoft.Extensions.FileProviders.Abstractions.dll".
             Reference found at search path location "{RawFileName}".
             This reference is not "CopyLocal" because at least one source item had "Private" set to "false" and no source items had "Private" set to "true".
         Primary reference "Microsoft.Extensions.FileProviders.Composite, Version=9.0.0.0, Culture=neutral, PublicKeyToken=adb9793829ddae60".
             Resolved file path is "C:\Program Files\dotnet\packs\Microsoft.AspNetCore.App.Ref\9.0.8\ref\net9.0\Microsoft.Extensions.FileProviders.Composite.dll".
             Reference found at search path location "{RawFileName}".
             This reference is not "CopyLocal" because at least one source item had "Private" set to "false" and no source items had "Private" set to "true".
         Primary reference "Microsoft.Extensions.FileProviders.Embedded, Version=9.0.0.0, Culture=neutral, PublicKeyToken=adb9793829ddae60".
             Resolved file path is "C:\Program Files\dotnet\packs\Microsoft.AspNetCore.App.Ref\9.0.8\ref\net9.0\Microsoft.Extensions.FileProviders.Embedded.dll".
             Reference found at search path location "{RawFileName}".
             This reference is not "CopyLocal" because at least one source item had "Private" set to "false" and no source items had "Private" set to "true".
         Primary reference "Microsoft.Extensions.FileProviders.Physical, Version=9.0.0.0, Culture=neutral, PublicKeyToken=adb9793829ddae60".
             Resolved file path is "C:\Program Files\dotnet\packs\Microsoft.AspNetCore.App.Ref\9.0.8\ref\net9.0\Microsoft.Extensions.FileProviders.Physical.dll".
             Reference found at search path location "{RawFileName}".
             This reference is not "CopyLocal" because at least one source item had "Private" set to "false" and no source items had "Private" set to "true".
         Primary reference "Microsoft.Extensions.FileSystemGlobbing, Version=9.0.0.0, Culture=neutral, PublicKeyToken=adb9793829ddae60".
             Resolved file path is "C:\Program Files\dotnet\packs\Microsoft.AspNetCore.App.Ref\9.0.8\ref\net9.0\Microsoft.Extensions.FileSystemGlobbing.dll".
             Reference found at search path location "{RawFileName}".
             This reference is not "CopyLocal" because at least one source item had "Private" set to "false" and no source items had "Private" set to "true".
         Primary reference "Microsoft.Extensions.Hosting.Abstractions, Version=9.0.0.0, Culture=neutral, PublicKeyToken=adb9793829ddae60".
             Resolved file path is "C:\Program Files\dotnet\packs\Microsoft.AspNetCore.App.Ref\9.0.8\ref\net9.0\Microsoft.Extensions.Hosting.Abstractions.dll".
             Reference found at search path location "{RawFileName}".
             This reference is not "CopyLocal" because at least one source item had "Private" set to "false" and no source items had "Private" set to "true".
         Primary reference "Microsoft.Extensions.Hosting, Version=9.0.0.0, Culture=neutral, PublicKeyToken=adb9793829ddae60".
             Resolved file path is "C:\Program Files\dotnet\packs\Microsoft.AspNetCore.App.Ref\9.0.8\ref\net9.0\Microsoft.Extensions.Hosting.dll".
             Reference found at search path location "{RawFileName}".
             This reference is not "CopyLocal" because at least one source item had "Private" set to "false" and no source items had "Private" set to "true".
         Primary reference "Microsoft.Extensions.Http, Version=9.0.0.0, Culture=neutral, PublicKeyToken=adb9793829ddae60".
             Resolved file path is "C:\Program Files\dotnet\packs\Microsoft.AspNetCore.App.Ref\9.0.8\ref\net9.0\Microsoft.Extensions.Http.dll".
             Reference found at search path location "{RawFileName}".
             This reference is not "CopyLocal" because at least one source item had "Private" set to "false" and no source items had "Private" set to "true".
         Primary reference "Microsoft.Extensions.Identity.Core, Version=9.0.0.0, Culture=neutral, PublicKeyToken=adb9793829ddae60".
             Resolved file path is "C:\Program Files\dotnet\packs\Microsoft.AspNetCore.App.Ref\9.0.8\ref\net9.0\Microsoft.Extensions.Identity.Core.dll".
             Reference found at search path location "{RawFileName}".
             This reference is not "CopyLocal" because at least one source item had "Private" set to "false" and no source items had "Private" set to "true".
         Primary reference "Microsoft.Extensions.Identity.Stores, Version=9.0.0.0, Culture=neutral, PublicKeyToken=adb9793829ddae60".
             Resolved file path is "C:\Program Files\dotnet\packs\Microsoft.AspNetCore.App.Ref\9.0.8\ref\net9.0\Microsoft.Extensions.Identity.Stores.dll".
             Reference found at search path location "{RawFileName}".
             This reference is not "CopyLocal" because at least one source item had "Private" set to "false" and no source items had "Private" set to "true".
         Primary reference "Microsoft.Extensions.Localization.Abstractions, Version=9.0.0.0, Culture=neutral, PublicKeyToken=adb9793829ddae60".
             Resolved file path is "C:\Program Files\dotnet\packs\Microsoft.AspNetCore.App.Ref\9.0.8\ref\net9.0\Microsoft.Extensions.Localization.Abstractions.dll".
             Reference found at search path location "{RawFileName}".
             This reference is not "CopyLocal" because at least one source item had "Private" set to "false" and no source items had "Private" set to "true".
         Primary reference "Microsoft.Extensions.Localization, Version=9.0.0.0, Culture=neutral, PublicKeyToken=adb9793829ddae60".
             Resolved file path is "C:\Program Files\dotnet\packs\Microsoft.AspNetCore.App.Ref\9.0.8\ref\net9.0\Microsoft.Extensions.Localization.dll".
             Reference found at search path location "{RawFileName}".
             This reference is not "CopyLocal" because at least one source item had "Private" set to "false" and no source items had "Private" set to "true".
         Primary reference "Microsoft.Extensions.Logging.Configuration, Version=9.0.0.0, Culture=neutral, PublicKeyToken=adb9793829ddae60".
             Resolved file path is "C:\Program Files\dotnet\packs\Microsoft.AspNetCore.App.Ref\9.0.8\ref\net9.0\Microsoft.Extensions.Logging.Configuration.dll".
             Reference found at search path location "{RawFileName}".
             This reference is not "CopyLocal" because at least one source item had "Private" set to "false" and no source items had "Private" set to "true".
         Primary reference "Microsoft.Extensions.Logging.Console, Version=9.0.0.0, Culture=neutral, PublicKeyToken=adb9793829ddae60".
             Resolved file path is "C:\Program Files\dotnet\packs\Microsoft.AspNetCore.App.Ref\9.0.8\ref\net9.0\Microsoft.Extensions.Logging.Console.dll".
             Reference found at search path location "{RawFileName}".
             This reference is not "CopyLocal" because at least one source item had "Private" set to "false" and no source items had "Private" set to "true".
         Primary reference "Microsoft.Extensions.Logging.Debug, Version=9.0.0.0, Culture=neutral, PublicKeyToken=adb9793829ddae60".
             Resolved file path is "C:\Program Files\dotnet\packs\Microsoft.AspNetCore.App.Ref\9.0.8\ref\net9.0\Microsoft.Extensions.Logging.Debug.dll".
             Reference found at search path location "{RawFileName}".
             This reference is not "CopyLocal" because at least one source item had "Private" set to "false" and no source items had "Private" set to "true".
         Primary reference "Microsoft.Extensions.Logging.EventLog, Version=9.0.0.0, Culture=neutral, PublicKeyToken=adb9793829ddae60".
             Resolved file path is "C:\Program Files\dotnet\packs\Microsoft.AspNetCore.App.Ref\9.0.8\ref\net9.0\Microsoft.Extensions.Logging.EventLog.dll".
             Reference found at search path location "{RawFileName}".
             This reference is not "CopyLocal" because at least one source item had "Private" set to "false" and no source items had "Private" set to "true".
         Primary reference "Microsoft.Extensions.Logging.EventSource, Version=9.0.0.0, Culture=neutral, PublicKeyToken=adb9793829ddae60".
             Resolved file path is "C:\Program Files\dotnet\packs\Microsoft.AspNetCore.App.Ref\9.0.8\ref\net9.0\Microsoft.Extensions.Logging.EventSource.dll".
             Reference found at search path location "{RawFileName}".
             This reference is not "CopyLocal" because at least one source item had "Private" set to "false" and no source items had "Private" set to "true".
         Primary reference "Microsoft.Extensions.Logging.TraceSource, Version=9.0.0.0, Culture=neutral, PublicKeyToken=adb9793829ddae60".
             Resolved file path is "C:\Program Files\dotnet\packs\Microsoft.AspNetCore.App.Ref\9.0.8\ref\net9.0\Microsoft.Extensions.Logging.TraceSource.dll".
             Reference found at search path location "{RawFileName}".
             This reference is not "CopyLocal" because at least one source item had "Private" set to "false" and no source items had "Private" set to "true".
         Primary reference "Microsoft.Extensions.Logging, Version=9.0.0.0, Culture=neutral, PublicKeyToken=adb9793829ddae60".
             Resolved file path is "C:\Program Files\dotnet\packs\Microsoft.AspNetCore.App.Ref\9.0.8\ref\net9.0\Microsoft.Extensions.Logging.dll".
             Reference found at search path location "{RawFileName}".
             This reference is not "CopyLocal" because at least one source item had "Private" set to "false" and no source items had "Private" set to "true".
         Primary reference "Microsoft.Extensions.ObjectPool, Version=9.0.0.0, Culture=neutral, PublicKeyToken=adb9793829ddae60".
             Resolved file path is "C:\Program Files\dotnet\packs\Microsoft.AspNetCore.App.Ref\9.0.8\ref\net9.0\Microsoft.Extensions.ObjectPool.dll".
             Reference found at search path location "{RawFileName}".
             This reference is not "CopyLocal" because at least one source item had "Private" set to "false" and no source items had "Private" set to "true".
         Primary reference "Microsoft.Extensions.Options.ConfigurationExtensions, Version=9.0.0.0, Culture=neutral, PublicKeyToken=adb9793829ddae60".
             Resolved file path is "C:\Program Files\dotnet\packs\Microsoft.AspNetCore.App.Ref\9.0.8\ref\net9.0\Microsoft.Extensions.Options.ConfigurationExtensions.dll".
             Reference found at search path location "{RawFileName}".
             This reference is not "CopyLocal" because at least one source item had "Private" set to "false" and no source items had "Private" set to "true".
         Primary reference "Microsoft.Extensions.Options.DataAnnotations, Version=9.0.0.0, Culture=neutral, PublicKeyToken=adb9793829ddae60".
             Resolved file path is "C:\Program Files\dotnet\packs\Microsoft.AspNetCore.App.Ref\9.0.8\ref\net9.0\Microsoft.Extensions.Options.DataAnnotations.dll".
             Reference found at search path location "{RawFileName}".
             This reference is not "CopyLocal" because at least one source item had "Private" set to "false" and no source items had "Private" set to "true".
         Primary reference "Microsoft.Extensions.WebEncoders, Version=9.0.0.0, Culture=neutral, PublicKeyToken=adb9793829ddae60".
             Resolved file path is "C:\Program Files\dotnet\packs\Microsoft.AspNetCore.App.Ref\9.0.8\ref\net9.0\Microsoft.Extensions.WebEncoders.dll".
             Reference found at search path location "{RawFileName}".
             This reference is not "CopyLocal" because at least one source item had "Private" set to "false" and no source items had "Private" set to "true".
         Primary reference "Microsoft.JSInterop, Version=9.0.0.0, Culture=neutral, PublicKeyToken=adb9793829ddae60".
             Resolved file path is "C:\Program Files\dotnet\packs\Microsoft.AspNetCore.App.Ref\9.0.8\ref\net9.0\Microsoft.JSInterop.dll".
             Reference found at search path location "{RawFileName}".
             This reference is not "CopyLocal" because at least one source item had "Private" set to "false" and no source items had "Private" set to "true".
         Primary reference "Microsoft.Net.Http.Headers, Version=9.0.0.0, Culture=neutral, PublicKeyToken=adb9793829ddae60".
             Resolved file path is "C:\Program Files\dotnet\packs\Microsoft.AspNetCore.App.Ref\9.0.8\ref\net9.0\Microsoft.Net.Http.Headers.dll".
             Reference found at search path location "{RawFileName}".
             This reference is not "CopyLocal" because at least one source item had "Private" set to "false" and no source items had "Private" set to "true".
         Primary reference "System.Diagnostics.EventLog, Version=9.0.0.0, Culture=neutral, PublicKeyToken=cc7b13ffcd2ddd51".
             Resolved file path is "C:\Program Files\dotnet\packs\Microsoft.AspNetCore.App.Ref\9.0.8\ref\net9.0\System.Diagnostics.EventLog.dll".
             Reference found at search path location "{RawFileName}".
             This reference is not "CopyLocal" because at least one source item had "Private" set to "false" and no source items had "Private" set to "true".
         Primary reference "System.Security.Cryptography.Xml, Version=9.0.0.0, Culture=neutral, PublicKeyToken=cc7b13ffcd2ddd51".
             Resolved file path is "C:\Program Files\dotnet\packs\Microsoft.AspNetCore.App.Ref\9.0.8\ref\net9.0\System.Security.Cryptography.Xml.dll".
             Reference found at search path location "{RawFileName}".
             This reference is not "CopyLocal" because at least one source item had "Private" set to "false" and no source items had "Private" set to "true".
         Primary reference "System.Threading.RateLimiting, Version=9.0.0.0, Culture=neutral, PublicKeyToken=cc7b13ffcd2ddd51".
             Resolved file path is "C:\Program Files\dotnet\packs\Microsoft.AspNetCore.App.Ref\9.0.8\ref\net9.0\System.Threading.RateLimiting.dll".
             Reference found at search path location "{RawFileName}".
             This reference is not "CopyLocal" because at least one source item had "Private" set to "false" and no source items had "Private" set to "true".
       Done executing task "ResolveAssemblyReference".
   1:7>Done building target "ResolveAssemblyReferences" in project "BSkyClone.csproj".
       Target "GenerateBindingRedirects" skipped, due to false condition; ('$(AutoGenerateBindingRedirects)' == 'true' and '$(GenerateBindingRedirectsOutputType)' == 'true' and '@(SuggestedBindingRedirects)' != '' and '$(DesignTimeBuild)' != 'true' and '$(BuildingProject)' == 'true') was evaluated as ('' == 'true' and 'true' == 'true' and '' != '' and '' != 'true' and 'true' == 'true').
       Target "GenerateSupportedRuntime" skipped, due to false condition; ('$(GenerateSupportedRuntime)' != 'false' and '$(TargetFrameworkIdentifier)' == '.NETFramework' and '$(HasRuntimeOutput)' == 'true') was evaluated as ('' != 'false' and '.NETCoreApp' == '.NETFramework' and 'true' == 'true').
       Target "GenerateBindingRedirectsUpdateAppConfig" skipped, due to false condition; ('$(AutoGenerateBindingRedirects)' == 'true' and '$(GenerateBindingRedirectsOutputType)' == 'true') was evaluated as ('' == 'true' and 'true' == 'true').
       Target "ResolveComReferences" skipped, due to false condition; ('@(COMReference)'!='' or '@(COMFileReference)'!='') was evaluated as (''!='' or ''!='').
   1:7>Target "AfterResolveReferences" in file "C:\Program Files\dotnet\sdk\9.0.304\Microsoft.Common.CurrentVersion.targets" from project "C:\Projects\BlueSky\backend\BSkyClone.csproj" (target "ResolveReferences" depends on it):
   1:7>Done building target "AfterResolveReferences" in project "BSkyClone.csproj".
   1:7>Target "ResolveReferences" in file "C:\Program Files\dotnet\sdk\9.0.304\Microsoft.Common.CurrentVersion.targets" from project "C:\Projects\BlueSky\backend\BSkyClone.csproj" (target "_BlockWinMDsOnUnsupportedTFMs" depends on it):
   1:7>Done building target "ResolveReferences" in project "BSkyClone.csproj".
   1:7>Target "_BlockWinMDsOnUnsupportedTFMs" in file "C:\Program Files\dotnet\sdk\9.0.304\Sdks\Microsoft.NET.Sdk\targets\Microsoft.NET.Sdk.targets" from project "C:\Projects\BlueSky\backend\BSkyClone.csproj" (target "CoreBuild" depends on it):
       Using "CheckForUnsupportedWinMDReferences" task from assembly "C:\Program Files\dotnet\sdk\9.0.304\Sdks\Microsoft.NET.Sdk\targets\..\tools\net9.0\Microsoft.NET.Build.Tasks.dll".
       Task "CheckForUnsupportedWinMDReferences"
       Done executing task "CheckForUnsupportedWinMDReferences".
       Task "NETSdkError" skipped, due to false condition; ('$(OutputType)' == 'winmdobj') was evaluated as ('Exe' == 'winmdobj').
   1:7>Done building target "_BlockWinMDsOnUnsupportedTFMs" in project "BSkyClone.csproj".
       Target "ResolveReferences" skipped. Previously built successfully.
       Target "ResolvePackageDependenciesForBuild" skipped. Previously built successfully.
       Target "_HandlePackageFileConflicts" skipped. Previously built successfully.
   1:7>Target "CopyAdditionalFiles" in file "C:\Program Files\dotnet\sdk\9.0.304\Roslyn\Microsoft.Managed.Core.targets" from project "C:\Projects\BlueSky\backend\BSkyClone.csproj" (target "AssignTargetPaths" depends on it):
   1:7>Done building target "CopyAdditionalFiles" in project "BSkyClone.csproj".
       Target "ResolvePackageAssets" skipped. Previously built successfully.
       Target "ResolveFrameworkReferences" skipped. Previously built successfully.
   1:7>Target "_GetAppHostPaths" in file "C:\Program Files\dotnet\sdk\9.0.304\Sdks\Microsoft.NET.Sdk\targets\Microsoft.NET.Sdk.targets" from project "C:\Projects\BlueSky\backend\BSkyClone.csproj" (target "_ComputeNETCoreBuildOutputFiles" depends on it):
       Task "NETSdkError" skipped, due to false condition; ('@(_NativeRestoredAppHostNETCore->Count())' > 1) was evaluated as ('0' > 1).
   1:7>Done building target "_GetAppHostPaths" in project "BSkyClone.csproj".
   1:7>Target "_GetAppHostCreationConfiguration" in file "C:\Program Files\dotnet\sdk\9.0.304\Sdks\Microsoft.NET.Sdk\targets\Microsoft.NET.Sdk.targets" from project "C:\Projects\BlueSky\backend\BSkyClone.csproj" (target "_ComputeNETCoreBuildOutputFiles" depends on it):
   1:7>Done building target "_GetAppHostCreationConfiguration" in project "BSkyClone.csproj".
       Target "_GetComHostPaths" skipped, due to false condition; ('$(EnableComHosting)' == 'true' and '$(_IsExecutable)' != 'true') was evaluated as ('' == 'true' and 'true' != 'true').
       Target "_GetIjwHostPaths" skipped, due to false condition; ('$(UseIJWHost)' == 'true') was evaluated as ('' == 'true').
   1:7>Target "_ComputeNETCoreBuildOutputFiles" in file "C:\Program Files\dotnet\sdk\9.0.304\Sdks\Microsoft.NET.Sdk\targets\Microsoft.NET.Sdk.targets" from project "C:\Projects\BlueSky\backend\BSkyClone.csproj" (target "AssignTargetPaths" depends on it):
   1:7>Done building target "_ComputeNETCoreBuildOutputFiles" in project "BSkyClone.csproj".
   1:7>Target "ResolveStaticWebAssetsConfiguration" in file "C:\Program Files\dotnet\sdk\9.0.304\Sdks\Microsoft.NET.Sdk.StaticWebAssets\targets\Microsoft.NET.Sdk.StaticWebAssets.targets" from project "C:\Projects\BlueSky\backend\BSkyClone.csproj" (target "ResolveProjectStaticWebAssets" depends on it):
       Task "MakeDir" skipped, due to false condition; (!Exists('$(_StaticWebAssetsManifestBase)')) was evaluated as (!Exists('obj\Debug\net9.0\')).
       Task "MakeDir" skipped, due to false condition; (!Exists('$(_StaticWebAssetsIntermediateOutputPath)')) was evaluated as (!Exists('obj\Debug\net9.0\staticwebassets\')).
   1:7>Done building target "ResolveStaticWebAssetsConfiguration" in project "BSkyClone.csproj".
   1:7>Target "UpdateExistingPackageStaticWebAssets" in file "C:\Program Files\dotnet\sdk\9.0.304\Sdks\Microsoft.NET.Sdk.StaticWebAssets\targets\Microsoft.NET.Sdk.StaticWebAssets.targets" from project "C:\Projects\BlueSky\backend\BSkyClone.csproj" (target "ResolveProjectStaticWebAssets" depends on it):
       Using "UpdatePackageStaticWebAssets" task from assembly "C:\Program Files\dotnet\sdk\9.0.304\Sdks\Microsoft.NET.Sdk.StaticWebAssets\targets\..\tasks\net9.0\Microsoft.NET.Sdk.StaticWebAssets.Tasks.dll".
       Task "UpdatePackageStaticWebAssets"
       Done executing task "UpdatePackageStaticWebAssets".
       Using "DefineStaticWebAssetEndpoints" task from assembly "C:\Program Files\dotnet\sdk\9.0.304\Sdks\Microsoft.NET.Sdk.StaticWebAssets\targets\..\tasks\net9.0\Microsoft.NET.Sdk.StaticWebAssets.Tasks.dll".
       Task "DefineStaticWebAssetEndpoints"
       Done executing task "DefineStaticWebAssetEndpoints".
   1:7>Done building target "UpdateExistingPackageStaticWebAssets" in project "BSkyClone.csproj".
   1:7>Target "ResolveProjectStaticWebAssets" in file "C:\Program Files\dotnet\sdk\9.0.304\Sdks\Microsoft.NET.Sdk.StaticWebAssets\targets\Microsoft.NET.Sdk.StaticWebAssets.targets" from project "C:\Projects\BlueSky\backend\BSkyClone.csproj" (target "AssignTargetPaths" depends on it):
       Using "DefineStaticWebAssets" task from assembly "C:\Program Files\dotnet\sdk\9.0.304\Sdks\Microsoft.NET.Sdk.StaticWebAssets\targets\..\tasks\net9.0\Microsoft.NET.Sdk.StaticWebAssets.Tasks.dll".
       Task "DefineStaticWebAssets"
         Cache is fully up to date.
       Done executing task "DefineStaticWebAssets".
       Task "DefineStaticWebAssetEndpoints"
         Matched uploads/covers/23645a71-7888-4b51-aa82-4af15e263a8e.jpeg to image/jpeg using pattern *.jpeg
         Matched uploads/avatars/77bcb550-41b2-481b-968f-9da4b260e41e.jpg to image/jpeg using pattern *.jpg
         Matched uploads/lists/6701e576-56da-4250-a91a-6538e4b7c5ef.jpg to image/jpeg using pattern *.jpg
         Matched cache/resized/uploads_posts_02fb19ce-c781-4188-92ab-ca4c1fae40b6_600_80.webp to image/webp using pattern *.webp
         Matched uploads/posts/ac7c587c-1c49-41a2-9dfd-ee6e62a7a89d.jpg to image/jpeg using pattern *.jpg
         Matched uploads/covers/ebc437f4-4dc1-4cc8-b822-3c92e79e8a06.jpg to image/jpeg using pattern *.jpg
         Matched uploads/posts/46d9db6f-9394-4878-84fd-eac399d57b82.mp4 to video/mp4 using pattern *.mp4
         Matched placeholders/avatar-default.png to image/png using pattern *.png
         Matched uploads/chat/0f57e5af-6a0c-4c3e-8e76-3d770ff2336a.webp to image/webp using pattern *.webp
         Matched uploads/covers/23645a71-7888-4b51-aa82-4af15e263a8e.jpeg to image/jpeg using pattern *.jpeg
         Matched placeholders/avatar-default.png to image/png using pattern *.png
         Matched cache/resized/uploads_posts_02fb19ce-c781-4188-92ab-ca4c1fae40b6_600_80.webp to image/webp using pattern *.webp
         Matched uploads/avatars/77bcb550-41b2-481b-968f-9da4b260e41e.jpg to image/jpeg using pattern *.jpg
         Matched uploads/posts/ac7c587c-1c49-41a2-9dfd-ee6e62a7a89d.jpg to image/jpeg using pattern *.jpg
         Matched uploads/chat/0f57e5af-6a0c-4c3e-8e76-3d770ff2336a.webp to image/webp using pattern *.webp
         Matched uploads/posts/46d9db6f-9394-4878-84fd-eac399d57b82.mp4 to video/mp4 using pattern *.mp4
         Matched uploads/lists/6701e576-56da-4250-a91a-6538e4b7c5ef.jpg to image/jpeg using pattern *.jpg
         Matched uploads/covers/ebc437f4-4dc1-4cc8-b822-3c92e79e8a06.jpg to image/jpeg using pattern *.jpg
         Adding endpoint uploads/covers/23645a71-7888-4b51-aa82-4af15e263a8e.jpeg for asset C:\Projects\BlueSky\backend\wwwroot\uploads\covers\23645a71-7888-4b51-aa82-4af15e263a8e.jpeg.
         Adding endpoint uploads/covers/ebc437f4-4dc1-4cc8-b822-3c92e79e8a06.jpg for asset C:\Projects\BlueSky\backend\wwwroot\uploads\covers\ebc437f4-4dc1-4cc8-b822-3c92e79e8a06.jpg.
         Adding endpoint placeholders/avatar-default.png for asset C:\Projects\BlueSky\backend\wwwroot\placeholders\avatar-default.png.
         Adding endpoint uploads/chat/0f57e5af-6a0c-4c3e-8e76-3d770ff2336a.webp for asset C:\Projects\BlueSky\backend\wwwroot\uploads\chat\0f57e5af-6a0c-4c3e-8e76-3d770ff2336a.webp.
         Adding endpoint uploads/posts/ac7c587c-1c49-41a2-9dfd-ee6e62a7a89d.jpg for asset C:\Projects\BlueSky\backend\wwwroot\uploads\posts\ac7c587c-1c49-41a2-9dfd-ee6e62a7a89d.jpg.
         Adding endpoint uploads/covers/23645a71-7888-4b51-aa82-4af15e263a8e.xugam091mb.jpeg for asset C:\Projects\BlueSky\backend\wwwroot\uploads\covers\23645a71-7888-4b51-aa82-4af15e263a8e.jpeg.
         Adding endpoint uploads/chat/0f57e5af-6a0c-4c3e-8e76-3d770ff2336a.6sfumocdnj.webp for asset C:\Projects\BlueSky\backend\wwwroot\uploads\chat\0f57e5af-6a0c-4c3e-8e76-3d770ff2336a.webp.
         Adding endpoint uploads/posts/ac7c587c-1c49-41a2-9dfd-ee6e62a7a89d.nsrxospxmj.jpg for asset C:\Projects\BlueSky\backend\wwwroot\uploads\posts\ac7c587c-1c49-41a2-9dfd-ee6e62a7a89d.jpg.
         Adding endpoint uploads/posts/46d9db6f-9394-4878-84fd-eac399d57b82.mp4 for asset C:\Projects\BlueSky\backend\wwwroot\uploads\posts\46d9db6f-9394-4878-84fd-eac399d57b82.mp4.
         Adding endpoint uploads/posts/46d9db6f-9394-4878-84fd-eac399d57b82.shva6bfxtf.mp4 for asset C:\Projects\BlueSky\backend\wwwroot\uploads\posts\46d9db6f-9394-4878-84fd-eac399d57b82.mp4.
         Adding endpoint uploads/avatars/77bcb550-41b2-481b-968f-9da4b260e41e.jpg for asset C:\Projects\BlueSky\backend\wwwroot\uploads\avatars\77bcb550-41b2-481b-968f-9da4b260e41e.jpg.
         Adding endpoint cache/resized/uploads_posts_02fb19ce-c781-4188-92ab-ca4c1fae40b6_600_80.webp for asset C:\Projects\BlueSky\backend\wwwroot\cache\resized\uploads_posts_02fb19ce-c781-4188-92ab-ca4c1fae40b6_600_80.webp.
         Adding endpoint uploads/avatars/77bcb550-41b2-481b-968f-9da4b260e41e.j14df0pjz1.jpg for asset C:\Projects\BlueSky\backend\wwwroot\uploads\avatars\77bcb550-41b2-481b-968f-9da4b260e41e.jpg.
         Adding endpoint uploads/lists/6701e576-56da-4250-a91a-6538e4b7c5ef.jpg for asset C:\Projects\BlueSky\backend\wwwroot\uploads\lists\6701e576-56da-4250-a91a-6538e4b7c5ef.jpg.
         Adding endpoint cache/resized/uploads_posts_02fb19ce-c781-4188-92ab-ca4c1fae40b6_600_80.7oyb06cjeh.webp for asset C:\Projects\BlueSky\backend\wwwroot\cache\resized\uploads_posts_02fb19ce-c781-4188-92ab-ca4c1fae40b6_600_80.webp.
         Adding endpoint uploads/lists/6701e576-56da-4250-a91a-6538e4b7c5ef.nsrxospxmj.jpg for asset C:\Projects\BlueSky\backend\wwwroot\uploads\lists\6701e576-56da-4250-a91a-6538e4b7c5ef.jpg.
         Matched uploads/chat/602a9838-5a6a-4235-837e-42017d6313b9.jpg to image/jpeg using pattern *.jpg
         Matched uploads/covers/2456aee1-e71d-44a2-80e7-12a453c6f760.jpg to image/jpeg using pattern *.jpg
         Adding endpoint uploads/covers/ebc437f4-4dc1-4cc8-b822-3c92e79e8a06.8rti9wgdnb.jpg for asset C:\Projects\BlueSky\backend\wwwroot\uploads\covers\ebc437f4-4dc1-4cc8-b822-3c92e79e8a06.jpg.
         Matched uploads/chat/602a9838-5a6a-4235-837e-42017d6313b9.jpg to image/jpeg using pattern *.jpg
         Matched uploads/covers/2456aee1-e71d-44a2-80e7-12a453c6f760.jpg to image/jpeg using pattern *.jpg
         Adding endpoint placeholders/avatar-default.6horxbj3em.png for asset C:\Projects\BlueSky\backend\wwwroot\placeholders\avatar-default.png.
         Adding endpoint uploads/chat/602a9838-5a6a-4235-837e-42017d6313b9.jpg for asset C:\Projects\BlueSky\backend\wwwroot\uploads\chat\602a9838-5a6a-4235-837e-42017d6313b9.jpg.
         Adding endpoint uploads/covers/2456aee1-e71d-44a2-80e7-12a453c6f760.jpg for asset C:\Projects\BlueSky\backend\wwwroot\uploads\covers\2456aee1-e71d-44a2-80e7-12a453c6f760.jpg.
         Adding endpoint uploads/covers/2456aee1-e71d-44a2-80e7-12a453c6f760.8rti9wgdnb.jpg for asset C:\Projects\BlueSky\backend\wwwroot\uploads\covers\2456aee1-e71d-44a2-80e7-12a453c6f760.jpg.
         Adding endpoint uploads/chat/602a9838-5a6a-4235-837e-42017d6313b9.xlnr08ahxw.jpg for asset C:\Projects\BlueSky\backend\wwwroot\uploads\chat\602a9838-5a6a-4235-837e-42017d6313b9.jpg.
         Matched uploads/posts/be64586f-dea5-4972-965d-72537cbd0b6a.mp4 to video/mp4 using pattern *.mp4
         Matched uploads/covers/f987aa0f-8f51-48b8-8bf5-445b99e92f93.jpg to image/jpeg using pattern *.jpg
         Matched cache/resized/uploads_posts_36a2ee9a-325b-4b2d-85fd-d71632cec0fd_600_80.webp to image/webp using pattern *.webp
         Matched uploads/covers/f987aa0f-8f51-48b8-8bf5-445b99e92f93.jpg to image/jpeg using pattern *.jpg
         Matched uploads/posts/be64586f-dea5-4972-965d-72537cbd0b6a.mp4 to video/mp4 using pattern *.mp4
         Adding endpoint uploads/covers/f987aa0f-8f51-48b8-8bf5-445b99e92f93.jpg for asset C:\Projects\BlueSky\backend\wwwroot\uploads\covers\f987aa0f-8f51-48b8-8bf5-445b99e92f93.jpg.
         Adding endpoint uploads/covers/f987aa0f-8f51-48b8-8bf5-445b99e92f93.9fsqe3al3z.jpg for asset C:\Projects\BlueSky\backend\wwwroot\uploads\covers\f987aa0f-8f51-48b8-8bf5-445b99e92f93.jpg.
         Matched uploads/avatars/b7c6fd2f-aaa0-480d-b0f1-3589b24ec61b.jpg to image/jpeg using pattern *.jpg
         Adding endpoint uploads/posts/be64586f-dea5-4972-965d-72537cbd0b6a.mp4 for asset C:\Projects\BlueSky\backend\wwwroot\uploads\posts\be64586f-dea5-4972-965d-72537cbd0b6a.mp4.
         Matched placeholders/cover-default.png to image/png using pattern *.png
         Adding endpoint uploads/posts/be64586f-dea5-4972-965d-72537cbd0b6a.rr2q3gk8md.mp4 for asset C:\Projects\BlueSky\backend\wwwroot\uploads\posts\be64586f-dea5-4972-965d-72537cbd0b6a.mp4.
         Matched cache/resized/uploads_posts_36a2ee9a-325b-4b2d-85fd-d71632cec0fd_600_80.webp to image/webp using pattern *.webp
         Matched uploads/chat/e47622fd-9919-4353-ad18-932e32ec571a.jpg to image/jpeg using pattern *.jpg
         Matched uploads/covers/570ffc04-c546-4606-bd1c-3d36c1533719.jpg to image/jpeg using pattern *.jpg
         Adding endpoint cache/resized/uploads_posts_36a2ee9a-325b-4b2d-85fd-d71632cec0fd_600_80.webp for asset C:\Projects\BlueSky\backend\wwwroot\cache\resized\uploads_posts_36a2ee9a-325b-4b2d-85fd-d71632cec0fd_600_80.webp.
         Matched placeholders/cover-default.png to image/png using pattern *.png
         Matched uploads/avatars/b7c6fd2f-aaa0-480d-b0f1-3589b24ec61b.jpg to image/jpeg using pattern *.jpg
         Adding endpoint cache/resized/uploads_posts_36a2ee9a-325b-4b2d-85fd-d71632cec0fd_600_80.3gmkoxku1g.webp for asset C:\Projects\BlueSky\backend\wwwroot\cache\resized\uploads_posts_36a2ee9a-325b-4b2d-85fd-d71632cec0fd_600_80.webp.
         Matched uploads/chat/e47622fd-9919-4353-ad18-932e32ec571a.jpg to image/jpeg using pattern *.jpg
         Adding endpoint placeholders/cover-default.png for asset C:\Projects\BlueSky\backend\wwwroot\placeholders\cover-default.png.
         Matched uploads/covers/570ffc04-c546-4606-bd1c-3d36c1533719.jpg to image/jpeg using pattern *.jpg
         Adding endpoint uploads/chat/e47622fd-9919-4353-ad18-932e32ec571a.jpg for asset C:\Projects\BlueSky\backend\wwwroot\uploads\chat\e47622fd-9919-4353-ad18-932e32ec571a.jpg.
         Adding endpoint uploads/avatars/b7c6fd2f-aaa0-480d-b0f1-3589b24ec61b.jpg for asset C:\Projects\BlueSky\backend\wwwroot\uploads\avatars\b7c6fd2f-aaa0-480d-b0f1-3589b24ec61b.jpg.
         Adding endpoint placeholders/cover-default.ie48rsfwkd.png for asset C:\Projects\BlueSky\backend\wwwroot\placeholders\cover-default.png.
         Adding endpoint uploads/chat/e47622fd-9919-4353-ad18-932e32ec571a.9182cyhu1g.jpg for asset C:\Projects\BlueSky\backend\wwwroot\uploads\chat\e47622fd-9919-4353-ad18-932e32ec571a.jpg.
         Matched uploads/covers/fd5a18e5-e125-49e2-b008-d39a96f58016.jpg to image/jpeg using pattern *.jpg
         Adding endpoint uploads/covers/570ffc04-c546-4606-bd1c-3d36c1533719.jpg for asset C:\Projects\BlueSky\backend\wwwroot\uploads\covers\570ffc04-c546-4606-bd1c-3d36c1533719.jpg.
         Adding endpoint uploads/covers/570ffc04-c546-4606-bd1c-3d36c1533719.ipmn0e8407.jpg for asset C:\Projects\BlueSky\backend\wwwroot\uploads\covers\570ffc04-c546-4606-bd1c-3d36c1533719.jpg.
         Matched uploads/lists/7ea8e527-8372-400f-ac67-bf10f18a8722.jpg to image/jpeg using pattern *.jpg
         Matched uploads/covers/fd5a18e5-e125-49e2-b008-d39a96f58016.jpg to image/jpeg using pattern *.jpg
         Matched uploads/posts/cd9b5810-2d2e-4eff-930b-fdbefa8f4fe8.jpg to image/jpeg using pattern *.jpg
         Adding endpoint uploads/covers/fd5a18e5-e125-49e2-b008-d39a96f58016.jpg for asset C:\Projects\BlueSky\backend\wwwroot\uploads\covers\fd5a18e5-e125-49e2-b008-d39a96f58016.jpg.
         Matched uploads/lists/7ea8e527-8372-400f-ac67-bf10f18a8722.jpg to image/jpeg using pattern *.jpg
         Adding endpoint uploads/covers/fd5a18e5-e125-49e2-b008-d39a96f58016.ipmn0e8407.jpg for asset C:\Projects\BlueSky\backend\wwwroot\uploads\covers\fd5a18e5-e125-49e2-b008-d39a96f58016.jpg.
         Adding endpoint uploads/lists/7ea8e527-8372-400f-ac67-bf10f18a8722.jpg for asset C:\Projects\BlueSky\backend\wwwroot\uploads\lists\7ea8e527-8372-400f-ac67-bf10f18a8722.jpg.
         Adding endpoint uploads/lists/7ea8e527-8372-400f-ac67-bf10f18a8722.dlq0dqbjwm.jpg for asset C:\Projects\BlueSky\backend\wwwroot\uploads\lists\7ea8e527-8372-400f-ac67-bf10f18a8722.jpg.
         Matched uploads/posts/cd9b5810-2d2e-4eff-930b-fdbefa8f4fe8.jpg to image/jpeg using pattern *.jpg
         Matched cache/resized/uploads_posts_ac7c587c-1c49-41a2-9dfd-ee6e62a7a89d_600_80.webp to image/webp using pattern *.webp
         Matched uploads/avatars/2b5ba950-3d2e-41f1-887b-b5345a14444d.jpg to image/jpeg using pattern *.jpg
         Matched uploads/covers/168c5e9b-d980-4535-a09e-e4b7ebdbc0cc.jpg to image/jpeg using pattern *.jpg
         Matched uploads/covers/8732e3e3-e0f0-4955-8ff3-cd0bfff6589e.jpg to image/jpeg using pattern *.jpg
         Adding endpoint uploads/posts/cd9b5810-2d2e-4eff-930b-fdbefa8f4fe8.jpg for asset C:\Projects\BlueSky\backend\wwwroot\uploads\posts\cd9b5810-2d2e-4eff-930b-fdbefa8f4fe8.jpg.
         Matched cache/resized/uploads_posts_ac7c587c-1c49-41a2-9dfd-ee6e62a7a89d_600_80.webp to image/webp using pattern *.webp
         Adding endpoint uploads/posts/cd9b5810-2d2e-4eff-930b-fdbefa8f4fe8.si0w6mn855.jpg for asset C:\Projects\BlueSky\backend\wwwroot\uploads\posts\cd9b5810-2d2e-4eff-930b-fdbefa8f4fe8.jpg.
         Matched uploads/avatars/2b5ba950-3d2e-41f1-887b-b5345a14444d.jpg to image/jpeg using pattern *.jpg
         Adding endpoint cache/resized/uploads_posts_ac7c587c-1c49-41a2-9dfd-ee6e62a7a89d_600_80.webp for asset C:\Projects\BlueSky\backend\wwwroot\cache\resized\uploads_posts_ac7c587c-1c49-41a2-9dfd-ee6e62a7a89d_600_80.webp.
         Matched uploads/posts/5e9ac5ea-c811-4cdd-9ef2-b487432108fa.jpg to image/jpeg using pattern *.jpg
         Matched uploads/feeds/09363fd5-7dbc-411e-aede-241aab62ea85.jpg to image/jpeg using pattern *.jpg
         Adding endpoint uploads/avatars/2b5ba950-3d2e-41f1-887b-b5345a14444d.jpg for asset C:\Projects\BlueSky\backend\wwwroot\uploads\avatars\2b5ba950-3d2e-41f1-887b-b5345a14444d.jpg.
         Matched uploads/posts/02fb19ce-c781-4188-92ab-ca4c1fae40b6.jpg to image/jpeg using pattern *.jpg
         Matched uploads/posts/5e9ac5ea-c811-4cdd-9ef2-b487432108fa.jpg to image/jpeg using pattern *.jpg
         Adding endpoint uploads/avatars/2b5ba950-3d2e-41f1-887b-b5345a14444d.8rti9wgdnb.jpg for asset C:\Projects\BlueSky\backend\wwwroot\uploads\avatars\2b5ba950-3d2e-41f1-887b-b5345a14444d.jpg.
         Matched uploads/feeds/09363fd5-7dbc-411e-aede-241aab62ea85.jpg to image/jpeg using pattern *.jpg
         Adding endpoint uploads/posts/5e9ac5ea-c811-4cdd-9ef2-b487432108fa.jpg for asset C:\Projects\BlueSky\backend\wwwroot\uploads\posts\5e9ac5ea-c811-4cdd-9ef2-b487432108fa.jpg.
         Adding endpoint uploads/avatars/b7c6fd2f-aaa0-480d-b0f1-3589b24ec61b.em9cbpa5xz.jpg for asset C:\Projects\BlueSky\backend\wwwroot\uploads\avatars\b7c6fd2f-aaa0-480d-b0f1-3589b24ec61b.jpg.
         Adding endpoint uploads/feeds/09363fd5-7dbc-411e-aede-241aab62ea85.jpg for asset C:\Projects\BlueSky\backend\wwwroot\uploads\feeds\09363fd5-7dbc-411e-aede-241aab62ea85.jpg.
         Adding endpoint uploads/feeds/09363fd5-7dbc-411e-aede-241aab62ea85.dlq0dqbjwm.jpg for asset C:\Projects\BlueSky\backend\wwwroot\uploads\feeds\09363fd5-7dbc-411e-aede-241aab62ea85.jpg.
         Matched uploads/covers/168c5e9b-d980-4535-a09e-e4b7ebdbc0cc.jpg to image/jpeg using pattern *.jpg
         Matched uploads/covers/8732e3e3-e0f0-4955-8ff3-cd0bfff6589e.jpg to image/jpeg using pattern *.jpg
         Adding endpoint uploads/covers/168c5e9b-d980-4535-a09e-e4b7ebdbc0cc.jpg for asset C:\Projects\BlueSky\backend\wwwroot\uploads\covers\168c5e9b-d980-4535-a09e-e4b7ebdbc0cc.jpg.
         Adding endpoint uploads/covers/168c5e9b-d980-4535-a09e-e4b7ebdbc0cc.t06nngd6lr.jpg for asset C:\Projects\BlueSky\backend\wwwroot\uploads\covers\168c5e9b-d980-4535-a09e-e4b7ebdbc0cc.jpg.
         Adding endpoint cache/resized/uploads_posts_ac7c587c-1c49-41a2-9dfd-ee6e62a7a89d_600_80.7xrqige68n.webp for asset C:\Projects\BlueSky\backend\wwwroot\cache\resized\uploads_posts_ac7c587c-1c49-41a2-9dfd-ee6e62a7a89d_600_80.webp.
         Matched uploads/lists/333bc398-2634-4fb4-82ee-1371c1e37270.jpg to image/jpeg using pattern *.jpg
         Adding endpoint uploads/covers/8732e3e3-e0f0-4955-8ff3-cd0bfff6589e.jpg for asset C:\Projects\BlueSky\backend\wwwroot\uploads\covers\8732e3e3-e0f0-4955-8ff3-cd0bfff6589e.jpg.
         Adding endpoint uploads/covers/8732e3e3-e0f0-4955-8ff3-cd0bfff6589e.j14df0pjz1.jpg for asset C:\Projects\BlueSky\backend\wwwroot\uploads\covers\8732e3e3-e0f0-4955-8ff3-cd0bfff6589e.jpg.
         Matched uploads/avatars/c539c566-83da-4229-baf3-f4c2aa874121.jpg to image/jpeg using pattern *.jpg
         Matched uploads/lists/333bc398-2634-4fb4-82ee-1371c1e37270.jpg to image/jpeg using pattern *.jpg
         Matched uploads/avatars/c539c566-83da-4229-baf3-f4c2aa874121.jpg to image/jpeg using pattern *.jpg
         Adding endpoint uploads/avatars/c539c566-83da-4229-baf3-f4c2aa874121.jpg for asset C:\Projects\BlueSky\backend\wwwroot\uploads\avatars\c539c566-83da-4229-baf3-f4c2aa874121.jpg.
         Adding endpoint uploads/avatars/c539c566-83da-4229-baf3-f4c2aa874121.si0w6mn855.jpg for asset C:\Projects\BlueSky\backend\wwwroot\uploads\avatars\c539c566-83da-4229-baf3-f4c2aa874121.jpg.
         Matched cache/resized/uploads_posts_e5761972-9ebd-491c-bef0-76053670a9b1_600_80.webp to image/webp using pattern *.webp
         Matched uploads/covers/1903cb00-a365-46bc-aff9-1fd3cd8a01f3.jpg to image/jpeg using pattern *.jpg
         Matched uploads/covers/a132f7b9-8d07-4815-a256-5c0223b43d00.jpg to image/jpeg using pattern *.jpg
         Matched uploads/avatars/517e0e9b-0b34-4f88-9d96-f49460db78da.jpg to image/jpeg using pattern *.jpg
         Matched uploads/avatars/e1061898-5bdf-46dd-b28a-ec29685509a4.jpg to image/jpeg using pattern *.jpg
         Adding endpoint uploads/lists/333bc398-2634-4fb4-82ee-1371c1e37270.jpg for asset C:\Projects\BlueSky\backend\wwwroot\uploads\lists\333bc398-2634-4fb4-82ee-1371c1e37270.jpg.
         Matched uploads/covers/a132f7b9-8d07-4815-a256-5c0223b43d00.jpg to image/jpeg using pattern *.jpg
         Matched uploads/avatars/517e0e9b-0b34-4f88-9d96-f49460db78da.jpg to image/jpeg using pattern *.jpg
         Adding endpoint uploads/lists/333bc398-2634-4fb4-82ee-1371c1e37270.nsrxospxmj.jpg for asset C:\Projects\BlueSky\backend\wwwroot\uploads\lists\333bc398-2634-4fb4-82ee-1371c1e37270.jpg.
         Adding endpoint uploads/avatars/517e0e9b-0b34-4f88-9d96-f49460db78da.jpg for asset C:\Projects\BlueSky\backend\wwwroot\uploads\avatars\517e0e9b-0b34-4f88-9d96-f49460db78da.jpg.
         Adding endpoint uploads/covers/a132f7b9-8d07-4815-a256-5c0223b43d00.jpg for asset C:\Projects\BlueSky\backend\wwwroot\uploads\covers\a132f7b9-8d07-4815-a256-5c0223b43d00.jpg.
         Adding endpoint uploads/avatars/517e0e9b-0b34-4f88-9d96-f49460db78da.8rti9wgdnb.jpg for asset C:\Projects\BlueSky\backend\wwwroot\uploads\avatars\517e0e9b-0b34-4f88-9d96-f49460db78da.jpg.
         Adding endpoint uploads/covers/a132f7b9-8d07-4815-a256-5c0223b43d00.8rti9wgdnb.jpg for asset C:\Projects\BlueSky\backend\wwwroot\uploads\covers\a132f7b9-8d07-4815-a256-5c0223b43d00.jpg.
         Matched uploads/posts/e5761972-9ebd-491c-bef0-76053670a9b1.jpg to image/jpeg using pattern *.jpg
         Matched uploads/covers/1903cb00-a365-46bc-aff9-1fd3cd8a01f3.jpg to image/jpeg using pattern *.jpg
         Matched uploads/posts/e5761972-9ebd-491c-bef0-76053670a9b1.jpg to image/jpeg using pattern *.jpg
         Matched cache/resized/uploads_posts_e5761972-9ebd-491c-bef0-76053670a9b1_600_80.webp to image/webp using pattern *.webp
         Matched uploads/posts/8753289f-b156-4db9-aeb1-7e361140c99b.mp4 to video/mp4 using pattern *.mp4
         Adding endpoint uploads/posts/e5761972-9ebd-491c-bef0-76053670a9b1.jpg for asset C:\Projects\BlueSky\backend\wwwroot\uploads\posts\e5761972-9ebd-491c-bef0-76053670a9b1.jpg.
         Adding endpoint uploads/posts/5e9ac5ea-c811-4cdd-9ef2-b487432108fa.si0w6mn855.jpg for asset C:\Projects\BlueSky\backend\wwwroot\uploads\posts\5e9ac5ea-c811-4cdd-9ef2-b487432108fa.jpg.
         Matched uploads/posts/1236e86c-8959-42e9-ad21-3ea80eedf260.jpg to image/jpeg using pattern *.jpg
         Adding endpoint uploads/covers/1903cb00-a365-46bc-aff9-1fd3cd8a01f3.jpg for asset C:\Projects\BlueSky\backend\wwwroot\uploads\covers\1903cb00-a365-46bc-aff9-1fd3cd8a01f3.jpg.
         Matched uploads/posts/8753289f-b156-4db9-aeb1-7e361140c99b.mp4 to video/mp4 using pattern *.mp4
         Adding endpoint uploads/covers/1903cb00-a365-46bc-aff9-1fd3cd8a01f3.j14df0pjz1.jpg for asset C:\Projects\BlueSky\backend\wwwroot\uploads\covers\1903cb00-a365-46bc-aff9-1fd3cd8a01f3.jpg.
         Adding endpoint uploads/posts/8753289f-b156-4db9-aeb1-7e361140c99b.mp4 for asset C:\Projects\BlueSky\backend\wwwroot\uploads\posts\8753289f-b156-4db9-aeb1-7e361140c99b.mp4.
         Adding endpoint uploads/posts/8753289f-b156-4db9-aeb1-7e361140c99b.shva6bfxtf.mp4 for asset C:\Projects\BlueSky\backend\wwwroot\uploads\posts\8753289f-b156-4db9-aeb1-7e361140c99b.mp4.
         Matched uploads/posts/1236e86c-8959-42e9-ad21-3ea80eedf260.jpg to image/jpeg using pattern *.jpg
         Matched uploads/posts/02fb19ce-c781-4188-92ab-ca4c1fae40b6.jpg to image/jpeg using pattern *.jpg
         Adding endpoint uploads/posts/1236e86c-8959-42e9-ad21-3ea80eedf260.jpg for asset C:\Projects\BlueSky\backend\wwwroot\uploads\posts\1236e86c-8959-42e9-ad21-3ea80eedf260.jpg.
         Adding endpoint uploads/posts/1236e86c-8959-42e9-ad21-3ea80eedf260.em9cbpa5xz.jpg for asset C:\Projects\BlueSky\backend\wwwroot\uploads\posts\1236e86c-8959-42e9-ad21-3ea80eedf260.jpg.
         Matched uploads/avatars/e1061898-5bdf-46dd-b28a-ec29685509a4.jpg to image/jpeg using pattern *.jpg
         Adding endpoint uploads/posts/02fb19ce-c781-4188-92ab-ca4c1fae40b6.jpg for asset C:\Projects\BlueSky\backend\wwwroot\uploads\posts\02fb19ce-c781-4188-92ab-ca4c1fae40b6.jpg.
         Adding endpoint uploads/posts/02fb19ce-c781-4188-92ab-ca4c1fae40b6.via8khvs2u.jpg for asset C:\Projects\BlueSky\backend\wwwroot\uploads\posts\02fb19ce-c781-4188-92ab-ca4c1fae40b6.jpg.
         Adding endpoint uploads/avatars/e1061898-5bdf-46dd-b28a-ec29685509a4.jpg for asset C:\Projects\BlueSky\backend\wwwroot\uploads\avatars\e1061898-5bdf-46dd-b28a-ec29685509a4.jpg.
         Matched uploads/posts/75b610a8-3ba1-44a2-855e-62ab588f6cca.mp4 to video/mp4 using pattern *.mp4
         Adding endpoint uploads/avatars/e1061898-5bdf-46dd-b28a-ec29685509a4.si0w6mn855.jpg for asset C:\Projects\BlueSky\backend\wwwroot\uploads\avatars\e1061898-5bdf-46dd-b28a-ec29685509a4.jpg.
         Matched uploads/posts/f4e65e58-e03f-4234-b3ef-2c6968104f0f.jpg to image/jpeg using pattern *.jpg
         Matched uploads/posts/87a5ca45-9602-4609-a535-9464806f2ef3.mp4 to video/mp4 using pattern *.mp4
         Matched uploads/posts/75b610a8-3ba1-44a2-855e-62ab588f6cca.mp4 to video/mp4 using pattern *.mp4
         Matched uploads/posts/36a2ee9a-325b-4b2d-85fd-d71632cec0fd.webp to image/webp using pattern *.webp
         Matched uploads/posts/f4e65e58-e03f-4234-b3ef-2c6968104f0f.jpg to image/jpeg using pattern *.jpg
         Adding endpoint uploads/posts/75b610a8-3ba1-44a2-855e-62ab588f6cca.mp4 for asset C:\Projects\BlueSky\backend\wwwroot\uploads\posts\75b610a8-3ba1-44a2-855e-62ab588f6cca.mp4.
         Matched uploads/posts/87a5ca45-9602-4609-a535-9464806f2ef3.mp4 to video/mp4 using pattern *.mp4
         Adding endpoint uploads/posts/75b610a8-3ba1-44a2-855e-62ab588f6cca.shva6bfxtf.mp4 for asset C:\Projects\BlueSky\backend\wwwroot\uploads\posts\75b610a8-3ba1-44a2-855e-62ab588f6cca.mp4.
         Adding endpoint uploads/posts/f4e65e58-e03f-4234-b3ef-2c6968104f0f.jpg for asset C:\Projects\BlueSky\backend\wwwroot\uploads\posts\f4e65e58-e03f-4234-b3ef-2c6968104f0f.jpg.
         Matched uploads/posts/36a2ee9a-325b-4b2d-85fd-d71632cec0fd.webp to image/webp using pattern *.webp
         Adding endpoint uploads/posts/f4e65e58-e03f-4234-b3ef-2c6968104f0f.rx03cco3eu.jpg for asset C:\Projects\BlueSky\backend\wwwroot\uploads\posts\f4e65e58-e03f-4234-b3ef-2c6968104f0f.jpg.
         Adding endpoint uploads/posts/87a5ca45-9602-4609-a535-9464806f2ef3.mp4 for asset C:\Projects\BlueSky\backend\wwwroot\uploads\posts\87a5ca45-9602-4609-a535-9464806f2ef3.mp4.
         Adding endpoint uploads/posts/87a5ca45-9602-4609-a535-9464806f2ef3.e57obf6rkm.mp4 for asset C:\Projects\BlueSky\backend\wwwroot\uploads\posts\87a5ca45-9602-4609-a535-9464806f2ef3.mp4.
         Adding endpoint uploads/posts/36a2ee9a-325b-4b2d-85fd-d71632cec0fd.webp for asset C:\Projects\BlueSky\backend\wwwroot\uploads\posts\36a2ee9a-325b-4b2d-85fd-d71632cec0fd.webp.
         Adding endpoint uploads/posts/36a2ee9a-325b-4b2d-85fd-d71632cec0fd.6sfumocdnj.webp for asset C:\Projects\BlueSky\backend\wwwroot\uploads\posts\36a2ee9a-325b-4b2d-85fd-d71632cec0fd.webp.
         Matched uploads/chat/076cdcc5-3a7f-4a12-9a0c-7dd5c527a34d.jpg to image/jpeg using pattern *.jpg
         Matched uploads/chat/076cdcc5-3a7f-4a12-9a0c-7dd5c527a34d.jpg to image/jpeg using pattern *.jpg
         Matched uploads/avatars/58c1332f-87e0-492b-85f6-50db2a6d9dbc.jpg to image/jpeg using pattern *.jpg
         Adding endpoint uploads/chat/076cdcc5-3a7f-4a12-9a0c-7dd5c527a34d.jpg for asset C:\Projects\BlueSky\backend\wwwroot\uploads\chat\076cdcc5-3a7f-4a12-9a0c-7dd5c527a34d.jpg.
         Adding endpoint uploads/chat/076cdcc5-3a7f-4a12-9a0c-7dd5c527a34d.9fsqe3al3z.jpg for asset C:\Projects\BlueSky\backend\wwwroot\uploads\chat\076cdcc5-3a7f-4a12-9a0c-7dd5c527a34d.jpg.
         Adding endpoint uploads/posts/e5761972-9ebd-491c-bef0-76053670a9b1.t06nngd6lr.jpg for asset C:\Projects\BlueSky\backend\wwwroot\uploads\posts\e5761972-9ebd-491c-bef0-76053670a9b1.jpg.
         Matched uploads/avatars/58c1332f-87e0-492b-85f6-50db2a6d9dbc.jpg to image/jpeg using pattern *.jpg
         Adding endpoint cache/resized/uploads_posts_e5761972-9ebd-491c-bef0-76053670a9b1_600_80.webp for asset C:\Projects\BlueSky\backend\wwwroot\cache\resized\uploads_posts_e5761972-9ebd-491c-bef0-76053670a9b1_600_80.webp.
         Adding endpoint uploads/avatars/58c1332f-87e0-492b-85f6-50db2a6d9dbc.jpg for asset C:\Projects\BlueSky\backend\wwwroot\uploads\avatars\58c1332f-87e0-492b-85f6-50db2a6d9dbc.jpg.
         Adding endpoint uploads/avatars/58c1332f-87e0-492b-85f6-50db2a6d9dbc.dlq0dqbjwm.jpg for asset C:\Projects\BlueSky\backend\wwwroot\uploads\avatars\58c1332f-87e0-492b-85f6-50db2a6d9dbc.jpg.
         Adding endpoint cache/resized/uploads_posts_e5761972-9ebd-491c-bef0-76053670a9b1_600_80.feqtxbdbon.webp for asset C:\Projects\BlueSky\backend\wwwroot\cache\resized\uploads_posts_e5761972-9ebd-491c-bef0-76053670a9b1_600_80.webp.
         Matched uploads/posts/f160444a-a8b7-4087-9b33-b43f0cb441c2.jpg to image/jpeg using pattern *.jpg
         Matched uploads/posts/f160444a-a8b7-4087-9b33-b43f0cb441c2.jpg to image/jpeg using pattern *.jpg
         Adding endpoint uploads/posts/f160444a-a8b7-4087-9b33-b43f0cb441c2.jpg for asset C:\Projects\BlueSky\backend\wwwroot\uploads\posts\f160444a-a8b7-4087-9b33-b43f0cb441c2.jpg.
         Adding endpoint uploads/posts/f160444a-a8b7-4087-9b33-b43f0cb441c2.9182cyhu1g.jpg for asset C:\Projects\BlueSky\backend\wwwroot\uploads\posts\f160444a-a8b7-4087-9b33-b43f0cb441c2.jpg.
         Matched cache/resized/uploads_posts_f160444a-a8b7-4087-9b33-b43f0cb441c2_600_80.webp to image/webp using pattern *.webp
         Matched cache/resized/uploads_posts_f160444a-a8b7-4087-9b33-b43f0cb441c2_600_80.webp to image/webp using pattern *.webp
         Adding endpoint cache/resized/uploads_posts_f160444a-a8b7-4087-9b33-b43f0cb441c2_600_80.webp for asset C:\Projects\BlueSky\backend\wwwroot\cache\resized\uploads_posts_f160444a-a8b7-4087-9b33-b43f0cb441c2_600_80.webp.
         Adding endpoint cache/resized/uploads_posts_f160444a-a8b7-4087-9b33-b43f0cb441c2_600_80.q8jggw8ncy.webp for asset C:\Projects\BlueSky\backend\wwwroot\cache\resized\uploads_posts_f160444a-a8b7-4087-9b33-b43f0cb441c2_600_80.webp.
         Assembly loaded during TaskRun (Microsoft.AspNetCore.StaticWebAssets.Tasks.DefineStaticWebAssetEndpoints): System.IO.Pipelines, Version=9.0.0.0, Culture=neutral, PublicKeyToken=cc7b13ffcd2ddd51 (location: C:\Program Files\dotnet\shared\Microsoft.NETCore.App\9.0.8\System.IO.Pipelines.dll, MVID: 990da37a-0652-455e-9b0a-646c204ca1c1, AssemblyLoadContext: Default)
       Done executing task "DefineStaticWebAssetEndpoints".
   1:7>Done building target "ResolveProjectStaticWebAssets" in project "BSkyClone.csproj".
   1:7>Target "AssignTargetPaths" in file "C:\Program Files\dotnet\sdk\9.0.304\Microsoft.Common.CurrentVersion.targets" from project "C:\Projects\BlueSky\backend\BSkyClone.csproj" (target "PrepareResourceNames" depends on it):
       Using "AssignTargetPath" task from assembly "Microsoft.Build.Tasks.Core, Version=15.1.0.0, Culture=neutral, PublicKeyToken=b03f5f7f11d50a3a".
       Task "AssignTargetPath"
       Done executing task "AssignTargetPath".
       Task "AssignTargetPath"
       Done executing task "AssignTargetPath".
       Task "AssignTargetPath"
       Done executing task "AssignTargetPath".
       Task "AssignTargetPath"
       Done executing task "AssignTargetPath".
       Task "AssignTargetPath" skipped, due to false condition; ('@(_DeploymentBaseManifestWithTargetPath)'=='' and '%(None.Extension)'=='.manifest') was evaluated as (''=='' and '.dockerignore'=='.manifest').
       Task "AssignTargetPath" skipped, due to false condition; ('@(_DeploymentBaseManifestWithTargetPath)'=='' and '%(None.Extension)'=='.manifest') was evaluated as (''=='' and '.example'=='.manifest').
       Task "AssignTargetPath" skipped, due to false condition; ('@(_DeploymentBaseManifestWithTargetPath)'=='' and '%(None.Extension)'=='.manifest') was evaluated as (''=='' and '.gitignore'=='.manifest').
       Task "AssignTargetPath" skipped, due to false condition; ('@(_DeploymentBaseManifestWithTargetPath)'=='' and '%(None.Extension)'=='.manifest') was evaluated as (''=='' and '.http'=='.manifest').
       Task "AssignTargetPath" skipped, due to false condition; ('@(_DeploymentBaseManifestWithTargetPath)'=='' and '%(None.Extension)'=='.manifest') was evaluated as (''=='' and '.log'=='.manifest').
       Task "AssignTargetPath" skipped, due to false condition; ('@(_DeploymentBaseManifestWithTargetPath)'=='' and '%(None.Extension)'=='.manifest') was evaluated as (''=='' and '.txt'=='.manifest').
       Task "AssignTargetPath" skipped, due to false condition; ('@(_DeploymentBaseManifestWithTargetPath)'=='' and '%(None.Extension)'=='.manifest') was evaluated as (''=='' and '.yaml'=='.manifest').
       Task "AssignTargetPath" skipped, due to false condition; ('@(_DeploymentBaseManifestWithTargetPath)'=='' and '%(None.Extension)'=='.manifest') was evaluated as (''=='' and ''=='.manifest').
       Task "AssignTargetPath" skipped, due to false condition; ('@(_DeploymentBaseManifestWithTargetPath)'=='' and '%(None.Extension)'=='.manifest') was evaluated as (''=='' and '.sql'=='.manifest').
       Task "AssignTargetPath" skipped, due to false condition; ('@(_DeploymentBaseManifestWithTargetPath)'=='' and '%(None.Extension)'=='.manifest') was evaluated as (''=='' and '.py'=='.manifest').
       Task "AssignTargetPath" skipped, due to false condition; ('@(_DeploymentBaseManifestWithTargetPath)'=='' and '%(None.Extension)'=='.manifest') was evaluated as (''=='' and '.model'=='.manifest').
       Task "AssignTargetPath" skipped, due to false condition; ('@(_DeploymentBaseManifestWithTargetPath)'=='' and '%(None.Extension)'=='.manifest') was evaluated as (''=='' and '.json'=='.manifest').
       Task "AssignTargetPath" skipped, due to false condition; ('@(_DeploymentBaseManifestWithTargetPath)'=='' and '%(None.Extension)'=='.manifest') was evaluated as (''=='' and '.exe'=='.manifest').
   1:7>Done building target "AssignTargetPaths" in project "BSkyClone.csproj".
       Target "AssignTargetPaths" skipped. Previously built successfully.
   1:7>Target "SplitResourcesByCulture" in file "C:\Program Files\dotnet\sdk\9.0.304\Microsoft.Common.CurrentVersion.targets" from project "C:\Projects\BlueSky\backend\BSkyClone.csproj" (target "PrepareResourceNames" depends on it):
       Task "MSBuildInternalMessage" skipped, due to false condition; ('@(ResxWithNoCulture)'!='') was evaluated as (''!='').
       Task "MSBuildInternalMessage" skipped, due to false condition; ('@(ResxWithCulture)'!='') was evaluated as (''!='').
       Task "MSBuildInternalMessage" skipped, due to false condition; ('@(NonResxWithCulture)'!='') was evaluated as (''!='').
       Task "MSBuildInternalMessage" skipped, due to false condition; ('@(NonResxWithNoCulture)'!='') was evaluated as (''!='').
       Using "AssignCulture" task from assembly "Microsoft.Build.Tasks.Core, Version=15.1.0.0, Culture=neutral, PublicKeyToken=b03f5f7f11d50a3a".
       Task "AssignCulture"
       Done executing task "AssignCulture".
   1:7>Done building target "SplitResourcesByCulture" in project "BSkyClone.csproj".
       Target "CreateManifestResourceNames" skipped, due to false condition; ('@(EmbeddedResource)' != '') was evaluated as ('' != '').
   1:7>Target "CreateCustomManifestResourceNames" in file "C:\Program Files\dotnet\sdk\9.0.304\Microsoft.Common.CurrentVersion.targets" from project "C:\Projects\BlueSky\backend\BSkyClone.csproj" (target "PrepareResourceNames" depends on it):
   1:7>Done building target "CreateCustomManifestResourceNames" in project "BSkyClone.csproj".
   1:7>Target "PrepareResourceNames" in file "C:\Program Files\dotnet\sdk\9.0.304\Microsoft.Common.CurrentVersion.targets" from project "C:\Projects\BlueSky\backend\BSkyClone.csproj" (target "PrepareResources" depends on it):
   1:7>Done building target "PrepareResourceNames" in project "BSkyClone.csproj".
       Target "ResolveAssemblyReferences" skipped. Previously built successfully.
       Target "SplitResourcesByCulture" skipped. Previously built successfully.
   1:7>Target "BeforeResGen" in file "C:\Program Files\dotnet\sdk\9.0.304\Microsoft.Common.CurrentVersion.targets" from project "C:\Projects\BlueSky\backend\BSkyClone.csproj" (target "ResGen" depends on it):
   1:7>Done building target "BeforeResGen" in project "BSkyClone.csproj".
       Target "ResolveReferences" skipped. Previously built successfully.
   1:7>Target "FindReferenceAssembliesForReferences" in file "C:\Program Files\dotnet\sdk\9.0.304\Microsoft.Common.CurrentVersion.targets" from project "C:\Projects\BlueSky\backend\BSkyClone.csproj" (target "CoreResGen" depends on it):
   1:7>Done building target "FindReferenceAssembliesForReferences" in project "BSkyClone.csproj".
   1:7>Target "CoreResGen" in file "C:\Program Files\dotnet\sdk\9.0.304\Microsoft.Common.CurrentVersion.targets" from project "C:\Projects\BlueSky\backend\BSkyClone.csproj" (target "ResGen" depends on it):
       Task "GenerateResource" skipped, due to false condition; ('%(EmbeddedResource.Type)' == 'Resx' and '%(EmbeddedResource.GenerateResource)' != 'false' and '$(GenerateResourceMSBuildRuntime)' != 'CLR2') was evaluated as ('' == 'Resx' and '' != 'false' and 'CurrentRuntime' != 'CLR2').
       Task "GenerateResource" skipped, due to false condition; ('%(EmbeddedResource.Type)' == 'Resx' and '%(EmbeddedResource.GenerateResource)' != 'false' and '$(GenerateResourceMSBuildRuntime)' == 'CLR2') was evaluated as ('' == 'Resx' and '' != 'false' and 'CurrentRuntime' == 'CLR2').
   1:7>Done building target "CoreResGen" in project "BSkyClone.csproj".
   1:7>Target "AfterResGen" in file "C:\Program Files\dotnet\sdk\9.0.304\Microsoft.Common.CurrentVersion.targets" from project "C:\Projects\BlueSky\backend\BSkyClone.csproj" (target "ResGen" depends on it):
   1:7>Done building target "AfterResGen" in project "BSkyClone.csproj".
   1:7>Target "ResGen" in file "C:\Program Files\dotnet\sdk\9.0.304\Microsoft.Common.CurrentVersion.targets" from project "C:\Projects\BlueSky\backend\BSkyClone.csproj" (target "PrepareResources" depends on it):
   1:7>Done building target "ResGen" in project "BSkyClone.csproj".
       Target "CompileLicxFiles" skipped, due to false condition; ('@(_LicxFile)'!='') was evaluated as (''!='').
   1:7>Target "PrepareResources" in file "C:\Program Files\dotnet\sdk\9.0.304\Microsoft.Common.CurrentVersion.targets" from project "C:\Projects\BlueSky\backend\BSkyClone.csproj" (target "CoreBuild" depends on it):
   1:7>Done building target "PrepareResources" in project "BSkyClone.csproj".
       Target "ResolveKeySource" skipped, due to false condition; ($(SignManifests) == 'true' or $(SignAssembly) == 'true') was evaluated as ( == 'true' or false == 'true').
       Target "ResolveReferences" skipped. Previously built successfully.
       Target "ResolveKeySource" skipped, due to false condition; ($(SignManifests) == 'true' or $(SignAssembly) == 'true') was evaluated as ( == 'true' or false == 'true').
       Target "ResolveComReferences" skipped, due to false condition; ('@(COMReference)'!='' or '@(COMFileReference)'!='') was evaluated as (''!='' or ''!='').
       Target "ResolveNativeReferences" skipped, due to false condition; ('@(NativeReference)'!='') was evaluated as (''!='').
       Target "_SetExternalWin32ManifestProperties" skipped, due to false condition; ('$(GenerateClickOnceManifests)'=='true' or '@(NativeReference)'!='' or '@(ResolvedIsolatedComModules)'!='') was evaluated as (''=='true' or ''!='' or ''!='').
   1:7>Target "_SetEmbeddedWin32ManifestProperties" in file "C:\Program Files\dotnet\sdk\9.0.304\Microsoft.Common.CurrentVersion.targets" from project "C:\Projects\BlueSky\backend\BSkyClone.csproj" (target "SetWin32ManifestProperties" depends on it):
       Using "GetFrameworkPath" task from assembly "Microsoft.Build.Tasks.Core, Version=15.1.0.0, Culture=neutral, PublicKeyToken=b03f5f7f11d50a3a".
       Task "GetFrameworkPath"
       Done executing task "GetFrameworkPath".
   1:7>Done building target "_SetEmbeddedWin32ManifestProperties" in project "BSkyClone.csproj".
   1:7>Target "SetWin32ManifestProperties" in file "C:\Program Files\dotnet\sdk\9.0.304\Microsoft.Common.CurrentVersion.targets" from project "C:\Projects\BlueSky\backend\BSkyClone.csproj" (target "Compile" depends on it):
   1:7>Done building target "SetWin32ManifestProperties" in project "BSkyClone.csproj".
       Target "_SetPreferNativeArm64Win32ManifestProperties" skipped, due to false condition; ( '$(PreferNativeArm64)'=='true' and '$(NoWin32Manifest)'!='true') was evaluated as ( 'false'=='true' and ''!='true').
       Target "FindReferenceAssembliesForReferences" skipped. Previously built successfully.
   1:7>Target "_GenerateCompileInputs" in file "C:\Program Files\dotnet\sdk\9.0.304\Microsoft.Common.CurrentVersion.targets" from project "C:\Projects\BlueSky\backend\BSkyClone.csproj" (target "Compile" depends on it):
       Task "MSBuildInternalMessage" skipped, due to false condition; ('@(ManifestResourceWithNoCulture)'!='' and '%(ManifestResourceWithNoCulture.EmittedForCompatibilityOnly)'=='') was evaluated as (''!='' and ''=='').
       Task "MSBuildInternalMessage" skipped, due to false condition; ('@(ManifestNonResxWithNoCultureOnDisk)'!='' and '%(ManifestNonResxWithNoCultureOnDisk.EmittedForCompatibilityOnly)'=='') was evaluated as (''!='' and ''=='').
   1:7>Done building target "_GenerateCompileInputs" in project "BSkyClone.csproj".
       Target "PrepareForBuild" skipped. Previously built successfully.
   1:7>Target "ResolveRazorConfiguration" in file "C:\Program Files\dotnet\sdk\9.0.304\Sdks\Microsoft.NET.Sdk.Razor\targets\Sdk.Razor.CurrentVersion.targets" from project "C:\Projects\BlueSky\backend\BSkyClone.csproj" (target "PrepareForRazorGenerate" depends on it):
       Task "Warning" skipped, due to false condition; ('$(_Targeting30OrNewerRazorLangVersion)' == 'true' AND '@(ResolvedRazorConfiguration->Count())' == '0') was evaluated as ('true' == 'true' AND '1' == '0').
       Task "Warning" skipped, due to false condition; ('$(_Targeting30OrNewerRazorLangVersion)' == 'true' AND '@(ResolvedRazorConfiguration->Count())' > '1') was evaluated as ('true' == 'true' AND '1' > '1').
       Task "Warning" skipped, due to false condition; ('$(_Targeting30OrNewerRazorLangVersion)' != 'true' AND '$(_TargetingNETCoreApp30OrLater)' == 'true') was evaluated as ('true' != 'true' AND 'true' == 'true').
       Using "FindInList" task from assembly "Microsoft.Build.Tasks.Core, Version=15.1.0.0, Culture=neutral, PublicKeyToken=b03f5f7f11d50a3a".
       Task "FindInList"
         Found "MVC-3.0".
       Done executing task "FindInList".
   1:7>Done building target "ResolveRazorConfiguration" in project "BSkyClone.csproj".
       Target "ResolveRazorGenerateInputs" skipped. Previously built successfully.
       Target "AssignRazorGenerateTargetPaths" skipped, due to false condition; ('@(RazorGenerate)' != '') was evaluated as ('' != '').
   1:7>Target "ResolveScopedCssInputs" in file "C:\Program Files\dotnet\sdk\9.0.304\Sdks\Microsoft.NET.Sdk.StaticWebAssets\targets\Microsoft.NET.Sdk.StaticWebAssets.ScopedCss.targets" from project "C:\Projects\BlueSky\backend\BSkyClone.csproj" (target "ComputeCssScope" depends on it):
       Using "DiscoverDefaultScopedCssItems" task from assembly "C:\Program Files\dotnet\sdk\9.0.304\Sdks\Microsoft.NET.Sdk.StaticWebAssets\targets\..\tasks\net9.0\Microsoft.NET.Sdk.StaticWebAssets.Tasks.dll".
       Task "DiscoverDefaultScopedCssItems"
       Done executing task "DiscoverDefaultScopedCssItems".
   1:7>Done building target "ResolveScopedCssInputs" in project "BSkyClone.csproj".
   1:7>Target "ComputeCssScope" in file "C:\Program Files\dotnet\sdk\9.0.304\Sdks\Microsoft.NET.Sdk.StaticWebAssets\targets\Microsoft.NET.Sdk.StaticWebAssets.ScopedCss.targets" from project "C:\Projects\BlueSky\backend\BSkyClone.csproj" (target "ResolveCssScopes" depends on it):
       Using "ComputeCssScope" task from assembly "C:\Program Files\dotnet\sdk\9.0.304\Sdks\Microsoft.NET.Sdk.StaticWebAssets\targets\..\tasks\net9.0\Microsoft.NET.Sdk.StaticWebAssets.Tasks.dll".
       Task "ComputeCssScope"
       Done executing task "ComputeCssScope".
   1:7>Done building target "ComputeCssScope" in project "BSkyClone.csproj".
   1:7>Target "ResolveRazorComponentInputs" in file "C:\Program Files\dotnet\sdk\9.0.304\Sdks\Microsoft.NET.Sdk.Razor\targets\Sdk.Razor.CurrentVersion.targets" from project "C:\Projects\BlueSky\backend\BSkyClone.csproj" (target "ResolveCssScopes" depends on it):
   1:7>Done building target "ResolveRazorComponentInputs" in project "BSkyClone.csproj".
       Target "ResolveRazorGenerateInputs" skipped. Previously built successfully.
   1:7>Target "ResolveCssScopes" in file "C:\Program Files\dotnet\sdk\9.0.304\Sdks\Microsoft.NET.Sdk.Razor\targets\Sdk.Razor.CurrentVersion.targets" from project "C:\Projects\BlueSky\backend\BSkyClone.csproj" (target "AssignRazorGenerateTargetPaths" depends on it):
       Using "ApplyCssScopes" task from assembly "C:\Program Files\dotnet\sdk\9.0.304\Sdks\Microsoft.NET.Sdk.StaticWebAssets\targets\..\tasks\net9.0\Microsoft.NET.Sdk.StaticWebAssets.Tasks.dll".
       Task "ApplyCssScopes"
       Done executing task "ApplyCssScopes".
   1:7>Done building target "ResolveCssScopes" in project "BSkyClone.csproj".
   1:7>Target "_ResolveGeneratedRazorCompileInputs" in file "C:\Program Files\dotnet\sdk\9.0.304\Sdks\Microsoft.NET.Sdk.Razor\targets\Sdk.Razor.CurrentVersion.targets" from project "C:\Projects\BlueSky\backend\BSkyClone.csproj" (target "PrepareForRazorGenerate" depends on it):
   1:7>Done building target "_ResolveGeneratedRazorCompileInputs" in project "BSkyClone.csproj".
       Target "_CheckForIncorrectMvcConfiguration" skipped, due to false condition; ('@(ResolvedRazorConfiguration)' == 'Default' AND
             ('$(RazorCompileOnBuild)' == 'true' OR '$(RazorCompileOnPublish)' =='true') AND
             '@(RazorGenerate->Count())' != '0' AND
             '$(_Targeting30OrNewerRazorLangVersion)' == 'true' AND
             '$(_IsTargetingRazor2X)' != 'true') was evaluated as ('MVC-3.0' == 'Default' AND
             ('true' == 'true' OR 'true' =='true') AND
             '0' != '0' AND
             'true' == 'true' AND
             '' != 'true').
   1:7>Target "PrepareForRazorGenerate" in file "C:\Program Files\dotnet\sdk\9.0.304\Sdks\Microsoft.NET.Sdk.Razor\targets\Sdk.Razor.CurrentVersion.targets" from project "C:\Projects\BlueSky\backend\BSkyClone.csproj" (target "_PrepareRazorSourceGenerators" depends on it):
   1:7>Done building target "PrepareForRazorGenerate" in project "BSkyClone.csproj".
       Target "ResolveRazorConfiguration" skipped. Previously built successfully.
       Target "ResolveRazorComponentInputs" skipped. Previously built successfully.
       Target "_CheckForIncorrectComponentsConfiguration" skipped, due to false condition; (('$(RazorCompileOnBuild)' == 'true' OR '$(RazorCompileOnPublish)' =='true') AND
             '@(RazorComponent->Count())' != '0' AND
             '$(_Targeting30OrNewerRazorLangVersion)' != 'true' AND
             '$(_IsTargetingRazor2X)' != 'true') was evaluated as (('true' == 'true' OR 'true' =='true') AND
             '0' != '0' AND
             'true' != 'true' AND
             '' != 'true').
       Target "AssignRazorComponentTargetPaths" skipped, due to false condition; ('@(RazorComponent)' != '') was evaluated as ('' != '').
   1:7>Target "PrepareForRazorComponentGenerate" in file "C:\Program Files\dotnet\sdk\9.0.304\Sdks\Microsoft.NET.Sdk.Razor\targets\Sdk.Razor.CurrentVersion.targets" from project "C:\Projects\BlueSky\backend\BSkyClone.csproj" (target "_PrepareRazorSourceGenerators" depends on it):
   1:7>Done building target "PrepareForRazorComponentGenerate" in project "BSkyClone.csproj".
   1:7>Target "_PrepareRazorSourceGenerators" in file "C:\Program Files\dotnet\sdk\9.0.304\Sdks\Microsoft.NET.Sdk.Razor\targets\Microsoft.NET.Sdk.Razor.SourceGenerators.targets" from project "C:\Projects\BlueSky\backend\BSkyClone.csproj" (target "GenerateMSBuildEditorConfigFileShouldRun" depends on it):
       Using "EncodeRazorInputItem" task from assembly "C:\Program Files\dotnet\sdk\9.0.304\Sdks\Microsoft.NET.Sdk.Razor\targets\..\tasks\net9.0\Microsoft.NET.Sdk.Razor.Tasks.dll".
       Task "EncodeRazorInputItem"
       Done executing task "EncodeRazorInputItem".
   1:7>Done building target "_PrepareRazorSourceGenerators" in project "BSkyClone.csproj".
   1:7>Target "GenerateMSBuildEditorConfigFileShouldRun" in file "C:\Program Files\dotnet\sdk\9.0.304\Roslyn\Microsoft.Managed.Core.targets" from project "C:\Projects\BlueSky\backend\BSkyClone.csproj" (target "GenerateMSBuildEditorConfigFile" depends on it):
   1:7>Done building target "GenerateMSBuildEditorConfigFileShouldRun" in project "BSkyClone.csproj".
   1:7>Target "AddGlobalAnalyzerConfigForPackage_MicrosoftCodeAnalysisCSharpCodeStyle" in file "C:\Program Files\dotnet\sdk\9.0.304\Sdks\Microsoft.NET.Sdk\codestyle\cs\build\Microsoft.CodeAnalysis.CSharp.CodeStyle.targets" from project "C:\Projects\BlueSky\backend\BSkyClone.csproj" (target "GenerateMSBuildEditorConfigFileCore" depends on it):
   1:7>Done building target "AddGlobalAnalyzerConfigForPackage_MicrosoftCodeAnalysisCSharpCodeStyle" in project "BSkyClone.csproj".
   1:7>Target "GenerateMSBuildEditorConfigFileCore" in file "C:\Program Files\dotnet\sdk\9.0.304\Roslyn\Microsoft.Managed.Core.targets" from project "C:\Projects\BlueSky\backend\BSkyClone.csproj" (target "GenerateMSBuildEditorConfigFile" depends on it):
       Building target "GenerateMSBuildEditorConfigFileCore" completely.
       No input files were specified.
       Using "GenerateMSBuildEditorConfig" task from assembly "C:\Program Files\dotnet\sdk\9.0.304\Roslyn\Microsoft.Build.Tasks.CodeAnalysis.dll".
       Task "GenerateMSBuildEditorConfig"
       Done executing task "GenerateMSBuildEditorConfig".
   1:7>Done building target "GenerateMSBuildEditorConfigFileCore" in project "BSkyClone.csproj".
   1:7>Target "GenerateMSBuildEditorConfigFile" in file "C:\Program Files\dotnet\sdk\9.0.304\Roslyn\Microsoft.Managed.Core.targets" from project "C:\Projects\BlueSky\backend\BSkyClone.csproj" (target "BeforeCompile" depends on it):
   1:7>Done building target "GenerateMSBuildEditorConfigFile" in project "BSkyClone.csproj".
       Target "PrepareForBuild" skipped. Previously built successfully.
       Target "GetReferenceAssemblyPaths" skipped. Previously built successfully.
   1:7>Target "_SetTargetFrameworkMonikerAttribute" in file "C:\Program Files\dotnet\sdk\9.0.304\Microsoft.CSharp.CurrentVersion.targets" from project "C:\Projects\BlueSky\backend\BSkyClone.csproj" (target "GenerateTargetFrameworkMonikerAttribute" depends on it):
   1:7>Done building target "_SetTargetFrameworkMonikerAttribute" in project "BSkyClone.csproj".
   1:7>Target "GenerateTargetFrameworkMonikerAttribute" in file "C:\Program Files\dotnet\sdk\9.0.304\Microsoft.Common.CurrentVersion.targets" from project "C:\Projects\BlueSky\backend\BSkyClone.csproj" (target "BeforeCompile" depends on it):
       Skipping target "GenerateTargetFrameworkMonikerAttribute" because all output files are up-to-date with respect to the input files.
       Input files: C:\Program Files\dotnet\sdk\9.0.304\Microsoft.Common.targets
       Output files: obj\Debug\net9.0\.NETCoreApp,Version=v9.0.AssemblyAttributes.cs
   1:7>Done building target "GenerateTargetFrameworkMonikerAttribute" in project "BSkyClone.csproj".
       Target "GenerateAdditionalSources" skipped, due to false condition; ('@(AssemblyAttributes)' != '' and '$(GenerateAdditionalSources)' == 'true') was evaluated as ('' != '' and '' == 'true').
       Target "PrepareForBuild" skipped. Previously built successfully.
   1:7>Target "GetAssemblyVersion" in file "C:\Program Files\dotnet\sdk\9.0.304\Sdks\Microsoft.NET.Sdk\targets\Microsoft.NET.GenerateAssemblyInfo.targets" from project "C:\Projects\BlueSky\backend\BSkyClone.csproj" (target "GetAssemblyAttributes" depends on it):
       Using "GetAssemblyVersion" task from assembly "C:\Program Files\dotnet\sdk\9.0.304\Sdks\Microsoft.NET.Sdk\targets\..\tools\net9.0\Microsoft.NET.Build.Tasks.dll".
       Task "GetAssemblyVersion"
       Done executing task "GetAssemblyVersion".
   1:7>Done building target "GetAssemblyVersion" in project "BSkyClone.csproj".
   1:7>Target "InitializeSourceControlInformationFromSourceControlManager" in file "C:\Program Files\dotnet\sdk\9.0.304\Sdks\Microsoft.Build.Tasks.Git\build\Microsoft.Build.Tasks.Git.targets" from project "C:\Projects\BlueSky\backend\BSkyClone.csproj" (target "_InitializeSourceControlInformationFromSourceControlManager" depends on it):
       Using "Microsoft.Build.Tasks.Git.LocateRepository" task from assembly "C:\Program Files\dotnet\sdk\9.0.304\Sdks\Microsoft.Build.Tasks.Git\build\..\tools\net\Microsoft.Build.Tasks.Git.dll".
       Task "Microsoft.Build.Tasks.Git.LocateRepository"
         SourceLink: Repository instance not found in cache: '*:C:\Projects\BlueSky\.git'
       Done executing task "Microsoft.Build.Tasks.Git.LocateRepository".
   1:7>Done building target "InitializeSourceControlInformationFromSourceControlManager" in project "BSkyClone.csproj".
   1:7>Target "_SourceLinkHasSingleProvider" in file "C:\Program Files\dotnet\sdk\9.0.304\Sdks\Microsoft.SourceLink.Common\build\InitializeSourceControlInformation.targets" from project "C:\Projects\BlueSky\backend\BSkyClone.csproj" (target "_InitializeSourceControlInformationFromSourceControlManager" depends on it):
       Assembly loaded during TaskRun: Microsoft.SourceLink.Common, Version=9.0.11.11701, Culture=neutral, PublicKeyToken=31bf3856ad364e35 (location: C:\Program Files\dotnet\sdk\9.0.304\Sdks\Microsoft.SourceLink.Common\tools\net\Microsoft.SourceLink.Common.dll, MVID: e7b93933-92ac-4eda-8ab8-a1e1c543bfb2, AssemblyLoadContext: MSBuild plugin C:\Program Files\dotnet\sdk\9.0.304\Sdks\Microsoft.SourceLink.Common\tools\net\Microsoft.SourceLink.Common.dll)
       Using "Microsoft.SourceLink.Common.SourceLinkHasSingleProvider" task from assembly "C:\Program Files\dotnet\sdk\9.0.304\Sdks\Microsoft.SourceLink.Common\build\..\tools\net\Microsoft.SourceLink.Common.dll".
       Task "Microsoft.SourceLink.Common.SourceLinkHasSingleProvider"
       Done executing task "Microsoft.SourceLink.Common.SourceLinkHasSingleProvider".
   1:7>Done building target "_SourceLinkHasSingleProvider" in project "BSkyClone.csproj".
   1:7>Target "TranslateGitHubUrlsInSourceControlInformation" in file "C:\Program Files\dotnet\sdk\9.0.304\Sdks\Microsoft.SourceLink.GitHub\build\Microsoft.SourceLink.GitHub.targets" from project "C:\Projects\BlueSky\backend\BSkyClone.csproj" (target "_InitializeSourceControlInformationFromSourceControlManager" depends on it):
       Assembly loaded during TaskRun: Microsoft.SourceLink.GitHub, Version=9.0.11.11701, Culture=neutral, PublicKeyToken=31bf3856ad364e35 (location: C:\Program Files\dotnet\sdk\9.0.304\Sdks\Microsoft.SourceLink.GitHub\tools\net\Microsoft.SourceLink.GitHub.dll, MVID: de6eb21e-3e60-4c55-84da-db4085852056, AssemblyLoadContext: MSBuild plugin C:\Program Files\dotnet\sdk\9.0.304\Sdks\Microsoft.SourceLink.GitHub\tools\net\Microsoft.SourceLink.GitHub.dll)
       Using "Microsoft.SourceLink.GitHub.TranslateRepositoryUrls" task from assembly "C:\Program Files\dotnet\sdk\9.0.304\Sdks\Microsoft.SourceLink.GitHub\build\..\tools\net\Microsoft.SourceLink.GitHub.dll".
       Task "Microsoft.SourceLink.GitHub.TranslateRepositoryUrls"
       Done executing task "Microsoft.SourceLink.GitHub.TranslateRepositoryUrls".
   1:7>Done building target "TranslateGitHubUrlsInSourceControlInformation" in project "BSkyClone.csproj".
   1:7>Target "TranslateGitLabUrlsInSourceControlInformation" in file "C:\Program Files\dotnet\sdk\9.0.304\Sdks\Microsoft.SourceLink.GitLab\build\Microsoft.SourceLink.GitLab.targets" from project "C:\Projects\BlueSky\backend\BSkyClone.csproj" (target "_InitializeSourceControlInformationFromSourceControlManager" depends on it):
       Assembly loaded during TaskRun: Microsoft.SourceLink.GitLab, Version=9.0.11.11701, Culture=neutral, PublicKeyToken=31bf3856ad364e35 (location: C:\Program Files\dotnet\sdk\9.0.304\Sdks\Microsoft.SourceLink.GitLab\tools\net\Microsoft.SourceLink.GitLab.dll, MVID: ccdddc0a-7879-4673-a23d-bd877ae513a4, AssemblyLoadContext: MSBuild plugin C:\Program Files\dotnet\sdk\9.0.304\Sdks\Microsoft.SourceLink.GitLab\tools\net\Microsoft.SourceLink.GitLab.dll)
       Using "Microsoft.SourceLink.GitLab.TranslateRepositoryUrls" task from assembly "C:\Program Files\dotnet\sdk\9.0.304\Sdks\Microsoft.SourceLink.GitLab\build\..\tools\net\Microsoft.SourceLink.GitLab.dll".
       Task "Microsoft.SourceLink.GitLab.TranslateRepositoryUrls"
       Done executing task "Microsoft.SourceLink.GitLab.TranslateRepositoryUrls".
   1:7>Done building target "TranslateGitLabUrlsInSourceControlInformation" in project "BSkyClone.csproj".
   1:7>Target "TranslateAzureReposGitUrlsInSourceControlInformation" in file "C:\Program Files\dotnet\sdk\9.0.304\Sdks\Microsoft.SourceLink.AzureRepos.Git\build\Microsoft.SourceLink.AzureRepos.Git.targets" from project "C:\Projects\BlueSky\backend\BSkyClone.csproj" (target "_InitializeSourceControlInformationFromSourceControlManager" depends on it):
       Assembly loaded during TaskRun: Microsoft.SourceLink.AzureRepos.Git, Version=9.0.11.11701, Culture=neutral, PublicKeyToken=31bf3856ad364e35 (location: C:\Program Files\dotnet\sdk\9.0.304\Sdks\Microsoft.SourceLink.AzureRepos.Git\tools\net\Microsoft.SourceLink.AzureRepos.Git.dll, MVID: cc8362fa-d14c-4e8c-a855-a55f196817ae, AssemblyLoadContext: MSBuild plugin C:\Program Files\dotnet\sdk\9.0.304\Sdks\Microsoft.SourceLink.AzureRepos.Git\tools\net\Microsoft.SourceLink.AzureRepos.Git.dll)
       Using "Microsoft.SourceLink.AzureRepos.Git.TranslateRepositoryUrls" task from assembly "C:\Program Files\dotnet\sdk\9.0.304\Sdks\Microsoft.SourceLink.AzureRepos.Git\build\..\tools\net\Microsoft.SourceLink.AzureRepos.Git.dll".
       Task "Microsoft.SourceLink.AzureRepos.Git.TranslateRepositoryUrls"
       Done executing task "Microsoft.SourceLink.AzureRepos.Git.TranslateRepositoryUrls".
   1:7>Done building target "TranslateAzureReposGitUrlsInSourceControlInformation" in project "BSkyClone.csproj".
   1:7>Target "TranslateBitbucketGitUrlsInSourceControlInformation" in file "C:\Program Files\dotnet\sdk\9.0.304\Sdks\Microsoft.SourceLink.Bitbucket.Git\build\Microsoft.SourceLink.Bitbucket.Git.targets" from project "C:\Projects\BlueSky\backend\BSkyClone.csproj" (target "_InitializeSourceControlInformationFromSourceControlManager" depends on it):
       Assembly loaded during TaskRun: Microsoft.SourceLink.Bitbucket.Git, Version=9.0.11.11701, Culture=neutral, PublicKeyToken=31bf3856ad364e35 (location: C:\Program Files\dotnet\sdk\9.0.304\Sdks\Microsoft.SourceLink.Bitbucket.Git\tools\net\Microsoft.SourceLink.Bitbucket.Git.dll, MVID: 633cbf61-44e1-4706-8334-7e18ba081963, AssemblyLoadContext: MSBuild plugin C:\Program Files\dotnet\sdk\9.0.304\Sdks\Microsoft.SourceLink.Bitbucket.Git\tools\net\Microsoft.SourceLink.Bitbucket.Git.dll)
       Using "Microsoft.SourceLink.Bitbucket.Git.TranslateRepositoryUrls" task from assembly "C:\Program Files\dotnet\sdk\9.0.304\Sdks\Microsoft.SourceLink.Bitbucket.Git\build\..\tools\net\Microsoft.SourceLink.Bitbucket.Git.dll".
       Task "Microsoft.SourceLink.Bitbucket.Git.TranslateRepositoryUrls"
       Done executing task "Microsoft.SourceLink.Bitbucket.Git.TranslateRepositoryUrls".
   1:7>Done building target "TranslateBitbucketGitUrlsInSourceControlInformation" in project "BSkyClone.csproj".
   1:7>Target "SourceControlManagerPublishTranslatedUrls" in file "C:\Program Files\dotnet\sdk\9.0.304\Sdks\Microsoft.SourceLink.Common\build\InitializeSourceControlInformation.targets" from project "C:\Projects\BlueSky\backend\BSkyClone.csproj" (target "_InitializeSourceControlInformationFromSourceControlManager" depends on it):
   1:7>Done building target "SourceControlManagerPublishTranslatedUrls" in project "BSkyClone.csproj".
   1:7>Target "_InitializeSourceControlInformationFromSourceControlManager" in file "C:\Program Files\dotnet\sdk\9.0.304\Sdks\Microsoft.SourceLink.Common\build\InitializeSourceControlInformation.targets" from project "C:\Projects\BlueSky\backend\BSkyClone.csproj" (target "InitializeSourceControlInformation" depends on it):
   1:7>Done building target "_InitializeSourceControlInformationFromSourceControlManager" in project "BSkyClone.csproj".
   1:7>Target "InitializeSourceControlInformation" in file "C:\Program Files\dotnet\sdk\9.0.304\Microsoft.Common.CurrentVersion.targets" from project "C:\Projects\BlueSky\backend\BSkyClone.csproj" (target "GetAssemblyAttributes" depends on it):
   1:7>Done building target "InitializeSourceControlInformation" in project "BSkyClone.csproj".
       Target "GetAssemblyVersion" skipped. Previously built successfully.
       Target "InitializeSourceControlInformation" skipped. Previously built successfully.
   1:7>Target "AddSourceRevisionToInformationalVersion" in file "C:\Program Files\dotnet\sdk\9.0.304\Sdks\Microsoft.NET.Sdk\targets\Microsoft.NET.GenerateAssemblyInfo.targets" from project "C:\Projects\BlueSky\backend\BSkyClone.csproj" (target "GetAssemblyAttributes" depends on it):
       C:\Program Files\dotnet\sdk\9.0.304\Sdks\Microsoft.NET.Sdk\targets\Microsoft.NET.GenerateAssemblyInfo.targets(70,7): message : Property reassignment: $(InformationalVersion)="1.0.0+88e780f4b5276b6d823eb43d3ea1376d04ffd5ad" (previous value: "1.0.0") at C:\Program Files\dotnet\sdk\9.0.304\Sdks\Microsoft.NET.Sdk\targets\Microsoft.NET.GenerateAssemblyInfo.targets (70,7) [C:\Projects\BlueSky\backend\BSkyClone.csproj]
   1:7>Done building target "AddSourceRevisionToInformationalVersion" in project "BSkyClone.csproj".
       Target "_GetUserSecretsAssemblyAttribute" skipped, due to false condition; ( '$(UserSecretsId)' != '' AND '$(GenerateUserSecretsAttribute)' != 'false' AND '$(GeneratedUserSecretsAttributeFile)' == '' ) was evaluated as ( '' != '' AND '' != 'false' AND '' == '' ).
   1:7>Target "GetAssemblyAttributes" in file "C:\Program Files\dotnet\sdk\9.0.304\Sdks\Microsoft.NET.Sdk\targets\Microsoft.NET.GenerateAssemblyInfo.targets" from project "C:\Projects\BlueSky\backend\BSkyClone.csproj" (target "CreateGeneratedAssemblyInfoInputsCacheFile" depends on it):
   1:7>Done building target "GetAssemblyAttributes" in project "BSkyClone.csproj".
   1:7>Target "CreateGeneratedAssemblyInfoInputsCacheFile" in file "C:\Program Files\dotnet\sdk\9.0.304\Sdks\Microsoft.NET.Sdk\targets\Microsoft.NET.GenerateAssemblyInfo.targets" from project "C:\Projects\BlueSky\backend\BSkyClone.csproj" (target "CoreGenerateAssemblyInfo" depends on it):
       Using "Hash" task from assembly "Microsoft.Build.Tasks.Core, Version=15.1.0.0, Culture=neutral, PublicKeyToken=b03f5f7f11d50a3a".
       Task "Hash"
       Done executing task "Hash".
       Task "WriteLinesToFile"
         Skipping write to file "obj\Debug\net9.0\BSkyClone.AssemblyInfoInputs.cache" because content would not change.
       Done executing task "WriteLinesToFile".
   1:7>Done building target "CreateGeneratedAssemblyInfoInputsCacheFile" in project "BSkyClone.csproj".
   1:7>Target "CoreGenerateAssemblyInfo" in file "C:\Program Files\dotnet\sdk\9.0.304\Sdks\Microsoft.NET.Sdk\targets\Microsoft.NET.GenerateAssemblyInfo.targets" from project "C:\Projects\BlueSky\backend\BSkyClone.csproj" (target "GenerateAssemblyInfo" depends on it):
       Skipping target "CoreGenerateAssemblyInfo" because all output files are up-to-date with respect to the input files.
       Input files: obj\Debug\net9.0\BSkyClone.AssemblyInfoInputs.cache
       Output files: obj\Debug\net9.0\BSkyClone.AssemblyInfo.cs
   1:7>Done building target "CoreGenerateAssemblyInfo" in project "BSkyClone.csproj".
   1:7>Target "GenerateAssemblyInfo" in file "C:\Program Files\dotnet\sdk\9.0.304\Sdks\Microsoft.NET.Sdk\targets\Microsoft.NET.GenerateAssemblyInfo.targets" from project "C:\Projects\BlueSky\backend\BSkyClone.csproj" (target "BeforeCompile" depends on it):
   1:7>Done building target "GenerateAssemblyInfo" in project "BSkyClone.csproj".
   1:7>Target "BeforeCompile" in file "C:\Program Files\dotnet\sdk\9.0.304\Microsoft.Common.CurrentVersion.targets" from project "C:\Projects\BlueSky\backend\BSkyClone.csproj" (target "Compile" depends on it):
   1:7>Done building target "BeforeCompile" in project "BSkyClone.csproj".
       Target "_TimeStampBeforeCompile" skipped, due to false condition; ('$(RunPostBuildEvent)'=='OnOutputUpdated' or ('$(RegisterForComInterop)'=='true' and '$(OutputType)'=='library')) was evaluated as (''=='OnOutputUpdated' or (''=='true' and 'Exe'=='library')).
       Target "ResolveAssemblyReferences" skipped. Previously built successfully.
       Target "_GenerateCompileInputs" skipped. Previously built successfully.
   1:7>Target "_GenerateCompileDependencyCache" in file "C:\Program Files\dotnet\sdk\9.0.304\Microsoft.Common.CurrentVersion.targets" from project "C:\Projects\BlueSky\backend\BSkyClone.csproj" (target "Compile" depends on it):
       Task "Hash"
       Done executing task "Hash".
       Task "WriteLinesToFile"
         Skipping write to file "obj\Debug\net9.0\BSkyClone.csproj.CoreCompileInputs.cache" because content would not change.
       Done executing task "WriteLinesToFile".
   1:7>Done building target "_GenerateCompileDependencyCache" in project "BSkyClone.csproj".
       Target "ResolveAssemblyReferences" skipped. Previously built successfully.
   1:7>Target "_DiscoverMvcApplicationParts" in file "C:\Program Files\dotnet\sdk\9.0.304\Sdks\Microsoft.NET.Sdk.Razor\targets\Microsoft.NET.Sdk.Razor.MvcApplicationPartsDiscovery.targets" from project "C:\Projects\BlueSky\backend\BSkyClone.csproj" (target "CoreCompile" depends on it):
       Skipping target "_DiscoverMvcApplicationParts" because all output files are up-to-date with respect to the input files.
       Input files: 
           C:\Projects\BlueSky\backend\obj\project.assets.json
           C:\Projects\BlueSky\backend\BSkyClone.csproj
           C:\Program Files\dotnet\sdk\9.0.304\Current\Microsoft.Common.targets\ImportAfter\Microsoft.TestPlatform.ImportAfter.targets
       Output files: obj\Debug\net9.0\BSkyClone.MvcApplicationPartsAssemblyInfo.cache
   1:7>Done building target "_DiscoverMvcApplicationParts" in project "BSkyClone.csproj".
       Target "_ComputeNonExistentFileProperty" skipped, due to false condition; (('$(BuildingInsideVisualStudio)' == 'true') and ('$(BuildingOutOfProcess)' != 'true') and (('$(BuildingProject)' == 'false') or ('$(UseHostCompilerIfAvailable)' == 'true'))) was evaluated as (('' == 'true') and ('' != 'true') and (('true' == 'false') or ('true' == 'true'))).
       Target "ResolveCodeAnalysisRuleSet" skipped, due to false condition; ('$(CodeAnalysisRuleSet)' != '') was evaluated as ('' != '').
       Target "ResolveRazorGenerateInputs" skipped. Previously built successfully.
   1:7>Target "_ResolveMvcAssemblyAttributes" in file "C:\Program Files\dotnet\sdk\9.0.304\Sdks\Microsoft.NET.Sdk.Razor\targets\Microsoft.NET.Sdk.Razor.Configuration.targets" from project "C:\Projects\BlueSky\backend\BSkyClone.csproj" (target "_GenerateRazorAssemblyInfo" depends on it):
   1:7>Done building target "_ResolveMvcAssemblyAttributes" in project "BSkyClone.csproj".
       Target "RazorGetAssemblyAttributes" skipped, due to false condition; ('$(GenerateRazorHostingAssemblyInfo)'=='true' and '$(RazorDefaultConfiguration)'!='') was evaluated as (''=='true' and 'MVC-3.0'!='').
       Target "PrepareForBuild" skipped. Previously built successfully.
       Target "_CoreGenerateRazorAssemblyInfo" skipped, due to false condition; ('$(GenerateRazorAssemblyInfo)' == 'true' AND '@(_RazorAssemblyAttribute)' != '') was evaluated as ('' == 'true' AND '' != '').
   1:7>Target "_GenerateRazorAssemblyInfo" in file "C:\Program Files\dotnet\sdk\9.0.304\Sdks\Microsoft.NET.Sdk.Razor\targets\Microsoft.NET.Sdk.Razor.GenerateAssemblyInfo.targets" from project "C:\Projects\BlueSky\backend\BSkyClone.csproj" (target "CoreCompile" depends on it):
   1:7>Done building target "_GenerateRazorAssemblyInfo" in project "BSkyClone.csproj".
       Target "ShimReferencePathsWhenCommonTargetsDoesNotUnderstandReferenceAssemblies" skipped, due to false condition; ('@(ReferencePathWithRefAssemblies)' == '') was evaluated as ('C:\Users\nguye\.nuget\packages\azure.core\1.38.0\lib\net6.0\Azure.Core.dll;C:\Users\nguye\.nuget\packages\azure.identity\1.11.4\lib\netstandard2.0\Azure.Identity.dll;C:\Users\nguye\.nuget\packages\bcrypt.net-next\4.0.3\lib\net6.0\BCrypt.Net-Next.dll;...' == '').
   1:7>Target "_BeforeVBCSCoreCompile" in file "C:\Program Files\dotnet\sdk\9.0.304\Roslyn\Microsoft.Managed.Core.targets" from project "C:\Projects\BlueSky\backend\BSkyClone.csproj" (target "CoreCompile" depends on it):
   1:7>Done building target "_BeforeVBCSCoreCompile" in project "BSkyClone.csproj".
       Target "AdjustDefaultPlatformTargetForNetFrameworkExeWithNoNativeCopyLocalItems" skipped, due to false condition; ('$(_UsingDefaultPlatformTarget)' == 'true' and
                            '$(_UsingDefaultRuntimeIdentifier)' == 'true') was evaluated as ('true' == 'true' and
                            '' == 'true').
       Target "_DisableDiagnosticTracing" skipped, due to false condition; ('$(DisableDiagnosticTracing)' == 'true') was evaluated as ('' == 'true').
       Target "ShimReferencePathsWhenCommonTargetsDoesNotUnderstandReferenceAssemblies" skipped, due to false condition; ('@(ReferencePathWithRefAssemblies)' == '') was evaluated as ('C:\Users\nguye\.nuget\packages\azure.core\1.38.0\lib\net6.0\Azure.Core.dll;C:\Users\nguye\.nuget\packages\azure.identity\1.11.4\lib\netstandard2.0\Azure.Identity.dll;C:\Users\nguye\.nuget\packages\bcrypt.net-next\4.0.3\lib\net6.0\BCrypt.Net-Next.dll;...' == '').
   1:7>Target "_ComputeSkipAnalyzers" in file "C:\Program Files\dotnet\sdk\9.0.304\Roslyn\Microsoft.Managed.Core.targets" from project "C:\Projects\BlueSky\backend\BSkyClone.csproj" (target "CoreCompile" depends on it):
       Task "ShowMessageForImplicitlySkipAnalyzers" skipped, due to false condition; ('$(_ImplicitlySkipAnalyzers)' == 'true') was evaluated as ('' == 'true').
   1:7>Done building target "_ComputeSkipAnalyzers" in project "BSkyClone.csproj".
       Target "_SetPathMapFromSourceRoots" skipped, due to false condition; ('$(DeterministicSourcePaths)' == 'true') was evaluated as ('' == 'true').
       Target "CreateCompilerGeneratedFilesOutputPath" skipped, due to false condition; ('$(EmitCompilerGeneratedFiles)' == 'true' and !('$(DesignTimeBuild)' == 'true' OR '$(BuildingProject)' != 'true')) was evaluated as ('false' == 'true' and !('' == 'true' OR 'true' != 'true')).
   1:7>Target "AddGlobalAnalyzerConfigForPackage_MicrosoftCodeAnalysisAnalyzers" in file "C:\Users\nguye\.nuget\packages\microsoft.codeanalysis.analyzers\3.3.4\buildTransitive\Microsoft.CodeAnalysis.Analyzers.targets" from project "C:\Projects\BlueSky\backend\BSkyClone.csproj" (target "CoreCompile" depends on it):
   1:7>Done building target "AddGlobalAnalyzerConfigForPackage_MicrosoftCodeAnalysisAnalyzers" in project "BSkyClone.csproj".
       Target "AddGlobalAnalyzerConfigForPackage_MicrosoftCodeAnalysisAnalyzersCorrectness" skipped, due to false condition; ('$(SkipGlobalAnalyzerConfigForPackage)' != 'true' and ('$(AnalysisLevelCorrectness)' != '' or '$(AnalysisModeCorrectness)' != '')) was evaluated as ('' != 'true' and ('' != '' or '' != '')).
       Target "AddGlobalAnalyzerConfigForPackage_MicrosoftCodeAnalysisAnalyzersLibrary" skipped, due to false condition; ('$(SkipGlobalAnalyzerConfigForPackage)' != 'true' and ('$(AnalysisLevelLibrary)' != '' or '$(AnalysisModeLibrary)' != '')) was evaluated as ('' != 'true' and ('' != '' or '' != '')).
       Target "AddGlobalAnalyzerConfigForPackage_MicrosoftCodeAnalysisAnalyzersMicrosoftCodeAnalysisCompatibility" skipped, due to false condition; ('$(SkipGlobalAnalyzerConfigForPackage)' != 'true' and ('$(AnalysisLevelMicrosoftCodeAnalysisCompatibility)' != '' or '$(AnalysisModeMicrosoftCodeAnalysisCompatibility)' != '')) was evaluated as ('' != 'true' and ('' != '' or '' != '')).
       Target "AddGlobalAnalyzerConfigForPackage_MicrosoftCodeAnalysisAnalyzersMicrosoftCodeAnalysisCorrectness" skipped, due to false condition; ('$(SkipGlobalAnalyzerConfigForPackage)' != 'true' and ('$(AnalysisLevelMicrosoftCodeAnalysisCorrectness)' != '' or '$(AnalysisModeMicrosoftCodeAnalysisCorrectness)' != '')) was evaluated as ('' != 'true' and ('' != '' or '' != '')).
       Target "AddGlobalAnalyzerConfigForPackage_MicrosoftCodeAnalysisAnalyzersMicrosoftCodeAnalysisDesign" skipped, due to false condition; ('$(SkipGlobalAnalyzerConfigForPackage)' != 'true' and ('$(AnalysisLevelMicrosoftCodeAnalysisDesign)' != '' or '$(AnalysisModeMicrosoftCodeAnalysisDesign)' != '')) was evaluated as ('' != 'true' and ('' != '' or '' != '')).
       Target "AddGlobalAnalyzerConfigForPackage_MicrosoftCodeAnalysisAnalyzersMicrosoftCodeAnalysisDocumentation" skipped, due to false condition; ('$(SkipGlobalAnalyzerConfigForPackage)' != 'true' and ('$(AnalysisLevelMicrosoftCodeAnalysisDocumentation)' != '' or '$(AnalysisModeMicrosoftCodeAnalysisDocumentation)' != '')) was evaluated as ('' != 'true' and ('' != '' or '' != '')).
       Target "AddGlobalAnalyzerConfigForPackage_MicrosoftCodeAnalysisAnalyzersMicrosoftCodeAnalysisLocalization" skipped, due to false condition; ('$(SkipGlobalAnalyzerConfigForPackage)' != 'true' and ('$(AnalysisLevelMicrosoftCodeAnalysisLocalization)' != '' or '$(AnalysisModeMicrosoftCodeAnalysisLocalization)' != '')) was evaluated as ('' != 'true' and ('' != '' or '' != '')).
       Target "AddGlobalAnalyzerConfigForPackage_MicrosoftCodeAnalysisAnalyzersMicrosoftCodeAnalysisPerformance" skipped, due to false condition; ('$(SkipGlobalAnalyzerConfigForPackage)' != 'true' and ('$(AnalysisLevelMicrosoftCodeAnalysisPerformance)' != '' or '$(AnalysisModeMicrosoftCodeAnalysisPerformance)' != '')) was evaluated as ('' != 'true' and ('' != '' or '' != '')).
       Target "AddGlobalAnalyzerConfigForPackage_MicrosoftCodeAnalysisAnalyzersMicrosoftCodeAnalysisReleaseTracking" skipped, due to false condition; ('$(SkipGlobalAnalyzerConfigForPackage)' != 'true' and ('$(AnalysisLevelMicrosoftCodeAnalysisReleaseTracking)' != '' or '$(AnalysisModeMicrosoftCodeAnalysisReleaseTracking)' != '')) was evaluated as ('' != 'true' and ('' != '' or '' != '')).
       Target "AddAllResxFilesAsAdditionalFiles" skipped, due to false condition; ('@(EmbeddedResource)' != '' AND '$(SkipAddAllResxFilesAsAdditionalFiles)' != 'true') was evaluated as ('' != '' AND '' != 'true').
       Target "_CheckMicrosoftNetSdkCompilersToolsetPackageExists" skipped, due to false condition; ('$(_NeedToDownloadMicrosoftNetSdkCompilersToolsetPackage)' == 'true' and '$(DesignTimeBuild)' != 'true') was evaluated as ('' == 'true' and '' != 'true').
       Target "BeforeCompile" skipped. Previously built successfully.
       Target "InitializeSourceControlInformationFromSourceControlManager" skipped. Previously built successfully.
   1:7>Target "SetEmbeddedFilesFromSourceControlManagerUntrackedFiles" in file "C:\Program Files\dotnet\sdk\9.0.304\Sdks\Microsoft.Build.Tasks.Git\build\Microsoft.Build.Tasks.Git.targets" from project "C:\Projects\BlueSky\backend\BSkyClone.csproj" (target "_SetEmbeddedFilesFromSourceControlManagerUntrackedFiles" depends on it):
       Using "Microsoft.Build.Tasks.Git.GetUntrackedFiles" task from assembly "C:\Program Files\dotnet\sdk\9.0.304\Sdks\Microsoft.Build.Tasks.Git\build\..\tools\net\Microsoft.Build.Tasks.Git.dll".
       Task "Microsoft.Build.Tasks.Git.GetUntrackedFiles"
         SourceLink: Reusing cached git repository information.
       Done executing task "Microsoft.Build.Tasks.Git.GetUntrackedFiles".
   1:7>Done building target "SetEmbeddedFilesFromSourceControlManagerUntrackedFiles" in project "BSkyClone.csproj".
   1:7>Target "_SetEmbeddedFilesFromSourceControlManagerUntrackedFiles" in file "C:\Program Files\dotnet\sdk\9.0.304\Sdks\Microsoft.SourceLink.Common\build\Microsoft.SourceLink.Common.targets" from project "C:\Projects\BlueSky\backend\BSkyClone.csproj" (target "CoreCompile" depends on it):
   1:7>Done building target "_SetEmbeddedFilesFromSourceControlManagerUntrackedFiles" in project "BSkyClone.csproj".
       Target "InitializeSourceControlInformation" skipped. Previously built successfully.
   1:7>Target "_SetSourceLinkFilePath" in file "C:\Program Files\dotnet\sdk\9.0.304\Sdks\Microsoft.SourceLink.Common\build\Microsoft.SourceLink.Common.targets" from project "C:\Projects\BlueSky\backend\BSkyClone.csproj" (target "_GenerateSourceLinkFile" depends on it):
   1:7>Done building target "_SetSourceLinkFilePath" in project "BSkyClone.csproj".
       Target "InitializeSourceControlInformation" skipped. Previously built successfully.
   1:7>Target "_InitializeSourceRootMappedPathsFromSourceControl" in file "C:\Program Files\dotnet\sdk\9.0.304\Roslyn\Microsoft.Managed.Core.targets" from project "C:\Projects\BlueSky\backend\BSkyClone.csproj" (target "InitializeSourceRootMappedPaths" depends on it):
   1:7>Done building target "_InitializeSourceRootMappedPathsFromSourceControl" in project "BSkyClone.csproj".
   1:7>Target "InitializeSourceRootMappedPaths" in file "C:\Program Files\dotnet\sdk\9.0.304\Roslyn\Microsoft.Managed.Core.targets" from project "C:\Projects\BlueSky\backend\BSkyClone.csproj" (target "_InitializeSourceRootMappedPathsOpt" depends on it):
       Using "Microsoft.CodeAnalysis.BuildTasks.MapSourceRoots" task from assembly "C:\Program Files\dotnet\sdk\9.0.304\Roslyn\Microsoft.Build.Tasks.CodeAnalysis.dll".
       Task "Microsoft.CodeAnalysis.BuildTasks.MapSourceRoots"
       Done executing task "Microsoft.CodeAnalysis.BuildTasks.MapSourceRoots".
   1:7>Done building target "InitializeSourceRootMappedPaths" in project "BSkyClone.csproj".
   1:7>Target "_InitializeSourceRootMappedPathsOpt" in file "C:\Program Files\dotnet\sdk\9.0.304\Sdks\Microsoft.SourceLink.Common\build\Microsoft.SourceLink.Common.targets" from project "C:\Projects\BlueSky\backend\BSkyClone.csproj" (target "_GenerateSourceLinkFile" depends on it):
   1:7>Done building target "_InitializeSourceRootMappedPathsOpt" in project "BSkyClone.csproj".
   1:7>Target "_InitializeGitHubSourceLinkUrl" in file "C:\Program Files\dotnet\sdk\9.0.304\Sdks\Microsoft.SourceLink.GitHub\build\Microsoft.SourceLink.GitHub.targets" from project "C:\Projects\BlueSky\backend\BSkyClone.csproj" (target "_GenerateSourceLinkFile" depends on it):
       Building target "_InitializeGitHubSourceLinkUrl" completely.
       No input files were specified.
       Using "Microsoft.SourceLink.GitHub.GetSourceLinkUrl" task from assembly "C:\Program Files\dotnet\sdk\9.0.304\Sdks\Microsoft.SourceLink.GitHub\build\..\tools\net\Microsoft.SourceLink.GitHub.dll".
       Task "Microsoft.SourceLink.GitHub.GetSourceLinkUrl"
       Done executing task "Microsoft.SourceLink.GitHub.GetSourceLinkUrl".
   1:7>Done building target "_InitializeGitHubSourceLinkUrl" in project "BSkyClone.csproj".
   1:7>Target "_InitializeGitHubSourceLinkUrl" in file "C:\Program Files\dotnet\sdk\9.0.304\Sdks\Microsoft.SourceLink.GitHub\build\Microsoft.SourceLink.GitHub.targets" from project "C:\Projects\BlueSky\backend\BSkyClone.csproj" (target "_GenerateSourceLinkFile" depends on it):
       Building target "_InitializeGitHubSourceLinkUrl" completely.
       No input files were specified.
       Task "Microsoft.SourceLink.GitHub.GetSourceLinkUrl"
       Done executing task "Microsoft.SourceLink.GitHub.GetSourceLinkUrl".
   1:7>Done building target "_InitializeGitHubSourceLinkUrl" in project "BSkyClone.csproj".
   1:7>Target "_InitializeGitHubSourceLinkUrl" in file "C:\Program Files\dotnet\sdk\9.0.304\Sdks\Microsoft.SourceLink.GitHub\build\Microsoft.SourceLink.GitHub.targets" from project "C:\Projects\BlueSky\backend\BSkyClone.csproj" (target "_GenerateSourceLinkFile" depends on it):
       Building target "_InitializeGitHubSourceLinkUrl" completely.
       No input files were specified.
       Task "Microsoft.SourceLink.GitHub.GetSourceLinkUrl"
       Done executing task "Microsoft.SourceLink.GitHub.GetSourceLinkUrl".
   1:7>Done building target "_InitializeGitHubSourceLinkUrl" in project "BSkyClone.csproj".
   1:7>Target "_InitializeGitLabSourceLinkUrl" in file "C:\Program Files\dotnet\sdk\9.0.304\Sdks\Microsoft.SourceLink.GitLab\build\Microsoft.SourceLink.GitLab.targets" from project "C:\Projects\BlueSky\backend\BSkyClone.csproj" (target "_GenerateSourceLinkFile" depends on it):
       Building target "_InitializeGitLabSourceLinkUrl" completely.
       No input files were specified.
       Using "Microsoft.SourceLink.GitLab.GetSourceLinkUrl" task from assembly "C:\Program Files\dotnet\sdk\9.0.304\Sdks\Microsoft.SourceLink.GitLab\build\..\tools\net\Microsoft.SourceLink.GitLab.dll".
       Task "Microsoft.SourceLink.GitLab.GetSourceLinkUrl"
       C:\Program Files\dotnet\sdk\9.0.304\Sdks\Microsoft.SourceLink.GitLab\build\Microsoft.SourceLink.GitLab.targets(37,7): message : Property reassignment: $(_SourceLinkUrlToUpdate)="N/A" (previous value: "https://raw.githubusercontent.com/Tsutsuji2002/BlueSkyClone/88e780f4b5276b6d823eb43d3ea1376d04ffd5ad/*") at C:\Program Files\dotnet\sdk\9.0.304\Sdks\Microsoft.SourceLink.GitLab\build\Microsoft.SourceLink.GitLab.targets (37,7) [C:\Projects\BlueSky\backend\BSkyClone.csproj]
       Done executing task "Microsoft.SourceLink.GitLab.GetSourceLinkUrl".
   1:7>Done building target "_InitializeGitLabSourceLinkUrl" in project "BSkyClone.csproj".
   1:7>Target "_InitializeGitLabSourceLinkUrl" in file "C:\Program Files\dotnet\sdk\9.0.304\Sdks\Microsoft.SourceLink.GitLab\build\Microsoft.SourceLink.GitLab.targets" from project "C:\Projects\BlueSky\backend\BSkyClone.csproj" (target "_GenerateSourceLinkFile" depends on it):
       Building target "_InitializeGitLabSourceLinkUrl" completely.
       No input files were specified.
       Task "Microsoft.SourceLink.GitLab.GetSourceLinkUrl"
       C:\Program Files\dotnet\sdk\9.0.304\Sdks\Microsoft.SourceLink.GitLab\build\Microsoft.SourceLink.GitLab.targets(37,7): message : Property reassignment: $(_SourceLinkUrlToUpdate)="N/A" (previous value: "https://raw.githubusercontent.com/Tsutsuji2002/BlueSkyClone/88e780f4b5276b6d823eb43d3ea1376d04ffd5ad/*") at C:\Program Files\dotnet\sdk\9.0.304\Sdks\Microsoft.SourceLink.GitLab\build\Microsoft.SourceLink.GitLab.targets (37,7) [C:\Projects\BlueSky\backend\BSkyClone.csproj]
       Done executing task "Microsoft.SourceLink.GitLab.GetSourceLinkUrl".
   1:7>Done building target "_InitializeGitLabSourceLinkUrl" in project "BSkyClone.csproj".
   1:7>Target "_InitializeGitLabSourceLinkUrl" in file "C:\Program Files\dotnet\sdk\9.0.304\Sdks\Microsoft.SourceLink.GitLab\build\Microsoft.SourceLink.GitLab.targets" from project "C:\Projects\BlueSky\backend\BSkyClone.csproj" (target "_GenerateSourceLinkFile" depends on it):
       Building target "_InitializeGitLabSourceLinkUrl" completely.
       No input files were specified.
       Task "Microsoft.SourceLink.GitLab.GetSourceLinkUrl"
       C:\Program Files\dotnet\sdk\9.0.304\Sdks\Microsoft.SourceLink.GitLab\build\Microsoft.SourceLink.GitLab.targets(37,7): message : Property reassignment: $(_SourceLinkUrlToUpdate)="N/A" (previous value: "https://raw.githubusercontent.com/Tsutsuji2002/BlueSkyClone/88e780f4b5276b6d823eb43d3ea1376d04ffd5ad/*") at C:\Program Files\dotnet\sdk\9.0.304\Sdks\Microsoft.SourceLink.GitLab\build\Microsoft.SourceLink.GitLab.targets (37,7) [C:\Projects\BlueSky\backend\BSkyClone.csproj]
       Done executing task "Microsoft.SourceLink.GitLab.GetSourceLinkUrl".
   1:7>Done building target "_InitializeGitLabSourceLinkUrl" in project "BSkyClone.csproj".
   1:7>Target "_InitializeAzureReposGitSourceLinkUrl" in file "C:\Program Files\dotnet\sdk\9.0.304\Sdks\Microsoft.SourceLink.AzureRepos.Git\build\Microsoft.SourceLink.AzureRepos.Git.targets" from project "C:\Projects\BlueSky\backend\BSkyClone.csproj" (target "_GenerateSourceLinkFile" depends on it):
       Building target "_InitializeAzureReposGitSourceLinkUrl" completely.
       No input files were specified.
       Using "Microsoft.SourceLink.AzureRepos.Git.GetSourceLinkUrl" task from assembly "C:\Program Files\dotnet\sdk\9.0.304\Sdks\Microsoft.SourceLink.AzureRepos.Git\build\..\tools\net\Microsoft.SourceLink.AzureRepos.Git.dll".
       Task "Microsoft.SourceLink.AzureRepos.Git.GetSourceLinkUrl"
       Done executing task "Microsoft.SourceLink.AzureRepos.Git.GetSourceLinkUrl".
   1:7>Done building target "_InitializeAzureReposGitSourceLinkUrl" in project "BSkyClone.csproj".
   1:7>Target "_InitializeAzureReposGitSourceLinkUrl" in file "C:\Program Files\dotnet\sdk\9.0.304\Sdks\Microsoft.SourceLink.AzureRepos.Git\build\Microsoft.SourceLink.AzureRepos.Git.targets" from project "C:\Projects\BlueSky\backend\BSkyClone.csproj" (target "_GenerateSourceLinkFile" depends on it):
       Building target "_InitializeAzureReposGitSourceLinkUrl" completely.
       No input files were specified.
       Task "Microsoft.SourceLink.AzureRepos.Git.GetSourceLinkUrl"
       Done executing task "Microsoft.SourceLink.AzureRepos.Git.GetSourceLinkUrl".
   1:7>Done building target "_InitializeAzureReposGitSourceLinkUrl" in project "BSkyClone.csproj".
   1:7>Target "_InitializeAzureReposGitSourceLinkUrl" in file "C:\Program Files\dotnet\sdk\9.0.304\Sdks\Microsoft.SourceLink.AzureRepos.Git\build\Microsoft.SourceLink.AzureRepos.Git.targets" from project "C:\Projects\BlueSky\backend\BSkyClone.csproj" (target "_GenerateSourceLinkFile" depends on it):
       Building target "_InitializeAzureReposGitSourceLinkUrl" completely.
       No input files were specified.
       Task "Microsoft.SourceLink.AzureRepos.Git.GetSourceLinkUrl"
       Done executing task "Microsoft.SourceLink.AzureRepos.Git.GetSourceLinkUrl".
   1:7>Done building target "_InitializeAzureReposGitSourceLinkUrl" in project "BSkyClone.csproj".
   1:7>Target "_InitializeBitbucketGitSourceLinkUrl" in file "C:\Program Files\dotnet\sdk\9.0.304\Sdks\Microsoft.SourceLink.Bitbucket.Git\build\Microsoft.SourceLink.Bitbucket.Git.targets" from project "C:\Projects\BlueSky\backend\BSkyClone.csproj" (target "_GenerateSourceLinkFile" depends on it):
       Building target "_InitializeBitbucketGitSourceLinkUrl" completely.
       No input files were specified.
       Using "Microsoft.SourceLink.Bitbucket.Git.GetSourceLinkUrl" task from assembly "C:\Program Files\dotnet\sdk\9.0.304\Sdks\Microsoft.SourceLink.Bitbucket.Git\build\..\tools\net\Microsoft.SourceLink.Bitbucket.Git.dll".
       Task "Microsoft.SourceLink.Bitbucket.Git.GetSourceLinkUrl"
       Done executing task "Microsoft.SourceLink.Bitbucket.Git.GetSourceLinkUrl".
   1:7>Done building target "_InitializeBitbucketGitSourceLinkUrl" in project "BSkyClone.csproj".
   1:7>Target "_InitializeBitbucketGitSourceLinkUrl" in file "C:\Program Files\dotnet\sdk\9.0.304\Sdks\Microsoft.SourceLink.Bitbucket.Git\build\Microsoft.SourceLink.Bitbucket.Git.targets" from project "C:\Projects\BlueSky\backend\BSkyClone.csproj" (target "_GenerateSourceLinkFile" depends on it):
       Building target "_InitializeBitbucketGitSourceLinkUrl" completely.
       No input files were specified.
       Task "Microsoft.SourceLink.Bitbucket.Git.GetSourceLinkUrl"
       Done executing task "Microsoft.SourceLink.Bitbucket.Git.GetSourceLinkUrl".
   1:7>Done building target "_InitializeBitbucketGitSourceLinkUrl" in project "BSkyClone.csproj".
   1:7>Target "_InitializeBitbucketGitSourceLinkUrl" in file "C:\Program Files\dotnet\sdk\9.0.304\Sdks\Microsoft.SourceLink.Bitbucket.Git\build\Microsoft.SourceLink.Bitbucket.Git.targets" from project "C:\Projects\BlueSky\backend\BSkyClone.csproj" (target "_GenerateSourceLinkFile" depends on it):
       Building target "_InitializeBitbucketGitSourceLinkUrl" completely.
       No input files were specified.
       Task "Microsoft.SourceLink.Bitbucket.Git.GetSourceLinkUrl"
       Done executing task "Microsoft.SourceLink.Bitbucket.Git.GetSourceLinkUrl".
   1:7>Done building target "_InitializeBitbucketGitSourceLinkUrl" in project "BSkyClone.csproj".
   1:7>Target "_GenerateSourceLinkFile" in file "C:\Program Files\dotnet\sdk\9.0.304\Sdks\Microsoft.SourceLink.Common\build\Microsoft.SourceLink.Common.targets" from project "C:\Projects\BlueSky\backend\BSkyClone.csproj" (target "GenerateSourceLinkFile" depends on it):
       Building target "_GenerateSourceLinkFile" completely.
       No input files were specified.
       Using "Microsoft.SourceLink.Common.GenerateSourceLinkFile" task from assembly "C:\Program Files\dotnet\sdk\9.0.304\Sdks\Microsoft.SourceLink.Common\build\..\tools\net\Microsoft.SourceLink.Common.dll".
       Task "Microsoft.SourceLink.Common.GenerateSourceLinkFile"
         Source Link file 'obj\Debug\net9.0\BSkyClone.sourcelink.json' is up-to-date.
       Done executing task "Microsoft.SourceLink.Common.GenerateSourceLinkFile".
   1:7>Done building target "_GenerateSourceLinkFile" in project "BSkyClone.csproj".
   1:7>Target "GenerateSourceLinkFile" in file "C:\Program Files\dotnet\sdk\9.0.304\Sdks\Microsoft.SourceLink.Common\build\Microsoft.SourceLink.Common.targets" from project "C:\Projects\BlueSky\backend\BSkyClone.csproj" (target "CoreCompile" depends on it):
   1:7>Done building target "GenerateSourceLinkFile" in project "BSkyClone.csproj".
   1:7>Target "AddGlobalAnalyzerConfigForPackage_MicrosoftCodeAnalysisNetAnalyzers" in file "C:\Program Files\dotnet\sdk\9.0.304\Sdks\Microsoft.NET.Sdk\analyzers\build\Microsoft.CodeAnalysis.NetAnalyzers.targets" from project "C:\Projects\BlueSky\backend\BSkyClone.csproj" (target "CoreCompile" depends on it):
   1:7>Done building target "AddGlobalAnalyzerConfigForPackage_MicrosoftCodeAnalysisNetAnalyzers" in project "BSkyClone.csproj".
       Target "AddGlobalAnalyzerConfigForPackage_MicrosoftCodeAnalysisNetAnalyzersDesign" skipped, due to false condition; ('$(SkipGlobalAnalyzerConfigForPackage)' != 'true' and ('$(AnalysisLevelDesign)' != '' or '$(AnalysisModeDesign)' != '')) was evaluated as ('' != 'true' and ('' != '' or '' != '')).
       Target "AddGlobalAnalyzerConfigForPackage_MicrosoftCodeAnalysisNetAnalyzersDocumentation" skipped, due to false condition; ('$(SkipGlobalAnalyzerConfigForPackage)' != 'true' and ('$(AnalysisLevelDocumentation)' != '' or '$(AnalysisModeDocumentation)' != '')) was evaluated as ('' != 'true' and ('' != '' or '' != '')).
       Target "AddGlobalAnalyzerConfigForPackage_MicrosoftCodeAnalysisNetAnalyzersGlobalization" skipped, due to false condition; ('$(SkipGlobalAnalyzerConfigForPackage)' != 'true' and ('$(AnalysisLevelGlobalization)' != '' or '$(AnalysisModeGlobalization)' != '')) was evaluated as ('' != 'true' and ('' != '' or '' != '')).
       Target "AddGlobalAnalyzerConfigForPackage_MicrosoftCodeAnalysisNetAnalyzersInteroperability" skipped, due to false condition; ('$(SkipGlobalAnalyzerConfigForPackage)' != 'true' and ('$(AnalysisLevelInteroperability)' != '' or '$(AnalysisModeInteroperability)' != '')) was evaluated as ('' != 'true' and ('' != '' or '' != '')).
       Target "AddGlobalAnalyzerConfigForPackage_MicrosoftCodeAnalysisNetAnalyzersMaintainability" skipped, due to false condition; ('$(SkipGlobalAnalyzerConfigForPackage)' != 'true' and ('$(AnalysisLevelMaintainability)' != '' or '$(AnalysisModeMaintainability)' != '')) was evaluated as ('' != 'true' and ('' != '' or '' != '')).
       Target "AddGlobalAnalyzerConfigForPackage_MicrosoftCodeAnalysisNetAnalyzersNaming" skipped, due to false condition; ('$(SkipGlobalAnalyzerConfigForPackage)' != 'true' and ('$(AnalysisLevelNaming)' != '' or '$(AnalysisModeNaming)' != '')) was evaluated as ('' != 'true' and ('' != '' or '' != '')).
       Target "AddGlobalAnalyzerConfigForPackage_MicrosoftCodeAnalysisNetAnalyzersPerformance" skipped, due to false condition; ('$(SkipGlobalAnalyzerConfigForPackage)' != 'true' and ('$(AnalysisLevelPerformance)' != '' or '$(AnalysisModePerformance)' != '')) was evaluated as ('' != 'true' and ('' != '' or '' != '')).
       Target "AddGlobalAnalyzerConfigForPackage_MicrosoftCodeAnalysisNetAnalyzersReliability" skipped, due to false condition; ('$(SkipGlobalAnalyzerConfigForPackage)' != 'true' and ('$(AnalysisLevelReliability)' != '' or '$(AnalysisModeReliability)' != '')) was evaluated as ('' != 'true' and ('' != '' or '' != '')).
       Target "AddGlobalAnalyzerConfigForPackage_MicrosoftCodeAnalysisNetAnalyzersSecurity" skipped, due to false condition; ('$(SkipGlobalAnalyzerConfigForPackage)' != 'true' and ('$(AnalysisLevelSecurity)' != '' or '$(AnalysisModeSecurity)' != '')) was evaluated as ('' != 'true' and ('' != '' or '' != '')).
       Target "AddGlobalAnalyzerConfigForPackage_MicrosoftCodeAnalysisNetAnalyzersUsage" skipped, due to false condition; ('$(SkipGlobalAnalyzerConfigForPackage)' != 'true' and ('$(AnalysisLevelUsage)' != '' or '$(AnalysisModeUsage)' != '')) was evaluated as ('' != 'true' and ('' != '' or '' != '')).
       Target "_CodeAnalysisTreatWarningsAsErrors" skipped, due to false condition; ('$(DesignTimeBuild)' == 'true' OR '$(BuildingProject)' != 'true') was evaluated as ('' == 'true' OR 'true' != 'true').
   1:7>Target "CoreCompile" in file "C:\Program Files\dotnet\sdk\9.0.304\Roslyn\Microsoft.CSharp.Core.targets" from project "C:\Projects\BlueSky\backend\BSkyClone.csproj" (target "Compile" depends on it):
       Skipping target "CoreCompile" because all output files are up-to-date with respect to the input files.
       Input files: 
           Constants\PostCategoryConstants.cs
           Controllers\AdminController.cs
           Controllers\AuthController.cs
           Controllers\ChatController.cs
           Controllers\FeedsController.cs
           Controllers\InterestsController.cs
           Controllers\ListsController.cs
           Controllers\MediaController.cs
           Controllers\NotificationsController.cs
           Controllers\PostsController.cs
           Controllers\ProfileController.cs
           Controllers\SearchController.cs
           Controllers\UserController.cs
           DTOs\AdminDtos.cs
           DTOs\AuthDtos.cs
           DTOs\ChatDtos.cs
           DTOs\ListDtos.cs
           DTOs\NotificationDtos.cs
           DTOs\PostDtos.cs
           DTOs\SearchDtos.cs
           DTOs\UpdateAccountRequest.cs
           DTOs\UpdateProfileRequest.cs
           Hubs\ChatHub.cs
           Middleware\BannedUserMiddleware.cs
           Migrations\20260107045033_InitialCreate.cs
           Migrations\20260107045033_InitialCreate.Designer.cs
           Migrations\20260107155033_FixMissingColumns.cs
           Migrations\20260107155033_FixMissingColumns.Designer.cs
           Migrations\20260109053759_AddImageUrlToMessages.cs
           Migrations\20260109053759_AddImageUrlToMessages.Designer.cs
           Migrations\20260110045353_AddLinkPreviews.cs
           Migrations\20260110045353_AddLinkPreviews.Designer.cs
           Migrations\20260110101900_AddUserRole.cs
           Migrations\20260110101900_AddUserRole.Designer.cs
           Migrations\20260113165902_AddMissingMessageColumns.cs
           Migrations\20260113165902_AddMissingMessageColumns.Designer.cs
           Migrations\20260122052505_AddBookmarksCountToPost.cs
           Migrations\20260122052505_AddBookmarksCountToPost.Designer.cs
           Migrations\20260131110704_AddListPostsIsCurated.cs
           Migrations\20260131110704_AddListPostsIsCurated.Designer.cs
           Migrations\20260202143227_AddNotificationSettings.cs
           Migrations\20260202143227_AddNotificationSettings.Designer.cs
           Migrations\20260217151527_AddQuotePostFeature.cs
           Migrations\20260217151527_AddQuotePostFeature.Designer.cs
           Migrations\20260217152032_FixQuotesCount.cs
           Migrations\20260217152032_FixQuotesCount.Designer.cs
           Migrations\BSkyDbContextModelSnapshot.cs
           Models\BlockedAccount.cs
           Models\Bookmark.cs
           Models\BSkyDbContext.cs
           Models\Conversation.cs
           Models\ConversationParticipant.cs
           Models\Feed.cs
           Models\Hashtag.cs
           Models\Interest.cs
           Models\Like.cs
           Models\LinkPreview.cs
           Models\List.cs
           Models\ListMember.cs
           Models\ListPost.cs
           Models\Message.cs
           Models\MessageReaction.cs
           Models\MutedAccount.cs
           Models\MutedWord.cs
           Models\Notification.cs
           Models\Post.cs
           Models\PostMedium.cs
           Models\Repost.cs
           Models\User.cs
           Models\UserFeedSubscription.cs
           Models\UserFollow.cs
           Models\UserListSubscription.cs
           Models\UserSetting.cs
           Program.cs
           Repositories\BlockRepository.cs
           Repositories\ConversationRepository.cs
           Repositories\FeedRepository.cs
           Repositories\FollowRepository.cs
           Repositories\IBlockRepository.cs
           Repositories\IConversationRepository.cs
           Repositories\IFeedRepository.cs
           Repositories\IFollowRepository.cs
           Repositories\IMessageRepository.cs
           Repositories\IMuteRepository.cs
           Repositories\INotificationRepository.cs
           Repositories\IPostRepository.cs
           Repositories\IRepository.cs
           Repositories\IUserFeedSubscriptionRepository.cs
           Repositories\IUserRepository.cs
           Repositories\MessageRepository.cs
           Repositories\MuteRepository.cs
           Repositories\NotificationRepository.cs
           Repositories\PostRepository.cs
           Repositories\Repository.cs
           Repositories\UserFeedSubscriptionRepository.cs
           Repositories\UserRepository.cs
           Services\AdminService.cs
           Services\AuthService.cs
           Services\CacheService.cs
           Services\CategorizationService.cs
           Services\ChatService.cs
           Services\ElasticSearchService.cs
           Services\FeedService.cs
           Services\IAdminService.cs
           Services\ICacheService.cs
           Services\ICategorizationService.cs
           Services\IChatService.cs
           Services\IFeedService.cs
           Services\ILinkService.cs
           Services\IListService.cs
           Services\INotificationService.cs
           Services\IPostService.cs
           Services\ISearchService.cs
           Services\IUserService.cs
           Services\LinkService.cs
           Services\ListService.cs
           Services\ML\ImageNetCategoryMapper.cs
           Services\ML\MLModels.cs
           Services\ML\MLModelService.cs
           Services\ML\SimpleBertTokenizer.cs
           Services\NotificationService.cs
           Services\PostService.cs
           Services\RecommendationService.cs
           Services\UserService.cs
           UnitOfWork\IUnitOfWork.cs
           UnitOfWork\UnitOfWork.cs
           obj\Debug\net9.0\BSkyClone.GlobalUsings.g.cs
           obj\Debug\net9.0\.NETCoreApp,Version=v9.0.AssemblyAttributes.cs
           obj\Debug\net9.0\BSkyClone.AssemblyInfo.cs
           obj\Debug\net9.0\BSkyClone.MvcApplicationPartsAssemblyInfo.cs
           C:\Users\nguye\.nuget\packages\azure.core\1.38.0\lib\net6.0\Azure.Core.dll
           C:\Users\nguye\.nuget\packages\azure.identity\1.11.4\lib\netstandard2.0\Azure.Identity.dll
           C:\Users\nguye\.nuget\packages\bcrypt.net-next\4.0.3\lib\net6.0\BCrypt.Net-Next.dll
           C:\Users\nguye\.nuget\packages\elastic.clients.elasticsearch\9.3.0\lib\net9.0\Elastic.Clients.Elasticsearch.dll
           C:\Users\nguye\.nuget\packages\elastic.transport\0.10.3\lib\net8.0\Elastic.Transport.dll
           C:\Users\nguye\.nuget\packages\google.protobuf\3.30.2\lib\net5.0\Google.Protobuf.dll
           C:\Users\nguye\.nuget\packages\htmlagilitypack\1.12.4\lib\net7.0\HtmlAgilityPack.dll
           C:\Users\nguye\.nuget\packages\methodboundaryaspect.fody\2.0.148\lib\netstandard2.0\MethodBoundaryAspect.dll
           C:\Program Files\dotnet\packs\Microsoft.AspNetCore.App.Ref\9.0.8\ref\net9.0\Microsoft.AspNetCore.Antiforgery.dll
           C:\Program Files\dotnet\packs\Microsoft.AspNetCore.App.Ref\9.0.8\ref\net9.0\Microsoft.AspNetCore.Authentication.Abstractions.dll
           C:\Program Files\dotnet\packs\Microsoft.AspNetCore.App.Ref\9.0.8\ref\net9.0\Microsoft.AspNetCore.Authentication.BearerToken.dll
           C:\Program Files\dotnet\packs\Microsoft.AspNetCore.App.Ref\9.0.8\ref\net9.0\Microsoft.AspNetCore.Authentication.Cookies.dll
           C:\Program Files\dotnet\packs\Microsoft.AspNetCore.App.Ref\9.0.8\ref\net9.0\Microsoft.AspNetCore.Authentication.Core.dll
           C:\Program Files\dotnet\packs\Microsoft.AspNetCore.App.Ref\9.0.8\ref\net9.0\Microsoft.AspNetCore.Authentication.dll
           C:\Users\nguye\.nuget\packages\microsoft.aspnetcore.authentication.jwtbearer\9.0.0\lib\net9.0\Microsoft.AspNetCore.Authentication.JwtBearer.dll
           C:\Program Files\dotnet\packs\Microsoft.AspNetCore.App.Ref\9.0.8\ref\net9.0\Microsoft.AspNetCore.Authentication.OAuth.dll
           C:\Program Files\dotnet\packs\Microsoft.AspNetCore.App.Ref\9.0.8\ref\net9.0\Microsoft.AspNetCore.Authorization.dll
           C:\Program Files\dotnet\packs\Microsoft.AspNetCore.App.Ref\9.0.8\ref\net9.0\Microsoft.AspNetCore.Authorization.Policy.dll
           C:\Program Files\dotnet\packs\Microsoft.AspNetCore.App.Ref\9.0.8\ref\net9.0\Microsoft.AspNetCore.Components.Authorization.dll
           C:\Program Files\dotnet\packs\Microsoft.AspNetCore.App.Ref\9.0.8\ref\net9.0\Microsoft.AspNetCore.Components.dll
           C:\Program Files\dotnet\packs\Microsoft.AspNetCore.App.Ref\9.0.8\ref\net9.0\Microsoft.AspNetCore.Components.Endpoints.dll
           C:\Program Files\dotnet\packs\Microsoft.AspNetCore.App.Ref\9.0.8\ref\net9.0\Microsoft.AspNetCore.Components.Forms.dll
           C:\Program Files\dotnet\packs\Microsoft.AspNetCore.App.Ref\9.0.8\ref\net9.0\Microsoft.AspNetCore.Components.Server.dll
           C:\Program Files\dotnet\packs\Microsoft.AspNetCore.App.Ref\9.0.8\ref\net9.0\Microsoft.AspNetCore.Components.Web.dll
           C:\Program Files\dotnet\packs\Microsoft.AspNetCore.App.Ref\9.0.8\ref\net9.0\Microsoft.AspNetCore.Connections.Abstractions.dll
           C:\Program Files\dotnet\packs\Microsoft.AspNetCore.App.Ref\9.0.8\ref\net9.0\Microsoft.AspNetCore.CookiePolicy.dll
           C:\Program Files\dotnet\packs\Microsoft.AspNetCore.App.Ref\9.0.8\ref\net9.0\Microsoft.AspNetCore.Cors.dll
           C:\Program Files\dotnet\packs\Microsoft.AspNetCore.App.Ref\9.0.8\ref\net9.0\Microsoft.AspNetCore.Cryptography.Internal.dll
           C:\Program Files\dotnet\packs\Microsoft.AspNetCore.App.Ref\9.0.8\ref\net9.0\Microsoft.AspNetCore.Cryptography.KeyDerivation.dll
           C:\Program Files\dotnet\packs\Microsoft.AspNetCore.App.Ref\9.0.8\ref\net9.0\Microsoft.AspNetCore.DataProtection.Abstractions.dll
           C:\Program Files\dotnet\packs\Microsoft.AspNetCore.App.Ref\9.0.8\ref\net9.0\Microsoft.AspNetCore.DataProtection.dll
           C:\Program Files\dotnet\packs\Microsoft.AspNetCore.App.Ref\9.0.8\ref\net9.0\Microsoft.AspNetCore.DataProtection.Extensions.dll
           C:\Program Files\dotnet\packs\Microsoft.AspNetCore.App.Ref\9.0.8\ref\net9.0\Microsoft.AspNetCore.Diagnostics.Abstractions.dll
           C:\Program Files\dotnet\packs\Microsoft.AspNetCore.App.Ref\9.0.8\ref\net9.0\Microsoft.AspNetCore.Diagnostics.dll
           C:\Program Files\dotnet\packs\Microsoft.AspNetCore.App.Ref\9.0.8\ref\net9.0\Microsoft.AspNetCore.Diagnostics.HealthChecks.dll
           C:\Program Files\dotnet\packs\Microsoft.AspNetCore.App.Ref\9.0.8\ref\net9.0\Microsoft.AspNetCore.dll
           C:\Program Files\dotnet\packs\Microsoft.AspNetCore.App.Ref\9.0.8\ref\net9.0\Microsoft.AspNetCore.HostFiltering.dll
           C:\Program Files\dotnet\packs\Microsoft.AspNetCore.App.Ref\9.0.8\ref\net9.0\Microsoft.AspNetCore.Hosting.Abstractions.dll
           C:\Program Files\dotnet\packs\Microsoft.AspNetCore.App.Ref\9.0.8\ref\net9.0\Microsoft.AspNetCore.Hosting.dll
           C:\Program Files\dotnet\packs\Microsoft.AspNetCore.App.Ref\9.0.8\ref\net9.0\Microsoft.AspNetCore.Hosting.Server.Abstractions.dll
           C:\Program Files\dotnet\packs\Microsoft.AspNetCore.App.Ref\9.0.8\ref\net9.0\Microsoft.AspNetCore.Html.Abstractions.dll
           C:\Program Files\dotnet\packs\Microsoft.AspNetCore.App.Ref\9.0.8\ref\net9.0\Microsoft.AspNetCore.Http.Abstractions.dll
           C:\Program Files\dotnet\packs\Microsoft.AspNetCore.App.Ref\9.0.8\ref\net9.0\Microsoft.AspNetCore.Http.Connections.Common.dll
           C:\Program Files\dotnet\packs\Microsoft.AspNetCore.App.Ref\9.0.8\ref\net9.0\Microsoft.AspNetCore.Http.Connections.dll
           C:\Program Files\dotnet\packs\Microsoft.AspNetCore.App.Ref\9.0.8\ref\net9.0\Microsoft.AspNetCore.Http.dll
           C:\Program Files\dotnet\packs\Microsoft.AspNetCore.App.Ref\9.0.8\ref\net9.0\Microsoft.AspNetCore.Http.Extensions.dll
           C:\Program Files\dotnet\packs\Microsoft.AspNetCore.App.Ref\9.0.8\ref\net9.0\Microsoft.AspNetCore.Http.Features.dll
           C:\Program Files\dotnet\packs\Microsoft.AspNetCore.App.Ref\9.0.8\ref\net9.0\Microsoft.AspNetCore.Http.Results.dll
           C:\Program Files\dotnet\packs\Microsoft.AspNetCore.App.Ref\9.0.8\ref\net9.0\Microsoft.AspNetCore.HttpLogging.dll
           C:\Program Files\dotnet\packs\Microsoft.AspNetCore.App.Ref\9.0.8\ref\net9.0\Microsoft.AspNetCore.HttpOverrides.dll
           C:\Program Files\dotnet\packs\Microsoft.AspNetCore.App.Ref\9.0.8\ref\net9.0\Microsoft.AspNetCore.HttpsPolicy.dll
           C:\Program Files\dotnet\packs\Microsoft.AspNetCore.App.Ref\9.0.8\ref\net9.0\Microsoft.AspNetCore.Identity.dll
           C:\Program Files\dotnet\packs\Microsoft.AspNetCore.App.Ref\9.0.8\ref\net9.0\Microsoft.AspNetCore.Localization.dll
           C:\Program Files\dotnet\packs\Microsoft.AspNetCore.App.Ref\9.0.8\ref\net9.0\Microsoft.AspNetCore.Localization.Routing.dll
           C:\Program Files\dotnet\packs\Microsoft.AspNetCore.App.Ref\9.0.8\ref\net9.0\Microsoft.AspNetCore.Metadata.dll
           C:\Program Files\dotnet\packs\Microsoft.AspNetCore.App.Ref\9.0.8\ref\net9.0\Microsoft.AspNetCore.Mvc.Abstractions.dll
           C:\Program Files\dotnet\packs\Microsoft.AspNetCore.App.Ref\9.0.8\ref\net9.0\Microsoft.AspNetCore.Mvc.ApiExplorer.dll
           C:\Program Files\dotnet\packs\Microsoft.AspNetCore.App.Ref\9.0.8\ref\net9.0\Microsoft.AspNetCore.Mvc.Core.dll
           C:\Program Files\dotnet\packs\Microsoft.AspNetCore.App.Ref\9.0.8\ref\net9.0\Microsoft.AspNetCore.Mvc.Cors.dll
           C:\Program Files\dotnet\packs\Microsoft.AspNetCore.App.Ref\9.0.8\ref\net9.0\Microsoft.AspNetCore.Mvc.DataAnnotations.dll
           C:\Program Files\dotnet\packs\Microsoft.AspNetCore.App.Ref\9.0.8\ref\net9.0\Microsoft.AspNetCore.Mvc.dll
           C:\Program Files\dotnet\packs\Microsoft.AspNetCore.App.Ref\9.0.8\ref\net9.0\Microsoft.AspNetCore.Mvc.Formatters.Json.dll
           C:\Program Files\dotnet\packs\Microsoft.AspNetCore.App.Ref\9.0.8\ref\net9.0\Microsoft.AspNetCore.Mvc.Formatters.Xml.dll
           C:\Program Files\dotnet\packs\Microsoft.AspNetCore.App.Ref\9.0.8\ref\net9.0\Microsoft.AspNetCore.Mvc.Localization.dll
           C:\Program Files\dotnet\packs\Microsoft.AspNetCore.App.Ref\9.0.8\ref\net9.0\Microsoft.AspNetCore.Mvc.Razor.dll
           C:\Program Files\dotnet\packs\Microsoft.AspNetCore.App.Ref\9.0.8\ref\net9.0\Microsoft.AspNetCore.Mvc.RazorPages.dll
           C:\Program Files\dotnet\packs\Microsoft.AspNetCore.App.Ref\9.0.8\ref\net9.0\Microsoft.AspNetCore.Mvc.TagHelpers.dll
           C:\Program Files\dotnet\packs\Microsoft.AspNetCore.App.Ref\9.0.8\ref\net9.0\Microsoft.AspNetCore.Mvc.ViewFeatures.dll
           C:\Program Files\dotnet\packs\Microsoft.AspNetCore.App.Ref\9.0.8\ref\net9.0\Microsoft.AspNetCore.OutputCaching.dll
           C:\Program Files\dotnet\packs\Microsoft.AspNetCore.App.Ref\9.0.8\ref\net9.0\Microsoft.AspNetCore.RateLimiting.dll
           C:\Program Files\dotnet\packs\Microsoft.AspNetCore.App.Ref\9.0.8\ref\net9.0\Microsoft.AspNetCore.Razor.dll
           C:\Program Files\dotnet\packs\Microsoft.AspNetCore.App.Ref\9.0.8\ref\net9.0\Microsoft.AspNetCore.Razor.Runtime.dll
           C:\Program Files\dotnet\packs\Microsoft.AspNetCore.App.Ref\9.0.8\ref\net9.0\Microsoft.AspNetCore.RequestDecompression.dll
           C:\Program Files\dotnet\packs\Microsoft.AspNetCore.App.Ref\9.0.8\ref\net9.0\Microsoft.AspNetCore.ResponseCaching.Abstractions.dll
           C:\Program Files\dotnet\packs\Microsoft.AspNetCore.App.Ref\9.0.8\ref\net9.0\Microsoft.AspNetCore.ResponseCaching.dll
           C:\Program Files\dotnet\packs\Microsoft.AspNetCore.App.Ref\9.0.8\ref\net9.0\Microsoft.AspNetCore.ResponseCompression.dll
           C:\Program Files\dotnet\packs\Microsoft.AspNetCore.App.Ref\9.0.8\ref\net9.0\Microsoft.AspNetCore.Rewrite.dll
           C:\Program Files\dotnet\packs\Microsoft.AspNetCore.App.Ref\9.0.8\ref\net9.0\Microsoft.AspNetCore.Routing.Abstractions.dll
           C:\Program Files\dotnet\packs\Microsoft.AspNetCore.App.Ref\9.0.8\ref\net9.0\Microsoft.AspNetCore.Routing.dll
           C:\Program Files\dotnet\packs\Microsoft.AspNetCore.App.Ref\9.0.8\ref\net9.0\Microsoft.AspNetCore.Server.HttpSys.dll
           C:\Program Files\dotnet\packs\Microsoft.AspNetCore.App.Ref\9.0.8\ref\net9.0\Microsoft.AspNetCore.Server.IIS.dll
           C:\Program Files\dotnet\packs\Microsoft.AspNetCore.App.Ref\9.0.8\ref\net9.0\Microsoft.AspNetCore.Server.IISIntegration.dll
           C:\Program Files\dotnet\packs\Microsoft.AspNetCore.App.Ref\9.0.8\ref\net9.0\Microsoft.AspNetCore.Server.Kestrel.Core.dll
           C:\Program Files\dotnet\packs\Microsoft.AspNetCore.App.Ref\9.0.8\ref\net9.0\Microsoft.AspNetCore.Server.Kestrel.dll
           C:\Program Files\dotnet\packs\Microsoft.AspNetCore.App.Ref\9.0.8\ref\net9.0\Microsoft.AspNetCore.Server.Kestrel.Transport.NamedPipes.dll
           C:\Program Files\dotnet\packs\Microsoft.AspNetCore.App.Ref\9.0.8\ref\net9.0\Microsoft.AspNetCore.Server.Kestrel.Transport.Quic.dll
           C:\Program Files\dotnet\packs\Microsoft.AspNetCore.App.Ref\9.0.8\ref\net9.0\Microsoft.AspNetCore.Server.Kestrel.Transport.Sockets.dll
           C:\Program Files\dotnet\packs\Microsoft.AspNetCore.App.Ref\9.0.8\ref\net9.0\Microsoft.AspNetCore.Session.dll
           C:\Program Files\dotnet\packs\Microsoft.AspNetCore.App.Ref\9.0.8\ref\net9.0\Microsoft.AspNetCore.SignalR.Common.dll
           C:\Program Files\dotnet\packs\Microsoft.AspNetCore.App.Ref\9.0.8\ref\net9.0\Microsoft.AspNetCore.SignalR.Core.dll
           C:\Program Files\dotnet\packs\Microsoft.AspNetCore.App.Ref\9.0.8\ref\net9.0\Microsoft.AspNetCore.SignalR.dll
           C:\Program Files\dotnet\packs\Microsoft.AspNetCore.App.Ref\9.0.8\ref\net9.0\Microsoft.AspNetCore.SignalR.Protocols.Json.dll
           C:\Program Files\dotnet\packs\Microsoft.AspNetCore.App.Ref\9.0.8\ref\net9.0\Microsoft.AspNetCore.StaticAssets.dll
           C:\Program Files\dotnet\packs\Microsoft.AspNetCore.App.Ref\9.0.8\ref\net9.0\Microsoft.AspNetCore.StaticFiles.dll
           C:\Program Files\dotnet\packs\Microsoft.AspNetCore.App.Ref\9.0.8\ref\net9.0\Microsoft.AspNetCore.WebSockets.dll
           C:\Program Files\dotnet\packs\Microsoft.AspNetCore.App.Ref\9.0.8\ref\net9.0\Microsoft.AspNetCore.WebUtilities.dll
           C:\Users\nguye\.nuget\packages\microsoft.bcl.asyncinterfaces\9.0.4\lib\netstandard2.1\Microsoft.Bcl.AsyncInterfaces.dll
           C:\Program Files\dotnet\packs\Microsoft.NETCore.App.Ref\9.0.8\ref\net9.0\Microsoft.CSharp.dll
           C:\Users\nguye\.nuget\packages\microsoft.data.sqlclient\5.1.6\ref\net6.0\Microsoft.Data.SqlClient.dll
           C:\Users\nguye\.nuget\packages\microsoft.entityframeworkcore.abstractions\9.0.0\lib\net8.0\Microsoft.EntityFrameworkCore.Abstractions.dll
           C:\Users\nguye\.nuget\packages\microsoft.entityframeworkcore\9.0.0\lib\net8.0\Microsoft.EntityFrameworkCore.dll
           C:\Users\nguye\.nuget\packages\microsoft.entityframeworkcore.relational\9.0.0\lib\net8.0\Microsoft.EntityFrameworkCore.Relational.dll
           C:\Users\nguye\.nuget\packages\microsoft.entityframeworkcore.sqlserver\9.0.0\lib\net8.0\Microsoft.EntityFrameworkCore.SqlServer.dll
           C:\Users\nguye\.nuget\packages\microsoft.extensions.caching.abstractions\10.0.1\lib\net9.0\Microsoft.Extensions.Caching.Abstractions.dll
           C:\Program Files\dotnet\packs\Microsoft.AspNetCore.App.Ref\9.0.8\ref\net9.0\Microsoft.Extensions.Caching.Memory.dll
           C:\Users\nguye\.nuget\packages\microsoft.extensions.caching.stackexchangeredis\10.0.1\lib\netstandard2.0\Microsoft.Extensions.Caching.StackExchangeRedis.dll
           C:\Program Files\dotnet\packs\Microsoft.AspNetCore.App.Ref\9.0.8\ref\net9.0\Microsoft.Extensions.Configuration.Abstractions.dll
           C:\Program Files\dotnet\packs\Microsoft.AspNetCore.App.Ref\9.0.8\ref\net9.0\Microsoft.Extensions.Configuration.Binder.dll
           C:\Program Files\dotnet\packs\Microsoft.AspNetCore.App.Ref\9.0.8\ref\net9.0\Microsoft.Extensions.Configuration.CommandLine.dll
           C:\Program Files\dotnet\packs\Microsoft.AspNetCore.App.Ref\9.0.8\ref\net9.0\Microsoft.Extensions.Configuration.dll
           C:\Program Files\dotnet\packs\Microsoft.AspNetCore.App.Ref\9.0.8\ref\net9.0\Microsoft.Extensions.Configuration.EnvironmentVariables.dll
           C:\Program Files\dotnet\packs\Microsoft.AspNetCore.App.Ref\9.0.8\ref\net9.0\Microsoft.Extensions.Configuration.FileExtensions.dll
           C:\Program Files\dotnet\packs\Microsoft.AspNetCore.App.Ref\9.0.8\ref\net9.0\Microsoft.Extensions.Configuration.Ini.dll
           C:\Program Files\dotnet\packs\Microsoft.AspNetCore.App.Ref\9.0.8\ref\net9.0\Microsoft.Extensions.Configuration.Json.dll
           C:\Program Files\dotnet\packs\Microsoft.AspNetCore.App.Ref\9.0.8\ref\net9.0\Microsoft.Extensions.Configuration.KeyPerFile.dll
           C:\Program Files\dotnet\packs\Microsoft.AspNetCore.App.Ref\9.0.8\ref\net9.0\Microsoft.Extensions.Configuration.UserSecrets.dll
           C:\Program Files\dotnet\packs\Microsoft.AspNetCore.App.Ref\9.0.8\ref\net9.0\Microsoft.Extensions.Configuration.Xml.dll
           C:\Users\nguye\.nuget\packages\microsoft.extensions.dependencyinjection.abstractions\10.0.1\lib\net9.0\Microsoft.Extensions.DependencyInjection.Abstractions.dll
           C:\Program Files\dotnet\packs\Microsoft.AspNetCore.App.Ref\9.0.8\ref\net9.0\Microsoft.Extensions.DependencyInjection.dll
           C:\Program Files\dotnet\packs\Microsoft.AspNetCore.App.Ref\9.0.8\ref\net9.0\Microsoft.Extensions.Diagnostics.Abstractions.dll
           C:\Program Files\dotnet\packs\Microsoft.AspNetCore.App.Ref\9.0.8\ref\net9.0\Microsoft.Extensions.Diagnostics.dll
           C:\Program Files\dotnet\packs\Microsoft.AspNetCore.App.Ref\9.0.8\ref\net9.0\Microsoft.Extensions.Diagnostics.HealthChecks.Abstractions.dll
           C:\Program Files\dotnet\packs\Microsoft.AspNetCore.App.Ref\9.0.8\ref\net9.0\Microsoft.Extensions.Diagnostics.HealthChecks.dll
           C:\Program Files\dotnet\packs\Microsoft.AspNetCore.App.Ref\9.0.8\ref\net9.0\Microsoft.Extensions.Features.dll
           C:\Program Files\dotnet\packs\Microsoft.AspNetCore.App.Ref\9.0.8\ref\net9.0\Microsoft.Extensions.FileProviders.Abstractions.dll
           C:\Program Files\dotnet\packs\Microsoft.AspNetCore.App.Ref\9.0.8\ref\net9.0\Microsoft.Extensions.FileProviders.Composite.dll
           C:\Program Files\dotnet\packs\Microsoft.AspNetCore.App.Ref\9.0.8\ref\net9.0\Microsoft.Extensions.FileProviders.Embedded.dll
           C:\Program Files\dotnet\packs\Microsoft.AspNetCore.App.Ref\9.0.8\ref\net9.0\Microsoft.Extensions.FileProviders.Physical.dll
           C:\Program Files\dotnet\packs\Microsoft.AspNetCore.App.Ref\9.0.8\ref\net9.0\Microsoft.Extensions.FileSystemGlobbing.dll
           C:\Program Files\dotnet\packs\Microsoft.AspNetCore.App.Ref\9.0.8\ref\net9.0\Microsoft.Extensions.Hosting.Abstractions.dll
           C:\Program Files\dotnet\packs\Microsoft.AspNetCore.App.Ref\9.0.8\ref\net9.0\Microsoft.Extensions.Hosting.dll
           C:\Program Files\dotnet\packs\Microsoft.AspNetCore.App.Ref\9.0.8\ref\net9.0\Microsoft.Extensions.Http.dll
           C:\Program Files\dotnet\packs\Microsoft.AspNetCore.App.Ref\9.0.8\ref\net9.0\Microsoft.Extensions.Identity.Core.dll
           C:\Program Files\dotnet\packs\Microsoft.AspNetCore.App.Ref\9.0.8\ref\net9.0\Microsoft.Extensions.Identity.Stores.dll
           C:\Program Files\dotnet\packs\Microsoft.AspNetCore.App.Ref\9.0.8\ref\net9.0\Microsoft.Extensions.Localization.Abstractions.dll
           C:\Program Files\dotnet\packs\Microsoft.AspNetCore.App.Ref\9.0.8\ref\net9.0\Microsoft.Extensions.Localization.dll
           C:\Users\nguye\.nuget\packages\microsoft.extensions.logging.abstractions\10.0.1\lib\net9.0\Microsoft.Extensions.Logging.Abstractions.dll
           C:\Program Files\dotnet\packs\Microsoft.AspNetCore.App.Ref\9.0.8\ref\net9.0\Microsoft.Extensions.Logging.Configuration.dll
           C:\Program Files\dotnet\packs\Microsoft.AspNetCore.App.Ref\9.0.8\ref\net9.0\Microsoft.Extensions.Logging.Console.dll
           C:\Program Files\dotnet\packs\Microsoft.AspNetCore.App.Ref\9.0.8\ref\net9.0\Microsoft.Extensions.Logging.Debug.dll
           C:\Program Files\dotnet\packs\Microsoft.AspNetCore.App.Ref\9.0.8\ref\net9.0\Microsoft.Extensions.Logging.dll
           C:\Program Files\dotnet\packs\Microsoft.AspNetCore.App.Ref\9.0.8\ref\net9.0\Microsoft.Extensions.Logging.EventLog.dll
           C:\Program Files\dotnet\packs\Microsoft.AspNetCore.App.Ref\9.0.8\ref\net9.0\Microsoft.Extensions.Logging.EventSource.dll
           C:\Program Files\dotnet\packs\Microsoft.AspNetCore.App.Ref\9.0.8\ref\net9.0\Microsoft.Extensions.Logging.TraceSource.dll
           C:\Program Files\dotnet\packs\Microsoft.AspNetCore.App.Ref\9.0.8\ref\net9.0\Microsoft.Extensions.ObjectPool.dll
           C:\Program Files\dotnet\packs\Microsoft.AspNetCore.App.Ref\9.0.8\ref\net9.0\Microsoft.Extensions.Options.ConfigurationExtensions.dll
           C:\Program Files\dotnet\packs\Microsoft.AspNetCore.App.Ref\9.0.8\ref\net9.0\Microsoft.Extensions.Options.DataAnnotations.dll
           C:\Users\nguye\.nuget\packages\microsoft.extensions.options\10.0.1\lib\net9.0\Microsoft.Extensions.Options.dll
           C:\Users\nguye\.nuget\packages\microsoft.extensions.primitives\10.0.1\lib\net9.0\Microsoft.Extensions.Primitives.dll
           C:\Program Files\dotnet\packs\Microsoft.AspNetCore.App.Ref\9.0.8\ref\net9.0\Microsoft.Extensions.WebEncoders.dll
           C:\Users\nguye\.nuget\packages\microsoft.identity.client\4.61.3\lib\net6.0\Microsoft.Identity.Client.dll
           C:\Users\nguye\.nuget\packages\microsoft.identity.client.extensions.msal\4.61.3\lib\net6.0\Microsoft.Identity.Client.Extensions.Msal.dll
           C:\Users\nguye\.nuget\packages\microsoft.identitymodel.abstractions\8.0.1\lib\net9.0\Microsoft.IdentityModel.Abstractions.dll
           C:\Users\nguye\.nuget\packages\microsoft.identitymodel.jsonwebtokens\8.0.1\lib\net9.0\Microsoft.IdentityModel.JsonWebTokens.dll
           C:\Users\nguye\.nuget\packages\microsoft.identitymodel.logging\8.0.1\lib\net9.0\Microsoft.IdentityModel.Logging.dll
           C:\Users\nguye\.nuget\packages\microsoft.identitymodel.protocols\8.0.1\lib\net9.0\Microsoft.IdentityModel.Protocols.dll
           C:\Users\nguye\.nuget\packages\microsoft.identitymodel.protocols.openidconnect\8.0.1\lib\net9.0\Microsoft.IdentityModel.Protocols.OpenIdConnect.dll
           C:\Users\nguye\.nuget\packages\microsoft.identitymodel.tokens\8.0.1\lib\net9.0\Microsoft.IdentityModel.Tokens.dll
           C:\Program Files\dotnet\packs\Microsoft.AspNetCore.App.Ref\9.0.8\ref\net9.0\Microsoft.JSInterop.dll
           C:\Users\nguye\.nuget\packages\microsoft.ml\5.0.0\lib\netstandard2.0\Microsoft.ML.Core.dll
           C:\Users\nguye\.nuget\packages\microsoft.ml.cpumath\5.0.0\lib\net8.0\Microsoft.ML.CpuMath.dll
           C:\Users\nguye\.nuget\packages\microsoft.ml\5.0.0\lib\netstandard2.0\Microsoft.ML.Data.dll
           C:\Users\nguye\.nuget\packages\microsoft.ml.dataview\5.0.0\lib\netstandard2.0\Microsoft.ML.DataView.dll
           C:\Users\nguye\.nuget\packages\microsoft.ml.imageanalytics\5.0.0\lib\netstandard2.0\Microsoft.ML.ImageAnalytics.dll
           C:\Users\nguye\.nuget\packages\microsoft.ml\5.0.0\lib\netstandard2.0\Microsoft.ML.KMeansClustering.dll
           C:\Users\nguye\.nuget\packages\microsoft.ml.onnxruntime.managed\1.20.1\lib\net8.0\Microsoft.ML.OnnxRuntime.dll
           C:\Users\nguye\.nuget\packages\microsoft.ml.onnxtransformer\4.0.1\lib\netstandard2.0\Microsoft.ML.OnnxTransformer.dll
           C:\Users\nguye\.nuget\packages\microsoft.ml\5.0.0\lib\netstandard2.0\Microsoft.ML.PCA.dll
           C:\Users\nguye\.nuget\packages\microsoft.ml\5.0.0\lib\netstandard2.0\Microsoft.ML.StandardTrainers.dll
           C:\Users\nguye\.nuget\packages\microsoft.ml.tensorflow\5.0.0\lib\netstandard2.0\Microsoft.ML.TensorFlow.dll
           C:\Users\nguye\.nuget\packages\microsoft.ml\5.0.0\lib\netstandard2.0\Microsoft.ML.Transforms.dll
           C:\Users\nguye\.nuget\packages\microsoft.ml.vision\5.0.0\lib\netstandard2.0\Microsoft.ML.Vision.dll
           C:\Program Files\dotnet\packs\Microsoft.AspNetCore.App.Ref\9.0.8\ref\net9.0\Microsoft.Net.Http.Headers.dll
           C:\Users\nguye\.nuget\packages\microsoft.openapi\1.6.22\lib\netstandard2.0\Microsoft.OpenApi.dll
           C:\Users\nguye\.nuget\packages\microsoft.sqlserver.server\1.0.0\lib\netstandard2.0\Microsoft.SqlServer.Server.dll
           C:\Program Files\dotnet\packs\Microsoft.NETCore.App.Ref\9.0.8\ref\net9.0\Microsoft.VisualBasic.Core.dll
           C:\Program Files\dotnet\packs\Microsoft.NETCore.App.Ref\9.0.8\ref\net9.0\Microsoft.VisualBasic.dll
           C:\Program Files\dotnet\packs\Microsoft.NETCore.App.Ref\9.0.8\ref\net9.0\Microsoft.Win32.Primitives.dll
           C:\Program Files\dotnet\packs\Microsoft.NETCore.App.Ref\9.0.8\ref\net9.0\Microsoft.Win32.Registry.dll
           C:\Program Files\dotnet\packs\Microsoft.NETCore.App.Ref\9.0.8\ref\net9.0\mscorlib.dll
           C:\Program Files\dotnet\packs\Microsoft.NETCore.App.Ref\9.0.8\ref\net9.0\netstandard.dll
           C:\Users\nguye\.nuget\packages\newtonsoft.json\13.0.3\lib\net6.0\Newtonsoft.Json.dll
           C:\Users\nguye\.nuget\packages\pipelines.sockets.unofficial\2.2.8\lib\net5.0\Pipelines.Sockets.Unofficial.dll
           C:\Users\nguye\.nuget\packages\protobuf.text\0.6.0\lib\net6.0\Protobuf.Text.dll
           C:\Users\nguye\.nuget\packages\serilog\2.10.0\lib\netstandard2.1\Serilog.dll
           C:\Users\nguye\.nuget\packages\serilog.sinks.console\4.1.0\lib\net5.0\Serilog.Sinks.Console.dll
           C:\Users\nguye\.nuget\packages\sixlabors.imagesharp\3.1.7\lib\net6.0\SixLabors.ImageSharp.dll
           C:\Users\nguye\.nuget\packages\skiasharp\2.88.8\lib\net6.0\SkiaSharp.dll
           C:\Users\nguye\.nuget\packages\stackexchange.redis\2.7.27\lib\net6.0\StackExchange.Redis.dll
           C:\Users\nguye\.nuget\packages\swashbuckle.aspnetcore.swagger\7.2.0\lib\net9.0\Swashbuckle.AspNetCore.Swagger.dll
           C:\Users\nguye\.nuget\packages\swashbuckle.aspnetcore.swaggergen\7.2.0\lib\net9.0\Swashbuckle.AspNetCore.SwaggerGen.dll
           C:\Users\nguye\.nuget\packages\swashbuckle.aspnetcore.swaggerui\7.2.0\lib\net9.0\Swashbuckle.AspNetCore.SwaggerUI.dll
           C:\Program Files\dotnet\packs\Microsoft.NETCore.App.Ref\9.0.8\ref\net9.0\System.AppContext.dll
           C:\Program Files\dotnet\packs\Microsoft.NETCore.App.Ref\9.0.8\ref\net9.0\System.Buffers.dll
           C:\Users\nguye\.nuget\packages\system.clientmodel\1.0.0\lib\net6.0\System.ClientModel.dll
           C:\Users\nguye\.nuget\packages\system.codedom\9.0.4\lib\net9.0\System.CodeDom.dll
           C:\Program Files\dotnet\packs\Microsoft.NETCore.App.Ref\9.0.8\ref\net9.0\System.Collections.Concurrent.dll
           C:\Program Files\dotnet\packs\Microsoft.NETCore.App.Ref\9.0.8\ref\net9.0\System.Collections.dll
           C:\Program Files\dotnet\packs\Microsoft.NETCore.App.Ref\9.0.8\ref\net9.0\System.Collections.Immutable.dll
           C:\Program Files\dotnet\packs\Microsoft.NETCore.App.Ref\9.0.8\ref\net9.0\System.Collections.NonGeneric.dll
           C:\Program Files\dotnet\packs\Microsoft.NETCore.App.Ref\9.0.8\ref\net9.0\System.Collections.Specialized.dll
           C:\Program Files\dotnet\packs\Microsoft.NETCore.App.Ref\9.0.8\ref\net9.0\System.ComponentModel.Annotations.dll
           C:\Program Files\dotnet\packs\Microsoft.NETCore.App.Ref\9.0.8\ref\net9.0\System.ComponentModel.DataAnnotations.dll
           C:\Program Files\dotnet\packs\Microsoft.NETCore.App.Ref\9.0.8\ref\net9.0\System.ComponentModel.dll
           C:\Program Files\dotnet\packs\Microsoft.NETCore.App.Ref\9.0.8\ref\net9.0\System.ComponentModel.EventBasedAsync.dll
           C:\Program Files\dotnet\packs\Microsoft.NETCore.App.Ref\9.0.8\ref\net9.0\System.ComponentModel.Primitives.dll
           C:\Program Files\dotnet\packs\Microsoft.NETCore.App.Ref\9.0.8\ref\net9.0\System.ComponentModel.TypeConverter.dll
           C:\Program Files\dotnet\packs\Microsoft.NETCore.App.Ref\9.0.8\ref\net9.0\System.Configuration.dll
           C:\Program Files\dotnet\packs\Microsoft.NETCore.App.Ref\9.0.8\ref\net9.0\System.Console.dll
           C:\Program Files\dotnet\packs\Microsoft.NETCore.App.Ref\9.0.8\ref\net9.0\System.Core.dll
           C:\Program Files\dotnet\packs\Microsoft.NETCore.App.Ref\9.0.8\ref\net9.0\System.Data.Common.dll
           C:\Program Files\dotnet\packs\Microsoft.NETCore.App.Ref\9.0.8\ref\net9.0\System.Data.DataSetExtensions.dll
           C:\Program Files\dotnet\packs\Microsoft.NETCore.App.Ref\9.0.8\ref\net9.0\System.Data.dll
           C:\Program Files\dotnet\packs\Microsoft.NETCore.App.Ref\9.0.8\ref\net9.0\System.Diagnostics.Contracts.dll
           C:\Program Files\dotnet\packs\Microsoft.NETCore.App.Ref\9.0.8\ref\net9.0\System.Diagnostics.Debug.dll
           C:\Users\nguye\.nuget\packages\system.diagnostics.diagnosticsource\10.0.1\lib\net9.0\System.Diagnostics.DiagnosticSource.dll
           C:\Program Files\dotnet\packs\Microsoft.AspNetCore.App.Ref\9.0.8\ref\net9.0\System.Diagnostics.EventLog.dll
           C:\Program Files\dotnet\packs\Microsoft.NETCore.App.Ref\9.0.8\ref\net9.0\System.Diagnostics.FileVersionInfo.dll
           C:\Program Files\dotnet\packs\Microsoft.NETCore.App.Ref\9.0.8\ref\net9.0\System.Diagnostics.Process.dll
           C:\Program Files\dotnet\packs\Microsoft.NETCore.App.Ref\9.0.8\ref\net9.0\System.Diagnostics.StackTrace.dll
           C:\Program Files\dotnet\packs\Microsoft.NETCore.App.Ref\9.0.8\ref\net9.0\System.Diagnostics.TextWriterTraceListener.dll
           C:\Program Files\dotnet\packs\Microsoft.NETCore.App.Ref\9.0.8\ref\net9.0\System.Diagnostics.Tools.dll
           C:\Program Files\dotnet\packs\Microsoft.NETCore.App.Ref\9.0.8\ref\net9.0\System.Diagnostics.TraceSource.dll
           C:\Program Files\dotnet\packs\Microsoft.NETCore.App.Ref\9.0.8\ref\net9.0\System.Diagnostics.Tracing.dll
           C:\Program Files\dotnet\packs\Microsoft.NETCore.App.Ref\9.0.8\ref\net9.0\System.dll
           C:\Program Files\dotnet\packs\Microsoft.NETCore.App.Ref\9.0.8\ref\net9.0\System.Drawing.dll
           C:\Program Files\dotnet\packs\Microsoft.NETCore.App.Ref\9.0.8\ref\net9.0\System.Drawing.Primitives.dll
           C:\Program Files\dotnet\packs\Microsoft.NETCore.App.Ref\9.0.8\ref\net9.0\System.Dynamic.Runtime.dll
           C:\Program Files\dotnet\packs\Microsoft.NETCore.App.Ref\9.0.8\ref\net9.0\System.Formats.Asn1.dll
           C:\Program Files\dotnet\packs\Microsoft.NETCore.App.Ref\9.0.8\ref\net9.0\System.Formats.Tar.dll
           C:\Program Files\dotnet\packs\Microsoft.NETCore.App.Ref\9.0.8\ref\net9.0\System.Globalization.Calendars.dll
           C:\Program Files\dotnet\packs\Microsoft.NETCore.App.Ref\9.0.8\ref\net9.0\System.Globalization.dll
           C:\Program Files\dotnet\packs\Microsoft.NETCore.App.Ref\9.0.8\ref\net9.0\System.Globalization.Extensions.dll
           C:\Users\nguye\.nuget\packages\system.identitymodel.tokens.jwt\8.0.1\lib\net9.0\System.IdentityModel.Tokens.Jwt.dll
           C:\Program Files\dotnet\packs\Microsoft.NETCore.App.Ref\9.0.8\ref\net9.0\System.IO.Compression.Brotli.dll
           C:\Program Files\dotnet\packs\Microsoft.NETCore.App.Ref\9.0.8\ref\net9.0\System.IO.Compression.dll
           C:\Program Files\dotnet\packs\Microsoft.NETCore.App.Ref\9.0.8\ref\net9.0\System.IO.Compression.FileSystem.dll
           C:\Program Files\dotnet\packs\Microsoft.NETCore.App.Ref\9.0.8\ref\net9.0\System.IO.Compression.ZipFile.dll
           C:\Program Files\dotnet\packs\Microsoft.NETCore.App.Ref\9.0.8\ref\net9.0\System.IO.dll
           C:\Program Files\dotnet\packs\Microsoft.NETCore.App.Ref\9.0.8\ref\net9.0\System.IO.FileSystem.AccessControl.dll
           C:\Program Files\dotnet\packs\Microsoft.NETCore.App.Ref\9.0.8\ref\net9.0\System.IO.FileSystem.dll
           C:\Program Files\dotnet\packs\Microsoft.NETCore.App.Ref\9.0.8\ref\net9.0\System.IO.FileSystem.DriveInfo.dll
           C:\Program Files\dotnet\packs\Microsoft.NETCore.App.Ref\9.0.8\ref\net9.0\System.IO.FileSystem.Primitives.dll
           C:\Program Files\dotnet\packs\Microsoft.NETCore.App.Ref\9.0.8\ref\net9.0\System.IO.FileSystem.Watcher.dll
           C:\Program Files\dotnet\packs\Microsoft.NETCore.App.Ref\9.0.8\ref\net9.0\System.IO.IsolatedStorage.dll
           C:\Program Files\dotnet\packs\Microsoft.NETCore.App.Ref\9.0.8\ref\net9.0\System.IO.MemoryMappedFiles.dll
           C:\Users\nguye\.nuget\packages\system.io.pipelines\10.0.0\lib\net9.0\System.IO.Pipelines.dll
           C:\Program Files\dotnet\packs\Microsoft.NETCore.App.Ref\9.0.8\ref\net9.0\System.IO.Pipes.AccessControl.dll
           C:\Program Files\dotnet\packs\Microsoft.NETCore.App.Ref\9.0.8\ref\net9.0\System.IO.Pipes.dll
           C:\Program Files\dotnet\packs\Microsoft.NETCore.App.Ref\9.0.8\ref\net9.0\System.IO.UnmanagedMemoryStream.dll
           C:\Program Files\dotnet\packs\Microsoft.NETCore.App.Ref\9.0.8\ref\net9.0\System.Linq.dll
           C:\Program Files\dotnet\packs\Microsoft.NETCore.App.Ref\9.0.8\ref\net9.0\System.Linq.Expressions.dll
           C:\Program Files\dotnet\packs\Microsoft.NETCore.App.Ref\9.0.8\ref\net9.0\System.Linq.Parallel.dll
           C:\Program Files\dotnet\packs\Microsoft.NETCore.App.Ref\9.0.8\ref\net9.0\System.Linq.Queryable.dll
           C:\Users\nguye\.nuget\packages\system.memory.data\1.0.2\lib\netstandard2.0\System.Memory.Data.dll
           C:\Program Files\dotnet\packs\Microsoft.NETCore.App.Ref\9.0.8\ref\net9.0\System.Memory.dll
           C:\Program Files\dotnet\packs\Microsoft.NETCore.App.Ref\9.0.8\ref\net9.0\System.Net.dll
           C:\Program Files\dotnet\packs\Microsoft.NETCore.App.Ref\9.0.8\ref\net9.0\System.Net.Http.dll
           C:\Program Files\dotnet\packs\Microsoft.NETCore.App.Ref\9.0.8\ref\net9.0\System.Net.Http.Json.dll
           C:\Program Files\dotnet\packs\Microsoft.NETCore.App.Ref\9.0.8\ref\net9.0\System.Net.HttpListener.dll
           C:\Program Files\dotnet\packs\Microsoft.NETCore.App.Ref\9.0.8\ref\net9.0\System.Net.Mail.dll
           C:\Program Files\dotnet\packs\Microsoft.NETCore.App.Ref\9.0.8\ref\net9.0\System.Net.NameResolution.dll
           C:\Program Files\dotnet\packs\Microsoft.NETCore.App.Ref\9.0.8\ref\net9.0\System.Net.NetworkInformation.dll
           C:\Program Files\dotnet\packs\Microsoft.NETCore.App.Ref\9.0.8\ref\net9.0\System.Net.Ping.dll
           C:\Program Files\dotnet\packs\Microsoft.NETCore.App.Ref\9.0.8\ref\net9.0\System.Net.Primitives.dll
           C:\Program Files\dotnet\packs\Microsoft.NETCore.App.Ref\9.0.8\ref\net9.0\System.Net.Quic.dll
           C:\Program Files\dotnet\packs\Microsoft.NETCore.App.Ref\9.0.8\ref\net9.0\System.Net.Requests.dll
           C:\Program Files\dotnet\packs\Microsoft.NETCore.App.Ref\9.0.8\ref\net9.0\System.Net.Security.dll
           C:\Program Files\dotnet\packs\Microsoft.NETCore.App.Ref\9.0.8\ref\net9.0\System.Net.ServicePoint.dll
           C:\Program Files\dotnet\packs\Microsoft.NETCore.App.Ref\9.0.8\ref\net9.0\System.Net.Sockets.dll
           C:\Program Files\dotnet\packs\Microsoft.NETCore.App.Ref\9.0.8\ref\net9.0\System.Net.WebClient.dll
           C:\Program Files\dotnet\packs\Microsoft.NETCore.App.Ref\9.0.8\ref\net9.0\System.Net.WebHeaderCollection.dll
           C:\Program Files\dotnet\packs\Microsoft.NETCore.App.Ref\9.0.8\ref\net9.0\System.Net.WebProxy.dll
           C:\Program Files\dotnet\packs\Microsoft.NETCore.App.Ref\9.0.8\ref\net9.0\System.Net.WebSockets.Client.dll
           C:\Program Files\dotnet\packs\Microsoft.NETCore.App.Ref\9.0.8\ref\net9.0\System.Net.WebSockets.dll
           C:\Program Files\dotnet\packs\Microsoft.NETCore.App.Ref\9.0.8\ref\net9.0\System.Numerics.dll
           C:\Users\nguye\.nuget\packages\system.numerics.tensors\9.0.4\lib\net9.0\System.Numerics.Tensors.dll
           C:\Program Files\dotnet\packs\Microsoft.NETCore.App.Ref\9.0.8\ref\net9.0\System.Numerics.Vectors.dll
           C:\Program Files\dotnet\packs\Microsoft.NETCore.App.Ref\9.0.8\ref\net9.0\System.ObjectModel.dll
           C:\Program Files\dotnet\packs\Microsoft.NETCore.App.Ref\9.0.8\ref\net9.0\System.Reflection.DispatchProxy.dll
           C:\Program Files\dotnet\packs\Microsoft.NETCore.App.Ref\9.0.8\ref\net9.0\System.Reflection.dll
           C:\Program Files\dotnet\packs\Microsoft.NETCore.App.Ref\9.0.8\ref\net9.0\System.Reflection.Emit.dll
           C:\Program Files\dotnet\packs\Microsoft.NETCore.App.Ref\9.0.8\ref\net9.0\System.Reflection.Emit.ILGeneration.dll
           C:\Program Files\dotnet\packs\Microsoft.NETCore.App.Ref\9.0.8\ref\net9.0\System.Reflection.Emit.Lightweight.dll
           C:\Program Files\dotnet\packs\Microsoft.NETCore.App.Ref\9.0.8\ref\net9.0\System.Reflection.Extensions.dll
           C:\Program Files\dotnet\packs\Microsoft.NETCore.App.Ref\9.0.8\ref\net9.0\System.Reflection.Metadata.dll
           C:\Program Files\dotnet\packs\Microsoft.NETCore.App.Ref\9.0.8\ref\net9.0\System.Reflection.Primitives.dll
           C:\Program Files\dotnet\packs\Microsoft.NETCore.App.Ref\9.0.8\ref\net9.0\System.Reflection.TypeExtensions.dll
           C:\Program Files\dotnet\packs\Microsoft.NETCore.App.Ref\9.0.8\ref\net9.0\System.Resources.Reader.dll
           C:\Program Files\dotnet\packs\Microsoft.NETCore.App.Ref\9.0.8\ref\net9.0\System.Resources.ResourceManager.dll
           C:\Program Files\dotnet\packs\Microsoft.NETCore.App.Ref\9.0.8\ref\net9.0\System.Resources.Writer.dll
           C:\Program Files\dotnet\packs\Microsoft.NETCore.App.Ref\9.0.8\ref\net9.0\System.Runtime.CompilerServices.Unsafe.dll
           C:\Program Files\dotnet\packs\Microsoft.NETCore.App.Ref\9.0.8\ref\net9.0\System.Runtime.CompilerServices.VisualC.dll
           C:\Program Files\dotnet\packs\Microsoft.NETCore.App.Ref\9.0.8\ref\net9.0\System.Runtime.dll
           C:\Program Files\dotnet\packs\Microsoft.NETCore.App.Ref\9.0.8\ref\net9.0\System.Runtime.Extensions.dll
           C:\Program Files\dotnet\packs\Microsoft.NETCore.App.Ref\9.0.8\ref\net9.0\System.Runtime.Handles.dll
           C:\Program Files\dotnet\packs\Microsoft.NETCore.App.Ref\9.0.8\ref\net9.0\System.Runtime.InteropServices.dll
           C:\Program Files\dotnet\packs\Microsoft.NETCore.App.Ref\9.0.8\ref\net9.0\System.Runtime.InteropServices.JavaScript.dll
           C:\Program Files\dotnet\packs\Microsoft.NETCore.App.Ref\9.0.8\ref\net9.0\System.Runtime.InteropServices.RuntimeInformation.dll
           C:\Program Files\dotnet\packs\Microsoft.NETCore.App.Ref\9.0.8\ref\net9.0\System.Runtime.Intrinsics.dll
           C:\Program Files\dotnet\packs\Microsoft.NETCore.App.Ref\9.0.8\ref\net9.0\System.Runtime.Loader.dll
           C:\Program Files\dotnet\packs\Microsoft.NETCore.App.Ref\9.0.8\ref\net9.0\System.Runtime.Numerics.dll
           C:\Program Files\dotnet\packs\Microsoft.NETCore.App.Ref\9.0.8\ref\net9.0\System.Runtime.Serialization.dll
           C:\Program Files\dotnet\packs\Microsoft.NETCore.App.Ref\9.0.8\ref\net9.0\System.Runtime.Serialization.Formatters.dll
           C:\Program Files\dotnet\packs\Microsoft.NETCore.App.Ref\9.0.8\ref\net9.0\System.Runtime.Serialization.Json.dll
           C:\Program Files\dotnet\packs\Microsoft.NETCore.App.Ref\9.0.8\ref\net9.0\System.Runtime.Serialization.Primitives.dll
           C:\Program Files\dotnet\packs\Microsoft.NETCore.App.Ref\9.0.8\ref\net9.0\System.Runtime.Serialization.Xml.dll
           C:\Program Files\dotnet\packs\Microsoft.NETCore.App.Ref\9.0.8\ref\net9.0\System.Security.AccessControl.dll
           C:\Program Files\dotnet\packs\Microsoft.NETCore.App.Ref\9.0.8\ref\net9.0\System.Security.Claims.dll
           C:\Program Files\dotnet\packs\Microsoft.NETCore.App.Ref\9.0.8\ref\net9.0\System.Security.Cryptography.Algorithms.dll
           C:\Program Files\dotnet\packs\Microsoft.NETCore.App.Ref\9.0.8\ref\net9.0\System.Security.Cryptography.Cng.dll
           C:\Program Files\dotnet\packs\Microsoft.NETCore.App.Ref\9.0.8\ref\net9.0\System.Security.Cryptography.Csp.dll
           C:\Program Files\dotnet\packs\Microsoft.NETCore.App.Ref\9.0.8\ref\net9.0\System.Security.Cryptography.dll
           C:\Program Files\dotnet\packs\Microsoft.NETCore.App.Ref\9.0.8\ref\net9.0\System.Security.Cryptography.Encoding.dll
           C:\Program Files\dotnet\packs\Microsoft.NETCore.App.Ref\9.0.8\ref\net9.0\System.Security.Cryptography.OpenSsl.dll
           C:\Program Files\dotnet\packs\Microsoft.NETCore.App.Ref\9.0.8\ref\net9.0\System.Security.Cryptography.Primitives.dll
           C:\Users\nguye\.nuget\packages\system.security.cryptography.protecteddata\6.0.0\lib\net6.0\System.Security.Cryptography.ProtectedData.dll
           C:\Program Files\dotnet\packs\Microsoft.NETCore.App.Ref\9.0.8\ref\net9.0\System.Security.Cryptography.X509Certificates.dll
           C:\Program Files\dotnet\packs\Microsoft.AspNetCore.App.Ref\9.0.8\ref\net9.0\System.Security.Cryptography.Xml.dll
           C:\Program Files\dotnet\packs\Microsoft.NETCore.App.Ref\9.0.8\ref\net9.0\System.Security.dll
           C:\Program Files\dotnet\packs\Microsoft.NETCore.App.Ref\9.0.8\ref\net9.0\System.Security.Principal.dll
           C:\Program Files\dotnet\packs\Microsoft.NETCore.App.Ref\9.0.8\ref\net9.0\System.Security.Principal.Windows.dll
           C:\Program Files\dotnet\packs\Microsoft.NETCore.App.Ref\9.0.8\ref\net9.0\System.Security.SecureString.dll
           C:\Program Files\dotnet\packs\Microsoft.NETCore.App.Ref\9.0.8\ref\net9.0\System.ServiceModel.Web.dll
           C:\Program Files\dotnet\packs\Microsoft.NETCore.App.Ref\9.0.8\ref\net9.0\System.ServiceProcess.dll
           C:\Program Files\dotnet\packs\Microsoft.NETCore.App.Ref\9.0.8\ref\net9.0\System.Text.Encoding.CodePages.dll
           C:\Program Files\dotnet\packs\Microsoft.NETCore.App.Ref\9.0.8\ref\net9.0\System.Text.Encoding.dll
           C:\Program Files\dotnet\packs\Microsoft.NETCore.App.Ref\9.0.8\ref\net9.0\System.Text.Encoding.Extensions.dll
           C:\Users\nguye\.nuget\packages\system.text.encodings.web\10.0.0\lib\net9.0\System.Text.Encodings.Web.dll
           C:\Users\nguye\.nuget\packages\system.text.json\10.0.0\lib\net9.0\System.Text.Json.dll
           C:\Program Files\dotnet\packs\Microsoft.NETCore.App.Ref\9.0.8\ref\net9.0\System.Text.RegularExpressions.dll
           C:\Program Files\dotnet\packs\Microsoft.NETCore.App.Ref\9.0.8\ref\net9.0\System.Threading.Channels.dll
           C:\Program Files\dotnet\packs\Microsoft.NETCore.App.Ref\9.0.8\ref\net9.0\System.Threading.dll
           C:\Program Files\dotnet\packs\Microsoft.NETCore.App.Ref\9.0.8\ref\net9.0\System.Threading.Overlapped.dll
           C:\Program Files\dotnet\packs\Microsoft.AspNetCore.App.Ref\9.0.8\ref\net9.0\System.Threading.RateLimiting.dll
           C:\Program Files\dotnet\packs\Microsoft.NETCore.App.Ref\9.0.8\ref\net9.0\System.Threading.Tasks.Dataflow.dll
           C:\Program Files\dotnet\packs\Microsoft.NETCore.App.Ref\9.0.8\ref\net9.0\System.Threading.Tasks.dll
           C:\Program Files\dotnet\packs\Microsoft.NETCore.App.Ref\9.0.8\ref\net9.0\System.Threading.Tasks.Extensions.dll
           C:\Program Files\dotnet\packs\Microsoft.NETCore.App.Ref\9.0.8\ref\net9.0\System.Threading.Tasks.Parallel.dll
           C:\Program Files\dotnet\packs\Microsoft.NETCore.App.Ref\9.0.8\ref\net9.0\System.Threading.Thread.dll
           C:\Program Files\dotnet\packs\Microsoft.NETCore.App.Ref\9.0.8\ref\net9.0\System.Threading.ThreadPool.dll
           C:\Program Files\dotnet\packs\Microsoft.NETCore.App.Ref\9.0.8\ref\net9.0\System.Threading.Timer.dll
           C:\Program Files\dotnet\packs\Microsoft.NETCore.App.Ref\9.0.8\ref\net9.0\System.Transactions.dll
           C:\Program Files\dotnet\packs\Microsoft.NETCore.App.Ref\9.0.8\ref\net9.0\System.Transactions.Local.dll
           C:\Program Files\dotnet\packs\Microsoft.NETCore.App.Ref\9.0.8\ref\net9.0\System.ValueTuple.dll
           C:\Program Files\dotnet\packs\Microsoft.NETCore.App.Ref\9.0.8\ref\net9.0\System.Web.dll
           C:\Program Files\dotnet\packs\Microsoft.NETCore.App.Ref\9.0.8\ref\net9.0\System.Web.HttpUtility.dll
           C:\Program Files\dotnet\packs\Microsoft.NETCore.App.Ref\9.0.8\ref\net9.0\System.Windows.dll
           C:\Program Files\dotnet\packs\Microsoft.NETCore.App.Ref\9.0.8\ref\net9.0\System.Xml.dll
           C:\Program Files\dotnet\packs\Microsoft.NETCore.App.Ref\9.0.8\ref\net9.0\System.Xml.Linq.dll
           C:\Program Files\dotnet\packs\Microsoft.NETCore.App.Ref\9.0.8\ref\net9.0\System.Xml.ReaderWriter.dll
           C:\Program Files\dotnet\packs\Microsoft.NETCore.App.Ref\9.0.8\ref\net9.0\System.Xml.Serialization.dll
           C:\Program Files\dotnet\packs\Microsoft.NETCore.App.Ref\9.0.8\ref\net9.0\System.Xml.XDocument.dll
           C:\Program Files\dotnet\packs\Microsoft.NETCore.App.Ref\9.0.8\ref\net9.0\System.Xml.XmlDocument.dll
           C:\Program Files\dotnet\packs\Microsoft.NETCore.App.Ref\9.0.8\ref\net9.0\System.Xml.XmlSerializer.dll
           C:\Program Files\dotnet\packs\Microsoft.NETCore.App.Ref\9.0.8\ref\net9.0\System.Xml.XPath.dll
           C:\Program Files\dotnet\packs\Microsoft.NETCore.App.Ref\9.0.8\ref\net9.0\System.Xml.XPath.XDocument.dll
           C:\Users\nguye\.nuget\packages\tensorflow.net\0.100.2\lib\net6.0\Tensorflow.Binding.dll
           C:\Program Files\dotnet\packs\Microsoft.NETCore.App.Ref\9.0.8\ref\net9.0\WindowsBase.dll
           obj\Debug\net9.0\BSkyClone.csproj.CoreCompileInputs.cache
           C:\Program Files\dotnet\sdk\9.0.304\Sdks\Microsoft.NET.Sdk.Web\analyzers\cs\Microsoft.AspNetCore.Analyzers.dll
           C:\Program Files\dotnet\sdk\9.0.304\Sdks\Microsoft.NET.Sdk.Web\analyzers\cs\Microsoft.AspNetCore.Mvc.Analyzers.dll
           C:\Program Files\dotnet\sdk\9.0.304\Sdks\Microsoft.NET.Sdk\targets\..\analyzers\Microsoft.CodeAnalysis.CSharp.NetAnalyzers.dll
           C:\Program Files\dotnet\sdk\9.0.304\Sdks\Microsoft.NET.Sdk\targets\..\analyzers\Microsoft.CodeAnalysis.NetAnalyzers.dll
           C:\Users\nguye\.nuget\packages\microsoft.codeanalysis.analyzers\3.3.4\analyzers\dotnet\cs\Microsoft.CodeAnalysis.Analyzers.dll
           C:\Users\nguye\.nuget\packages\microsoft.codeanalysis.analyzers\3.3.4\analyzers\dotnet\cs\Microsoft.CodeAnalysis.CSharp.Analyzers.dll
           C:\Users\nguye\.nuget\packages\microsoft.entityframeworkcore.analyzers\9.0.0\analyzers\dotnet\cs\Microsoft.EntityFrameworkCore.Analyzers.dll
           C:\Users\nguye\.nuget\packages\microsoft.extensions.logging.abstractions\10.0.1\analyzers\dotnet\roslyn4.4\cs\Microsoft.Extensions.Logging.Generators.dll
           C:\Users\nguye\.nuget\packages\microsoft.extensions.options\10.0.1\analyzers\dotnet\roslyn4.4\cs\Microsoft.Extensions.Options.SourceGeneration.dll
           C:\Users\nguye\.nuget\packages\system.text.json\10.0.0\analyzers\dotnet\roslyn4.4\cs\System.Text.Json.SourceGeneration.dll
           C:\Program Files\dotnet\packs\Microsoft.NETCore.App.Ref\9.0.8\analyzers/dotnet/cs/Microsoft.Interop.ComInterfaceGenerator.dll
           C:\Program Files\dotnet\packs\Microsoft.NETCore.App.Ref\9.0.8\analyzers/dotnet/cs/Microsoft.Interop.JavaScript.JSImportGenerator.dll
           C:\Program Files\dotnet\packs\Microsoft.NETCore.App.Ref\9.0.8\analyzers/dotnet/cs/Microsoft.Interop.LibraryImportGenerator.dll
           C:\Program Files\dotnet\packs\Microsoft.NETCore.App.Ref\9.0.8\analyzers/dotnet/cs/Microsoft.Interop.SourceGeneration.dll
           C:\Program Files\dotnet\packs\Microsoft.NETCore.App.Ref\9.0.8\analyzers/dotnet/cs/System.Text.RegularExpressions.Generator.dll
           C:\Program Files\dotnet\packs\Microsoft.AspNetCore.App.Ref\9.0.8\analyzers/dotnet/cs/Microsoft.AspNetCore.App.Analyzers.dll
           C:\Program Files\dotnet\packs\Microsoft.AspNetCore.App.Ref\9.0.8\analyzers/dotnet/cs/Microsoft.AspNetCore.App.CodeFixes.dll
           C:\Program Files\dotnet\packs\Microsoft.AspNetCore.App.Ref\9.0.8\analyzers/dotnet/cs/Microsoft.AspNetCore.Components.Analyzers.dll
           C:\Program Files\dotnet\sdk\9.0.304\Sdks\Microsoft.NET.Sdk.Razor\targets\..\source-generators\Microsoft.AspNetCore.Razor.Utilities.Shared.dll
           C:\Program Files\dotnet\sdk\9.0.304\Sdks\Microsoft.NET.Sdk.Razor\targets\..\source-generators\Microsoft.CodeAnalysis.Razor.Compiler.dll
           C:\Program Files\dotnet\sdk\9.0.304\Sdks\Microsoft.NET.Sdk.Razor\targets\..\source-generators\Microsoft.Extensions.ObjectPool.dll
           C:\Program Files\dotnet\sdk\9.0.304\Sdks\Microsoft.NET.Sdk.Razor\targets\..\source-generators\System.Collections.Immutable.dll
           obj\Debug\net9.0\BSkyClone.GeneratedMSBuildEditorConfig.editorconfig
           C:\Program Files\dotnet\sdk\9.0.304\Sdks\Microsoft.NET.Sdk\analyzers\build\config\analysislevel_9_default.globalconfig
           C:\Projects\BlueSky\backend\BSkyClone.csproj
           C:\Program Files\dotnet\sdk\9.0.304\Current\Microsoft.Common.targets\ImportAfter\Microsoft.TestPlatform.ImportAfter.targets
           obj\Debug\net9.0\BSkyClone.sourcelink.json
       Output files: 
           obj\Debug\net9.0\BSkyClone.dll
           obj\Debug\net9.0\refint\BSkyClone.dll
           obj\Debug\net9.0\BSkyClone.pdb
       C:\Program Files\dotnet\sdk\9.0.304\Roslyn\Microsoft.CSharp.Core.targets(66,7): message : Property reassignment: $(NoWarn)="1701;1702;1701;1702" (previous value: "1701;1702") at C:\Program Files\dotnet\sdk\9.0.304\Roslyn\Microsoft.CSharp.Core.targets (66,7) [C:\Projects\BlueSky\backend\BSkyClone.csproj]
   1:7>Done building target "CoreCompile" in project "BSkyClone.csproj".
       Target "_TouchLastBuildWithSkipAnalyzers" skipped, due to false condition; ('$(_SkipAnalyzers)' == 'true') was evaluated as ('' == 'true').
       Target "_TimeStampAfterCompile" skipped, due to false condition; ('$(RunPostBuildEvent)'=='OnOutputUpdated' or ('$(RegisterForComInterop)'=='true' and '$(OutputType)'=='library')) was evaluated as (''=='OnOutputUpdated' or (''=='true' and 'Exe'=='library')).
   1:7>Target "AfterCompile" in file "C:\Program Files\dotnet\sdk\9.0.304\Microsoft.Common.CurrentVersion.targets" from project "C:\Projects\BlueSky\backend\BSkyClone.csproj" (target "Compile" depends on it):
   1:7>Done building target "AfterCompile" in project "BSkyClone.csproj".
       Target "_GetAppHostPaths" skipped. Previously built successfully.
       Target "_GetAppHostCreationConfiguration" skipped. Previously built successfully.
       Target "CoreCompile" skipped. Previously built successfully.
   1:7>Target "_CreateAppHost" in file "C:\Program Files\dotnet\sdk\9.0.304\Sdks\Microsoft.NET.Sdk\targets\Microsoft.NET.Sdk.targets" from project "C:\Projects\BlueSky\backend\BSkyClone.csproj" (target "Compile" depends on it):
       Skipping target "_CreateAppHost" because all output files are up-to-date with respect to the input files.
       Input files: 
           obj\Debug\net9.0\BSkyClone.dll
           C:\Program Files\dotnet\packs\Microsoft.NETCore.App.Host.win-x64\9.0.8\runtimes\win-x64\native\apphost.exe
       Output files: C:\Projects\BlueSky\backend\obj\Debug\net9.0\apphost.exe
   1:7>Done building target "_CreateAppHost" in project "BSkyClone.csproj".
       Target "_CreateComHost" skipped, due to false condition; ('$(ComputeNETCoreBuildOutputFiles)' == 'true' and
                            '$(ComHostIntermediatePath)' != '' and
                            Exists('@(IntermediateAssembly)') and
                            Exists('$(ComHostSourcePath)')) was evaluated as ('true' == 'true' and
                            '' != '' and
                            Exists('obj\Debug\net9.0\BSkyClone.dll') and
                            Exists('C:\Program Files\dotnet\packs\Microsoft.NETCore.App.Host.win-x64\9.0.8\runtimes\win-x64\native\comhost.dll')).
       Target "_GetIjwHostPaths" skipped, due to false condition; ('$(UseIJWHost)' == 'true') was evaluated as ('' == 'true').
   1:7>Target "Compile" in file "C:\Program Files\dotnet\sdk\9.0.304\Microsoft.Common.CurrentVersion.targets" from project "C:\Projects\BlueSky\backend\BSkyClone.csproj" (target "CoreBuild" depends on it):
   1:7>Done building target "Compile" in project "BSkyClone.csproj".
       Target "ExportWindowsMDFile" skipped, due to false condition; ('$(ExportWinMDFile)' == 'true') was evaluated as ('' == 'true').
       Target "UnmanagedUnregistration" skipped, due to false condition; ((('$(_AssemblyTimestampBeforeCompile)' != '$(_AssemblyTimestampAfterCompile)' or '$(RegisterForComInterop)' != 'true' or '$(OutputType)' != 'library') or
                           ('$(_AssemblyTimestampBeforeCompile)' == '')) and
                          Exists('@(_UnmanagedRegistrationCache)')) was evaluated as ((('' != '' or '' != 'true' or 'Exe' != 'library') or
                           ('' == '')) and
                          Exists('C:\Projects\BlueSky\backend\obj\BSkyClone.csproj.UnmanagedRegistration.cache')).
       Target "GenerateSerializationAssemblies" skipped, due to false condition; ('$(_SGenGenerateSerializationAssembliesConfig)' == 'On' or ('@(WebReferenceUrl)'!='' and '$(_SGenGenerateSerializationAssembliesConfig)' == 'Auto')) was evaluated as ('Off' == 'On' or (''!='' and 'Off' == 'Auto')).
   1:7>Target "_GenerateSatelliteAssemblyInputs" in file "C:\Program Files\dotnet\sdk\9.0.304\Microsoft.Common.CurrentVersion.targets" from project "C:\Projects\BlueSky\backend\BSkyClone.csproj" (target "CreateSatelliteAssemblies" depends on it):
       Task "MSBuildInternalMessage" skipped, due to false condition; ('@(ManifestResourceWithCulture)'!='' and '%(ManifestResourceWithCulture.EmittedForCompatibilityOnly)'=='') was evaluated as (''!='' and ''=='').
       Task "MSBuildInternalMessage" skipped, due to false condition; ('@(ManifestNonResxWithCultureOnDisk)'!='' and '%(ManifestNonResxWithCultureOnDisk.EmittedForCompatibilityOnly)'=='') was evaluated as (''!='' and ''=='').
   1:7>Done building target "_GenerateSatelliteAssemblyInputs" in project "BSkyClone.csproj".
       Target "ComputeIntermediateSatelliteAssemblies" skipped, due to false condition; (@(EmbeddedResource->'%(WithCulture)') != '') was evaluated as ( != '').
       Target "GenerateSatelliteAssemblies" skipped, due to false condition; ('@(_SatelliteAssemblyResourceInputs)' != '' and '$(GenerateSatelliteAssembliesForCore)' != 'true') was evaluated as ('' != '' and 'true' != 'true').
       Target "CoreGenerateSatelliteAssemblies" skipped, due to false condition; ('@(_SatelliteAssemblyResourceInputs)' != ''  and '$(GenerateSatelliteAssembliesForCore)' == 'true' ) was evaluated as ('' != ''  and 'true' == 'true' ).
   1:7>Target "CreateSatelliteAssemblies" in file "C:\Program Files\dotnet\sdk\9.0.304\Microsoft.Common.CurrentVersion.targets" from project "C:\Projects\BlueSky\backend\BSkyClone.csproj" (target "CoreBuild" depends on it):
   1:7>Done building target "CreateSatelliteAssemblies" in project "BSkyClone.csproj".
       Target "GenerateManifests" skipped, due to false condition; ('$(GenerateClickOnceManifests)'=='true' or '@(NativeReference)'!='' or '@(ResolvedIsolatedComModules)'!='' or '$(GenerateAppxManifest)' == 'true') was evaluated as (''=='true' or ''!='' or ''!='' or '' == 'true').
   1:7>Target "GetTargetPathWithTargetPlatformMoniker" in file "C:\Program Files\dotnet\sdk\9.0.304\Microsoft.Common.CurrentVersion.targets" from project "C:\Projects\BlueSky\backend\BSkyClone.csproj" (target "GetTargetPath" depends on it):
   1:7>Done building target "GetTargetPathWithTargetPlatformMoniker" in project "BSkyClone.csproj".
   1:7>Target "GetTargetPath" in file "C:\Program Files\dotnet\sdk\9.0.304\Microsoft.Common.CurrentVersion.targets" from project "C:\Projects\BlueSky\backend\BSkyClone.csproj" (target "CoreBuild" depends on it):
   1:7>Done building target "GetTargetPath" in project "BSkyClone.csproj".
   1:7>Target "RazorCompile" in file "C:\Program Files\dotnet\sdk\9.0.304\Sdks\Microsoft.NET.Sdk.Razor\targets\Sdk.Razor.CurrentVersion.targets" from project "C:\Projects\BlueSky\backend\BSkyClone.csproj" (target "_RazorPrepareForRun" depends on it):
   1:7>Done building target "RazorCompile" in project "BSkyClone.csproj".
   1:7>Target "_RazorPrepareForRun" in file "C:\Program Files\dotnet\sdk\9.0.304\Sdks\Microsoft.NET.Sdk.Razor\targets\Sdk.Razor.CurrentVersion.targets" from project "C:\Projects\BlueSky\backend\BSkyClone.csproj" (target "PrepareForRun" depends on it):
   1:7>Done building target "_RazorPrepareForRun" in project "BSkyClone.csproj".
       Target "UpdateExistingPackageStaticWebAssets" skipped. Previously built successfully.
       Target "ResolveProjectStaticWebAssets" skipped. Previously built successfully.
       Target "ResolveStaticWebAssetsCrossTargetingConfiguration" skipped, due to false condition; ('$(TargetFrameworks)' != '' And '@(StaticWebAssetsEmbeddedConfiguration)' != '') was evaluated as ('' != '' And '' != '').
   1:7>Target "ResolveEmbeddedProjectsStaticWebAssets" in file "C:\Program Files\dotnet\sdk\9.0.304\Sdks\Microsoft.NET.Sdk.StaticWebAssets\targets\Microsoft.NET.Sdk.StaticWebAssets.EmbeddedAssets.targets" from project "C:\Projects\BlueSky\backend\BSkyClone.csproj" (target "ResolveCoreStaticWebAssets" depends on it):
       Task "MSBuild" skipped, due to false condition; ('@(_StaticWebAssetsEmbeddedProjectAssetConfigurations)' != '' and %(_StaticWebAssetsEmbeddedProjectAssetConfigurations.TargetFramework) != '$(TargetFramework)') was evaluated as ('' != '' and  != 'net9.0').
   1:7>Done building target "ResolveEmbeddedProjectsStaticWebAssets" in project "BSkyClone.csproj".
       Target "ResolveStaticWebAssetsConfiguration" skipped. Previously built successfully.
       Target "PrepareProjectReferences" skipped. Previously built successfully.
   1:7>Target "ResolveReferencedProjectsStaticWebAssetsConfiguration" in file "C:\Program Files\dotnet\sdk\9.0.304\Sdks\Microsoft.NET.Sdk.StaticWebAssets\targets\Microsoft.NET.Sdk.StaticWebAssets.References.targets" from project "C:\Projects\BlueSky\backend\BSkyClone.csproj" (target "ResolveReferencedProjectsStaticWebAssets" depends on it):
       Task "MSBuild" skipped, due to false condition; ('@(_StaticWebAssetProjectReference)' != '') was evaluated as ('' != '').
       Task "WriteLinesToFile" skipped, due to false condition; ('$(BuildingInsideVisualStudio)' == 'true') was evaluated as ('' == 'true').
       Using "MergeConfigurationProperties" task from assembly "C:\Program Files\dotnet\sdk\9.0.304\Sdks\Microsoft.NET.Sdk.StaticWebAssets\targets\..\tasks\net9.0\Microsoft.NET.Sdk.StaticWebAssets.Tasks.dll".
       Task "MergeConfigurationProperties"
       Done executing task "MergeConfigurationProperties".
   1:7>Done building target "ResolveReferencedProjectsStaticWebAssetsConfiguration" in project "BSkyClone.csproj".
   1:7>Target "ResolveReferencedProjectsStaticWebAssets" in file "C:\Program Files\dotnet\sdk\9.0.304\Sdks\Microsoft.NET.Sdk.StaticWebAssets\targets\Microsoft.NET.Sdk.StaticWebAssets.References.targets" from project "C:\Projects\BlueSky\backend\BSkyClone.csproj" (target "ResolveCoreStaticWebAssets" depends on it):
       Task "MSBuild" skipped, due to false condition; ('@(StaticWebAssetProjectConfiguration)' != '') was evaluated as ('' != '').
       Task "UpdateExternallyDefinedStaticWebAssets" skipped, due to false condition; (@(_ResolvedReferencedProjectBuildStaticWebAssetCandidates) != '') was evaluated as ( != '').
       Task "DefineStaticWebAssetEndpoints" skipped, due to false condition; ('@(_ReferencedProjectBuildStaticWebAssetsWithoutEndpoints)' != '') was evaluated as ('' != '').
   1:7>Done building target "ResolveReferencedProjectsStaticWebAssets" in project "BSkyClone.csproj".
   1:7>Target "ResolveJsInitializerModuleStaticWebAssets" in file "C:\Program Files\dotnet\sdk\9.0.304\Sdks\Microsoft.NET.Sdk.StaticWebAssets\targets\Microsoft.NET.Sdk.StaticWebAssets.JSModules.targets" from project "C:\Projects\BlueSky\backend\BSkyClone.csproj" (target "ResolveCoreStaticWebAssets" depends on it):
       Task "DefineStaticWebAssets"
         Cache is fully up to date.
       Done executing task "DefineStaticWebAssets".
       Task "DefineStaticWebAssetEndpoints"
         Removing endpoints for asset 'C:\Projects\BlueSky\backend\wwwroot\uploads\posts\46d9db6f-9394-4878-84fd-eac399d57b82.mp4' because it no longer exists.
         Removing endpoints for asset 'C:\Projects\BlueSky\backend\wwwroot\uploads\posts\46d9db6f-9394-4878-84fd-eac399d57b82.mp4' because it no longer exists.
         Removing endpoints for asset 'C:\Projects\BlueSky\backend\wwwroot\uploads\posts\5e9ac5ea-c811-4cdd-9ef2-b487432108fa.jpg' because it no longer exists.
         Removing endpoints for asset 'C:\Projects\BlueSky\backend\wwwroot\uploads\posts\5e9ac5ea-c811-4cdd-9ef2-b487432108fa.jpg' because it no longer exists.
         Removing endpoints for asset 'C:\Projects\BlueSky\backend\wwwroot\uploads\posts\75b610a8-3ba1-44a2-855e-62ab588f6cca.mp4' because it no longer exists.
         Removing endpoints for asset 'C:\Projects\BlueSky\backend\wwwroot\uploads\posts\75b610a8-3ba1-44a2-855e-62ab588f6cca.mp4' because it no longer exists.
         Removing endpoints for asset 'C:\Projects\BlueSky\backend\wwwroot\placeholders\avatar-default.png' because it no longer exists.
         Removing endpoints for asset 'C:\Projects\BlueSky\backend\wwwroot\placeholders\avatar-default.png' because it no longer exists.
         Removing endpoints for asset 'C:\Projects\BlueSky\backend\wwwroot\placeholders\cover-default.png' because it no longer exists.
         Removing endpoints for asset 'C:\Projects\BlueSky\backend\wwwroot\placeholders\cover-default.png' because it no longer exists.
         Removing endpoints for asset 'C:\Projects\BlueSky\backend\wwwroot\uploads\avatars\2b5ba950-3d2e-41f1-887b-b5345a14444d.jpg' because it no longer exists.
         Removing endpoints for asset 'C:\Projects\BlueSky\backend\wwwroot\uploads\avatars\2b5ba950-3d2e-41f1-887b-b5345a14444d.jpg' because it no longer exists.
         Removing endpoints for asset 'C:\Projects\BlueSky\backend\wwwroot\uploads\avatars\517e0e9b-0b34-4f88-9d96-f49460db78da.jpg' because it no longer exists.
         Removing endpoints for asset 'C:\Projects\BlueSky\backend\wwwroot\uploads\avatars\517e0e9b-0b34-4f88-9d96-f49460db78da.jpg' because it no longer exists.
         Removing endpoints for asset 'C:\Projects\BlueSky\backend\wwwroot\uploads\avatars\58c1332f-87e0-492b-85f6-50db2a6d9dbc.jpg' because it no longer exists.
         Removing endpoints for asset 'C:\Projects\BlueSky\backend\wwwroot\uploads\avatars\58c1332f-87e0-492b-85f6-50db2a6d9dbc.jpg' because it no longer exists.
         Removing endpoints for asset 'C:\Projects\BlueSky\backend\wwwroot\uploads\covers\ebc437f4-4dc1-4cc8-b822-3c92e79e8a06.jpg' because it no longer exists.
         Removing endpoints for asset 'C:\Projects\BlueSky\backend\wwwroot\uploads\covers\ebc437f4-4dc1-4cc8-b822-3c92e79e8a06.jpg' because it no longer exists.
         Removing endpoints for asset 'C:\Projects\BlueSky\backend\wwwroot\uploads\covers\f987aa0f-8f51-48b8-8bf5-445b99e92f93.jpg' because it no longer exists.
         Removing endpoints for asset 'C:\Projects\BlueSky\backend\wwwroot\uploads\covers\f987aa0f-8f51-48b8-8bf5-445b99e92f93.jpg' because it no longer exists.
         Removing endpoints for asset 'C:\Projects\BlueSky\backend\wwwroot\uploads\covers\fd5a18e5-e125-49e2-b008-d39a96f58016.jpg' because it no longer exists.
         Removing endpoints for asset 'C:\Projects\BlueSky\backend\wwwroot\uploads\covers\fd5a18e5-e125-49e2-b008-d39a96f58016.jpg' because it no longer exists.
         Removing endpoints for asset 'C:\Projects\BlueSky\backend\wwwroot\uploads\feeds\09363fd5-7dbc-411e-aede-241aab62ea85.jpg' because it no longer exists.
         Removing endpoints for asset 'C:\Projects\BlueSky\backend\wwwroot\uploads\feeds\09363fd5-7dbc-411e-aede-241aab62ea85.jpg' because it no longer exists.
         Removing endpoints for asset 'C:\Projects\BlueSky\backend\wwwroot\uploads\lists\333bc398-2634-4fb4-82ee-1371c1e37270.jpg' because it no longer exists.
         Removing endpoints for asset 'C:\Projects\BlueSky\backend\wwwroot\uploads\lists\333bc398-2634-4fb4-82ee-1371c1e37270.jpg' because it no longer exists.
         Removing endpoints for asset 'C:\Projects\BlueSky\backend\wwwroot\uploads\posts\1236e86c-8959-42e9-ad21-3ea80eedf260.jpg' because it no longer exists.
         Removing endpoints for asset 'C:\Projects\BlueSky\backend\wwwroot\uploads\posts\1236e86c-8959-42e9-ad21-3ea80eedf260.jpg' because it no longer exists.
         Removing endpoints for asset 'C:\Projects\BlueSky\backend\wwwroot\uploads\posts\36a2ee9a-325b-4b2d-85fd-d71632cec0fd.webp' because it no longer exists.
         Removing endpoints for asset 'C:\Projects\BlueSky\backend\wwwroot\uploads\posts\36a2ee9a-325b-4b2d-85fd-d71632cec0fd.webp' because it no longer exists.
         Removing endpoints for asset 'C:\Projects\BlueSky\backend\wwwroot\uploads\posts\ac7c587c-1c49-41a2-9dfd-ee6e62a7a89d.jpg' because it no longer exists.
         Removing endpoints for asset 'C:\Projects\BlueSky\backend\wwwroot\uploads\posts\ac7c587c-1c49-41a2-9dfd-ee6e62a7a89d.jpg' because it no longer exists.
         Removing endpoints for asset 'C:\Projects\BlueSky\backend\wwwroot\uploads\posts\be64586f-dea5-4972-965d-72537cbd0b6a.mp4' because it no longer exists.
         Removing endpoints for asset 'C:\Projects\BlueSky\backend\wwwroot\uploads\posts\be64586f-dea5-4972-965d-72537cbd0b6a.mp4' because it no longer exists.
         Removing endpoints for asset 'C:\Projects\BlueSky\backend\wwwroot\uploads\posts\cd9b5810-2d2e-4eff-930b-fdbefa8f4fe8.jpg' because it no longer exists.
         Removing endpoints for asset 'C:\Projects\BlueSky\backend\wwwroot\uploads\posts\cd9b5810-2d2e-4eff-930b-fdbefa8f4fe8.jpg' because it no longer exists.
         Removing endpoints for asset 'C:\Projects\BlueSky\backend\wwwroot\uploads\posts\e5761972-9ebd-491c-bef0-76053670a9b1.jpg' because it no longer exists.
         Removing endpoints for asset 'C:\Projects\BlueSky\backend\wwwroot\uploads\posts\e5761972-9ebd-491c-bef0-76053670a9b1.jpg' because it no longer exists.
         Removing endpoints for asset 'C:\Projects\BlueSky\backend\wwwroot\uploads\posts\f160444a-a8b7-4087-9b33-b43f0cb441c2.jpg' because it no longer exists.
         Removing endpoints for asset 'C:\Projects\BlueSky\backend\wwwroot\uploads\posts\f160444a-a8b7-4087-9b33-b43f0cb441c2.jpg' because it no longer exists.
         Removing endpoints for asset 'C:\Projects\BlueSky\backend\wwwroot\uploads\lists\6701e576-56da-4250-a91a-6538e4b7c5ef.jpg' because it no longer exists.
         Removing endpoints for asset 'C:\Projects\BlueSky\backend\wwwroot\uploads\lists\6701e576-56da-4250-a91a-6538e4b7c5ef.jpg' because it no longer exists.
         Removing endpoints for asset 'C:\Projects\BlueSky\backend\wwwroot\uploads\lists\7ea8e527-8372-400f-ac67-bf10f18a8722.jpg' because it no longer exists.
         Removing endpoints for asset 'C:\Projects\BlueSky\backend\wwwroot\uploads\lists\7ea8e527-8372-400f-ac67-bf10f18a8722.jpg' because it no longer exists.
         Removing endpoints for asset 'C:\Projects\BlueSky\backend\wwwroot\uploads\posts\02fb19ce-c781-4188-92ab-ca4c1fae40b6.jpg' because it no longer exists.
         Removing endpoints for asset 'C:\Projects\BlueSky\backend\wwwroot\uploads\posts\02fb19ce-c781-4188-92ab-ca4c1fae40b6.jpg' because it no longer exists.
         Removing endpoints for asset 'C:\Projects\BlueSky\backend\wwwroot\cache\resized\uploads_posts_02fb19ce-c781-4188-92ab-ca4c1fae40b6_600_80.webp' because it no longer exists.
         Removing endpoints for asset 'C:\Projects\BlueSky\backend\wwwroot\cache\resized\uploads_posts_02fb19ce-c781-4188-92ab-ca4c1fae40b6_600_80.webp' because it no longer exists.
         Removing endpoints for asset 'C:\Projects\BlueSky\backend\wwwroot\cache\resized\uploads_posts_36a2ee9a-325b-4b2d-85fd-d71632cec0fd_600_80.webp' because it no longer exists.
         Removing endpoints for asset 'C:\Projects\BlueSky\backend\wwwroot\cache\resized\uploads_posts_36a2ee9a-325b-4b2d-85fd-d71632cec0fd_600_80.webp' because it no longer exists.
         Removing endpoints for asset 'C:\Projects\BlueSky\backend\wwwroot\cache\resized\uploads_posts_ac7c587c-1c49-41a2-9dfd-ee6e62a7a89d_600_80.webp' because it no longer exists.
         Removing endpoints for asset 'C:\Projects\BlueSky\backend\wwwroot\cache\resized\uploads_posts_ac7c587c-1c49-41a2-9dfd-ee6e62a7a89d_600_80.webp' because it no longer exists.
         Removing endpoints for asset 'C:\Projects\BlueSky\backend\wwwroot\cache\resized\uploads_posts_e5761972-9ebd-491c-bef0-76053670a9b1_600_80.webp' because it no longer exists.
         Removing endpoints for asset 'C:\Projects\BlueSky\backend\wwwroot\cache\resized\uploads_posts_e5761972-9ebd-491c-bef0-76053670a9b1_600_80.webp' because it no longer exists.
         Removing endpoints for asset 'C:\Projects\BlueSky\backend\wwwroot\cache\resized\uploads_posts_f160444a-a8b7-4087-9b33-b43f0cb441c2_600_80.webp' because it no longer exists.
         Removing endpoints for asset 'C:\Projects\BlueSky\backend\wwwroot\cache\resized\uploads_posts_f160444a-a8b7-4087-9b33-b43f0cb441c2_600_80.webp' because it no longer exists.
         Removing endpoints for asset 'C:\Projects\BlueSky\backend\wwwroot\uploads\covers\23645a71-7888-4b51-aa82-4af15e263a8e.jpeg' because it no longer exists.
         Removing endpoints for asset 'C:\Projects\BlueSky\backend\wwwroot\uploads\covers\23645a71-7888-4b51-aa82-4af15e263a8e.jpeg' because it no longer exists.
         Removing endpoints for asset 'C:\Projects\BlueSky\backend\wwwroot\uploads\covers\2456aee1-e71d-44a2-80e7-12a453c6f760.jpg' because it no longer exists.
         Removing endpoints for asset 'C:\Projects\BlueSky\backend\wwwroot\uploads\covers\2456aee1-e71d-44a2-80e7-12a453c6f760.jpg' because it no longer exists.
         Removing endpoints for asset 'C:\Projects\BlueSky\backend\wwwroot\uploads\covers\570ffc04-c546-4606-bd1c-3d36c1533719.jpg' because it no longer exists.
         Removing endpoints for asset 'C:\Projects\BlueSky\backend\wwwroot\uploads\covers\570ffc04-c546-4606-bd1c-3d36c1533719.jpg' because it no longer exists.
         Removing endpoints for asset 'C:\Projects\BlueSky\backend\wwwroot\uploads\covers\8732e3e3-e0f0-4955-8ff3-cd0bfff6589e.jpg' because it no longer exists.
         Removing endpoints for asset 'C:\Projects\BlueSky\backend\wwwroot\uploads\covers\8732e3e3-e0f0-4955-8ff3-cd0bfff6589e.jpg' because it no longer exists.
         Removing endpoints for asset 'C:\Projects\BlueSky\backend\wwwroot\uploads\covers\a132f7b9-8d07-4815-a256-5c0223b43d00.jpg' because it no longer exists.
         Removing endpoints for asset 'C:\Projects\BlueSky\backend\wwwroot\uploads\covers\a132f7b9-8d07-4815-a256-5c0223b43d00.jpg' because it no longer exists.
         Removing endpoints for asset 'C:\Projects\BlueSky\backend\wwwroot\uploads\posts\8753289f-b156-4db9-aeb1-7e361140c99b.mp4' because it no longer exists.
         Removing endpoints for asset 'C:\Projects\BlueSky\backend\wwwroot\uploads\posts\8753289f-b156-4db9-aeb1-7e361140c99b.mp4' because it no longer exists.
         Removing endpoints for asset 'C:\Projects\BlueSky\backend\wwwroot\uploads\posts\87a5ca45-9602-4609-a535-9464806f2ef3.mp4' because it no longer exists.
         Removing endpoints for asset 'C:\Projects\BlueSky\backend\wwwroot\uploads\posts\87a5ca45-9602-4609-a535-9464806f2ef3.mp4' because it no longer exists.
         Removing endpoints for asset 'C:\Projects\BlueSky\backend\wwwroot\uploads\chat\0f57e5af-6a0c-4c3e-8e76-3d770ff2336a.webp' because it no longer exists.
         Removing endpoints for asset 'C:\Projects\BlueSky\backend\wwwroot\uploads\chat\0f57e5af-6a0c-4c3e-8e76-3d770ff2336a.webp' because it no longer exists.
         Removing endpoints for asset 'C:\Projects\BlueSky\backend\wwwroot\uploads\chat\602a9838-5a6a-4235-837e-42017d6313b9.jpg' because it no longer exists.
         Removing endpoints for asset 'C:\Projects\BlueSky\backend\wwwroot\uploads\chat\602a9838-5a6a-4235-837e-42017d6313b9.jpg' because it no longer exists.
         Removing endpoints for asset 'C:\Projects\BlueSky\backend\wwwroot\uploads\chat\e47622fd-9919-4353-ad18-932e32ec571a.jpg' because it no longer exists.
         Removing endpoints for asset 'C:\Projects\BlueSky\backend\wwwroot\uploads\chat\e47622fd-9919-4353-ad18-932e32ec571a.jpg' because it no longer exists.
         Removing endpoints for asset 'C:\Projects\BlueSky\backend\wwwroot\uploads\covers\168c5e9b-d980-4535-a09e-e4b7ebdbc0cc.jpg' because it no longer exists.
         Removing endpoints for asset 'C:\Projects\BlueSky\backend\wwwroot\uploads\covers\168c5e9b-d980-4535-a09e-e4b7ebdbc0cc.jpg' because it no longer exists.
         Removing endpoints for asset 'C:\Projects\BlueSky\backend\wwwroot\uploads\covers\1903cb00-a365-46bc-aff9-1fd3cd8a01f3.jpg' because it no longer exists.
         Removing endpoints for asset 'C:\Projects\BlueSky\backend\wwwroot\uploads\covers\1903cb00-a365-46bc-aff9-1fd3cd8a01f3.jpg' because it no longer exists.
         Removing endpoints for asset 'C:\Projects\BlueSky\backend\wwwroot\uploads\posts\f4e65e58-e03f-4234-b3ef-2c6968104f0f.jpg' because it no longer exists.
         Removing endpoints for asset 'C:\Projects\BlueSky\backend\wwwroot\uploads\posts\f4e65e58-e03f-4234-b3ef-2c6968104f0f.jpg' because it no longer exists.
         Removing endpoints for asset 'C:\Projects\BlueSky\backend\wwwroot\uploads\avatars\77bcb550-41b2-481b-968f-9da4b260e41e.jpg' because it no longer exists.
         Removing endpoints for asset 'C:\Projects\BlueSky\backend\wwwroot\uploads\avatars\77bcb550-41b2-481b-968f-9da4b260e41e.jpg' because it no longer exists.
         Removing endpoints for asset 'C:\Projects\BlueSky\backend\wwwroot\uploads\avatars\b7c6fd2f-aaa0-480d-b0f1-3589b24ec61b.jpg' because it no longer exists.
         Removing endpoints for asset 'C:\Projects\BlueSky\backend\wwwroot\uploads\avatars\b7c6fd2f-aaa0-480d-b0f1-3589b24ec61b.jpg' because it no longer exists.
         Removing endpoints for asset 'C:\Projects\BlueSky\backend\wwwroot\uploads\avatars\c539c566-83da-4229-baf3-f4c2aa874121.jpg' because it no longer exists.
         Removing endpoints for asset 'C:\Projects\BlueSky\backend\wwwroot\uploads\avatars\c539c566-83da-4229-baf3-f4c2aa874121.jpg' because it no longer exists.
         Removing endpoints for asset 'C:\Projects\BlueSky\backend\wwwroot\uploads\avatars\e1061898-5bdf-46dd-b28a-ec29685509a4.jpg' because it no longer exists.
         Removing endpoints for asset 'C:\Projects\BlueSky\backend\wwwroot\uploads\avatars\e1061898-5bdf-46dd-b28a-ec29685509a4.jpg' because it no longer exists.
         Removing endpoints for asset 'C:\Projects\BlueSky\backend\wwwroot\uploads\chat\076cdcc5-3a7f-4a12-9a0c-7dd5c527a34d.jpg' because it no longer exists.
         Removing endpoints for asset 'C:\Projects\BlueSky\backend\wwwroot\uploads\chat\076cdcc5-3a7f-4a12-9a0c-7dd5c527a34d.jpg' because it no longer exists.
       Done executing task "DefineStaticWebAssetEndpoints".
       Task "FilterStaticWebAssetEndpoints" skipped, due to false condition; ('@(_JSModuleStaticWebAsset)' != '') was evaluated as ('' != '').
       Task "Error" skipped, due to false condition; ('@(_MissingJSModuleStaticWebAsset)' != '') was evaluated as ('' != '').
       Task "UpdateStaticWebAssetEndpoints" skipped, due to false condition; ('@(_AddPropertyToInitializers)' != '') was evaluated as ('' != '').
   1:7>Done building target "ResolveJsInitializerModuleStaticWebAssets" in project "BSkyClone.csproj".
       Target "ResolveProjectStaticWebAssets" skipped. Previously built successfully.
       Target "ResolveRazorComponentInputs" skipped. Previously built successfully.
       Target "ResolveRazorGenerateInputs" skipped. Previously built successfully.
   1:7>Target "ResolveJSModuleStaticWebAssets" in file "C:\Program Files\dotnet\sdk\9.0.304\Sdks\Microsoft.NET.Sdk.StaticWebAssets\targets\Microsoft.NET.Sdk.StaticWebAssets.JSModules.targets" from project "C:\Projects\BlueSky\backend\BSkyClone.csproj" (target "ResolveCoreStaticWebAssets" depends on it):
       Task "DefineStaticWebAssets"
         Cache is fully up to date.
       Done executing task "DefineStaticWebAssets".
       Task "DefineStaticWebAssets"
         Cache is fully up to date.
       Done executing task "DefineStaticWebAssets".
       Task "DefineStaticWebAssetEndpoints"
         Removing endpoints for asset 'C:\Projects\BlueSky\backend\wwwroot\uploads\posts\46d9db6f-9394-4878-84fd-eac399d57b82.mp4' because it no longer exists.
         Removing endpoints for asset 'C:\Projects\BlueSky\backend\wwwroot\uploads\posts\46d9db6f-9394-4878-84fd-eac399d57b82.mp4' because it no longer exists.
         Removing endpoints for asset 'C:\Projects\BlueSky\backend\wwwroot\uploads\posts\5e9ac5ea-c811-4cdd-9ef2-b487432108fa.jpg' because it no longer exists.
         Removing endpoints for asset 'C:\Projects\BlueSky\backend\wwwroot\uploads\posts\5e9ac5ea-c811-4cdd-9ef2-b487432108fa.jpg' because it no longer exists.
         Removing endpoints for asset 'C:\Projects\BlueSky\backend\wwwroot\uploads\posts\75b610a8-3ba1-44a2-855e-62ab588f6cca.mp4' because it no longer exists.
         Removing endpoints for asset 'C:\Projects\BlueSky\backend\wwwroot\uploads\posts\75b610a8-3ba1-44a2-855e-62ab588f6cca.mp4' because it no longer exists.
         Removing endpoints for asset 'C:\Projects\BlueSky\backend\wwwroot\placeholders\avatar-default.png' because it no longer exists.
         Removing endpoints for asset 'C:\Projects\BlueSky\backend\wwwroot\placeholders\avatar-default.png' because it no longer exists.
         Removing endpoints for asset 'C:\Projects\BlueSky\backend\wwwroot\placeholders\cover-default.png' because it no longer exists.
         Removing endpoints for asset 'C:\Projects\BlueSky\backend\wwwroot\placeholders\cover-default.png' because it no longer exists.
         Removing endpoints for asset 'C:\Projects\BlueSky\backend\wwwroot\uploads\avatars\2b5ba950-3d2e-41f1-887b-b5345a14444d.jpg' because it no longer exists.
         Removing endpoints for asset 'C:\Projects\BlueSky\backend\wwwroot\uploads\avatars\2b5ba950-3d2e-41f1-887b-b5345a14444d.jpg' because it no longer exists.
         Removing endpoints for asset 'C:\Projects\BlueSky\backend\wwwroot\uploads\avatars\517e0e9b-0b34-4f88-9d96-f49460db78da.jpg' because it no longer exists.
         Removing endpoints for asset 'C:\Projects\BlueSky\backend\wwwroot\uploads\avatars\517e0e9b-0b34-4f88-9d96-f49460db78da.jpg' because it no longer exists.
         Removing endpoints for asset 'C:\Projects\BlueSky\backend\wwwroot\uploads\avatars\58c1332f-87e0-492b-85f6-50db2a6d9dbc.jpg' because it no longer exists.
         Removing endpoints for asset 'C:\Projects\BlueSky\backend\wwwroot\uploads\avatars\58c1332f-87e0-492b-85f6-50db2a6d9dbc.jpg' because it no longer exists.
         Removing endpoints for asset 'C:\Projects\BlueSky\backend\wwwroot\uploads\covers\ebc437f4-4dc1-4cc8-b822-3c92e79e8a06.jpg' because it no longer exists.
         Removing endpoints for asset 'C:\Projects\BlueSky\backend\wwwroot\uploads\covers\ebc437f4-4dc1-4cc8-b822-3c92e79e8a06.jpg' because it no longer exists.
         Removing endpoints for asset 'C:\Projects\BlueSky\backend\wwwroot\uploads\covers\f987aa0f-8f51-48b8-8bf5-445b99e92f93.jpg' because it no longer exists.
         Removing endpoints for asset 'C:\Projects\BlueSky\backend\wwwroot\uploads\covers\f987aa0f-8f51-48b8-8bf5-445b99e92f93.jpg' because it no longer exists.
         Removing endpoints for asset 'C:\Projects\BlueSky\backend\wwwroot\uploads\covers\fd5a18e5-e125-49e2-b008-d39a96f58016.jpg' because it no longer exists.
         Removing endpoints for asset 'C:\Projects\BlueSky\backend\wwwroot\uploads\covers\fd5a18e5-e125-49e2-b008-d39a96f58016.jpg' because it no longer exists.
         Removing endpoints for asset 'C:\Projects\BlueSky\backend\wwwroot\uploads\feeds\09363fd5-7dbc-411e-aede-241aab62ea85.jpg' because it no longer exists.
         Removing endpoints for asset 'C:\Projects\BlueSky\backend\wwwroot\uploads\feeds\09363fd5-7dbc-411e-aede-241aab62ea85.jpg' because it no longer exists.
         Removing endpoints for asset 'C:\Projects\BlueSky\backend\wwwroot\uploads\lists\333bc398-2634-4fb4-82ee-1371c1e37270.jpg' because it no longer exists.
         Removing endpoints for asset 'C:\Projects\BlueSky\backend\wwwroot\uploads\lists\333bc398-2634-4fb4-82ee-1371c1e37270.jpg' because it no longer exists.
         Removing endpoints for asset 'C:\Projects\BlueSky\backend\wwwroot\uploads\posts\1236e86c-8959-42e9-ad21-3ea80eedf260.jpg' because it no longer exists.
         Removing endpoints for asset 'C:\Projects\BlueSky\backend\wwwroot\uploads\posts\1236e86c-8959-42e9-ad21-3ea80eedf260.jpg' because it no longer exists.
         Removing endpoints for asset 'C:\Projects\BlueSky\backend\wwwroot\uploads\posts\36a2ee9a-325b-4b2d-85fd-d71632cec0fd.webp' because it no longer exists.
         Removing endpoints for asset 'C:\Projects\BlueSky\backend\wwwroot\uploads\posts\36a2ee9a-325b-4b2d-85fd-d71632cec0fd.webp' because it no longer exists.
         Removing endpoints for asset 'C:\Projects\BlueSky\backend\wwwroot\uploads\posts\ac7c587c-1c49-41a2-9dfd-ee6e62a7a89d.jpg' because it no longer exists.
         Removing endpoints for asset 'C:\Projects\BlueSky\backend\wwwroot\uploads\posts\ac7c587c-1c49-41a2-9dfd-ee6e62a7a89d.jpg' because it no longer exists.
         Removing endpoints for asset 'C:\Projects\BlueSky\backend\wwwroot\uploads\posts\be64586f-dea5-4972-965d-72537cbd0b6a.mp4' because it no longer exists.
         Removing endpoints for asset 'C:\Projects\BlueSky\backend\wwwroot\uploads\posts\be64586f-dea5-4972-965d-72537cbd0b6a.mp4' because it no longer exists.
         Removing endpoints for asset 'C:\Projects\BlueSky\backend\wwwroot\uploads\posts\cd9b5810-2d2e-4eff-930b-fdbefa8f4fe8.jpg' because it no longer exists.
         Removing endpoints for asset 'C:\Projects\BlueSky\backend\wwwroot\uploads\posts\cd9b5810-2d2e-4eff-930b-fdbefa8f4fe8.jpg' because it no longer exists.
         Removing endpoints for asset 'C:\Projects\BlueSky\backend\wwwroot\uploads\posts\e5761972-9ebd-491c-bef0-76053670a9b1.jpg' because it no longer exists.
         Removing endpoints for asset 'C:\Projects\BlueSky\backend\wwwroot\uploads\posts\e5761972-9ebd-491c-bef0-76053670a9b1.jpg' because it no longer exists.
         Removing endpoints for asset 'C:\Projects\BlueSky\backend\wwwroot\uploads\posts\f160444a-a8b7-4087-9b33-b43f0cb441c2.jpg' because it no longer exists.
         Removing endpoints for asset 'C:\Projects\BlueSky\backend\wwwroot\uploads\posts\f160444a-a8b7-4087-9b33-b43f0cb441c2.jpg' because it no longer exists.
         Removing endpoints for asset 'C:\Projects\BlueSky\backend\wwwroot\uploads\lists\6701e576-56da-4250-a91a-6538e4b7c5ef.jpg' because it no longer exists.
         Removing endpoints for asset 'C:\Projects\BlueSky\backend\wwwroot\uploads\lists\6701e576-56da-4250-a91a-6538e4b7c5ef.jpg' because it no longer exists.
         Removing endpoints for asset 'C:\Projects\BlueSky\backend\wwwroot\uploads\lists\7ea8e527-8372-400f-ac67-bf10f18a8722.jpg' because it no longer exists.
         Removing endpoints for asset 'C:\Projects\BlueSky\backend\wwwroot\uploads\lists\7ea8e527-8372-400f-ac67-bf10f18a8722.jpg' because it no longer exists.
         Removing endpoints for asset 'C:\Projects\BlueSky\backend\wwwroot\uploads\posts\02fb19ce-c781-4188-92ab-ca4c1fae40b6.jpg' because it no longer exists.
         Removing endpoints for asset 'C:\Projects\BlueSky\backend\wwwroot\uploads\posts\02fb19ce-c781-4188-92ab-ca4c1fae40b6.jpg' because it no longer exists.
         Removing endpoints for asset 'C:\Projects\BlueSky\backend\wwwroot\cache\resized\uploads_posts_02fb19ce-c781-4188-92ab-ca4c1fae40b6_600_80.webp' because it no longer exists.
         Removing endpoints for asset 'C:\Projects\BlueSky\backend\wwwroot\cache\resized\uploads_posts_02fb19ce-c781-4188-92ab-ca4c1fae40b6_600_80.webp' because it no longer exists.
         Removing endpoints for asset 'C:\Projects\BlueSky\backend\wwwroot\cache\resized\uploads_posts_36a2ee9a-325b-4b2d-85fd-d71632cec0fd_600_80.webp' because it no longer exists.
         Removing endpoints for asset 'C:\Projects\BlueSky\backend\wwwroot\cache\resized\uploads_posts_36a2ee9a-325b-4b2d-85fd-d71632cec0fd_600_80.webp' because it no longer exists.
         Removing endpoints for asset 'C:\Projects\BlueSky\backend\wwwroot\cache\resized\uploads_posts_ac7c587c-1c49-41a2-9dfd-ee6e62a7a89d_600_80.webp' because it no longer exists.
         Removing endpoints for asset 'C:\Projects\BlueSky\backend\wwwroot\cache\resized\uploads_posts_ac7c587c-1c49-41a2-9dfd-ee6e62a7a89d_600_80.webp' because it no longer exists.
         Removing endpoints for asset 'C:\Projects\BlueSky\backend\wwwroot\cache\resized\uploads_posts_e5761972-9ebd-491c-bef0-76053670a9b1_600_80.webp' because it no longer exists.
         Removing endpoints for asset 'C:\Projects\BlueSky\backend\wwwroot\cache\resized\uploads_posts_e5761972-9ebd-491c-bef0-76053670a9b1_600_80.webp' because it no longer exists.
         Removing endpoints for asset 'C:\Projects\BlueSky\backend\wwwroot\cache\resized\uploads_posts_f160444a-a8b7-4087-9b33-b43f0cb441c2_600_80.webp' because it no longer exists.
         Removing endpoints for asset 'C:\Projects\BlueSky\backend\wwwroot\cache\resized\uploads_posts_f160444a-a8b7-4087-9b33-b43f0cb441c2_600_80.webp' because it no longer exists.
         Removing endpoints for asset 'C:\Projects\BlueSky\backend\wwwroot\uploads\covers\23645a71-7888-4b51-aa82-4af15e263a8e.jpeg' because it no longer exists.
         Removing endpoints for asset 'C:\Projects\BlueSky\backend\wwwroot\uploads\covers\23645a71-7888-4b51-aa82-4af15e263a8e.jpeg' because it no longer exists.
         Removing endpoints for asset 'C:\Projects\BlueSky\backend\wwwroot\uploads\covers\2456aee1-e71d-44a2-80e7-12a453c6f760.jpg' because it no longer exists.
         Removing endpoints for asset 'C:\Projects\BlueSky\backend\wwwroot\uploads\covers\2456aee1-e71d-44a2-80e7-12a453c6f760.jpg' because it no longer exists.
         Removing endpoints for asset 'C:\Projects\BlueSky\backend\wwwroot\uploads\covers\570ffc04-c546-4606-bd1c-3d36c1533719.jpg' because it no longer exists.
         Removing endpoints for asset 'C:\Projects\BlueSky\backend\wwwroot\uploads\covers\570ffc04-c546-4606-bd1c-3d36c1533719.jpg' because it no longer exists.
         Removing endpoints for asset 'C:\Projects\BlueSky\backend\wwwroot\uploads\covers\8732e3e3-e0f0-4955-8ff3-cd0bfff6589e.jpg' because it no longer exists.
         Removing endpoints for asset 'C:\Projects\BlueSky\backend\wwwroot\uploads\covers\8732e3e3-e0f0-4955-8ff3-cd0bfff6589e.jpg' because it no longer exists.
         Removing endpoints for asset 'C:\Projects\BlueSky\backend\wwwroot\uploads\covers\a132f7b9-8d07-4815-a256-5c0223b43d00.jpg' because it no longer exists.
         Removing endpoints for asset 'C:\Projects\BlueSky\backend\wwwroot\uploads\covers\a132f7b9-8d07-4815-a256-5c0223b43d00.jpg' because it no longer exists.
         Removing endpoints for asset 'C:\Projects\BlueSky\backend\wwwroot\uploads\posts\8753289f-b156-4db9-aeb1-7e361140c99b.mp4' because it no longer exists.
         Removing endpoints for asset 'C:\Projects\BlueSky\backend\wwwroot\uploads\posts\8753289f-b156-4db9-aeb1-7e361140c99b.mp4' because it no longer exists.
         Removing endpoints for asset 'C:\Projects\BlueSky\backend\wwwroot\uploads\posts\87a5ca45-9602-4609-a535-9464806f2ef3.mp4' because it no longer exists.
         Removing endpoints for asset 'C:\Projects\BlueSky\backend\wwwroot\uploads\posts\87a5ca45-9602-4609-a535-9464806f2ef3.mp4' because it no longer exists.
         Removing endpoints for asset 'C:\Projects\BlueSky\backend\wwwroot\uploads\chat\0f57e5af-6a0c-4c3e-8e76-3d770ff2336a.webp' because it no longer exists.
         Removing endpoints for asset 'C:\Projects\BlueSky\backend\wwwroot\uploads\chat\0f57e5af-6a0c-4c3e-8e76-3d770ff2336a.webp' because it no longer exists.
         Removing endpoints for asset 'C:\Projects\BlueSky\backend\wwwroot\uploads\chat\602a9838-5a6a-4235-837e-42017d6313b9.jpg' because it no longer exists.
         Removing endpoints for asset 'C:\Projects\BlueSky\backend\wwwroot\uploads\chat\602a9838-5a6a-4235-837e-42017d6313b9.jpg' because it no longer exists.
         Removing endpoints for asset 'C:\Projects\BlueSky\backend\wwwroot\uploads\chat\e47622fd-9919-4353-ad18-932e32ec571a.jpg' because it no longer exists.
         Removing endpoints for asset 'C:\Projects\BlueSky\backend\wwwroot\uploads\chat\e47622fd-9919-4353-ad18-932e32ec571a.jpg' because it no longer exists.
         Removing endpoints for asset 'C:\Projects\BlueSky\backend\wwwroot\uploads\covers\168c5e9b-d980-4535-a09e-e4b7ebdbc0cc.jpg' because it no longer exists.
         Removing endpoints for asset 'C:\Projects\BlueSky\backend\wwwroot\uploads\covers\168c5e9b-d980-4535-a09e-e4b7ebdbc0cc.jpg' because it no longer exists.
         Removing endpoints for asset 'C:\Projects\BlueSky\backend\wwwroot\uploads\covers\1903cb00-a365-46bc-aff9-1fd3cd8a01f3.jpg' because it no longer exists.
         Removing endpoints for asset 'C:\Projects\BlueSky\backend\wwwroot\uploads\covers\1903cb00-a365-46bc-aff9-1fd3cd8a01f3.jpg' because it no longer exists.
         Removing endpoints for asset 'C:\Projects\BlueSky\backend\wwwroot\uploads\posts\f4e65e58-e03f-4234-b3ef-2c6968104f0f.jpg' because it no longer exists.
         Removing endpoints for asset 'C:\Projects\BlueSky\backend\wwwroot\uploads\posts\f4e65e58-e03f-4234-b3ef-2c6968104f0f.jpg' because it no longer exists.
         Removing endpoints for asset 'C:\Projects\BlueSky\backend\wwwroot\uploads\avatars\77bcb550-41b2-481b-968f-9da4b260e41e.jpg' because it no longer exists.
         Removing endpoints for asset 'C:\Projects\BlueSky\backend\wwwroot\uploads\avatars\77bcb550-41b2-481b-968f-9da4b260e41e.jpg' because it no longer exists.
         Removing endpoints for asset 'C:\Projects\BlueSky\backend\wwwroot\uploads\avatars\b7c6fd2f-aaa0-480d-b0f1-3589b24ec61b.jpg' because it no longer exists.
         Removing endpoints for asset 'C:\Projects\BlueSky\backend\wwwroot\uploads\avatars\b7c6fd2f-aaa0-480d-b0f1-3589b24ec61b.jpg' because it no longer exists.
         Removing endpoints for asset 'C:\Projects\BlueSky\backend\wwwroot\uploads\avatars\c539c566-83da-4229-baf3-f4c2aa874121.jpg' because it no longer exists.
         Removing endpoints for asset 'C:\Projects\BlueSky\backend\wwwroot\uploads\avatars\c539c566-83da-4229-baf3-f4c2aa874121.jpg' because it no longer exists.
         Removing endpoints for asset 'C:\Projects\BlueSky\backend\wwwroot\uploads\avatars\e1061898-5bdf-46dd-b28a-ec29685509a4.jpg' because it no longer exists.
         Removing endpoints for asset 'C:\Projects\BlueSky\backend\wwwroot\uploads\avatars\e1061898-5bdf-46dd-b28a-ec29685509a4.jpg' because it no longer exists.
         Removing endpoints for asset 'C:\Projects\BlueSky\backend\wwwroot\uploads\chat\076cdcc5-3a7f-4a12-9a0c-7dd5c527a34d.jpg' because it no longer exists.
         Removing endpoints for asset 'C:\Projects\BlueSky\backend\wwwroot\uploads\chat\076cdcc5-3a7f-4a12-9a0c-7dd5c527a34d.jpg' because it no longer exists.
       Done executing task "DefineStaticWebAssetEndpoints".
       Task "DefineStaticWebAssetEndpoints"
         Removing endpoints for asset 'C:\Projects\BlueSky\backend\wwwroot\uploads\posts\46d9db6f-9394-4878-84fd-eac399d57b82.mp4' because it no longer exists.
         Removing endpoints for asset 'C:\Projects\BlueSky\backend\wwwroot\uploads\posts\46d9db6f-9394-4878-84fd-eac399d57b82.mp4' because it no longer exists.
         Removing endpoints for asset 'C:\Projects\BlueSky\backend\wwwroot\uploads\posts\5e9ac5ea-c811-4cdd-9ef2-b487432108fa.jpg' because it no longer exists.
         Removing endpoints for asset 'C:\Projects\BlueSky\backend\wwwroot\uploads\posts\5e9ac5ea-c811-4cdd-9ef2-b487432108fa.jpg' because it no longer exists.
         Removing endpoints for asset 'C:\Projects\BlueSky\backend\wwwroot\uploads\posts\75b610a8-3ba1-44a2-855e-62ab588f6cca.mp4' because it no longer exists.
         Removing endpoints for asset 'C:\Projects\BlueSky\backend\wwwroot\uploads\posts\75b610a8-3ba1-44a2-855e-62ab588f6cca.mp4' because it no longer exists.
         Removing endpoints for asset 'C:\Projects\BlueSky\backend\wwwroot\placeholders\avatar-default.png' because it no longer exists.
         Removing endpoints for asset 'C:\Projects\BlueSky\backend\wwwroot\placeholders\avatar-default.png' because it no longer exists.
         Removing endpoints for asset 'C:\Projects\BlueSky\backend\wwwroot\placeholders\cover-default.png' because it no longer exists.
         Removing endpoints for asset 'C:\Projects\BlueSky\backend\wwwroot\placeholders\cover-default.png' because it no longer exists.
         Removing endpoints for asset 'C:\Projects\BlueSky\backend\wwwroot\uploads\avatars\2b5ba950-3d2e-41f1-887b-b5345a14444d.jpg' because it no longer exists.
         Removing endpoints for asset 'C:\Projects\BlueSky\backend\wwwroot\uploads\avatars\2b5ba950-3d2e-41f1-887b-b5345a14444d.jpg' because it no longer exists.
         Removing endpoints for asset 'C:\Projects\BlueSky\backend\wwwroot\uploads\avatars\517e0e9b-0b34-4f88-9d96-f49460db78da.jpg' because it no longer exists.
         Removing endpoints for asset 'C:\Projects\BlueSky\backend\wwwroot\uploads\avatars\517e0e9b-0b34-4f88-9d96-f49460db78da.jpg' because it no longer exists.
         Removing endpoints for asset 'C:\Projects\BlueSky\backend\wwwroot\uploads\avatars\58c1332f-87e0-492b-85f6-50db2a6d9dbc.jpg' because it no longer exists.
         Removing endpoints for asset 'C:\Projects\BlueSky\backend\wwwroot\uploads\avatars\58c1332f-87e0-492b-85f6-50db2a6d9dbc.jpg' because it no longer exists.
         Removing endpoints for asset 'C:\Projects\BlueSky\backend\wwwroot\uploads\covers\ebc437f4-4dc1-4cc8-b822-3c92e79e8a06.jpg' because it no longer exists.
         Removing endpoints for asset 'C:\Projects\BlueSky\backend\wwwroot\uploads\covers\ebc437f4-4dc1-4cc8-b822-3c92e79e8a06.jpg' because it no longer exists.
         Removing endpoints for asset 'C:\Projects\BlueSky\backend\wwwroot\uploads\covers\f987aa0f-8f51-48b8-8bf5-445b99e92f93.jpg' because it no longer exists.
         Removing endpoints for asset 'C:\Projects\BlueSky\backend\wwwroot\uploads\covers\f987aa0f-8f51-48b8-8bf5-445b99e92f93.jpg' because it no longer exists.
         Removing endpoints for asset 'C:\Projects\BlueSky\backend\wwwroot\uploads\covers\fd5a18e5-e125-49e2-b008-d39a96f58016.jpg' because it no longer exists.
         Removing endpoints for asset 'C:\Projects\BlueSky\backend\wwwroot\uploads\covers\fd5a18e5-e125-49e2-b008-d39a96f58016.jpg' because it no longer exists.
         Removing endpoints for asset 'C:\Projects\BlueSky\backend\wwwroot\uploads\feeds\09363fd5-7dbc-411e-aede-241aab62ea85.jpg' because it no longer exists.
         Removing endpoints for asset 'C:\Projects\BlueSky\backend\wwwroot\uploads\feeds\09363fd5-7dbc-411e-aede-241aab62ea85.jpg' because it no longer exists.
         Removing endpoints for asset 'C:\Projects\BlueSky\backend\wwwroot\uploads\lists\333bc398-2634-4fb4-82ee-1371c1e37270.jpg' because it no longer exists.
         Removing endpoints for asset 'C:\Projects\BlueSky\backend\wwwroot\uploads\lists\333bc398-2634-4fb4-82ee-1371c1e37270.jpg' because it no longer exists.
         Removing endpoints for asset 'C:\Projects\BlueSky\backend\wwwroot\uploads\posts\1236e86c-8959-42e9-ad21-3ea80eedf260.jpg' because it no longer exists.
         Removing endpoints for asset 'C:\Projects\BlueSky\backend\wwwroot\uploads\posts\1236e86c-8959-42e9-ad21-3ea80eedf260.jpg' because it no longer exists.
         Removing endpoints for asset 'C:\Projects\BlueSky\backend\wwwroot\uploads\posts\36a2ee9a-325b-4b2d-85fd-d71632cec0fd.webp' because it no longer exists.
         Removing endpoints for asset 'C:\Projects\BlueSky\backend\wwwroot\uploads\posts\36a2ee9a-325b-4b2d-85fd-d71632cec0fd.webp' because it no longer exists.
         Removing endpoints for asset 'C:\Projects\BlueSky\backend\wwwroot\uploads\posts\ac7c587c-1c49-41a2-9dfd-ee6e62a7a89d.jpg' because it no longer exists.
         Removing endpoints for asset 'C:\Projects\BlueSky\backend\wwwroot\uploads\posts\ac7c587c-1c49-41a2-9dfd-ee6e62a7a89d.jpg' because it no longer exists.
         Removing endpoints for asset 'C:\Projects\BlueSky\backend\wwwroot\uploads\posts\be64586f-dea5-4972-965d-72537cbd0b6a.mp4' because it no longer exists.
         Removing endpoints for asset 'C:\Projects\BlueSky\backend\wwwroot\uploads\posts\be64586f-dea5-4972-965d-72537cbd0b6a.mp4' because it no longer exists.
         Removing endpoints for asset 'C:\Projects\BlueSky\backend\wwwroot\uploads\posts\cd9b5810-2d2e-4eff-930b-fdbefa8f4fe8.jpg' because it no longer exists.
         Removing endpoints for asset 'C:\Projects\BlueSky\backend\wwwroot\uploads\posts\cd9b5810-2d2e-4eff-930b-fdbefa8f4fe8.jpg' because it no longer exists.
         Removing endpoints for asset 'C:\Projects\BlueSky\backend\wwwroot\uploads\posts\e5761972-9ebd-491c-bef0-76053670a9b1.jpg' because it no longer exists.
         Removing endpoints for asset 'C:\Projects\BlueSky\backend\wwwroot\uploads\posts\e5761972-9ebd-491c-bef0-76053670a9b1.jpg' because it no longer exists.
         Removing endpoints for asset 'C:\Projects\BlueSky\backend\wwwroot\uploads\posts\f160444a-a8b7-4087-9b33-b43f0cb441c2.jpg' because it no longer exists.
         Removing endpoints for asset 'C:\Projects\BlueSky\backend\wwwroot\uploads\posts\f160444a-a8b7-4087-9b33-b43f0cb441c2.jpg' because it no longer exists.
         Removing endpoints for asset 'C:\Projects\BlueSky\backend\wwwroot\uploads\lists\6701e576-56da-4250-a91a-6538e4b7c5ef.jpg' because it no longer exists.
         Removing endpoints for asset 'C:\Projects\BlueSky\backend\wwwroot\uploads\lists\6701e576-56da-4250-a91a-6538e4b7c5ef.jpg' because it no longer exists.
         Removing endpoints for asset 'C:\Projects\BlueSky\backend\wwwroot\uploads\lists\7ea8e527-8372-400f-ac67-bf10f18a8722.jpg' because it no longer exists.
         Removing endpoints for asset 'C:\Projects\BlueSky\backend\wwwroot\uploads\lists\7ea8e527-8372-400f-ac67-bf10f18a8722.jpg' because it no longer exists.
         Removing endpoints for asset 'C:\Projects\BlueSky\backend\wwwroot\uploads\posts\02fb19ce-c781-4188-92ab-ca4c1fae40b6.jpg' because it no longer exists.
         Removing endpoints for asset 'C:\Projects\BlueSky\backend\wwwroot\uploads\posts\02fb19ce-c781-4188-92ab-ca4c1fae40b6.jpg' because it no longer exists.
         Removing endpoints for asset 'C:\Projects\BlueSky\backend\wwwroot\cache\resized\uploads_posts_02fb19ce-c781-4188-92ab-ca4c1fae40b6_600_80.webp' because it no longer exists.
         Removing endpoints for asset 'C:\Projects\BlueSky\backend\wwwroot\cache\resized\uploads_posts_02fb19ce-c781-4188-92ab-ca4c1fae40b6_600_80.webp' because it no longer exists.
         Removing endpoints for asset 'C:\Projects\BlueSky\backend\wwwroot\cache\resized\uploads_posts_36a2ee9a-325b-4b2d-85fd-d71632cec0fd_600_80.webp' because it no longer exists.
         Removing endpoints for asset 'C:\Projects\BlueSky\backend\wwwroot\cache\resized\uploads_posts_36a2ee9a-325b-4b2d-85fd-d71632cec0fd_600_80.webp' because it no longer exists.
         Removing endpoints for asset 'C:\Projects\BlueSky\backend\wwwroot\cache\resized\uploads_posts_ac7c587c-1c49-41a2-9dfd-ee6e62a7a89d_600_80.webp' because it no longer exists.
         Removing endpoints for asset 'C:\Projects\BlueSky\backend\wwwroot\cache\resized\uploads_posts_ac7c587c-1c49-41a2-9dfd-ee6e62a7a89d_600_80.webp' because it no longer exists.
         Removing endpoints for asset 'C:\Projects\BlueSky\backend\wwwroot\cache\resized\uploads_posts_e5761972-9ebd-491c-bef0-76053670a9b1_600_80.webp' because it no longer exists.
         Removing endpoints for asset 'C:\Projects\BlueSky\backend\wwwroot\cache\resized\uploads_posts_e5761972-9ebd-491c-bef0-76053670a9b1_600_80.webp' because it no longer exists.
         Removing endpoints for asset 'C:\Projects\BlueSky\backend\wwwroot\cache\resized\uploads_posts_f160444a-a8b7-4087-9b33-b43f0cb441c2_600_80.webp' because it no longer exists.
         Removing endpoints for asset 'C:\Projects\BlueSky\backend\wwwroot\cache\resized\uploads_posts_f160444a-a8b7-4087-9b33-b43f0cb441c2_600_80.webp' because it no longer exists.
         Removing endpoints for asset 'C:\Projects\BlueSky\backend\wwwroot\uploads\covers\23645a71-7888-4b51-aa82-4af15e263a8e.jpeg' because it no longer exists.
         Removing endpoints for asset 'C:\Projects\BlueSky\backend\wwwroot\uploads\covers\23645a71-7888-4b51-aa82-4af15e263a8e.jpeg' because it no longer exists.
         Removing endpoints for asset 'C:\Projects\BlueSky\backend\wwwroot\uploads\covers\2456aee1-e71d-44a2-80e7-12a453c6f760.jpg' because it no longer exists.
         Removing endpoints for asset 'C:\Projects\BlueSky\backend\wwwroot\uploads\covers\2456aee1-e71d-44a2-80e7-12a453c6f760.jpg' because it no longer exists.
         Removing endpoints for asset 'C:\Projects\BlueSky\backend\wwwroot\uploads\covers\570ffc04-c546-4606-bd1c-3d36c1533719.jpg' because it no longer exists.
         Removing endpoints for asset 'C:\Projects\BlueSky\backend\wwwroot\uploads\covers\570ffc04-c546-4606-bd1c-3d36c1533719.jpg' because it no longer exists.
         Removing endpoints for asset 'C:\Projects\BlueSky\backend\wwwroot\uploads\covers\8732e3e3-e0f0-4955-8ff3-cd0bfff6589e.jpg' because it no longer exists.
         Removing endpoints for asset 'C:\Projects\BlueSky\backend\wwwroot\uploads\covers\8732e3e3-e0f0-4955-8ff3-cd0bfff6589e.jpg' because it no longer exists.
         Removing endpoints for asset 'C:\Projects\BlueSky\backend\wwwroot\uploads\covers\a132f7b9-8d07-4815-a256-5c0223b43d00.jpg' because it no longer exists.
         Removing endpoints for asset 'C:\Projects\BlueSky\backend\wwwroot\uploads\covers\a132f7b9-8d07-4815-a256-5c0223b43d00.jpg' because it no longer exists.
         Removing endpoints for asset 'C:\Projects\BlueSky\backend\wwwroot\uploads\posts\8753289f-b156-4db9-aeb1-7e361140c99b.mp4' because it no longer exists.
         Removing endpoints for asset 'C:\Projects\BlueSky\backend\wwwroot\uploads\posts\8753289f-b156-4db9-aeb1-7e361140c99b.mp4' because it no longer exists.
         Removing endpoints for asset 'C:\Projects\BlueSky\backend\wwwroot\uploads\posts\87a5ca45-9602-4609-a535-9464806f2ef3.mp4' because it no longer exists.
         Removing endpoints for asset 'C:\Projects\BlueSky\backend\wwwroot\uploads\posts\87a5ca45-9602-4609-a535-9464806f2ef3.mp4' because it no longer exists.
         Removing endpoints for asset 'C:\Projects\BlueSky\backend\wwwroot\uploads\chat\0f57e5af-6a0c-4c3e-8e76-3d770ff2336a.webp' because it no longer exists.
         Removing endpoints for asset 'C:\Projects\BlueSky\backend\wwwroot\uploads\chat\0f57e5af-6a0c-4c3e-8e76-3d770ff2336a.webp' because it no longer exists.
         Removing endpoints for asset 'C:\Projects\BlueSky\backend\wwwroot\uploads\chat\602a9838-5a6a-4235-837e-42017d6313b9.jpg' because it no longer exists.
         Removing endpoints for asset 'C:\Projects\BlueSky\backend\wwwroot\uploads\chat\602a9838-5a6a-4235-837e-42017d6313b9.jpg' because it no longer exists.
         Removing endpoints for asset 'C:\Projects\BlueSky\backend\wwwroot\uploads\chat\e47622fd-9919-4353-ad18-932e32ec571a.jpg' because it no longer exists.
         Removing endpoints for asset 'C:\Projects\BlueSky\backend\wwwroot\uploads\chat\e47622fd-9919-4353-ad18-932e32ec571a.jpg' because it no longer exists.
         Removing endpoints for asset 'C:\Projects\BlueSky\backend\wwwroot\uploads\covers\168c5e9b-d980-4535-a09e-e4b7ebdbc0cc.jpg' because it no longer exists.
         Removing endpoints for asset 'C:\Projects\BlueSky\backend\wwwroot\uploads\covers\168c5e9b-d980-4535-a09e-e4b7ebdbc0cc.jpg' because it no longer exists.
         Removing endpoints for asset 'C:\Projects\BlueSky\backend\wwwroot\uploads\covers\1903cb00-a365-46bc-aff9-1fd3cd8a01f3.jpg' because it no longer exists.
         Removing endpoints for asset 'C:\Projects\BlueSky\backend\wwwroot\uploads\covers\1903cb00-a365-46bc-aff9-1fd3cd8a01f3.jpg' because it no longer exists.
         Removing endpoints for asset 'C:\Projects\BlueSky\backend\wwwroot\uploads\posts\f4e65e58-e03f-4234-b3ef-2c6968104f0f.jpg' because it no longer exists.
         Removing endpoints for asset 'C:\Projects\BlueSky\backend\wwwroot\uploads\posts\f4e65e58-e03f-4234-b3ef-2c6968104f0f.jpg' because it no longer exists.
         Removing endpoints for asset 'C:\Projects\BlueSky\backend\wwwroot\uploads\avatars\77bcb550-41b2-481b-968f-9da4b260e41e.jpg' because it no longer exists.
         Removing endpoints for asset 'C:\Projects\BlueSky\backend\wwwroot\uploads\avatars\77bcb550-41b2-481b-968f-9da4b260e41e.jpg' because it no longer exists.
         Removing endpoints for asset 'C:\Projects\BlueSky\backend\wwwroot\uploads\avatars\b7c6fd2f-aaa0-480d-b0f1-3589b24ec61b.jpg' because it no longer exists.
         Removing endpoints for asset 'C:\Projects\BlueSky\backend\wwwroot\uploads\avatars\b7c6fd2f-aaa0-480d-b0f1-3589b24ec61b.jpg' because it no longer exists.
         Removing endpoints for asset 'C:\Projects\BlueSky\backend\wwwroot\uploads\avatars\c539c566-83da-4229-baf3-f4c2aa874121.jpg' because it no longer exists.
         Removing endpoints for asset 'C:\Projects\BlueSky\backend\wwwroot\uploads\avatars\c539c566-83da-4229-baf3-f4c2aa874121.jpg' because it no longer exists.
         Removing endpoints for asset 'C:\Projects\BlueSky\backend\wwwroot\uploads\avatars\e1061898-5bdf-46dd-b28a-ec29685509a4.jpg' because it no longer exists.
         Removing endpoints for asset 'C:\Projects\BlueSky\backend\wwwroot\uploads\avatars\e1061898-5bdf-46dd-b28a-ec29685509a4.jpg' because it no longer exists.
         Removing endpoints for asset 'C:\Projects\BlueSky\backend\wwwroot\uploads\chat\076cdcc5-3a7f-4a12-9a0c-7dd5c527a34d.jpg' because it no longer exists.
         Removing endpoints for asset 'C:\Projects\BlueSky\backend\wwwroot\uploads\chat\076cdcc5-3a7f-4a12-9a0c-7dd5c527a34d.jpg' because it no longer exists.
       Done executing task "DefineStaticWebAssetEndpoints".
       Using "ApplyJsModules" task from assembly "C:\Program Files\dotnet\sdk\9.0.304\Sdks\Microsoft.NET.Sdk.StaticWebAssets\targets\..\tasks\net9.0\Microsoft.NET.Sdk.StaticWebAssets.Tasks.dll".
       Task "ApplyJsModules"
       Done executing task "ApplyJsModules".
       Task "UpdateStaticWebAssetEndpoints" skipped, due to false condition; ('@(_AddPropertyToJsModules)' != '') was evaluated as ('' != '').
   1:7>Done building target "ResolveJSModuleStaticWebAssets" in project "BSkyClone.csproj".
   1:7>Target "ResolveCoreStaticWebAssets" in file "C:\Program Files\dotnet\sdk\9.0.304\Sdks\Microsoft.NET.Sdk.StaticWebAssets\targets\Microsoft.NET.Sdk.StaticWebAssets.targets" from project "C:\Projects\BlueSky\backend\BSkyClone.csproj" (target "ResolveBuildStaticWebAssets" depends on it):
   1:7>Done building target "ResolveCoreStaticWebAssets" in project "BSkyClone.csproj".
       Target "ResolveCoreStaticWebAssets" skipped. Previously built successfully.
       Target "ResolveJsInitializerModuleStaticWebAssets" skipped. Previously built successfully.
   1:7>Target "ResolveJSModuleManifestBuildConfiguration" in file "C:\Program Files\dotnet\sdk\9.0.304\Sdks\Microsoft.NET.Sdk.StaticWebAssets\targets\Microsoft.NET.Sdk.StaticWebAssets.JSModules.targets" from project "C:\Projects\BlueSky\backend\BSkyClone.csproj" (target "GenerateJSModuleManifestBuildStaticWebAssets" depends on it):
   1:7>Done building target "ResolveJSModuleManifestBuildConfiguration" in project "BSkyClone.csproj".
   1:7>Target "GenerateJSModuleManifestBuildStaticWebAssets" in file "C:\Program Files\dotnet\sdk\9.0.304\Sdks\Microsoft.NET.Sdk.StaticWebAssets\targets\Microsoft.NET.Sdk.StaticWebAssets.JSModules.targets" from project "C:\Projects\BlueSky\backend\BSkyClone.csproj" (target "ResolveJSModuleManifestBuildStaticWebAssets" depends on it):
       Task "FilterStaticWebAssetEndpoints" skipped, due to false condition; ('@(_ExistingBuildJSModules)' != '') was evaluated as ('' != '').
       Task "FilterStaticWebAssetEndpoints" skipped, due to false condition; ('$(StaticWebAssetStandaloneHosting)' != 'true' and '@(_ExistingBuildJSModulesWithoutFingerprint)' != '') was evaluated as ('' != 'true' and '' != '').
       Task "Error" skipped, due to false condition; ('@(_ExistingBuildJSModules)' != '' and '@(_BuildJSModulessWithoutEndpoints)' != '') was evaluated as ('' != '' and '' != '').
       Task "ResolveStaticWebAssetEndpointRoutes" skipped, due to false condition; ('@(_ExistingBuildJSModules)' != '') was evaluated as ('' != '').
       Task "GenerateJsModuleManifest" skipped, due to false condition; ('@(_ExistingBuildJSModules)' != '') was evaluated as ('' != '').
   1:7>Done building target "GenerateJSModuleManifestBuildStaticWebAssets" in project "BSkyClone.csproj".
   1:7>Target "ResolveJSModuleManifestBuildStaticWebAssets" in file "C:\Program Files\dotnet\sdk\9.0.304\Sdks\Microsoft.NET.Sdk.StaticWebAssets\targets\Microsoft.NET.Sdk.StaticWebAssets.JSModules.targets" from project "C:\Projects\BlueSky\backend\BSkyClone.csproj" (target "ResolveStaticWebAssetsInputs" depends on it):
       Task "DefineStaticWebAssets" skipped, due to false condition; (@(_ExistingBuildJSModules) != '') was evaluated as ( != '').
       Task "DefineStaticWebAssetEndpoints"
         Removing endpoints for asset 'C:\Projects\BlueSky\backend\wwwroot\uploads\posts\46d9db6f-9394-4878-84fd-eac399d57b82.mp4' because it no longer exists.
         Removing endpoints for asset 'C:\Projects\BlueSky\backend\wwwroot\uploads\posts\46d9db6f-9394-4878-84fd-eac399d57b82.mp4' because it no longer exists.
         Removing endpoints for asset 'C:\Projects\BlueSky\backend\wwwroot\uploads\posts\5e9ac5ea-c811-4cdd-9ef2-b487432108fa.jpg' because it no longer exists.
         Removing endpoints for asset 'C:\Projects\BlueSky\backend\wwwroot\uploads\posts\5e9ac5ea-c811-4cdd-9ef2-b487432108fa.jpg' because it no longer exists.
         Removing endpoints for asset 'C:\Projects\BlueSky\backend\wwwroot\uploads\posts\75b610a8-3ba1-44a2-855e-62ab588f6cca.mp4' because it no longer exists.
         Removing endpoints for asset 'C:\Projects\BlueSky\backend\wwwroot\uploads\posts\75b610a8-3ba1-44a2-855e-62ab588f6cca.mp4' because it no longer exists.
         Removing endpoints for asset 'C:\Projects\BlueSky\backend\wwwroot\placeholders\avatar-default.png' because it no longer exists.
         Removing endpoints for asset 'C:\Projects\BlueSky\backend\wwwroot\placeholders\avatar-default.png' because it no longer exists.
         Removing endpoints for asset 'C:\Projects\BlueSky\backend\wwwroot\placeholders\cover-default.png' because it no longer exists.
         Removing endpoints for asset 'C:\Projects\BlueSky\backend\wwwroot\placeholders\cover-default.png' because it no longer exists.
         Removing endpoints for asset 'C:\Projects\BlueSky\backend\wwwroot\uploads\avatars\2b5ba950-3d2e-41f1-887b-b5345a14444d.jpg' because it no longer exists.
         Removing endpoints for asset 'C:\Projects\BlueSky\backend\wwwroot\uploads\avatars\2b5ba950-3d2e-41f1-887b-b5345a14444d.jpg' because it no longer exists.
         Removing endpoints for asset 'C:\Projects\BlueSky\backend\wwwroot\uploads\avatars\517e0e9b-0b34-4f88-9d96-f49460db78da.jpg' because it no longer exists.
         Removing endpoints for asset 'C:\Projects\BlueSky\backend\wwwroot\uploads\avatars\517e0e9b-0b34-4f88-9d96-f49460db78da.jpg' because it no longer exists.
         Removing endpoints for asset 'C:\Projects\BlueSky\backend\wwwroot\uploads\avatars\58c1332f-87e0-492b-85f6-50db2a6d9dbc.jpg' because it no longer exists.
         Removing endpoints for asset 'C:\Projects\BlueSky\backend\wwwroot\uploads\avatars\58c1332f-87e0-492b-85f6-50db2a6d9dbc.jpg' because it no longer exists.
         Removing endpoints for asset 'C:\Projects\BlueSky\backend\wwwroot\uploads\covers\ebc437f4-4dc1-4cc8-b822-3c92e79e8a06.jpg' because it no longer exists.
         Removing endpoints for asset 'C:\Projects\BlueSky\backend\wwwroot\uploads\covers\ebc437f4-4dc1-4cc8-b822-3c92e79e8a06.jpg' because it no longer exists.
         Removing endpoints for asset 'C:\Projects\BlueSky\backend\wwwroot\uploads\covers\f987aa0f-8f51-48b8-8bf5-445b99e92f93.jpg' because it no longer exists.
         Removing endpoints for asset 'C:\Projects\BlueSky\backend\wwwroot\uploads\covers\f987aa0f-8f51-48b8-8bf5-445b99e92f93.jpg' because it no longer exists.
         Removing endpoints for asset 'C:\Projects\BlueSky\backend\wwwroot\uploads\covers\fd5a18e5-e125-49e2-b008-d39a96f58016.jpg' because it no longer exists.
         Removing endpoints for asset 'C:\Projects\BlueSky\backend\wwwroot\uploads\covers\fd5a18e5-e125-49e2-b008-d39a96f58016.jpg' because it no longer exists.
         Removing endpoints for asset 'C:\Projects\BlueSky\backend\wwwroot\uploads\feeds\09363fd5-7dbc-411e-aede-241aab62ea85.jpg' because it no longer exists.
         Removing endpoints for asset 'C:\Projects\BlueSky\backend\wwwroot\uploads\feeds\09363fd5-7dbc-411e-aede-241aab62ea85.jpg' because it no longer exists.
         Removing endpoints for asset 'C:\Projects\BlueSky\backend\wwwroot\uploads\lists\333bc398-2634-4fb4-82ee-1371c1e37270.jpg' because it no longer exists.
         Removing endpoints for asset 'C:\Projects\BlueSky\backend\wwwroot\uploads\lists\333bc398-2634-4fb4-82ee-1371c1e37270.jpg' because it no longer exists.
         Removing endpoints for asset 'C:\Projects\BlueSky\backend\wwwroot\uploads\posts\1236e86c-8959-42e9-ad21-3ea80eedf260.jpg' because it no longer exists.
         Removing endpoints for asset 'C:\Projects\BlueSky\backend\wwwroot\uploads\posts\1236e86c-8959-42e9-ad21-3ea80eedf260.jpg' because it no longer exists.
         Removing endpoints for asset 'C:\Projects\BlueSky\backend\wwwroot\uploads\posts\36a2ee9a-325b-4b2d-85fd-d71632cec0fd.webp' because it no longer exists.
         Removing endpoints for asset 'C:\Projects\BlueSky\backend\wwwroot\uploads\posts\36a2ee9a-325b-4b2d-85fd-d71632cec0fd.webp' because it no longer exists.
         Removing endpoints for asset 'C:\Projects\BlueSky\backend\wwwroot\uploads\posts\ac7c587c-1c49-41a2-9dfd-ee6e62a7a89d.jpg' because it no longer exists.
         Removing endpoints for asset 'C:\Projects\BlueSky\backend\wwwroot\uploads\posts\ac7c587c-1c49-41a2-9dfd-ee6e62a7a89d.jpg' because it no longer exists.
         Removing endpoints for asset 'C:\Projects\BlueSky\backend\wwwroot\uploads\posts\be64586f-dea5-4972-965d-72537cbd0b6a.mp4' because it no longer exists.
         Removing endpoints for asset 'C:\Projects\BlueSky\backend\wwwroot\uploads\posts\be64586f-dea5-4972-965d-72537cbd0b6a.mp4' because it no longer exists.
         Removing endpoints for asset 'C:\Projects\BlueSky\backend\wwwroot\uploads\posts\cd9b5810-2d2e-4eff-930b-fdbefa8f4fe8.jpg' because it no longer exists.
         Removing endpoints for asset 'C:\Projects\BlueSky\backend\wwwroot\uploads\posts\cd9b5810-2d2e-4eff-930b-fdbefa8f4fe8.jpg' because it no longer exists.
         Removing endpoints for asset 'C:\Projects\BlueSky\backend\wwwroot\uploads\posts\e5761972-9ebd-491c-bef0-76053670a9b1.jpg' because it no longer exists.
         Removing endpoints for asset 'C:\Projects\BlueSky\backend\wwwroot\uploads\posts\e5761972-9ebd-491c-bef0-76053670a9b1.jpg' because it no longer exists.
         Removing endpoints for asset 'C:\Projects\BlueSky\backend\wwwroot\uploads\posts\f160444a-a8b7-4087-9b33-b43f0cb441c2.jpg' because it no longer exists.
         Removing endpoints for asset 'C:\Projects\BlueSky\backend\wwwroot\uploads\posts\f160444a-a8b7-4087-9b33-b43f0cb441c2.jpg' because it no longer exists.
         Removing endpoints for asset 'C:\Projects\BlueSky\backend\wwwroot\uploads\lists\6701e576-56da-4250-a91a-6538e4b7c5ef.jpg' because it no longer exists.
         Removing endpoints for asset 'C:\Projects\BlueSky\backend\wwwroot\uploads\lists\6701e576-56da-4250-a91a-6538e4b7c5ef.jpg' because it no longer exists.
         Removing endpoints for asset 'C:\Projects\BlueSky\backend\wwwroot\uploads\lists\7ea8e527-8372-400f-ac67-bf10f18a8722.jpg' because it no longer exists.
         Removing endpoints for asset 'C:\Projects\BlueSky\backend\wwwroot\uploads\lists\7ea8e527-8372-400f-ac67-bf10f18a8722.jpg' because it no longer exists.
         Removing endpoints for asset 'C:\Projects\BlueSky\backend\wwwroot\uploads\posts\02fb19ce-c781-4188-92ab-ca4c1fae40b6.jpg' because it no longer exists.
         Removing endpoints for asset 'C:\Projects\BlueSky\backend\wwwroot\uploads\posts\02fb19ce-c781-4188-92ab-ca4c1fae40b6.jpg' because it no longer exists.
         Removing endpoints for asset 'C:\Projects\BlueSky\backend\wwwroot\cache\resized\uploads_posts_02fb19ce-c781-4188-92ab-ca4c1fae40b6_600_80.webp' because it no longer exists.
         Removing endpoints for asset 'C:\Projects\BlueSky\backend\wwwroot\cache\resized\uploads_posts_02fb19ce-c781-4188-92ab-ca4c1fae40b6_600_80.webp' because it no longer exists.
         Removing endpoints for asset 'C:\Projects\BlueSky\backend\wwwroot\cache\resized\uploads_posts_36a2ee9a-325b-4b2d-85fd-d71632cec0fd_600_80.webp' because it no longer exists.
         Removing endpoints for asset 'C:\Projects\BlueSky\backend\wwwroot\cache\resized\uploads_posts_36a2ee9a-325b-4b2d-85fd-d71632cec0fd_600_80.webp' because it no longer exists.
         Removing endpoints for asset 'C:\Projects\BlueSky\backend\wwwroot\cache\resized\uploads_posts_ac7c587c-1c49-41a2-9dfd-ee6e62a7a89d_600_80.webp' because it no longer exists.
         Removing endpoints for asset 'C:\Projects\BlueSky\backend\wwwroot\cache\resized\uploads_posts_ac7c587c-1c49-41a2-9dfd-ee6e62a7a89d_600_80.webp' because it no longer exists.
         Removing endpoints for asset 'C:\Projects\BlueSky\backend\wwwroot\cache\resized\uploads_posts_e5761972-9ebd-491c-bef0-76053670a9b1_600_80.webp' because it no longer exists.
         Removing endpoints for asset 'C:\Projects\BlueSky\backend\wwwroot\cache\resized\uploads_posts_e5761972-9ebd-491c-bef0-76053670a9b1_600_80.webp' because it no longer exists.
         Removing endpoints for asset 'C:\Projects\BlueSky\backend\wwwroot\cache\resized\uploads_posts_f160444a-a8b7-4087-9b33-b43f0cb441c2_600_80.webp' because it no longer exists.
         Removing endpoints for asset 'C:\Projects\BlueSky\backend\wwwroot\cache\resized\uploads_posts_f160444a-a8b7-4087-9b33-b43f0cb441c2_600_80.webp' because it no longer exists.
         Removing endpoints for asset 'C:\Projects\BlueSky\backend\wwwroot\uploads\covers\23645a71-7888-4b51-aa82-4af15e263a8e.jpeg' because it no longer exists.
         Removing endpoints for asset 'C:\Projects\BlueSky\backend\wwwroot\uploads\covers\23645a71-7888-4b51-aa82-4af15e263a8e.jpeg' because it no longer exists.
         Removing endpoints for asset 'C:\Projects\BlueSky\backend\wwwroot\uploads\covers\2456aee1-e71d-44a2-80e7-12a453c6f760.jpg' because it no longer exists.
         Removing endpoints for asset 'C:\Projects\BlueSky\backend\wwwroot\uploads\covers\2456aee1-e71d-44a2-80e7-12a453c6f760.jpg' because it no longer exists.
         Removing endpoints for asset 'C:\Projects\BlueSky\backend\wwwroot\uploads\covers\570ffc04-c546-4606-bd1c-3d36c1533719.jpg' because it no longer exists.
         Removing endpoints for asset 'C:\Projects\BlueSky\backend\wwwroot\uploads\covers\570ffc04-c546-4606-bd1c-3d36c1533719.jpg' because it no longer exists.
         Removing endpoints for asset 'C:\Projects\BlueSky\backend\wwwroot\uploads\covers\8732e3e3-e0f0-4955-8ff3-cd0bfff6589e.jpg' because it no longer exists.
         Removing endpoints for asset 'C:\Projects\BlueSky\backend\wwwroot\uploads\covers\8732e3e3-e0f0-4955-8ff3-cd0bfff6589e.jpg' because it no longer exists.
         Removing endpoints for asset 'C:\Projects\BlueSky\backend\wwwroot\uploads\covers\a132f7b9-8d07-4815-a256-5c0223b43d00.jpg' because it no longer exists.
         Removing endpoints for asset 'C:\Projects\BlueSky\backend\wwwroot\uploads\covers\a132f7b9-8d07-4815-a256-5c0223b43d00.jpg' because it no longer exists.
         Removing endpoints for asset 'C:\Projects\BlueSky\backend\wwwroot\uploads\posts\8753289f-b156-4db9-aeb1-7e361140c99b.mp4' because it no longer exists.
         Removing endpoints for asset 'C:\Projects\BlueSky\backend\wwwroot\uploads\posts\8753289f-b156-4db9-aeb1-7e361140c99b.mp4' because it no longer exists.
         Removing endpoints for asset 'C:\Projects\BlueSky\backend\wwwroot\uploads\posts\87a5ca45-9602-4609-a535-9464806f2ef3.mp4' because it no longer exists.
         Removing endpoints for asset 'C:\Projects\BlueSky\backend\wwwroot\uploads\posts\87a5ca45-9602-4609-a535-9464806f2ef3.mp4' because it no longer exists.
         Removing endpoints for asset 'C:\Projects\BlueSky\backend\wwwroot\uploads\chat\0f57e5af-6a0c-4c3e-8e76-3d770ff2336a.webp' because it no longer exists.
         Removing endpoints for asset 'C:\Projects\BlueSky\backend\wwwroot\uploads\chat\0f57e5af-6a0c-4c3e-8e76-3d770ff2336a.webp' because it no longer exists.
         Removing endpoints for asset 'C:\Projects\BlueSky\backend\wwwroot\uploads\chat\602a9838-5a6a-4235-837e-42017d6313b9.jpg' because it no longer exists.
         Removing endpoints for asset 'C:\Projects\BlueSky\backend\wwwroot\uploads\chat\602a9838-5a6a-4235-837e-42017d6313b9.jpg' because it no longer exists.
         Removing endpoints for asset 'C:\Projects\BlueSky\backend\wwwroot\uploads\chat\e47622fd-9919-4353-ad18-932e32ec571a.jpg' because it no longer exists.
         Removing endpoints for asset 'C:\Projects\BlueSky\backend\wwwroot\uploads\chat\e47622fd-9919-4353-ad18-932e32ec571a.jpg' because it no longer exists.
         Removing endpoints for asset 'C:\Projects\BlueSky\backend\wwwroot\uploads\covers\168c5e9b-d980-4535-a09e-e4b7ebdbc0cc.jpg' because it no longer exists.
         Removing endpoints for asset 'C:\Projects\BlueSky\backend\wwwroot\uploads\covers\168c5e9b-d980-4535-a09e-e4b7ebdbc0cc.jpg' because it no longer exists.
         Removing endpoints for asset 'C:\Projects\BlueSky\backend\wwwroot\uploads\covers\1903cb00-a365-46bc-aff9-1fd3cd8a01f3.jpg' because it no longer exists.
         Removing endpoints for asset 'C:\Projects\BlueSky\backend\wwwroot\uploads\covers\1903cb00-a365-46bc-aff9-1fd3cd8a01f3.jpg' because it no longer exists.
         Removing endpoints for asset 'C:\Projects\BlueSky\backend\wwwroot\uploads\posts\f4e65e58-e03f-4234-b3ef-2c6968104f0f.jpg' because it no longer exists.
         Removing endpoints for asset 'C:\Projects\BlueSky\backend\wwwroot\uploads\posts\f4e65e58-e03f-4234-b3ef-2c6968104f0f.jpg' because it no longer exists.
         Removing endpoints for asset 'C:\Projects\BlueSky\backend\wwwroot\uploads\avatars\77bcb550-41b2-481b-968f-9da4b260e41e.jpg' because it no longer exists.
         Removing endpoints for asset 'C:\Projects\BlueSky\backend\wwwroot\uploads\avatars\77bcb550-41b2-481b-968f-9da4b260e41e.jpg' because it no longer exists.
         Removing endpoints for asset 'C:\Projects\BlueSky\backend\wwwroot\uploads\avatars\b7c6fd2f-aaa0-480d-b0f1-3589b24ec61b.jpg' because it no longer exists.
         Removing endpoints for asset 'C:\Projects\BlueSky\backend\wwwroot\uploads\avatars\b7c6fd2f-aaa0-480d-b0f1-3589b24ec61b.jpg' because it no longer exists.
         Removing endpoints for asset 'C:\Projects\BlueSky\backend\wwwroot\uploads\avatars\c539c566-83da-4229-baf3-f4c2aa874121.jpg' because it no longer exists.
         Removing endpoints for asset 'C:\Projects\BlueSky\backend\wwwroot\uploads\avatars\c539c566-83da-4229-baf3-f4c2aa874121.jpg' because it no longer exists.
         Removing endpoints for asset 'C:\Projects\BlueSky\backend\wwwroot\uploads\avatars\e1061898-5bdf-46dd-b28a-ec29685509a4.jpg' because it no longer exists.
         Removing endpoints for asset 'C:\Projects\BlueSky\backend\wwwroot\uploads\avatars\e1061898-5bdf-46dd-b28a-ec29685509a4.jpg' because it no longer exists.
         Removing endpoints for asset 'C:\Projects\BlueSky\backend\wwwroot\uploads\chat\076cdcc5-3a7f-4a12-9a0c-7dd5c527a34d.jpg' because it no longer exists.
         Removing endpoints for asset 'C:\Projects\BlueSky\backend\wwwroot\uploads\chat\076cdcc5-3a7f-4a12-9a0c-7dd5c527a34d.jpg' because it no longer exists.
       Done executing task "DefineStaticWebAssetEndpoints".
   1:7>Done building target "ResolveJSModuleManifestBuildStaticWebAssets" in project "BSkyClone.csproj".
       Target "ResolveCoreStaticWebAssets" skipped. Previously built successfully.
       Target "ResolveCoreStaticWebAssets" skipped. Previously built successfully.
       Target "ResolveCssScopes" skipped. Previously built successfully.
   1:7>Target "ResolveScopedCssOutputs" in file "C:\Program Files\dotnet\sdk\9.0.304\Sdks\Microsoft.NET.Sdk.StaticWebAssets\targets\Microsoft.NET.Sdk.StaticWebAssets.ScopedCss.targets" from project "C:\Projects\BlueSky\backend\BSkyClone.csproj" (target "_ComputeScopedCssStaticWebAssets" depends on it):
   1:7>Done building target "ResolveScopedCssOutputs" in project "BSkyClone.csproj".
       Target "ResolveStaticWebAssetsConfiguration" skipped. Previously built successfully.
   1:7>Target "_ComputeScopedCssStaticWebAssets" in file "C:\Program Files\dotnet\sdk\9.0.304\Sdks\Microsoft.NET.Sdk.StaticWebAssets\targets\Microsoft.NET.Sdk.StaticWebAssets.ScopedCss.targets" from project "C:\Projects\BlueSky\backend\BSkyClone.csproj" (target "_CollectAllScopedCssAssets" depends on it):
       Task "DefineStaticWebAssets" skipped, due to false condition; (@(_ScopedCss) != '') was evaluated as ( != '').
       Task "DefineStaticWebAssetEndpoints" skipped, due to false condition; (@(_ScopedCss) != '') was evaluated as ( != '').
   1:7>Done building target "_ComputeScopedCssStaticWebAssets" in project "BSkyClone.csproj".
   1:7>Target "_CollectAllScopedCssAssets" in file "C:\Program Files\dotnet\sdk\9.0.304\Sdks\Microsoft.NET.Sdk.StaticWebAssets\targets\Microsoft.NET.Sdk.StaticWebAssets.ScopedCss.targets" from project "C:\Projects\BlueSky\backend\BSkyClone.csproj" (target "BundleScopedCssFiles" depends on it):
       Using "ResolveAllScopedCssAssets" task from assembly "C:\Program Files\dotnet\sdk\9.0.304\Sdks\Microsoft.NET.Sdk.StaticWebAssets\targets\..\tasks\net9.0\Microsoft.NET.Sdk.StaticWebAssets.Tasks.dll".
       Task "ResolveAllScopedCssAssets"
       Done executing task "ResolveAllScopedCssAssets".
   1:7>Done building target "_CollectAllScopedCssAssets" in project "BSkyClone.csproj".
       Target "ResolveScopedCssOutputs" skipped. Previously built successfully.
   1:7>Target "_ProcessScopedCssFiles" in file "C:\Program Files\dotnet\sdk\9.0.304\Sdks\Microsoft.NET.Sdk.StaticWebAssets\targets\Microsoft.NET.Sdk.StaticWebAssets.ScopedCss.targets" from project "C:\Projects\BlueSky\backend\BSkyClone.csproj" (target "BundleScopedCssFiles" depends on it):
       Skipping target "_ProcessScopedCssFiles" because it has no outputs.
       Though the target has declared its outputs, the output specification only references empty properties and/or empty item lists.
   1:7>Done building target "_ProcessScopedCssFiles" in project "BSkyClone.csproj".
       Target "ResolveStaticWebAssetsConfiguration" skipped. Previously built successfully.
   1:7>Target "_ResolveBundlingConfiguration" in file "C:\Program Files\dotnet\sdk\9.0.304\Sdks\Microsoft.NET.Sdk.StaticWebAssets\targets\Microsoft.NET.Sdk.StaticWebAssets.ScopedCss.targets" from project "C:\Projects\BlueSky\backend\BSkyClone.csproj" (target "BundleScopedCssFiles" depends on it):
   1:7>Done building target "_ResolveBundlingConfiguration" in project "BSkyClone.csproj".
   1:7>Target "BundleScopedCssFiles" in file "C:\Program Files\dotnet\sdk\9.0.304\Sdks\Microsoft.NET.Sdk.StaticWebAssets\targets\Microsoft.NET.Sdk.StaticWebAssets.ScopedCss.targets" from project "C:\Projects\BlueSky\backend\BSkyClone.csproj" (target "GenerateComputedBuildStaticWebAssets" depends on it):
       Task "FilterStaticWebAssetEndpoints" skipped, due to false condition; ('@(_ScopedCssProjectBundles)' != '') was evaluated as ('' != '').
       Task "FilterStaticWebAssetEndpoints" skipped, due to false condition; ('$(StaticWebAssetStandaloneHosting)' != 'true' and '@(_ScopedCssBundlesWithoutFingerprint)' != '') was evaluated as ('' != 'true' and '' != '').
       Task "Error" skipped, due to false condition; ('@(_ScopedCssProjectBundles)' != '' and '@(_ScopedCssBundlesWithoutEndpoints)' != '') was evaluated as ('' != '' and '' != '').
       Task "ResolveStaticWebAssetEndpointRoutes" skipped, due to false condition; ('@(_ScopedCssProjectBundles)' != '') was evaluated as ('' != '').
       Task "ConcatenateCssFiles" skipped, due to false condition; ('@(_ScopedCssProjectBundles)' != '' or '@(_ScopedCss)' != '') was evaluated as ('' != '' or '' != '').
       Task "ConcatenateCssFiles" skipped, due to false condition; ('@(_ScopedCss)' != '') was evaluated as ('' != '').
   1:7>Done building target "BundleScopedCssFiles" in project "BSkyClone.csproj".
   1:7>Target "GenerateComputedBuildStaticWebAssets" in file "C:\Program Files\dotnet\sdk\9.0.304\Sdks\Microsoft.NET.Sdk.StaticWebAssets\targets\Microsoft.NET.Sdk.StaticWebAssets.targets" from project "C:\Projects\BlueSky\backend\BSkyClone.csproj" (target "ResolveStaticWebAssetsInputs" depends on it):
   1:7>Done building target "GenerateComputedBuildStaticWebAssets" in project "BSkyClone.csproj".
       Target "UpdateExistingPackageStaticWebAssets" skipped. Previously built successfully.
   1:7>Target "UpdateLegacyPackageScopedCssBundles" in file "C:\Program Files\dotnet\sdk\9.0.304\Sdks\Microsoft.NET.Sdk.StaticWebAssets\targets\Microsoft.NET.Sdk.StaticWebAssets.ScopedCss.targets" from project "C:\Projects\BlueSky\backend\BSkyClone.csproj" (target "ResolveScopedCssAssets" depends on it):
       Task "DefineStaticWebAssets"
         No cache manifest path specified. Cache will not be used.
       Done executing task "DefineStaticWebAssets".
       Task "DefineStaticWebAssets"
         No cache manifest path specified. Cache will not be used.
       Done executing task "DefineStaticWebAssets".
   1:7>Done building target "UpdateLegacyPackageScopedCssBundles" in project "BSkyClone.csproj".
       Target "_ResolveBundlingConfiguration" skipped. Previously built successfully.
       Target "ResolveScopedCssOutputs" skipped. Previously built successfully.
   1:7>Target "_ProcessScopedCssFiles" in file "C:\Program Files\dotnet\sdk\9.0.304\Sdks\Microsoft.NET.Sdk.StaticWebAssets\targets\Microsoft.NET.Sdk.StaticWebAssets.ScopedCss.targets" from project "C:\Projects\BlueSky\backend\BSkyClone.csproj" (target "GenerateScopedCssFiles" depends on it):
       Skipping target "_ProcessScopedCssFiles" because it has no outputs.
       Though the target has declared its outputs, the output specification only references empty properties and/or empty item lists.
   1:7>Done building target "_ProcessScopedCssFiles" in project "BSkyClone.csproj".
       Target "BundleScopedCssFiles" skipped. Previously built successfully.
   1:7>Target "GenerateScopedCssFiles" in file "C:\Program Files\dotnet\sdk\9.0.304\Sdks\Microsoft.NET.Sdk.StaticWebAssets\targets\Microsoft.NET.Sdk.StaticWebAssets.ScopedCss.targets" from project "C:\Projects\BlueSky\backend\BSkyClone.csproj" (target "ResolveScopedCssAssets" depends on it):
   1:7>Done building target "GenerateScopedCssFiles" in project "BSkyClone.csproj".
       Target "_ResolveBundlingConfiguration" skipped. Previously built successfully.
       Target "_CollectAllScopedCssAssets" skipped. Previously built successfully.
   1:7>Target "ResolveBundledCssAssets" in file "C:\Program Files\dotnet\sdk\9.0.304\Sdks\Microsoft.NET.Sdk.StaticWebAssets\targets\Microsoft.NET.Sdk.StaticWebAssets.ScopedCss.targets" from project "C:\Projects\BlueSky\backend\BSkyClone.csproj" (target "ResolveScopedCssAssets" depends on it):
       Task "DefineStaticWebAssets" skipped, due to false condition; (@(_AllScopedCss) != '') was evaluated as ( != '').
       Task "DefineStaticWebAssetEndpoints" skipped, due to false condition; (@(_AllScopedCss) != '') was evaluated as ( != '').
       Task "UpdateStaticWebAssetEndpoints" skipped, due to false condition; ('@(_AddLinkHeaderToAppBundle)' != '') was evaluated as ('' != '').
       Task "DefineStaticWebAssets" skipped, due to false condition; (@(_ScopedCss) != '') was evaluated as ( != '').
       Task "DefineStaticWebAssetEndpoints" skipped, due to false condition; (@(_ScopedCss) != '') was evaluated as ( != '').
   1:7>Done building target "ResolveBundledCssAssets" in project "BSkyClone.csproj".
   1:7>Target "ResolveScopedCssAssets" in file "C:\Program Files\dotnet\sdk\9.0.304\Sdks\Microsoft.NET.Sdk.StaticWebAssets\targets\Microsoft.NET.Sdk.StaticWebAssets.ScopedCss.targets" from project "C:\Projects\BlueSky\backend\BSkyClone.csproj" (target "ResolveStaticWebAssetsInputs" depends on it):
   1:7>Done building target "ResolveScopedCssAssets" in project "BSkyClone.csproj".
   1:7>Target "ResolveStaticWebAssetsInputs" in file "C:\Program Files\dotnet\sdk\9.0.304\Sdks\Microsoft.NET.Sdk.StaticWebAssets\targets\Microsoft.NET.Sdk.StaticWebAssets.targets" from project "C:\Projects\BlueSky\backend\BSkyClone.csproj" (target "ResolveBuildStaticWebAssets" depends on it):
   1:7>Done building target "ResolveStaticWebAssetsInputs" in project "BSkyClone.csproj".
       Target "ResolveStaticWebAssetsInputs" skipped. Previously built successfully.
   1:7>Target "ResolveBuildCompressedStaticWebAssetsConfiguration" in file "C:\Program Files\dotnet\sdk\9.0.304\Sdks\Microsoft.NET.Sdk.StaticWebAssets\targets\Microsoft.NET.Sdk.StaticWebAssets.Compression.targets" from project "C:\Projects\BlueSky\backend\BSkyClone.csproj" (target "GenerateBuildCompressedStaticWebAssets" depends on it):
       Using "DiscoverPrecompressedAssets" task from assembly "C:\Program Files\dotnet\sdk\9.0.304\Sdks\Microsoft.NET.Sdk.StaticWebAssets\targets\..\tasks\net9.0\Microsoft.NET.Sdk.StaticWebAssets.Tasks.dll".
       Task "DiscoverPrecompressedAssets"
       Done executing task "DiscoverPrecompressedAssets".
       Task "FilterStaticWebAssetEndpoints" skipped, due to false condition; ('@(_PrecompressedStaticWebAssets)' != '') was evaluated as ('' != '').
       Using "ResolveCompressedAssets" task from assembly "C:\Program Files\dotnet\sdk\9.0.304\Sdks\Microsoft.NET.Sdk.StaticWebAssets\targets\..\tasks\net9.0\Microsoft.NET.Sdk.StaticWebAssets.Tasks.dll".
       Task "ResolveCompressedAssets"
         Asset 'C:\Projects\BlueSky\backend\wwwroot\cache\resized\uploads_posts_02fb19ce-c781-4188-92ab-ca4c1fae40b6_600_80.webp' is not compressed.
         Asset 'C:\Projects\BlueSky\backend\wwwroot\cache\resized\uploads_posts_36a2ee9a-325b-4b2d-85fd-d71632cec0fd_600_80.webp' is not compressed.
         Asset 'C:\Projects\BlueSky\backend\wwwroot\cache\resized\uploads_posts_ac7c587c-1c49-41a2-9dfd-ee6e62a7a89d_600_80.webp' is not compressed.
         Asset 'C:\Projects\BlueSky\backend\wwwroot\cache\resized\uploads_posts_e5761972-9ebd-491c-bef0-76053670a9b1_600_80.webp' is not compressed.
         Asset 'C:\Projects\BlueSky\backend\wwwroot\cache\resized\uploads_posts_f160444a-a8b7-4087-9b33-b43f0cb441c2_600_80.webp' is not compressed.
         Asset 'C:\Projects\BlueSky\backend\wwwroot\placeholders\avatar-default.png' is not compressed.
         Asset 'C:\Projects\BlueSky\backend\wwwroot\placeholders\cover-default.png' is not compressed.
         Asset 'C:\Projects\BlueSky\backend\wwwroot\uploads\avatars\2b5ba950-3d2e-41f1-887b-b5345a14444d.jpg' is not compressed.
         Asset 'C:\Projects\BlueSky\backend\wwwroot\uploads\avatars\517e0e9b-0b34-4f88-9d96-f49460db78da.jpg' is not compressed.
         Asset 'C:\Projects\BlueSky\backend\wwwroot\uploads\avatars\58c1332f-87e0-492b-85f6-50db2a6d9dbc.jpg' is not compressed.
         Asset 'C:\Projects\BlueSky\backend\wwwroot\uploads\avatars\77bcb550-41b2-481b-968f-9da4b260e41e.jpg' is not compressed.
         Asset 'C:\Projects\BlueSky\backend\wwwroot\uploads\avatars\b7c6fd2f-aaa0-480d-b0f1-3589b24ec61b.jpg' is not compressed.
         Asset 'C:\Projects\BlueSky\backend\wwwroot\uploads\avatars\c539c566-83da-4229-baf3-f4c2aa874121.jpg' is not compressed.
         Asset 'C:\Projects\BlueSky\backend\wwwroot\uploads\avatars\e1061898-5bdf-46dd-b28a-ec29685509a4.jpg' is not compressed.
         Asset 'C:\Projects\BlueSky\backend\wwwroot\uploads\chat\076cdcc5-3a7f-4a12-9a0c-7dd5c527a34d.jpg' is not compressed.
         Asset 'C:\Projects\BlueSky\backend\wwwroot\uploads\chat\0f57e5af-6a0c-4c3e-8e76-3d770ff2336a.webp' is not compressed.
         Asset 'C:\Projects\BlueSky\backend\wwwroot\uploads\chat\602a9838-5a6a-4235-837e-42017d6313b9.jpg' is not compressed.
         Asset 'C:\Projects\BlueSky\backend\wwwroot\uploads\chat\e47622fd-9919-4353-ad18-932e32ec571a.jpg' is not compressed.
         Asset 'C:\Projects\BlueSky\backend\wwwroot\uploads\covers\168c5e9b-d980-4535-a09e-e4b7ebdbc0cc.jpg' is not compressed.
         Asset 'C:\Projects\BlueSky\backend\wwwroot\uploads\covers\1903cb00-a365-46bc-aff9-1fd3cd8a01f3.jpg' is not compressed.
         Asset 'C:\Projects\BlueSky\backend\wwwroot\uploads\covers\23645a71-7888-4b51-aa82-4af15e263a8e.jpeg' is not compressed.
         Asset 'C:\Projects\BlueSky\backend\wwwroot\uploads\covers\2456aee1-e71d-44a2-80e7-12a453c6f760.jpg' is not compressed.
         Asset 'C:\Projects\BlueSky\backend\wwwroot\uploads\covers\570ffc04-c546-4606-bd1c-3d36c1533719.jpg' is not compressed.
         Asset 'C:\Projects\BlueSky\backend\wwwroot\uploads\covers\8732e3e3-e0f0-4955-8ff3-cd0bfff6589e.jpg' is not compressed.
         Asset 'C:\Projects\BlueSky\backend\wwwroot\uploads\covers\a132f7b9-8d07-4815-a256-5c0223b43d00.jpg' is not compressed.
         Asset 'C:\Projects\BlueSky\backend\wwwroot\uploads\covers\ebc437f4-4dc1-4cc8-b822-3c92e79e8a06.jpg' is not compressed.
         Asset 'C:\Projects\BlueSky\backend\wwwroot\uploads\covers\f987aa0f-8f51-48b8-8bf5-445b99e92f93.jpg' is not compressed.
         Asset 'C:\Projects\BlueSky\backend\wwwroot\uploads\covers\fd5a18e5-e125-49e2-b008-d39a96f58016.jpg' is not compressed.
         Asset 'C:\Projects\BlueSky\backend\wwwroot\uploads\feeds\09363fd5-7dbc-411e-aede-241aab62ea85.jpg' is not compressed.
         Asset 'C:\Projects\BlueSky\backend\wwwroot\uploads\lists\333bc398-2634-4fb4-82ee-1371c1e37270.jpg' is not compressed.
         Asset 'C:\Projects\BlueSky\backend\wwwroot\uploads\lists\6701e576-56da-4250-a91a-6538e4b7c5ef.jpg' is not compressed.
         Asset 'C:\Projects\BlueSky\backend\wwwroot\uploads\lists\7ea8e527-8372-400f-ac67-bf10f18a8722.jpg' is not compressed.
         Asset 'C:\Projects\BlueSky\backend\wwwroot\uploads\posts\02fb19ce-c781-4188-92ab-ca4c1fae40b6.jpg' is not compressed.
         Asset 'C:\Projects\BlueSky\backend\wwwroot\uploads\posts\1236e86c-8959-42e9-ad21-3ea80eedf260.jpg' is not compressed.
         Asset 'C:\Projects\BlueSky\backend\wwwroot\uploads\posts\36a2ee9a-325b-4b2d-85fd-d71632cec0fd.webp' is not compressed.
         Asset 'C:\Projects\BlueSky\backend\wwwroot\uploads\posts\46d9db6f-9394-4878-84fd-eac399d57b82.mp4' is not compressed.
         Asset 'C:\Projects\BlueSky\backend\wwwroot\uploads\posts\5e9ac5ea-c811-4cdd-9ef2-b487432108fa.jpg' is not compressed.
         Asset 'C:\Projects\BlueSky\backend\wwwroot\uploads\posts\75b610a8-3ba1-44a2-855e-62ab588f6cca.mp4' is not compressed.
         Asset 'C:\Projects\BlueSky\backend\wwwroot\uploads\posts\8753289f-b156-4db9-aeb1-7e361140c99b.mp4' is not compressed.
         Asset 'C:\Projects\BlueSky\backend\wwwroot\uploads\posts\87a5ca45-9602-4609-a535-9464806f2ef3.mp4' is not compressed.
         Asset 'C:\Projects\BlueSky\backend\wwwroot\uploads\posts\ac7c587c-1c49-41a2-9dfd-ee6e62a7a89d.jpg' is not compressed.
         Asset 'C:\Projects\BlueSky\backend\wwwroot\uploads\posts\be64586f-dea5-4972-965d-72537cbd0b6a.mp4' is not compressed.
         Asset 'C:\Projects\BlueSky\backend\wwwroot\uploads\posts\cd9b5810-2d2e-4eff-930b-fdbefa8f4fe8.jpg' is not compressed.
         Asset 'C:\Projects\BlueSky\backend\wwwroot\uploads\posts\e5761972-9ebd-491c-bef0-76053670a9b1.jpg' is not compressed.
         Asset 'C:\Projects\BlueSky\backend\wwwroot\uploads\posts\f160444a-a8b7-4087-9b33-b43f0cb441c2.jpg' is not compressed.
         Asset 'C:\Projects\BlueSky\backend\wwwroot\uploads\posts\f4e65e58-e03f-4234-b3ef-2c6968104f0f.jpg' is not compressed.
         Asset 'C:\Projects\BlueSky\backend\wwwroot\cache\resized\uploads_posts_02fb19ce-c781-4188-92ab-ca4c1fae40b6_600_80.webp' with relative path 'cache/resized/uploads_posts_02fb19ce-c781-4188-92ab-ca4c1fae40b6_600_80.webp' did not match include pattern '
               ;
               **/*.js;
               **/*.css;
               **/*.html;
               **/*.json;
               **/*.mjs;
               **/*.xml;
               **/*.htm;
               **/*.wasm;
               **/*.txt;
               **/*.dll;
               **/*.pdb;
               **/*.dat;
               **/*.jsx;
               **/*.markdown;
               **/*.md;
               **/*.webmanifest;
               **/*.bmp;
               **/*.svg;
               **/*.otf;
               **/*.art;
               **/*.cmx;
               **/*.cod;
               **/*.dib;
               **/*.ico;
               **/*.ief;
               **/*.pbm;
               **/*.pgm;
               **/*.pnm;
               **/*.ppm;
               **/*.ras;
               **/*.rf;
               **/*.rgb;
               **/*.tif
               **/*.tiff;
               **/*.wbmp;
               **/*.xbm;
               **/*.xpm;
               **/*.xwd;
               **/*.aif;
               **/*.aifc;
               **/*.aif;
               **/*.au;
               **/*.m3u;
               **/*.mid;
               **/*.midi;
               **/*.ra;
               **/*.ram;
               **/*.smd;
               **/*.smx;
               **/*.smz;
               **/*.wav;
               **/*.323;
               **/*.appcache;
               **/*.asm;
               **/*.bas;
               **/*.c;
               **/*.cnf;
               **/*.cpp;
               **/*.csv;
               **/*.disco;
               **/*.dlm;
               **/*.dtd;
               **/*.etx;
               **/*.h;
               **/*.hdml;
               **/*.htc;
               **/*.htt;
               **/*.hxt;
               **/*.ical;
               **/*.icalendar;
               **/*.ics;
               **/*.ifb;
               **/*.map;
               **/*.mno;
               **/*.odc;
               **/*.rtx;
               **/*.sct;
               **/*.sgml;
               **/*.tsv;
               **/*.uls;
               **/*.vbs;
               **/*.vcf;
               **/*.vcs;
               **/*.vml;
               **/*.wml;
               **/*.wmls;
               **/*.wsdl;
               **/*.xdr;
               **/*.xsd;
               **/*.xsf;
               **/*.xsl;
               **/*.xslt;
             ' or matched exclude pattern '
               ;
               **/*.gz;
               **/*.br;
               **/*.jpeg;
               **/*.jpg;
               **/*.png;
               **/*.gif;
               **/*.webp;
               **/*.woff;
               **/*.woff2;
               **/*.m4v;
               **/*.mov;
               **/*.movie;
               **/*.mp2;
               **/*.mp4;
               **/*.mp4v;
               **/*.mpa;
               **/*.mpe;
               **/*.mpeg;
               **/*.mpg;
               **/*.mpv2;
               **/*.ogg;
               **/*.ogv;
               **/*.webm;
               **/*.jfif;
               **/*.svgz;
               **/*.jpe;
               **/*.pnz;
               **/*.aac;
               **/*.adt;
               **/*.adts;
               **/*.m4a;
               **/*.mp3;
               **/*.oga;
               **/*.wax;
               **/*.wma;
             '.
         Asset 'C:\Projects\BlueSky\backend\wwwroot\cache\resized\uploads_posts_36a2ee9a-325b-4b2d-85fd-d71632cec0fd_600_80.webp' with relative path 'cache/resized/uploads_posts_36a2ee9a-325b-4b2d-85fd-d71632cec0fd_600_80.webp' did not match include pattern '
               ;
               **/*.js;
               **/*.css;
               **/*.html;
               **/*.json;
               **/*.mjs;
               **/*.xml;
               **/*.htm;
               **/*.wasm;
               **/*.txt;
               **/*.dll;
               **/*.pdb;
               **/*.dat;
               **/*.jsx;
               **/*.markdown;
               **/*.md;
               **/*.webmanifest;
               **/*.bmp;
               **/*.svg;
               **/*.otf;
               **/*.art;
               **/*.cmx;
               **/*.cod;
               **/*.dib;
               **/*.ico;
               **/*.ief;
               **/*.pbm;
               **/*.pgm;
               **/*.pnm;
               **/*.ppm;
               **/*.ras;
               **/*.rf;
               **/*.rgb;
               **/*.tif
               **/*.tiff;
               **/*.wbmp;
               **/*.xbm;
               **/*.xpm;
               **/*.xwd;
               **/*.aif;
               **/*.aifc;
               **/*.aif;
               **/*.au;
               **/*.m3u;
               **/*.mid;
               **/*.midi;
               **/*.ra;
               **/*.ram;
               **/*.smd;
               **/*.smx;
               **/*.smz;
               **/*.wav;
               **/*.323;
               **/*.appcache;
               **/*.asm;
               **/*.bas;
               **/*.c;
               **/*.cnf;
               **/*.cpp;
               **/*.csv;
               **/*.disco;
               **/*.dlm;
               **/*.dtd;
               **/*.etx;
               **/*.h;
               **/*.hdml;
               **/*.htc;
               **/*.htt;
               **/*.hxt;
               **/*.ical;
               **/*.icalendar;
               **/*.ics;
               **/*.ifb;
               **/*.map;
               **/*.mno;
               **/*.odc;
               **/*.rtx;
               **/*.sct;
               **/*.sgml;
               **/*.tsv;
               **/*.uls;
               **/*.vbs;
               **/*.vcf;
               **/*.vcs;
               **/*.vml;
               **/*.wml;
               **/*.wmls;
               **/*.wsdl;
               **/*.xdr;
               **/*.xsd;
               **/*.xsf;
               **/*.xsl;
               **/*.xslt;
             ' or matched exclude pattern '
               ;
               **/*.gz;
               **/*.br;
               **/*.jpeg;
               **/*.jpg;
               **/*.png;
               **/*.gif;
               **/*.webp;
               **/*.woff;
               **/*.woff2;
               **/*.m4v;
               **/*.mov;
               **/*.movie;
               **/*.mp2;
               **/*.mp4;
               **/*.mp4v;
               **/*.mpa;
               **/*.mpe;
               **/*.mpeg;
               **/*.mpg;
               **/*.mpv2;
               **/*.ogg;
               **/*.ogv;
               **/*.webm;
               **/*.jfif;
               **/*.svgz;
               **/*.jpe;
               **/*.pnz;
               **/*.aac;
               **/*.adt;
               **/*.adts;
               **/*.m4a;
               **/*.mp3;
               **/*.oga;
               **/*.wax;
               **/*.wma;
             '.
         Asset 'C:\Projects\BlueSky\backend\wwwroot\cache\resized\uploads_posts_ac7c587c-1c49-41a2-9dfd-ee6e62a7a89d_600_80.webp' with relative path 'cache/resized/uploads_posts_ac7c587c-1c49-41a2-9dfd-ee6e62a7a89d_600_80.webp' did not match include pattern '
               ;
               **/*.js;
               **/*.css;
               **/*.html;
               **/*.json;
               **/*.mjs;
               **/*.xml;
               **/*.htm;
               **/*.wasm;
               **/*.txt;
               **/*.dll;
               **/*.pdb;
               **/*.dat;
               **/*.jsx;
               **/*.markdown;
               **/*.md;
               **/*.webmanifest;
               **/*.bmp;
               **/*.svg;
               **/*.otf;
               **/*.art;
               **/*.cmx;
               **/*.cod;
               **/*.dib;
               **/*.ico;
               **/*.ief;
               **/*.pbm;
               **/*.pgm;
               **/*.pnm;
               **/*.ppm;
               **/*.ras;
               **/*.rf;
               **/*.rgb;
               **/*.tif
               **/*.tiff;
               **/*.wbmp;
               **/*.xbm;
               **/*.xpm;
               **/*.xwd;
               **/*.aif;
               **/*.aifc;
               **/*.aif;
               **/*.au;
               **/*.m3u;
               **/*.mid;
               **/*.midi;
               **/*.ra;
               **/*.ram;
               **/*.smd;
               **/*.smx;
               **/*.smz;
               **/*.wav;
               **/*.323;
               **/*.appcache;
               **/*.asm;
               **/*.bas;
               **/*.c;
               **/*.cnf;
               **/*.cpp;
               **/*.csv;
               **/*.disco;
               **/*.dlm;
               **/*.dtd;
               **/*.etx;
               **/*.h;
               **/*.hdml;
               **/*.htc;
               **/*.htt;
               **/*.hxt;
               **/*.ical;
               **/*.icalendar;
               **/*.ics;
               **/*.ifb;
               **/*.map;
               **/*.mno;
               **/*.odc;
               **/*.rtx;
               **/*.sct;
               **/*.sgml;
               **/*.tsv;
               **/*.uls;
               **/*.vbs;
               **/*.vcf;
               **/*.vcs;
               **/*.vml;
               **/*.wml;
               **/*.wmls;
               **/*.wsdl;
               **/*.xdr;
               **/*.xsd;
               **/*.xsf;
               **/*.xsl;
               **/*.xslt;
             ' or matched exclude pattern '
               ;
               **/*.gz;
               **/*.br;
               **/*.jpeg;
               **/*.jpg;
               **/*.png;
               **/*.gif;
               **/*.webp;
               **/*.woff;
               **/*.woff2;
               **/*.m4v;
               **/*.mov;
               **/*.movie;
               **/*.mp2;
               **/*.mp4;
               **/*.mp4v;
               **/*.mpa;
               **/*.mpe;
               **/*.mpeg;
               **/*.mpg;
               **/*.mpv2;
               **/*.ogg;
               **/*.ogv;
               **/*.webm;
               **/*.jfif;
               **/*.svgz;
               **/*.jpe;
               **/*.pnz;
               **/*.aac;
               **/*.adt;
               **/*.adts;
               **/*.m4a;
               **/*.mp3;
               **/*.oga;
               **/*.wax;
               **/*.wma;
             '.
         Asset 'C:\Projects\BlueSky\backend\wwwroot\cache\resized\uploads_posts_e5761972-9ebd-491c-bef0-76053670a9b1_600_80.webp' with relative path 'cache/resized/uploads_posts_e5761972-9ebd-491c-bef0-76053670a9b1_600_80.webp' did not match include pattern '
               ;
               **/*.js;
               **/*.css;
               **/*.html;
               **/*.json;
               **/*.mjs;
               **/*.xml;
               **/*.htm;
               **/*.wasm;
               **/*.txt;
               **/*.dll;
               **/*.pdb;
               **/*.dat;
               **/*.jsx;
               **/*.markdown;
               **/*.md;
               **/*.webmanifest;
               **/*.bmp;
               **/*.svg;
               **/*.otf;
               **/*.art;
               **/*.cmx;
               **/*.cod;
               **/*.dib;
               **/*.ico;
               **/*.ief;
               **/*.pbm;
               **/*.pgm;
               **/*.pnm;
               **/*.ppm;
               **/*.ras;
               **/*.rf;
               **/*.rgb;
               **/*.tif
               **/*.tiff;
               **/*.wbmp;
               **/*.xbm;
               **/*.xpm;
               **/*.xwd;
               **/*.aif;
               **/*.aifc;
               **/*.aif;
               **/*.au;
               **/*.m3u;
               **/*.mid;
               **/*.midi;
               **/*.ra;
               **/*.ram;
               **/*.smd;
               **/*.smx;
               **/*.smz;
               **/*.wav;
               **/*.323;
               **/*.appcache;
               **/*.asm;
               **/*.bas;
               **/*.c;
               **/*.cnf;
               **/*.cpp;
               **/*.csv;
               **/*.disco;
               **/*.dlm;
               **/*.dtd;
               **/*.etx;
               **/*.h;
               **/*.hdml;
               **/*.htc;
               **/*.htt;
               **/*.hxt;
               **/*.ical;
               **/*.icalendar;
               **/*.ics;
               **/*.ifb;
               **/*.map;
               **/*.mno;
               **/*.odc;
               **/*.rtx;
               **/*.sct;
               **/*.sgml;
               **/*.tsv;
               **/*.uls;
               **/*.vbs;
               **/*.vcf;
               **/*.vcs;
               **/*.vml;
               **/*.wml;
               **/*.wmls;
               **/*.wsdl;
               **/*.xdr;
               **/*.xsd;
               **/*.xsf;
               **/*.xsl;
               **/*.xslt;
             ' or matched exclude pattern '
               ;
               **/*.gz;
               **/*.br;
               **/*.jpeg;
               **/*.jpg;
               **/*.png;
               **/*.gif;
               **/*.webp;
               **/*.woff;
               **/*.woff2;
               **/*.m4v;
               **/*.mov;
               **/*.movie;
               **/*.mp2;
               **/*.mp4;
               **/*.mp4v;
               **/*.mpa;
               **/*.mpe;
               **/*.mpeg;
               **/*.mpg;
               **/*.mpv2;
               **/*.ogg;
               **/*.ogv;
               **/*.webm;
               **/*.jfif;
               **/*.svgz;
               **/*.jpe;
               **/*.pnz;
               **/*.aac;
               **/*.adt;
               **/*.adts;
               **/*.m4a;
               **/*.mp3;
               **/*.oga;
               **/*.wax;
               **/*.wma;
             '.
         Asset 'C:\Projects\BlueSky\backend\wwwroot\cache\resized\uploads_posts_f160444a-a8b7-4087-9b33-b43f0cb441c2_600_80.webp' with relative path 'cache/resized/uploads_posts_f160444a-a8b7-4087-9b33-b43f0cb441c2_600_80.webp' did not match include pattern '
               ;
               **/*.js;
               **/*.css;
               **/*.html;
               **/*.json;
               **/*.mjs;
               **/*.xml;
               **/*.htm;
               **/*.wasm;
               **/*.txt;
               **/*.dll;
               **/*.pdb;
               **/*.dat;
               **/*.jsx;
               **/*.markdown;
               **/*.md;
               **/*.webmanifest;
               **/*.bmp;
               **/*.svg;
               **/*.otf;
               **/*.art;
               **/*.cmx;
               **/*.cod;
               **/*.dib;
               **/*.ico;
               **/*.ief;
               **/*.pbm;
               **/*.pgm;
               **/*.pnm;
               **/*.ppm;
               **/*.ras;
               **/*.rf;
               **/*.rgb;
               **/*.tif
               **/*.tiff;
               **/*.wbmp;
               **/*.xbm;
               **/*.xpm;
               **/*.xwd;
               **/*.aif;
               **/*.aifc;
               **/*.aif;
               **/*.au;
               **/*.m3u;
               **/*.mid;
               **/*.midi;
               **/*.ra;
               **/*.ram;
               **/*.smd;
               **/*.smx;
               **/*.smz;
               **/*.wav;
               **/*.323;
               **/*.appcache;
               **/*.asm;
               **/*.bas;
               **/*.c;
               **/*.cnf;
               **/*.cpp;
               **/*.csv;
               **/*.disco;
               **/*.dlm;
               **/*.dtd;
               **/*.etx;
               **/*.h;
               **/*.hdml;
               **/*.htc;
               **/*.htt;
               **/*.hxt;
               **/*.ical;
               **/*.icalendar;
               **/*.ics;
               **/*.ifb;
               **/*.map;
               **/*.mno;
               **/*.odc;
               **/*.rtx;
               **/*.sct;
               **/*.sgml;
               **/*.tsv;
               **/*.uls;
               **/*.vbs;
               **/*.vcf;
               **/*.vcs;
               **/*.vml;
               **/*.wml;
               **/*.wmls;
               **/*.wsdl;
               **/*.xdr;
               **/*.xsd;
               **/*.xsf;
               **/*.xsl;
               **/*.xslt;
             ' or matched exclude pattern '
               ;
               **/*.gz;
               **/*.br;
               **/*.jpeg;
               **/*.jpg;
               **/*.png;
               **/*.gif;
               **/*.webp;
               **/*.woff;
               **/*.woff2;
               **/*.m4v;
               **/*.mov;
               **/*.movie;
               **/*.mp2;
               **/*.mp4;
               **/*.mp4v;
               **/*.mpa;
               **/*.mpe;
               **/*.mpeg;
               **/*.mpg;
               **/*.mpv2;
               **/*.ogg;
               **/*.ogv;
               **/*.webm;
               **/*.jfif;
               **/*.svgz;
               **/*.jpe;
               **/*.pnz;
               **/*.aac;
               **/*.adt;
               **/*.adts;
               **/*.m4a;
               **/*.mp3;
               **/*.oga;
               **/*.wax;
               **/*.wma;
             '.
         Asset 'C:\Projects\BlueSky\backend\wwwroot\placeholders\avatar-default.png' with relative path 'placeholders/avatar-default.png' did not match include pattern '
               ;
               **/*.js;
               **/*.css;
               **/*.html;
               **/*.json;
               **/*.mjs;
               **/*.xml;
               **/*.htm;
               **/*.wasm;
               **/*.txt;
               **/*.dll;
               **/*.pdb;
               **/*.dat;
               **/*.jsx;
               **/*.markdown;
               **/*.md;
               **/*.webmanifest;
               **/*.bmp;
               **/*.svg;
               **/*.otf;
               **/*.art;
               **/*.cmx;
               **/*.cod;
               **/*.dib;
               **/*.ico;
               **/*.ief;
               **/*.pbm;
               **/*.pgm;
               **/*.pnm;
               **/*.ppm;
               **/*.ras;
               **/*.rf;
               **/*.rgb;
               **/*.tif
               **/*.tiff;
               **/*.wbmp;
               **/*.xbm;
               **/*.xpm;
               **/*.xwd;
               **/*.aif;
               **/*.aifc;
               **/*.aif;
               **/*.au;
               **/*.m3u;
               **/*.mid;
               **/*.midi;
               **/*.ra;
               **/*.ram;
               **/*.smd;
               **/*.smx;
               **/*.smz;
               **/*.wav;
               **/*.323;
               **/*.appcache;
               **/*.asm;
               **/*.bas;
               **/*.c;
               **/*.cnf;
               **/*.cpp;
               **/*.csv;
               **/*.disco;
               **/*.dlm;
               **/*.dtd;
               **/*.etx;
               **/*.h;
               **/*.hdml;
               **/*.htc;
               **/*.htt;
               **/*.hxt;
               **/*.ical;
               **/*.icalendar;
               **/*.ics;
               **/*.ifb;
               **/*.map;
               **/*.mno;
               **/*.odc;
               **/*.rtx;
               **/*.sct;
               **/*.sgml;
               **/*.tsv;
               **/*.uls;
               **/*.vbs;
               **/*.vcf;
               **/*.vcs;
               **/*.vml;
               **/*.wml;
               **/*.wmls;
               **/*.wsdl;
               **/*.xdr;
               **/*.xsd;
               **/*.xsf;
               **/*.xsl;
               **/*.xslt;
             ' or matched exclude pattern '
               ;
               **/*.gz;
               **/*.br;
               **/*.jpeg;
               **/*.jpg;
               **/*.png;
               **/*.gif;
               **/*.webp;
               **/*.woff;
               **/*.woff2;
               **/*.m4v;
               **/*.mov;
               **/*.movie;
               **/*.mp2;
               **/*.mp4;
               **/*.mp4v;
               **/*.mpa;
               **/*.mpe;
               **/*.mpeg;
               **/*.mpg;
               **/*.mpv2;
               **/*.ogg;
               **/*.ogv;
               **/*.webm;
               **/*.jfif;
               **/*.svgz;
               **/*.jpe;
               **/*.pnz;
               **/*.aac;
               **/*.adt;
               **/*.adts;
               **/*.m4a;
               **/*.mp3;
               **/*.oga;
               **/*.wax;
               **/*.wma;
             '.
         Asset 'C:\Projects\BlueSky\backend\wwwroot\placeholders\cover-default.png' with relative path 'placeholders/cover-default.png' did not match include pattern '
               ;
               **/*.js;
               **/*.css;
               **/*.html;
               **/*.json;
               **/*.mjs;
               **/*.xml;
               **/*.htm;
               **/*.wasm;
               **/*.txt;
               **/*.dll;
               **/*.pdb;
               **/*.dat;
               **/*.jsx;
               **/*.markdown;
               **/*.md;
               **/*.webmanifest;
               **/*.bmp;
               **/*.svg;
               **/*.otf;
               **/*.art;
               **/*.cmx;
               **/*.cod;
               **/*.dib;
               **/*.ico;
               **/*.ief;
               **/*.pbm;
               **/*.pgm;
               **/*.pnm;
               **/*.ppm;
               **/*.ras;
               **/*.rf;
               **/*.rgb;
               **/*.tif
               **/*.tiff;
               **/*.wbmp;
               **/*.xbm;
               **/*.xpm;
               **/*.xwd;
               **/*.aif;
               **/*.aifc;
               **/*.aif;
               **/*.au;
               **/*.m3u;
               **/*.mid;
               **/*.midi;
               **/*.ra;
               **/*.ram;
               **/*.smd;
               **/*.smx;
               **/*.smz;
               **/*.wav;
               **/*.323;
               **/*.appcache;
               **/*.asm;
               **/*.bas;
               **/*.c;
               **/*.cnf;
               **/*.cpp;
               **/*.csv;
               **/*.disco;
               **/*.dlm;
               **/*.dtd;
               **/*.etx;
               **/*.h;
               **/*.hdml;
               **/*.htc;
               **/*.htt;
               **/*.hxt;
               **/*.ical;
               **/*.icalendar;
               **/*.ics;
               **/*.ifb;
               **/*.map;
               **/*.mno;
               **/*.odc;
               **/*.rtx;
               **/*.sct;
               **/*.sgml;
               **/*.tsv;
               **/*.uls;
               **/*.vbs;
               **/*.vcf;
               **/*.vcs;
               **/*.vml;
               **/*.wml;
               **/*.wmls;
               **/*.wsdl;
               **/*.xdr;
               **/*.xsd;
               **/*.xsf;
               **/*.xsl;
               **/*.xslt;
             ' or matched exclude pattern '
               ;
               **/*.gz;
               **/*.br;
               **/*.jpeg;
               **/*.jpg;
               **/*.png;
               **/*.gif;
               **/*.webp;
               **/*.woff;
               **/*.woff2;
               **/*.m4v;
               **/*.mov;
               **/*.movie;
               **/*.mp2;
               **/*.mp4;
               **/*.mp4v;
               **/*.mpa;
               **/*.mpe;
               **/*.mpeg;
               **/*.mpg;
               **/*.mpv2;
               **/*.ogg;
               **/*.ogv;
               **/*.webm;
               **/*.jfif;
               **/*.svgz;
               **/*.jpe;
               **/*.pnz;
               **/*.aac;
               **/*.adt;
               **/*.adts;
               **/*.m4a;
               **/*.mp3;
               **/*.oga;
               **/*.wax;
               **/*.wma;
             '.
         Asset 'C:\Projects\BlueSky\backend\wwwroot\uploads\avatars\2b5ba950-3d2e-41f1-887b-b5345a14444d.jpg' with relative path 'uploads/avatars/2b5ba950-3d2e-41f1-887b-b5345a14444d.jpg' did not match include pattern '
               ;
               **/*.js;
               **/*.css;
               **/*.html;
               **/*.json;
               **/*.mjs;
               **/*.xml;
               **/*.htm;
               **/*.wasm;
               **/*.txt;
               **/*.dll;
               **/*.pdb;
               **/*.dat;
               **/*.jsx;
               **/*.markdown;
               **/*.md;
               **/*.webmanifest;
               **/*.bmp;
               **/*.svg;
               **/*.otf;
               **/*.art;
               **/*.cmx;
               **/*.cod;
               **/*.dib;
               **/*.ico;
               **/*.ief;
               **/*.pbm;
               **/*.pgm;
               **/*.pnm;
               **/*.ppm;
               **/*.ras;
               **/*.rf;
               **/*.rgb;
               **/*.tif
               **/*.tiff;
               **/*.wbmp;
               **/*.xbm;
               **/*.xpm;
               **/*.xwd;
               **/*.aif;
               **/*.aifc;
               **/*.aif;
               **/*.au;
               **/*.m3u;
               **/*.mid;
               **/*.midi;
               **/*.ra;
               **/*.ram;
               **/*.smd;
               **/*.smx;
               **/*.smz;
               **/*.wav;
               **/*.323;
               **/*.appcache;
               **/*.asm;
               **/*.bas;
               **/*.c;
               **/*.cnf;
               **/*.cpp;
               **/*.csv;
               **/*.disco;
               **/*.dlm;
               **/*.dtd;
               **/*.etx;
               **/*.h;
               **/*.hdml;
               **/*.htc;
               **/*.htt;
               **/*.hxt;
               **/*.ical;
               **/*.icalendar;
               **/*.ics;
               **/*.ifb;
               **/*.map;
               **/*.mno;
               **/*.odc;
               **/*.rtx;
               **/*.sct;
               **/*.sgml;
               **/*.tsv;
               **/*.uls;
               **/*.vbs;
               **/*.vcf;
               **/*.vcs;
               **/*.vml;
               **/*.wml;
               **/*.wmls;
               **/*.wsdl;
               **/*.xdr;
               **/*.xsd;
               **/*.xsf;
               **/*.xsl;
               **/*.xslt;
             ' or matched exclude pattern '
               ;
               **/*.gz;
               **/*.br;
               **/*.jpeg;
               **/*.jpg;
               **/*.png;
               **/*.gif;
               **/*.webp;
               **/*.woff;
               **/*.woff2;
               **/*.m4v;
               **/*.mov;
               **/*.movie;
               **/*.mp2;
               **/*.mp4;
               **/*.mp4v;
               **/*.mpa;
               **/*.mpe;
               **/*.mpeg;
               **/*.mpg;
               **/*.mpv2;
               **/*.ogg;
               **/*.ogv;
               **/*.webm;
               **/*.jfif;
               **/*.svgz;
               **/*.jpe;
               **/*.pnz;
               **/*.aac;
               **/*.adt;
               **/*.adts;
               **/*.m4a;
               **/*.mp3;
               **/*.oga;
               **/*.wax;
               **/*.wma;
             '.
         Asset 'C:\Projects\BlueSky\backend\wwwroot\uploads\avatars\517e0e9b-0b34-4f88-9d96-f49460db78da.jpg' with relative path 'uploads/avatars/517e0e9b-0b34-4f88-9d96-f49460db78da.jpg' did not match include pattern '
               ;
               **/*.js;
               **/*.css;
               **/*.html;
               **/*.json;
               **/*.mjs;
               **/*.xml;
               **/*.htm;
               **/*.wasm;
               **/*.txt;
               **/*.dll;
               **/*.pdb;
               **/*.dat;
               **/*.jsx;
               **/*.markdown;
               **/*.md;
               **/*.webmanifest;
               **/*.bmp;
               **/*.svg;
               **/*.otf;
               **/*.art;
               **/*.cmx;
               **/*.cod;
               **/*.dib;
               **/*.ico;
               **/*.ief;
               **/*.pbm;
               **/*.pgm;
               **/*.pnm;
               **/*.ppm;
               **/*.ras;
               **/*.rf;
               **/*.rgb;
               **/*.tif
               **/*.tiff;
               **/*.wbmp;
               **/*.xbm;
               **/*.xpm;
               **/*.xwd;
               **/*.aif;
               **/*.aifc;
               **/*.aif;
               **/*.au;
               **/*.m3u;
               **/*.mid;
               **/*.midi;
               **/*.ra;
               **/*.ram;
               **/*.smd;
               **/*.smx;
               **/*.smz;
               **/*.wav;
               **/*.323;
               **/*.appcache;
               **/*.asm;
               **/*.bas;
               **/*.c;
               **/*.cnf;
               **/*.cpp;
               **/*.csv;
               **/*.disco;
               **/*.dlm;
               **/*.dtd;
               **/*.etx;
               **/*.h;
               **/*.hdml;
               **/*.htc;
               **/*.htt;
               **/*.hxt;
               **/*.ical;
               **/*.icalendar;
               **/*.ics;
               **/*.ifb;
               **/*.map;
               **/*.mno;
               **/*.odc;
               **/*.rtx;
               **/*.sct;
               **/*.sgml;
               **/*.tsv;
               **/*.uls;
               **/*.vbs;
               **/*.vcf;
               **/*.vcs;
               **/*.vml;
               **/*.wml;
               **/*.wmls;
               **/*.wsdl;
               **/*.xdr;
               **/*.xsd;
               **/*.xsf;
               **/*.xsl;
               **/*.xslt;
             ' or matched exclude pattern '
               ;
               **/*.gz;
               **/*.br;
               **/*.jpeg;
               **/*.jpg;
               **/*.png;
               **/*.gif;
               **/*.webp;
               **/*.woff;
               **/*.woff2;
               **/*.m4v;
               **/*.mov;
               **/*.movie;
               **/*.mp2;
               **/*.mp4;
               **/*.mp4v;
               **/*.mpa;
               **/*.mpe;
               **/*.mpeg;
               **/*.mpg;
               **/*.mpv2;
               **/*.ogg;
               **/*.ogv;
               **/*.webm;
               **/*.jfif;
               **/*.svgz;
               **/*.jpe;
               **/*.pnz;
               **/*.aac;
               **/*.adt;
               **/*.adts;
               **/*.m4a;
               **/*.mp3;
               **/*.oga;
               **/*.wax;
               **/*.wma;
             '.
         Asset 'C:\Projects\BlueSky\backend\wwwroot\uploads\avatars\58c1332f-87e0-492b-85f6-50db2a6d9dbc.jpg' with relative path 'uploads/avatars/58c1332f-87e0-492b-85f6-50db2a6d9dbc.jpg' did not match include pattern '
               ;
               **/*.js;
               **/*.css;
               **/*.html;
               **/*.json;
               **/*.mjs;
               **/*.xml;
               **/*.htm;
               **/*.wasm;
               **/*.txt;
               **/*.dll;
               **/*.pdb;
               **/*.dat;
               **/*.jsx;
               **/*.markdown;
               **/*.md;
               **/*.webmanifest;
               **/*.bmp;
               **/*.svg;
               **/*.otf;
               **/*.art;
               **/*.cmx;
               **/*.cod;
               **/*.dib;
               **/*.ico;
               **/*.ief;
               **/*.pbm;
               **/*.pgm;
               **/*.pnm;
               **/*.ppm;
               **/*.ras;
               **/*.rf;
               **/*.rgb;
               **/*.tif
               **/*.tiff;
               **/*.wbmp;
               **/*.xbm;
               **/*.xpm;
               **/*.xwd;
               **/*.aif;
               **/*.aifc;
               **/*.aif;
               **/*.au;
               **/*.m3u;
               **/*.mid;
               **/*.midi;
               **/*.ra;
               **/*.ram;
               **/*.smd;
               **/*.smx;
               **/*.smz;
               **/*.wav;
               **/*.323;
               **/*.appcache;
               **/*.asm;
               **/*.bas;
               **/*.c;
               **/*.cnf;
               **/*.cpp;
               **/*.csv;
               **/*.disco;
               **/*.dlm;
               **/*.dtd;
               **/*.etx;
               **/*.h;
               **/*.hdml;
               **/*.htc;
               **/*.htt;
               **/*.hxt;
               **/*.ical;
               **/*.icalendar;
               **/*.ics;
               **/*.ifb;
               **/*.map;
               **/*.mno;
               **/*.odc;
               **/*.rtx;
               **/*.sct;
               **/*.sgml;
               **/*.tsv;
               **/*.uls;
               **/*.vbs;
               **/*.vcf;
               **/*.vcs;
               **/*.vml;
               **/*.wml;
               **/*.wmls;
               **/*.wsdl;
               **/*.xdr;
               **/*.xsd;
               **/*.xsf;
               **/*.xsl;
               **/*.xslt;
             ' or matched exclude pattern '
               ;
               **/*.gz;
               **/*.br;
               **/*.jpeg;
               **/*.jpg;
               **/*.png;
               **/*.gif;
               **/*.webp;
               **/*.woff;
               **/*.woff2;
               **/*.m4v;
               **/*.mov;
               **/*.movie;
               **/*.mp2;
               **/*.mp4;
               **/*.mp4v;
               **/*.mpa;
               **/*.mpe;
               **/*.mpeg;
               **/*.mpg;
               **/*.mpv2;
               **/*.ogg;
               **/*.ogv;
               **/*.webm;
               **/*.jfif;
               **/*.svgz;
               **/*.jpe;
               **/*.pnz;
               **/*.aac;
               **/*.adt;
               **/*.adts;
               **/*.m4a;
               **/*.mp3;
               **/*.oga;
               **/*.wax;
               **/*.wma;
             '.
         Asset 'C:\Projects\BlueSky\backend\wwwroot\uploads\avatars\77bcb550-41b2-481b-968f-9da4b260e41e.jpg' with relative path 'uploads/avatars/77bcb550-41b2-481b-968f-9da4b260e41e.jpg' did not match include pattern '
               ;
               **/*.js;
               **/*.css;
               **/*.html;
               **/*.json;
               **/*.mjs;
               **/*.xml;
               **/*.htm;
               **/*.wasm;
               **/*.txt;
               **/*.dll;
               **/*.pdb;
               **/*.dat;
               **/*.jsx;
               **/*.markdown;
               **/*.md;
               **/*.webmanifest;
               **/*.bmp;
               **/*.svg;
               **/*.otf;
               **/*.art;
               **/*.cmx;
               **/*.cod;
               **/*.dib;
               **/*.ico;
               **/*.ief;
               **/*.pbm;
               **/*.pgm;
               **/*.pnm;
               **/*.ppm;
               **/*.ras;
               **/*.rf;
               **/*.rgb;
               **/*.tif
               **/*.tiff;
               **/*.wbmp;
               **/*.xbm;
               **/*.xpm;
               **/*.xwd;
               **/*.aif;
               **/*.aifc;
               **/*.aif;
               **/*.au;
               **/*.m3u;
               **/*.mid;
               **/*.midi;
               **/*.ra;
               **/*.ram;
               **/*.smd;
               **/*.smx;
               **/*.smz;
               **/*.wav;
               **/*.323;
               **/*.appcache;
               **/*.asm;
               **/*.bas;
               **/*.c;
               **/*.cnf;
               **/*.cpp;
               **/*.csv;
               **/*.disco;
               **/*.dlm;
               **/*.dtd;
               **/*.etx;
               **/*.h;
               **/*.hdml;
               **/*.htc;
               **/*.htt;
               **/*.hxt;
               **/*.ical;
               **/*.icalendar;
               **/*.ics;
               **/*.ifb;
               **/*.map;
               **/*.mno;
               **/*.odc;
               **/*.rtx;
               **/*.sct;
               **/*.sgml;
               **/*.tsv;
               **/*.uls;
               **/*.vbs;
               **/*.vcf;
               **/*.vcs;
               **/*.vml;
               **/*.wml;
               **/*.wmls;
               **/*.wsdl;
               **/*.xdr;
               **/*.xsd;
               **/*.xsf;
               **/*.xsl;
               **/*.xslt;
             ' or matched exclude pattern '
               ;
               **/*.gz;
               **/*.br;
               **/*.jpeg;
               **/*.jpg;
               **/*.png;
               **/*.gif;
               **/*.webp;
               **/*.woff;
               **/*.woff2;
               **/*.m4v;
               **/*.mov;
               **/*.movie;
               **/*.mp2;
               **/*.mp4;
               **/*.mp4v;
               **/*.mpa;
               **/*.mpe;
               **/*.mpeg;
               **/*.mpg;
               **/*.mpv2;
               **/*.ogg;
               **/*.ogv;
               **/*.webm;
               **/*.jfif;
               **/*.svgz;
               **/*.jpe;
               **/*.pnz;
               **/*.aac;
               **/*.adt;
               **/*.adts;
               **/*.m4a;
               **/*.mp3;
               **/*.oga;
               **/*.wax;
               **/*.wma;
             '.
         Asset 'C:\Projects\BlueSky\backend\wwwroot\uploads\avatars\b7c6fd2f-aaa0-480d-b0f1-3589b24ec61b.jpg' with relative path 'uploads/avatars/b7c6fd2f-aaa0-480d-b0f1-3589b24ec61b.jpg' did not match include pattern '
               ;
               **/*.js;
               **/*.css;
               **/*.html;
               **/*.json;
               **/*.mjs;
               **/*.xml;
               **/*.htm;
               **/*.wasm;
               **/*.txt;
               **/*.dll;
               **/*.pdb;
               **/*.dat;
               **/*.jsx;
               **/*.markdown;
               **/*.md;
               **/*.webmanifest;
               **/*.bmp;
               **/*.svg;
               **/*.otf;
               **/*.art;
               **/*.cmx;
               **/*.cod;
               **/*.dib;
               **/*.ico;
               **/*.ief;
               **/*.pbm;
               **/*.pgm;
               **/*.pnm;
               **/*.ppm;
               **/*.ras;
               **/*.rf;
               **/*.rgb;
               **/*.tif
               **/*.tiff;
               **/*.wbmp;
               **/*.xbm;
               **/*.xpm;
               **/*.xwd;
               **/*.aif;
               **/*.aifc;
               **/*.aif;
               **/*.au;
               **/*.m3u;
               **/*.mid;
               **/*.midi;
               **/*.ra;
               **/*.ram;
               **/*.smd;
               **/*.smx;
               **/*.smz;
               **/*.wav;
               **/*.323;
               **/*.appcache;
               **/*.asm;
               **/*.bas;
               **/*.c;
               **/*.cnf;
               **/*.cpp;
               **/*.csv;
               **/*.disco;
               **/*.dlm;
               **/*.dtd;
               **/*.etx;
               **/*.h;
               **/*.hdml;
               **/*.htc;
               **/*.htt;
               **/*.hxt;
               **/*.ical;
               **/*.icalendar;
               **/*.ics;
               **/*.ifb;
               **/*.map;
               **/*.mno;
               **/*.odc;
               **/*.rtx;
               **/*.sct;
               **/*.sgml;
               **/*.tsv;
               **/*.uls;
               **/*.vbs;
               **/*.vcf;
               **/*.vcs;
               **/*.vml;
               **/*.wml;
               **/*.wmls;
               **/*.wsdl;
               **/*.xdr;
               **/*.xsd;
               **/*.xsf;
               **/*.xsl;
               **/*.xslt;
             ' or matched exclude pattern '
               ;
               **/*.gz;
               **/*.br;
               **/*.jpeg;
               **/*.jpg;
               **/*.png;
               **/*.gif;
               **/*.webp;
               **/*.woff;
               **/*.woff2;
               **/*.m4v;
               **/*.mov;
               **/*.movie;
               **/*.mp2;
               **/*.mp4;
               **/*.mp4v;
               **/*.mpa;
               **/*.mpe;
               **/*.mpeg;
               **/*.mpg;
               **/*.mpv2;
               **/*.ogg;
               **/*.ogv;
               **/*.webm;
               **/*.jfif;
               **/*.svgz;
               **/*.jpe;
               **/*.pnz;
               **/*.aac;
               **/*.adt;
               **/*.adts;
               **/*.m4a;
               **/*.mp3;
               **/*.oga;
               **/*.wax;
               **/*.wma;
             '.
         Asset 'C:\Projects\BlueSky\backend\wwwroot\uploads\avatars\c539c566-83da-4229-baf3-f4c2aa874121.jpg' with relative path 'uploads/avatars/c539c566-83da-4229-baf3-f4c2aa874121.jpg' did not match include pattern '
               ;
               **/*.js;
               **/*.css;
               **/*.html;
               **/*.json;
               **/*.mjs;
               **/*.xml;
               **/*.htm;
               **/*.wasm;
               **/*.txt;
               **/*.dll;
               **/*.pdb;
               **/*.dat;
               **/*.jsx;
               **/*.markdown;
               **/*.md;
               **/*.webmanifest;
               **/*.bmp;
               **/*.svg;
               **/*.otf;
               **/*.art;
               **/*.cmx;
               **/*.cod;
               **/*.dib;
               **/*.ico;
               **/*.ief;
               **/*.pbm;
               **/*.pgm;
               **/*.pnm;
               **/*.ppm;
               **/*.ras;
               **/*.rf;
               **/*.rgb;
               **/*.tif
               **/*.tiff;
               **/*.wbmp;
               **/*.xbm;
               **/*.xpm;
               **/*.xwd;
               **/*.aif;
               **/*.aifc;
               **/*.aif;
               **/*.au;
               **/*.m3u;
               **/*.mid;
               **/*.midi;
               **/*.ra;
               **/*.ram;
               **/*.smd;
               **/*.smx;
               **/*.smz;
               **/*.wav;
               **/*.323;
               **/*.appcache;
               **/*.asm;
               **/*.bas;
               **/*.c;
               **/*.cnf;
               **/*.cpp;
               **/*.csv;
               **/*.disco;
               **/*.dlm;
               **/*.dtd;
               **/*.etx;
               **/*.h;
               **/*.hdml;
               **/*.htc;
               **/*.htt;
               **/*.hxt;
               **/*.ical;
               **/*.icalendar;
               **/*.ics;
               **/*.ifb;
               **/*.map;
               **/*.mno;
               **/*.odc;
               **/*.rtx;
               **/*.sct;
               **/*.sgml;
               **/*.tsv;
               **/*.uls;
               **/*.vbs;
               **/*.vcf;
               **/*.vcs;
               **/*.vml;
               **/*.wml;
               **/*.wmls;
               **/*.wsdl;
               **/*.xdr;
               **/*.xsd;
               **/*.xsf;
               **/*.xsl;
               **/*.xslt;
             ' or matched exclude pattern '
               ;
               **/*.gz;
               **/*.br;
               **/*.jpeg;
               **/*.jpg;
               **/*.png;
               **/*.gif;
               **/*.webp;
               **/*.woff;
               **/*.woff2;
               **/*.m4v;
               **/*.mov;
               **/*.movie;
               **/*.mp2;
               **/*.mp4;
               **/*.mp4v;
               **/*.mpa;
               **/*.mpe;
               **/*.mpeg;
               **/*.mpg;
               **/*.mpv2;
               **/*.ogg;
               **/*.ogv;
               **/*.webm;
               **/*.jfif;
               **/*.svgz;
               **/*.jpe;
               **/*.pnz;
               **/*.aac;
               **/*.adt;
               **/*.adts;
               **/*.m4a;
               **/*.mp3;
               **/*.oga;
               **/*.wax;
               **/*.wma;
             '.
         Asset 'C:\Projects\BlueSky\backend\wwwroot\uploads\avatars\e1061898-5bdf-46dd-b28a-ec29685509a4.jpg' with relative path 'uploads/avatars/e1061898-5bdf-46dd-b28a-ec29685509a4.jpg' did not match include pattern '
               ;
               **/*.js;
               **/*.css;
               **/*.html;
               **/*.json;
               **/*.mjs;
               **/*.xml;
               **/*.htm;
               **/*.wasm;
               **/*.txt;
               **/*.dll;
               **/*.pdb;
               **/*.dat;
               **/*.jsx;
               **/*.markdown;
               **/*.md;
               **/*.webmanifest;
               **/*.bmp;
               **/*.svg;
               **/*.otf;
               **/*.art;
               **/*.cmx;
               **/*.cod;
               **/*.dib;
               **/*.ico;
               **/*.ief;
               **/*.pbm;
               **/*.pgm;
               **/*.pnm;
               **/*.ppm;
               **/*.ras;
               **/*.rf;
               **/*.rgb;
               **/*.tif
               **/*.tiff;
               **/*.wbmp;
               **/*.xbm;
               **/*.xpm;
               **/*.xwd;
               **/*.aif;
               **/*.aifc;
               **/*.aif;
               **/*.au;
               **/*.m3u;
               **/*.mid;
               **/*.midi;
               **/*.ra;
               **/*.ram;
               **/*.smd;
               **/*.smx;
               **/*.smz;
               **/*.wav;
               **/*.323;
               **/*.appcache;
               **/*.asm;
               **/*.bas;
               **/*.c;
               **/*.cnf;
               **/*.cpp;
               **/*.csv;
               **/*.disco;
               **/*.dlm;
               **/*.dtd;
               **/*.etx;
               **/*.h;
               **/*.hdml;
               **/*.htc;
               **/*.htt;
               **/*.hxt;
               **/*.ical;
               **/*.icalendar;
               **/*.ics;
               **/*.ifb;
               **/*.map;
               **/*.mno;
               **/*.odc;
               **/*.rtx;
               **/*.sct;
               **/*.sgml;
               **/*.tsv;
               **/*.uls;
               **/*.vbs;
               **/*.vcf;
               **/*.vcs;
               **/*.vml;
               **/*.wml;
               **/*.wmls;
               **/*.wsdl;
               **/*.xdr;
               **/*.xsd;
               **/*.xsf;
               **/*.xsl;
               **/*.xslt;
             ' or matched exclude pattern '
               ;
               **/*.gz;
               **/*.br;
               **/*.jpeg;
               **/*.jpg;
               **/*.png;
               **/*.gif;
               **/*.webp;
               **/*.woff;
               **/*.woff2;
               **/*.m4v;
               **/*.mov;
               **/*.movie;
               **/*.mp2;
               **/*.mp4;
               **/*.mp4v;
               **/*.mpa;
               **/*.mpe;
               **/*.mpeg;
               **/*.mpg;
               **/*.mpv2;
               **/*.ogg;
               **/*.ogv;
               **/*.webm;
               **/*.jfif;
               **/*.svgz;
               **/*.jpe;
               **/*.pnz;
               **/*.aac;
               **/*.adt;
               **/*.adts;
               **/*.m4a;
               **/*.mp3;
               **/*.oga;
               **/*.wax;
               **/*.wma;
             '.
         Asset 'C:\Projects\BlueSky\backend\wwwroot\uploads\chat\076cdcc5-3a7f-4a12-9a0c-7dd5c527a34d.jpg' with relative path 'uploads/chat/076cdcc5-3a7f-4a12-9a0c-7dd5c527a34d.jpg' did not match include pattern '
               ;
               **/*.js;
               **/*.css;
               **/*.html;
               **/*.json;
               **/*.mjs;
               **/*.xml;
               **/*.htm;
               **/*.wasm;
               **/*.txt;
               **/*.dll;
               **/*.pdb;
               **/*.dat;
               **/*.jsx;
               **/*.markdown;
               **/*.md;
               **/*.webmanifest;
               **/*.bmp;
               **/*.svg;
               **/*.otf;
               **/*.art;
               **/*.cmx;
               **/*.cod;
               **/*.dib;
               **/*.ico;
               **/*.ief;
               **/*.pbm;
               **/*.pgm;
               **/*.pnm;
               **/*.ppm;
               **/*.ras;
               **/*.rf;
               **/*.rgb;
               **/*.tif
               **/*.tiff;
               **/*.wbmp;
               **/*.xbm;
               **/*.xpm;
               **/*.xwd;
               **/*.aif;
               **/*.aifc;
               **/*.aif;
               **/*.au;
               **/*.m3u;
               **/*.mid;
               **/*.midi;
               **/*.ra;
               **/*.ram;
               **/*.smd;
               **/*.smx;
               **/*.smz;
               **/*.wav;
               **/*.323;
               **/*.appcache;
               **/*.asm;
               **/*.bas;
               **/*.c;
               **/*.cnf;
               **/*.cpp;
               **/*.csv;
               **/*.disco;
               **/*.dlm;
               **/*.dtd;
               **/*.etx;
               **/*.h;
               **/*.hdml;
               **/*.htc;
               **/*.htt;
               **/*.hxt;
               **/*.ical;
               **/*.icalendar;
               **/*.ics;
               **/*.ifb;
               **/*.map;
               **/*.mno;
               **/*.odc;
               **/*.rtx;
               **/*.sct;
               **/*.sgml;
               **/*.tsv;
               **/*.uls;
               **/*.vbs;
               **/*.vcf;
               **/*.vcs;
               **/*.vml;
               **/*.wml;
               **/*.wmls;
               **/*.wsdl;
               **/*.xdr;
               **/*.xsd;
               **/*.xsf;
               **/*.xsl;
               **/*.xslt;
             ' or matched exclude pattern '
               ;
               **/*.gz;
               **/*.br;
               **/*.jpeg;
               **/*.jpg;
               **/*.png;
               **/*.gif;
               **/*.webp;
               **/*.woff;
               **/*.woff2;
               **/*.m4v;
               **/*.mov;
               **/*.movie;
               **/*.mp2;
               **/*.mp4;
               **/*.mp4v;
               **/*.mpa;
               **/*.mpe;
               **/*.mpeg;
               **/*.mpg;
               **/*.mpv2;
               **/*.ogg;
               **/*.ogv;
               **/*.webm;
               **/*.jfif;
               **/*.svgz;
               **/*.jpe;
               **/*.pnz;
               **/*.aac;
               **/*.adt;
               **/*.adts;
               **/*.m4a;
               **/*.mp3;
               **/*.oga;
               **/*.wax;
               **/*.wma;
             '.
         Asset 'C:\Projects\BlueSky\backend\wwwroot\uploads\chat\0f57e5af-6a0c-4c3e-8e76-3d770ff2336a.webp' with relative path 'uploads/chat/0f57e5af-6a0c-4c3e-8e76-3d770ff2336a.webp' did not match include pattern '
               ;
               **/*.js;
               **/*.css;
               **/*.html;
               **/*.json;
               **/*.mjs;
               **/*.xml;
               **/*.htm;
               **/*.wasm;
               **/*.txt;
               **/*.dll;
               **/*.pdb;
               **/*.dat;
               **/*.jsx;
               **/*.markdown;
               **/*.md;
               **/*.webmanifest;
               **/*.bmp;
               **/*.svg;
               **/*.otf;
               **/*.art;
               **/*.cmx;
               **/*.cod;
               **/*.dib;
               **/*.ico;
               **/*.ief;
               **/*.pbm;
               **/*.pgm;
               **/*.pnm;
               **/*.ppm;
               **/*.ras;
               **/*.rf;
               **/*.rgb;
               **/*.tif
               **/*.tiff;
               **/*.wbmp;
               **/*.xbm;
               **/*.xpm;
               **/*.xwd;
               **/*.aif;
               **/*.aifc;
               **/*.aif;
               **/*.au;
               **/*.m3u;
               **/*.mid;
               **/*.midi;
               **/*.ra;
               **/*.ram;
               **/*.smd;
               **/*.smx;
               **/*.smz;
               **/*.wav;
               **/*.323;
               **/*.appcache;
               **/*.asm;
               **/*.bas;
               **/*.c;
               **/*.cnf;
               **/*.cpp;
               **/*.csv;
               **/*.disco;
               **/*.dlm;
               **/*.dtd;
               **/*.etx;
               **/*.h;
               **/*.hdml;
               **/*.htc;
               **/*.htt;
               **/*.hxt;
               **/*.ical;
               **/*.icalendar;
               **/*.ics;
               **/*.ifb;
               **/*.map;
               **/*.mno;
               **/*.odc;
               **/*.rtx;
               **/*.sct;
               **/*.sgml;
               **/*.tsv;
               **/*.uls;
               **/*.vbs;
               **/*.vcf;
               **/*.vcs;
               **/*.vml;
               **/*.wml;
               **/*.wmls;
               **/*.wsdl;
               **/*.xdr;
               **/*.xsd;
               **/*.xsf;
               **/*.xsl;
               **/*.xslt;
             ' or matched exclude pattern '
               ;
               **/*.gz;
               **/*.br;
               **/*.jpeg;
               **/*.jpg;
               **/*.png;
               **/*.gif;
               **/*.webp;
               **/*.woff;
               **/*.woff2;
               **/*.m4v;
               **/*.mov;
               **/*.movie;
               **/*.mp2;
               **/*.mp4;
               **/*.mp4v;
               **/*.mpa;
               **/*.mpe;
               **/*.mpeg;
               **/*.mpg;
               **/*.mpv2;
               **/*.ogg;
               **/*.ogv;
               **/*.webm;
               **/*.jfif;
               **/*.svgz;
               **/*.jpe;
               **/*.pnz;
               **/*.aac;
               **/*.adt;
               **/*.adts;
               **/*.m4a;
               **/*.mp3;
               **/*.oga;
               **/*.wax;
               **/*.wma;
             '.
         Asset 'C:\Projects\BlueSky\backend\wwwroot\uploads\chat\602a9838-5a6a-4235-837e-42017d6313b9.jpg' with relative path 'uploads/chat/602a9838-5a6a-4235-837e-42017d6313b9.jpg' did not match include pattern '
               ;
               **/*.js;
               **/*.css;
               **/*.html;
               **/*.json;
               **/*.mjs;
               **/*.xml;
               **/*.htm;
               **/*.wasm;
               **/*.txt;
               **/*.dll;
               **/*.pdb;
               **/*.dat;
               **/*.jsx;
               **/*.markdown;
               **/*.md;
               **/*.webmanifest;
               **/*.bmp;
               **/*.svg;
               **/*.otf;
               **/*.art;
               **/*.cmx;
               **/*.cod;
               **/*.dib;
               **/*.ico;
               **/*.ief;
               **/*.pbm;
               **/*.pgm;
               **/*.pnm;
               **/*.ppm;
               **/*.ras;
               **/*.rf;
               **/*.rgb;
               **/*.tif
               **/*.tiff;
               **/*.wbmp;
               **/*.xbm;
               **/*.xpm;
               **/*.xwd;
               **/*.aif;
               **/*.aifc;
               **/*.aif;
               **/*.au;
               **/*.m3u;
               **/*.mid;
               **/*.midi;
               **/*.ra;
               **/*.ram;
               **/*.smd;
               **/*.smx;
               **/*.smz;
               **/*.wav;
               **/*.323;
               **/*.appcache;
               **/*.asm;
               **/*.bas;
               **/*.c;
               **/*.cnf;
               **/*.cpp;
               **/*.csv;
               **/*.disco;
               **/*.dlm;
               **/*.dtd;
               **/*.etx;
               **/*.h;
               **/*.hdml;
               **/*.htc;
               **/*.htt;
               **/*.hxt;
               **/*.ical;
               **/*.icalendar;
               **/*.ics;
               **/*.ifb;
               **/*.map;
               **/*.mno;
               **/*.odc;
               **/*.rtx;
               **/*.sct;
               **/*.sgml;
               **/*.tsv;
               **/*.uls;
               **/*.vbs;
               **/*.vcf;
               **/*.vcs;
               **/*.vml;
               **/*.wml;
               **/*.wmls;
               **/*.wsdl;
               **/*.xdr;
               **/*.xsd;
               **/*.xsf;
               **/*.xsl;
               **/*.xslt;
             ' or matched exclude pattern '
               ;
               **/*.gz;
               **/*.br;
               **/*.jpeg;
               **/*.jpg;
               **/*.png;
               **/*.gif;
               **/*.webp;
               **/*.woff;
               **/*.woff2;
               **/*.m4v;
               **/*.mov;
               **/*.movie;
               **/*.mp2;
               **/*.mp4;
               **/*.mp4v;
               **/*.mpa;
               **/*.mpe;
               **/*.mpeg;
               **/*.mpg;
               **/*.mpv2;
               **/*.ogg;
               **/*.ogv;
               **/*.webm;
               **/*.jfif;
               **/*.svgz;
               **/*.jpe;
               **/*.pnz;
               **/*.aac;
               **/*.adt;
               **/*.adts;
               **/*.m4a;
               **/*.mp3;
               **/*.oga;
               **/*.wax;
               **/*.wma;
             '.
         Asset 'C:\Projects\BlueSky\backend\wwwroot\uploads\chat\e47622fd-9919-4353-ad18-932e32ec571a.jpg' with relative path 'uploads/chat/e47622fd-9919-4353-ad18-932e32ec571a.jpg' did not match include pattern '
               ;
               **/*.js;
               **/*.css;
               **/*.html;
               **/*.json;
               **/*.mjs;
               **/*.xml;
               **/*.htm;
               **/*.wasm;
               **/*.txt;
               **/*.dll;
               **/*.pdb;
               **/*.dat;
               **/*.jsx;
               **/*.markdown;
               **/*.md;
               **/*.webmanifest;
               **/*.bmp;
               **/*.svg;
               **/*.otf;
               **/*.art;
               **/*.cmx;
               **/*.cod;
               **/*.dib;
               **/*.ico;
               **/*.ief;
               **/*.pbm;
               **/*.pgm;
               **/*.pnm;
               **/*.ppm;
               **/*.ras;
               **/*.rf;
               **/*.rgb;
               **/*.tif
               **/*.tiff;
               **/*.wbmp;
               **/*.xbm;
               **/*.xpm;
               **/*.xwd;
               **/*.aif;
               **/*.aifc;
               **/*.aif;
               **/*.au;
               **/*.m3u;
               **/*.mid;
               **/*.midi;
               **/*.ra;
               **/*.ram;
               **/*.smd;
               **/*.smx;
               **/*.smz;
               **/*.wav;
               **/*.323;
               **/*.appcache;
               **/*.asm;
               **/*.bas;
               **/*.c;
               **/*.cnf;
               **/*.cpp;
               **/*.csv;
               **/*.disco;
               **/*.dlm;
               **/*.dtd;
               **/*.etx;
               **/*.h;
               **/*.hdml;
               **/*.htc;
               **/*.htt;
               **/*.hxt;
               **/*.ical;
               **/*.icalendar;
               **/*.ics;
               **/*.ifb;
               **/*.map;
               **/*.mno;
               **/*.odc;
               **/*.rtx;
               **/*.sct;
               **/*.sgml;
               **/*.tsv;
               **/*.uls;
               **/*.vbs;
               **/*.vcf;
               **/*.vcs;
               **/*.vml;
               **/*.wml;
               **/*.wmls;
               **/*.wsdl;
               **/*.xdr;
               **/*.xsd;
               **/*.xsf;
               **/*.xsl;
               **/*.xslt;
             ' or matched exclude pattern '
               ;
               **/*.gz;
               **/*.br;
               **/*.jpeg;
               **/*.jpg;
               **/*.png;
               **/*.gif;
               **/*.webp;
               **/*.woff;
               **/*.woff2;
               **/*.m4v;
               **/*.mov;
               **/*.movie;
               **/*.mp2;
               **/*.mp4;
               **/*.mp4v;
               **/*.mpa;
               **/*.mpe;
               **/*.mpeg;
               **/*.mpg;
               **/*.mpv2;
               **/*.ogg;
               **/*.ogv;
               **/*.webm;
               **/*.jfif;
               **/*.svgz;
               **/*.jpe;
               **/*.pnz;
               **/*.aac;
               **/*.adt;
               **/*.adts;
               **/*.m4a;
               **/*.mp3;
               **/*.oga;
               **/*.wax;
               **/*.wma;
             '.
         Asset 'C:\Projects\BlueSky\backend\wwwroot\uploads\covers\168c5e9b-d980-4535-a09e-e4b7ebdbc0cc.jpg' with relative path 'uploads/covers/168c5e9b-d980-4535-a09e-e4b7ebdbc0cc.jpg' did not match include pattern '
               ;
               **/*.js;
               **/*.css;
               **/*.html;
               **/*.json;
               **/*.mjs;
               **/*.xml;
               **/*.htm;
               **/*.wasm;
               **/*.txt;
               **/*.dll;
               **/*.pdb;
               **/*.dat;
               **/*.jsx;
               **/*.markdown;
               **/*.md;
               **/*.webmanifest;
               **/*.bmp;
               **/*.svg;
               **/*.otf;
               **/*.art;
               **/*.cmx;
               **/*.cod;
               **/*.dib;
               **/*.ico;
               **/*.ief;
               **/*.pbm;
               **/*.pgm;
               **/*.pnm;
               **/*.ppm;
               **/*.ras;
               **/*.rf;
               **/*.rgb;
               **/*.tif
               **/*.tiff;
               **/*.wbmp;
               **/*.xbm;
               **/*.xpm;
               **/*.xwd;
               **/*.aif;
               **/*.aifc;
               **/*.aif;
               **/*.au;
               **/*.m3u;
               **/*.mid;
               **/*.midi;
               **/*.ra;
               **/*.ram;
               **/*.smd;
               **/*.smx;
               **/*.smz;
               **/*.wav;
               **/*.323;
               **/*.appcache;
               **/*.asm;
               **/*.bas;
               **/*.c;
               **/*.cnf;
               **/*.cpp;
               **/*.csv;
               **/*.disco;
               **/*.dlm;
               **/*.dtd;
               **/*.etx;
               **/*.h;
               **/*.hdml;
               **/*.htc;
               **/*.htt;
               **/*.hxt;
               **/*.ical;
               **/*.icalendar;
               **/*.ics;
               **/*.ifb;
               **/*.map;
               **/*.mno;
               **/*.odc;
               **/*.rtx;
               **/*.sct;
               **/*.sgml;
               **/*.tsv;
               **/*.uls;
               **/*.vbs;
               **/*.vcf;
               **/*.vcs;
               **/*.vml;
               **/*.wml;
               **/*.wmls;
               **/*.wsdl;
               **/*.xdr;
               **/*.xsd;
               **/*.xsf;
               **/*.xsl;
               **/*.xslt;
             ' or matched exclude pattern '
               ;
               **/*.gz;
               **/*.br;
               **/*.jpeg;
               **/*.jpg;
               **/*.png;
               **/*.gif;
               **/*.webp;
               **/*.woff;
               **/*.woff2;
               **/*.m4v;
               **/*.mov;
               **/*.movie;
               **/*.mp2;
               **/*.mp4;
               **/*.mp4v;
               **/*.mpa;
               **/*.mpe;
               **/*.mpeg;
               **/*.mpg;
               **/*.mpv2;
               **/*.ogg;
               **/*.ogv;
               **/*.webm;
               **/*.jfif;
               **/*.svgz;
               **/*.jpe;
               **/*.pnz;
               **/*.aac;
               **/*.adt;
               **/*.adts;
               **/*.m4a;
               **/*.mp3;
               **/*.oga;
               **/*.wax;
               **/*.wma;
             '.
         Asset 'C:\Projects\BlueSky\backend\wwwroot\uploads\covers\1903cb00-a365-46bc-aff9-1fd3cd8a01f3.jpg' with relative path 'uploads/covers/1903cb00-a365-46bc-aff9-1fd3cd8a01f3.jpg' did not match include pattern '
               ;
               **/*.js;
               **/*.css;
               **/*.html;
               **/*.json;
               **/*.mjs;
               **/*.xml;
               **/*.htm;
               **/*.wasm;
               **/*.txt;
               **/*.dll;
               **/*.pdb;
               **/*.dat;
               **/*.jsx;
               **/*.markdown;
               **/*.md;
               **/*.webmanifest;
               **/*.bmp;
               **/*.svg;
               **/*.otf;
               **/*.art;
               **/*.cmx;
               **/*.cod;
               **/*.dib;
               **/*.ico;
               **/*.ief;
               **/*.pbm;
               **/*.pgm;
               **/*.pnm;
               **/*.ppm;
               **/*.ras;
               **/*.rf;
               **/*.rgb;
               **/*.tif
               **/*.tiff;
               **/*.wbmp;
               **/*.xbm;
               **/*.xpm;
               **/*.xwd;
               **/*.aif;
               **/*.aifc;
               **/*.aif;
               **/*.au;
               **/*.m3u;
               **/*.mid;
               **/*.midi;
               **/*.ra;
               **/*.ram;
               **/*.smd;
               **/*.smx;
               **/*.smz;
               **/*.wav;
               **/*.323;
               **/*.appcache;
               **/*.asm;
               **/*.bas;
               **/*.c;
               **/*.cnf;
               **/*.cpp;
               **/*.csv;
               **/*.disco;
               **/*.dlm;
               **/*.dtd;
               **/*.etx;
               **/*.h;
               **/*.hdml;
               **/*.htc;
               **/*.htt;
               **/*.hxt;
               **/*.ical;
               **/*.icalendar;
               **/*.ics;
               **/*.ifb;
               **/*.map;
               **/*.mno;
               **/*.odc;
               **/*.rtx;
               **/*.sct;
               **/*.sgml;
               **/*.tsv;
               **/*.uls;
               **/*.vbs;
               **/*.vcf;
               **/*.vcs;
               **/*.vml;
               **/*.wml;
               **/*.wmls;
               **/*.wsdl;
               **/*.xdr;
               **/*.xsd;
               **/*.xsf;
               **/*.xsl;
               **/*.xslt;
             ' or matched exclude pattern '
               ;
               **/*.gz;
               **/*.br;
               **/*.jpeg;
               **/*.jpg;
               **/*.png;
               **/*.gif;
               **/*.webp;
               **/*.woff;
               **/*.woff2;
               **/*.m4v;
               **/*.mov;
               **/*.movie;
               **/*.mp2;
               **/*.mp4;
               **/*.mp4v;
               **/*.mpa;
               **/*.mpe;
               **/*.mpeg;
               **/*.mpg;
               **/*.mpv2;
               **/*.ogg;
               **/*.ogv;
               **/*.webm;
               **/*.jfif;
               **/*.svgz;
               **/*.jpe;
               **/*.pnz;
               **/*.aac;
               **/*.adt;
               **/*.adts;
               **/*.m4a;
               **/*.mp3;
               **/*.oga;
               **/*.wax;
               **/*.wma;
             '.
         Asset 'C:\Projects\BlueSky\backend\wwwroot\uploads\covers\23645a71-7888-4b51-aa82-4af15e263a8e.jpeg' with relative path 'uploads/covers/23645a71-7888-4b51-aa82-4af15e263a8e.jpeg' did not match include pattern '
               ;
               **/*.js;
               **/*.css;
               **/*.html;
               **/*.json;
               **/*.mjs;
               **/*.xml;
               **/*.htm;
               **/*.wasm;
               **/*.txt;
               **/*.dll;
               **/*.pdb;
               **/*.dat;
               **/*.jsx;
               **/*.markdown;
               **/*.md;
               **/*.webmanifest;
               **/*.bmp;
               **/*.svg;
               **/*.otf;
               **/*.art;
               **/*.cmx;
               **/*.cod;
               **/*.dib;
               **/*.ico;
               **/*.ief;
               **/*.pbm;
               **/*.pgm;
               **/*.pnm;
               **/*.ppm;
               **/*.ras;
               **/*.rf;
               **/*.rgb;
               **/*.tif
               **/*.tiff;
               **/*.wbmp;
               **/*.xbm;
               **/*.xpm;
               **/*.xwd;
               **/*.aif;
               **/*.aifc;
               **/*.aif;
               **/*.au;
               **/*.m3u;
               **/*.mid;
               **/*.midi;
               **/*.ra;
               **/*.ram;
               **/*.smd;
               **/*.smx;
               **/*.smz;
               **/*.wav;
               **/*.323;
               **/*.appcache;
               **/*.asm;
               **/*.bas;
               **/*.c;
               **/*.cnf;
               **/*.cpp;
               **/*.csv;
               **/*.disco;
               **/*.dlm;
               **/*.dtd;
               **/*.etx;
               **/*.h;
               **/*.hdml;
               **/*.htc;
               **/*.htt;
               **/*.hxt;
               **/*.ical;
               **/*.icalendar;
               **/*.ics;
               **/*.ifb;
               **/*.map;
               **/*.mno;
               **/*.odc;
               **/*.rtx;
               **/*.sct;
               **/*.sgml;
               **/*.tsv;
               **/*.uls;
               **/*.vbs;
               **/*.vcf;
               **/*.vcs;
               **/*.vml;
               **/*.wml;
               **/*.wmls;
               **/*.wsdl;
               **/*.xdr;
               **/*.xsd;
               **/*.xsf;
               **/*.xsl;
               **/*.xslt;
             ' or matched exclude pattern '
               ;
               **/*.gz;
               **/*.br;
               **/*.jpeg;
               **/*.jpg;
               **/*.png;
               **/*.gif;
               **/*.webp;
               **/*.woff;
               **/*.woff2;
               **/*.m4v;
               **/*.mov;
               **/*.movie;
               **/*.mp2;
               **/*.mp4;
               **/*.mp4v;
               **/*.mpa;
               **/*.mpe;
               **/*.mpeg;
               **/*.mpg;
               **/*.mpv2;
               **/*.ogg;
               **/*.ogv;
               **/*.webm;
               **/*.jfif;
               **/*.svgz;
               **/*.jpe;
               **/*.pnz;
               **/*.aac;
               **/*.adt;
               **/*.adts;
               **/*.m4a;
               **/*.mp3;
               **/*.oga;
               **/*.wax;
               **/*.wma;
             '.
         Asset 'C:\Projects\BlueSky\backend\wwwroot\uploads\covers\2456aee1-e71d-44a2-80e7-12a453c6f760.jpg' with relative path 'uploads/covers/2456aee1-e71d-44a2-80e7-12a453c6f760.jpg' did not match include pattern '
               ;
               **/*.js;
               **/*.css;
               **/*.html;
               **/*.json;
               **/*.mjs;
               **/*.xml;
               **/*.htm;
               **/*.wasm;
               **/*.txt;
               **/*.dll;
               **/*.pdb;
               **/*.dat;
               **/*.jsx;
               **/*.markdown;
               **/*.md;
               **/*.webmanifest;
               **/*.bmp;
               **/*.svg;
               **/*.otf;
               **/*.art;
               **/*.cmx;
               **/*.cod;
               **/*.dib;
               **/*.ico;
               **/*.ief;
               **/*.pbm;
               **/*.pgm;
               **/*.pnm;
               **/*.ppm;
               **/*.ras;
               **/*.rf;
               **/*.rgb;
               **/*.tif
               **/*.tiff;
               **/*.wbmp;
               **/*.xbm;
               **/*.xpm;
               **/*.xwd;
               **/*.aif;
               **/*.aifc;
               **/*.aif;
               **/*.au;
               **/*.m3u;
               **/*.mid;
               **/*.midi;
               **/*.ra;
               **/*.ram;
               **/*.smd;
               **/*.smx;
               **/*.smz;
               **/*.wav;
               **/*.323;
               **/*.appcache;
               **/*.asm;
               **/*.bas;
               **/*.c;
               **/*.cnf;
               **/*.cpp;
               **/*.csv;
               **/*.disco;
               **/*.dlm;
               **/*.dtd;
               **/*.etx;
               **/*.h;
               **/*.hdml;
               **/*.htc;
               **/*.htt;
               **/*.hxt;
               **/*.ical;
               **/*.icalendar;
               **/*.ics;
               **/*.ifb;
               **/*.map;
               **/*.mno;
               **/*.odc;
               **/*.rtx;
               **/*.sct;
               **/*.sgml;
               **/*.tsv;
               **/*.uls;
               **/*.vbs;
               **/*.vcf;
               **/*.vcs;
               **/*.vml;
               **/*.wml;
               **/*.wmls;
               **/*.wsdl;
               **/*.xdr;
               **/*.xsd;
               **/*.xsf;
               **/*.xsl;
               **/*.xslt;
             ' or matched exclude pattern '
               ;
               **/*.gz;
               **/*.br;
               **/*.jpeg;
               **/*.jpg;
               **/*.png;
               **/*.gif;
               **/*.webp;
               **/*.woff;
               **/*.woff2;
               **/*.m4v;
               **/*.mov;
               **/*.movie;
               **/*.mp2;
               **/*.mp4;
               **/*.mp4v;
               **/*.mpa;
               **/*.mpe;
               **/*.mpeg;
               **/*.mpg;
               **/*.mpv2;
               **/*.ogg;
               **/*.ogv;
               **/*.webm;
               **/*.jfif;
               **/*.svgz;
               **/*.jpe;
               **/*.pnz;
               **/*.aac;
               **/*.adt;
               **/*.adts;
               **/*.m4a;
               **/*.mp3;
               **/*.oga;
               **/*.wax;
               **/*.wma;
             '.
         Asset 'C:\Projects\BlueSky\backend\wwwroot\uploads\covers\570ffc04-c546-4606-bd1c-3d36c1533719.jpg' with relative path 'uploads/covers/570ffc04-c546-4606-bd1c-3d36c1533719.jpg' did not match include pattern '
               ;
               **/*.js;
               **/*.css;
               **/*.html;
               **/*.json;
               **/*.mjs;
               **/*.xml;
               **/*.htm;
               **/*.wasm;
               **/*.txt;
               **/*.dll;
               **/*.pdb;
               **/*.dat;
               **/*.jsx;
               **/*.markdown;
               **/*.md;
               **/*.webmanifest;
               **/*.bmp;
               **/*.svg;
               **/*.otf;
               **/*.art;
               **/*.cmx;
               **/*.cod;
               **/*.dib;
               **/*.ico;
               **/*.ief;
               **/*.pbm;
               **/*.pgm;
               **/*.pnm;
               **/*.ppm;
               **/*.ras;
               **/*.rf;
               **/*.rgb;
               **/*.tif
               **/*.tiff;
               **/*.wbmp;
               **/*.xbm;
               **/*.xpm;
               **/*.xwd;
               **/*.aif;
               **/*.aifc;
               **/*.aif;
               **/*.au;
               **/*.m3u;
               **/*.mid;
               **/*.midi;
               **/*.ra;
               **/*.ram;
               **/*.smd;
               **/*.smx;
               **/*.smz;
               **/*.wav;
               **/*.323;
               **/*.appcache;
               **/*.asm;
               **/*.bas;
               **/*.c;
               **/*.cnf;
               **/*.cpp;
               **/*.csv;
               **/*.disco;
               **/*.dlm;
               **/*.dtd;
               **/*.etx;
               **/*.h;
               **/*.hdml;
               **/*.htc;
               **/*.htt;
               **/*.hxt;
               **/*.ical;
               **/*.icalendar;
               **/*.ics;
               **/*.ifb;
               **/*.map;
               **/*.mno;
               **/*.odc;
               **/*.rtx;
               **/*.sct;
               **/*.sgml;
               **/*.tsv;
               **/*.uls;
               **/*.vbs;
               **/*.vcf;
               **/*.vcs;
               **/*.vml;
               **/*.wml;
               **/*.wmls;
               **/*.wsdl;
               **/*.xdr;
               **/*.xsd;
               **/*.xsf;
               **/*.xsl;
               **/*.xslt;
             ' or matched exclude pattern '
               ;
               **/*.gz;
               **/*.br;
               **/*.jpeg;
               **/*.jpg;
               **/*.png;
               **/*.gif;
               **/*.webp;
               **/*.woff;
               **/*.woff2;
               **/*.m4v;
               **/*.mov;
               **/*.movie;
               **/*.mp2;
               **/*.mp4;
               **/*.mp4v;
               **/*.mpa;
               **/*.mpe;
               **/*.mpeg;
               **/*.mpg;
               **/*.mpv2;
               **/*.ogg;
               **/*.ogv;
               **/*.webm;
               **/*.jfif;
               **/*.svgz;
               **/*.jpe;
               **/*.pnz;
               **/*.aac;
               **/*.adt;
               **/*.adts;
               **/*.m4a;
               **/*.mp3;
               **/*.oga;
               **/*.wax;
               **/*.wma;
             '.
         Asset 'C:\Projects\BlueSky\backend\wwwroot\uploads\covers\8732e3e3-e0f0-4955-8ff3-cd0bfff6589e.jpg' with relative path 'uploads/covers/8732e3e3-e0f0-4955-8ff3-cd0bfff6589e.jpg' did not match include pattern '
               ;
               **/*.js;
               **/*.css;
               **/*.html;
               **/*.json;
               **/*.mjs;
               **/*.xml;
               **/*.htm;
               **/*.wasm;
               **/*.txt;
               **/*.dll;
               **/*.pdb;
               **/*.dat;
               **/*.jsx;
               **/*.markdown;
               **/*.md;
               **/*.webmanifest;
               **/*.bmp;
               **/*.svg;
               **/*.otf;
               **/*.art;
               **/*.cmx;
               **/*.cod;
               **/*.dib;
               **/*.ico;
               **/*.ief;
               **/*.pbm;
               **/*.pgm;
               **/*.pnm;
               **/*.ppm;
               **/*.ras;
               **/*.rf;
               **/*.rgb;
               **/*.tif
               **/*.tiff;
               **/*.wbmp;
               **/*.xbm;
               **/*.xpm;
               **/*.xwd;
               **/*.aif;
               **/*.aifc;
               **/*.aif;
               **/*.au;
               **/*.m3u;
               **/*.mid;
               **/*.midi;
               **/*.ra;
               **/*.ram;
               **/*.smd;
               **/*.smx;
               **/*.smz;
               **/*.wav;
               **/*.323;
               **/*.appcache;
               **/*.asm;
               **/*.bas;
               **/*.c;
               **/*.cnf;
               **/*.cpp;
               **/*.csv;
               **/*.disco;
               **/*.dlm;
               **/*.dtd;
               **/*.etx;
               **/*.h;
               **/*.hdml;
               **/*.htc;
               **/*.htt;
               **/*.hxt;
               **/*.ical;
               **/*.icalendar;
               **/*.ics;
               **/*.ifb;
               **/*.map;
               **/*.mno;
               **/*.odc;
               **/*.rtx;
               **/*.sct;
               **/*.sgml;
               **/*.tsv;
               **/*.uls;
               **/*.vbs;
               **/*.vcf;
               **/*.vcs;
               **/*.vml;
               **/*.wml;
               **/*.wmls;
               **/*.wsdl;
               **/*.xdr;
               **/*.xsd;
               **/*.xsf;
               **/*.xsl;
               **/*.xslt;
             ' or matched exclude pattern '
               ;
               **/*.gz;
               **/*.br;
               **/*.jpeg;
               **/*.jpg;
               **/*.png;
               **/*.gif;
               **/*.webp;
               **/*.woff;
               **/*.woff2;
               **/*.m4v;
               **/*.mov;
               **/*.movie;
               **/*.mp2;
               **/*.mp4;
               **/*.mp4v;
               **/*.mpa;
               **/*.mpe;
               **/*.mpeg;
               **/*.mpg;
               **/*.mpv2;
               **/*.ogg;
               **/*.ogv;
               **/*.webm;
               **/*.jfif;
               **/*.svgz;
               **/*.jpe;
               **/*.pnz;
               **/*.aac;
               **/*.adt;
               **/*.adts;
               **/*.m4a;
               **/*.mp3;
               **/*.oga;
               **/*.wax;
               **/*.wma;
             '.
         Asset 'C:\Projects\BlueSky\backend\wwwroot\uploads\covers\a132f7b9-8d07-4815-a256-5c0223b43d00.jpg' with relative path 'uploads/covers/a132f7b9-8d07-4815-a256-5c0223b43d00.jpg' did not match include pattern '
               ;
               **/*.js;
               **/*.css;
               **/*.html;
               **/*.json;
               **/*.mjs;
               **/*.xml;
               **/*.htm;
               **/*.wasm;
               **/*.txt;
               **/*.dll;
               **/*.pdb;
               **/*.dat;
               **/*.jsx;
               **/*.markdown;
               **/*.md;
               **/*.webmanifest;
               **/*.bmp;
               **/*.svg;
               **/*.otf;
               **/*.art;
               **/*.cmx;
               **/*.cod;
               **/*.dib;
               **/*.ico;
               **/*.ief;
               **/*.pbm;
               **/*.pgm;
               **/*.pnm;
               **/*.ppm;
               **/*.ras;
               **/*.rf;
               **/*.rgb;
               **/*.tif
               **/*.tiff;
               **/*.wbmp;
               **/*.xbm;
               **/*.xpm;
               **/*.xwd;
               **/*.aif;
               **/*.aifc;
               **/*.aif;
               **/*.au;
               **/*.m3u;
               **/*.mid;
               **/*.midi;
               **/*.ra;
               **/*.ram;
               **/*.smd;
               **/*.smx;
               **/*.smz;
               **/*.wav;
               **/*.323;
               **/*.appcache;
               **/*.asm;
               **/*.bas;
               **/*.c;
               **/*.cnf;
               **/*.cpp;
               **/*.csv;
               **/*.disco;
               **/*.dlm;
               **/*.dtd;
               **/*.etx;
               **/*.h;
               **/*.hdml;
               **/*.htc;
               **/*.htt;
               **/*.hxt;
               **/*.ical;
               **/*.icalendar;
               **/*.ics;
               **/*.ifb;
               **/*.map;
               **/*.mno;
               **/*.odc;
               **/*.rtx;
               **/*.sct;
               **/*.sgml;
               **/*.tsv;
               **/*.uls;
               **/*.vbs;
               **/*.vcf;
               **/*.vcs;
               **/*.vml;
               **/*.wml;
               **/*.wmls;
               **/*.wsdl;
               **/*.xdr;
               **/*.xsd;
               **/*.xsf;
               **/*.xsl;
               **/*.xslt;
             ' or matched exclude pattern '
               ;
               **/*.gz;
               **/*.br;
               **/*.jpeg;
               **/*.jpg;
               **/*.png;
               **/*.gif;
               **/*.webp;
               **/*.woff;
               **/*.woff2;
               **/*.m4v;
               **/*.mov;
               **/*.movie;
               **/*.mp2;
               **/*.mp4;
               **/*.mp4v;
               **/*.mpa;
               **/*.mpe;
               **/*.mpeg;
               **/*.mpg;
               **/*.mpv2;
               **/*.ogg;
               **/*.ogv;
               **/*.webm;
               **/*.jfif;
               **/*.svgz;
               **/*.jpe;
               **/*.pnz;
               **/*.aac;
               **/*.adt;
               **/*.adts;
               **/*.m4a;
               **/*.mp3;
               **/*.oga;
               **/*.wax;
               **/*.wma;
             '.
         Asset 'C:\Projects\BlueSky\backend\wwwroot\uploads\covers\ebc437f4-4dc1-4cc8-b822-3c92e79e8a06.jpg' with relative path 'uploads/covers/ebc437f4-4dc1-4cc8-b822-3c92e79e8a06.jpg' did not match include pattern '
               ;
               **/*.js;
               **/*.css;
               **/*.html;
               **/*.json;
               **/*.mjs;
               **/*.xml;
               **/*.htm;
               **/*.wasm;
               **/*.txt;
               **/*.dll;
               **/*.pdb;
               **/*.dat;
               **/*.jsx;
               **/*.markdown;
               **/*.md;
               **/*.webmanifest;
               **/*.bmp;
               **/*.svg;
               **/*.otf;
               **/*.art;
               **/*.cmx;
               **/*.cod;
               **/*.dib;
               **/*.ico;
               **/*.ief;
               **/*.pbm;
               **/*.pgm;
               **/*.pnm;
               **/*.ppm;
               **/*.ras;
               **/*.rf;
               **/*.rgb;
               **/*.tif
               **/*.tiff;
               **/*.wbmp;
               **/*.xbm;
               **/*.xpm;
               **/*.xwd;
               **/*.aif;
               **/*.aifc;
               **/*.aif;
               **/*.au;
               **/*.m3u;
               **/*.mid;
               **/*.midi;
               **/*.ra;
               **/*.ram;
               **/*.smd;
               **/*.smx;
               **/*.smz;
               **/*.wav;
               **/*.323;
               **/*.appcache;
               **/*.asm;
               **/*.bas;
               **/*.c;
               **/*.cnf;
               **/*.cpp;
               **/*.csv;
               **/*.disco;
               **/*.dlm;
               **/*.dtd;
               **/*.etx;
               **/*.h;
               **/*.hdml;
               **/*.htc;
               **/*.htt;
               **/*.hxt;
               **/*.ical;
               **/*.icalendar;
               **/*.ics;
               **/*.ifb;
               **/*.map;
               **/*.mno;
               **/*.odc;
               **/*.rtx;
               **/*.sct;
               **/*.sgml;
               **/*.tsv;
               **/*.uls;
               **/*.vbs;
               **/*.vcf;
               **/*.vcs;
               **/*.vml;
               **/*.wml;
               **/*.wmls;
               **/*.wsdl;
               **/*.xdr;
               **/*.xsd;
               **/*.xsf;
               **/*.xsl;
               **/*.xslt;
             ' or matched exclude pattern '
               ;
               **/*.gz;
               **/*.br;
               **/*.jpeg;
               **/*.jpg;
               **/*.png;
               **/*.gif;
               **/*.webp;
               **/*.woff;
               **/*.woff2;
               **/*.m4v;
               **/*.mov;
               **/*.movie;
               **/*.mp2;
               **/*.mp4;
               **/*.mp4v;
               **/*.mpa;
               **/*.mpe;
               **/*.mpeg;
               **/*.mpg;
               **/*.mpv2;
               **/*.ogg;
               **/*.ogv;
               **/*.webm;
               **/*.jfif;
               **/*.svgz;
               **/*.jpe;
               **/*.pnz;
               **/*.aac;
               **/*.adt;
               **/*.adts;
               **/*.m4a;
               **/*.mp3;
               **/*.oga;
               **/*.wax;
               **/*.wma;
             '.
         Asset 'C:\Projects\BlueSky\backend\wwwroot\uploads\covers\f987aa0f-8f51-48b8-8bf5-445b99e92f93.jpg' with relative path 'uploads/covers/f987aa0f-8f51-48b8-8bf5-445b99e92f93.jpg' did not match include pattern '
               ;
               **/*.js;
               **/*.css;
               **/*.html;
               **/*.json;
               **/*.mjs;
               **/*.xml;
               **/*.htm;
               **/*.wasm;
               **/*.txt;
               **/*.dll;
               **/*.pdb;
               **/*.dat;
               **/*.jsx;
               **/*.markdown;
               **/*.md;
               **/*.webmanifest;
               **/*.bmp;
               **/*.svg;
               **/*.otf;
               **/*.art;
               **/*.cmx;
               **/*.cod;
               **/*.dib;
               **/*.ico;
               **/*.ief;
               **/*.pbm;
               **/*.pgm;
               **/*.pnm;
               **/*.ppm;
               **/*.ras;
               **/*.rf;
               **/*.rgb;
               **/*.tif
               **/*.tiff;
               **/*.wbmp;
               **/*.xbm;
               **/*.xpm;
               **/*.xwd;
               **/*.aif;
               **/*.aifc;
               **/*.aif;
               **/*.au;
               **/*.m3u;
               **/*.mid;
               **/*.midi;
               **/*.ra;
               **/*.ram;
               **/*.smd;
               **/*.smx;
               **/*.smz;
               **/*.wav;
               **/*.323;
               **/*.appcache;
               **/*.asm;
               **/*.bas;
               **/*.c;
               **/*.cnf;
               **/*.cpp;
               **/*.csv;
               **/*.disco;
               **/*.dlm;
               **/*.dtd;
               **/*.etx;
               **/*.h;
               **/*.hdml;
               **/*.htc;
               **/*.htt;
               **/*.hxt;
               **/*.ical;
               **/*.icalendar;
               **/*.ics;
               **/*.ifb;
               **/*.map;
               **/*.mno;
               **/*.odc;
               **/*.rtx;
               **/*.sct;
               **/*.sgml;
               **/*.tsv;
               **/*.uls;
               **/*.vbs;
               **/*.vcf;
               **/*.vcs;
               **/*.vml;
               **/*.wml;
               **/*.wmls;
               **/*.wsdl;
               **/*.xdr;
               **/*.xsd;
               **/*.xsf;
               **/*.xsl;
               **/*.xslt;
             ' or matched exclude pattern '
               ;
               **/*.gz;
               **/*.br;
               **/*.jpeg;
               **/*.jpg;
               **/*.png;
               **/*.gif;
               **/*.webp;
               **/*.woff;
               **/*.woff2;
               **/*.m4v;
               **/*.mov;
               **/*.movie;
               **/*.mp2;
               **/*.mp4;
               **/*.mp4v;
               **/*.mpa;
               **/*.mpe;
               **/*.mpeg;
               **/*.mpg;
               **/*.mpv2;
               **/*.ogg;
               **/*.ogv;
               **/*.webm;
               **/*.jfif;
               **/*.svgz;
               **/*.jpe;
               **/*.pnz;
               **/*.aac;
               **/*.adt;
               **/*.adts;
               **/*.m4a;
               **/*.mp3;
               **/*.oga;
               **/*.wax;
               **/*.wma;
             '.
         Asset 'C:\Projects\BlueSky\backend\wwwroot\uploads\covers\fd5a18e5-e125-49e2-b008-d39a96f58016.jpg' with relative path 'uploads/covers/fd5a18e5-e125-49e2-b008-d39a96f58016.jpg' did not match include pattern '
               ;
               **/*.js;
               **/*.css;
               **/*.html;
               **/*.json;
               **/*.mjs;
               **/*.xml;
               **/*.htm;
               **/*.wasm;
               **/*.txt;
               **/*.dll;
               **/*.pdb;
               **/*.dat;
               **/*.jsx;
               **/*.markdown;
               **/*.md;
               **/*.webmanifest;
               **/*.bmp;
               **/*.svg;
               **/*.otf;
               **/*.art;
               **/*.cmx;
               **/*.cod;
               **/*.dib;
               **/*.ico;
               **/*.ief;
               **/*.pbm;
               **/*.pgm;
               **/*.pnm;
               **/*.ppm;
               **/*.ras;
               **/*.rf;
               **/*.rgb;
               **/*.tif
               **/*.tiff;
               **/*.wbmp;
               **/*.xbm;
               **/*.xpm;
               **/*.xwd;
               **/*.aif;
               **/*.aifc;
               **/*.aif;
               **/*.au;
               **/*.m3u;
               **/*.mid;
               **/*.midi;
               **/*.ra;
               **/*.ram;
               **/*.smd;
               **/*.smx;
               **/*.smz;
               **/*.wav;
               **/*.323;
               **/*.appcache;
               **/*.asm;
               **/*.bas;
               **/*.c;
               **/*.cnf;
               **/*.cpp;
               **/*.csv;
               **/*.disco;
               **/*.dlm;
               **/*.dtd;
               **/*.etx;
               **/*.h;
               **/*.hdml;
               **/*.htc;
               **/*.htt;
               **/*.hxt;
               **/*.ical;
               **/*.icalendar;
               **/*.ics;
               **/*.ifb;
               **/*.map;
               **/*.mno;
               **/*.odc;
               **/*.rtx;
               **/*.sct;
               **/*.sgml;
               **/*.tsv;
               **/*.uls;
               **/*.vbs;
               **/*.vcf;
               **/*.vcs;
               **/*.vml;
               **/*.wml;
               **/*.wmls;
               **/*.wsdl;
               **/*.xdr;
               **/*.xsd;
               **/*.xsf;
               **/*.xsl;
               **/*.xslt;
             ' or matched exclude pattern '
               ;
               **/*.gz;
               **/*.br;
               **/*.jpeg;
               **/*.jpg;
               **/*.png;
               **/*.gif;
               **/*.webp;
               **/*.woff;
               **/*.woff2;
               **/*.m4v;
               **/*.mov;
               **/*.movie;
               **/*.mp2;
               **/*.mp4;
               **/*.mp4v;
               **/*.mpa;
               **/*.mpe;
               **/*.mpeg;
               **/*.mpg;
               **/*.mpv2;
               **/*.ogg;
               **/*.ogv;
               **/*.webm;
               **/*.jfif;
               **/*.svgz;
               **/*.jpe;
               **/*.pnz;
               **/*.aac;
               **/*.adt;
               **/*.adts;
               **/*.m4a;
               **/*.mp3;
               **/*.oga;
               **/*.wax;
               **/*.wma;
             '.
         Asset 'C:\Projects\BlueSky\backend\wwwroot\uploads\feeds\09363fd5-7dbc-411e-aede-241aab62ea85.jpg' with relative path 'uploads/feeds/09363fd5-7dbc-411e-aede-241aab62ea85.jpg' did not match include pattern '
               ;
               **/*.js;
               **/*.css;
               **/*.html;
               **/*.json;
               **/*.mjs;
               **/*.xml;
               **/*.htm;
               **/*.wasm;
               **/*.txt;
               **/*.dll;
               **/*.pdb;
               **/*.dat;
               **/*.jsx;
               **/*.markdown;
               **/*.md;
               **/*.webmanifest;
               **/*.bmp;
               **/*.svg;
               **/*.otf;
               **/*.art;
               **/*.cmx;
               **/*.cod;
               **/*.dib;
               **/*.ico;
               **/*.ief;
               **/*.pbm;
               **/*.pgm;
               **/*.pnm;
               **/*.ppm;
               **/*.ras;
               **/*.rf;
               **/*.rgb;
               **/*.tif
               **/*.tiff;
               **/*.wbmp;
               **/*.xbm;
               **/*.xpm;
               **/*.xwd;
               **/*.aif;
               **/*.aifc;
               **/*.aif;
               **/*.au;
               **/*.m3u;
               **/*.mid;
               **/*.midi;
               **/*.ra;
               **/*.ram;
               **/*.smd;
               **/*.smx;
               **/*.smz;
               **/*.wav;
               **/*.323;
               **/*.appcache;
               **/*.asm;
               **/*.bas;
               **/*.c;
               **/*.cnf;
               **/*.cpp;
               **/*.csv;
               **/*.disco;
               **/*.dlm;
               **/*.dtd;
               **/*.etx;
               **/*.h;
               **/*.hdml;
               **/*.htc;
               **/*.htt;
               **/*.hxt;
               **/*.ical;
               **/*.icalendar;
               **/*.ics;
               **/*.ifb;
               **/*.map;
               **/*.mno;
               **/*.odc;
               **/*.rtx;
               **/*.sct;
               **/*.sgml;
               **/*.tsv;
               **/*.uls;
               **/*.vbs;
               **/*.vcf;
               **/*.vcs;
               **/*.vml;
               **/*.wml;
               **/*.wmls;
               **/*.wsdl;
               **/*.xdr;
               **/*.xsd;
               **/*.xsf;
               **/*.xsl;
               **/*.xslt;
             ' or matched exclude pattern '
               ;
               **/*.gz;
               **/*.br;
               **/*.jpeg;
               **/*.jpg;
               **/*.png;
               **/*.gif;
               **/*.webp;
               **/*.woff;
               **/*.woff2;
               **/*.m4v;
               **/*.mov;
               **/*.movie;
               **/*.mp2;
               **/*.mp4;
               **/*.mp4v;
               **/*.mpa;
               **/*.mpe;
               **/*.mpeg;
               **/*.mpg;
               **/*.mpv2;
               **/*.ogg;
               **/*.ogv;
               **/*.webm;
               **/*.jfif;
               **/*.svgz;
               **/*.jpe;
               **/*.pnz;
               **/*.aac;
               **/*.adt;
               **/*.adts;
               **/*.m4a;
               **/*.mp3;
               **/*.oga;
               **/*.wax;
               **/*.wma;
             '.
         Asset 'C:\Projects\BlueSky\backend\wwwroot\uploads\lists\333bc398-2634-4fb4-82ee-1371c1e37270.jpg' with relative path 'uploads/lists/333bc398-2634-4fb4-82ee-1371c1e37270.jpg' did not match include pattern '
               ;
               **/*.js;
               **/*.css;
               **/*.html;
               **/*.json;
               **/*.mjs;
               **/*.xml;
               **/*.htm;
               **/*.wasm;
               **/*.txt;
               **/*.dll;
               **/*.pdb;
               **/*.dat;
               **/*.jsx;
               **/*.markdown;
               **/*.md;
               **/*.webmanifest;
               **/*.bmp;
               **/*.svg;
               **/*.otf;
               **/*.art;
               **/*.cmx;
               **/*.cod;
               **/*.dib;
               **/*.ico;
               **/*.ief;
               **/*.pbm;
               **/*.pgm;
               **/*.pnm;
               **/*.ppm;
               **/*.ras;
               **/*.rf;
               **/*.rgb;
               **/*.tif
               **/*.tiff;
               **/*.wbmp;
               **/*.xbm;
               **/*.xpm;
               **/*.xwd;
               **/*.aif;
               **/*.aifc;
               **/*.aif;
               **/*.au;
               **/*.m3u;
               **/*.mid;
               **/*.midi;
               **/*.ra;
               **/*.ram;
               **/*.smd;
               **/*.smx;
               **/*.smz;
               **/*.wav;
               **/*.323;
               **/*.appcache;
               **/*.asm;
               **/*.bas;
               **/*.c;
               **/*.cnf;
               **/*.cpp;
               **/*.csv;
               **/*.disco;
               **/*.dlm;
               **/*.dtd;
               **/*.etx;
               **/*.h;
               **/*.hdml;
               **/*.htc;
               **/*.htt;
               **/*.hxt;
               **/*.ical;
               **/*.icalendar;
               **/*.ics;
               **/*.ifb;
               **/*.map;
               **/*.mno;
               **/*.odc;
               **/*.rtx;
               **/*.sct;
               **/*.sgml;
               **/*.tsv;
               **/*.uls;
               **/*.vbs;
               **/*.vcf;
               **/*.vcs;
               **/*.vml;
               **/*.wml;
               **/*.wmls;
               **/*.wsdl;
               **/*.xdr;
               **/*.xsd;
               **/*.xsf;
               **/*.xsl;
               **/*.xslt;
             ' or matched exclude pattern '
               ;
               **/*.gz;
               **/*.br;
               **/*.jpeg;
               **/*.jpg;
               **/*.png;
               **/*.gif;
               **/*.webp;
               **/*.woff;
               **/*.woff2;
               **/*.m4v;
               **/*.mov;
               **/*.movie;
               **/*.mp2;
               **/*.mp4;
               **/*.mp4v;
               **/*.mpa;
               **/*.mpe;
               **/*.mpeg;
               **/*.mpg;
               **/*.mpv2;
               **/*.ogg;
               **/*.ogv;
               **/*.webm;
               **/*.jfif;
               **/*.svgz;
               **/*.jpe;
               **/*.pnz;
               **/*.aac;
               **/*.adt;
               **/*.adts;
               **/*.m4a;
               **/*.mp3;
               **/*.oga;
               **/*.wax;
               **/*.wma;
             '.
         Asset 'C:\Projects\BlueSky\backend\wwwroot\uploads\lists\6701e576-56da-4250-a91a-6538e4b7c5ef.jpg' with relative path 'uploads/lists/6701e576-56da-4250-a91a-6538e4b7c5ef.jpg' did not match include pattern '
               ;
               **/*.js;
               **/*.css;
               **/*.html;
               **/*.json;
               **/*.mjs;
               **/*.xml;
               **/*.htm;
               **/*.wasm;
               **/*.txt;
               **/*.dll;
               **/*.pdb;
               **/*.dat;
               **/*.jsx;
               **/*.markdown;
               **/*.md;
               **/*.webmanifest;
               **/*.bmp;
               **/*.svg;
               **/*.otf;
               **/*.art;
               **/*.cmx;
               **/*.cod;
               **/*.dib;
               **/*.ico;
               **/*.ief;
               **/*.pbm;
               **/*.pgm;
               **/*.pnm;
               **/*.ppm;
               **/*.ras;
               **/*.rf;
               **/*.rgb;
               **/*.tif
               **/*.tiff;
               **/*.wbmp;
               **/*.xbm;
               **/*.xpm;
               **/*.xwd;
               **/*.aif;
               **/*.aifc;
               **/*.aif;
               **/*.au;
               **/*.m3u;
               **/*.mid;
               **/*.midi;
               **/*.ra;
               **/*.ram;
               **/*.smd;
               **/*.smx;
               **/*.smz;
               **/*.wav;
               **/*.323;
               **/*.appcache;
               **/*.asm;
               **/*.bas;
               **/*.c;
               **/*.cnf;
               **/*.cpp;
               **/*.csv;
               **/*.disco;
               **/*.dlm;
               **/*.dtd;
               **/*.etx;
               **/*.h;
               **/*.hdml;
               **/*.htc;
               **/*.htt;
               **/*.hxt;
               **/*.ical;
               **/*.icalendar;
               **/*.ics;
               **/*.ifb;
               **/*.map;
               **/*.mno;
               **/*.odc;
               **/*.rtx;
               **/*.sct;
               **/*.sgml;
               **/*.tsv;
               **/*.uls;
               **/*.vbs;
               **/*.vcf;
               **/*.vcs;
               **/*.vml;
               **/*.wml;
               **/*.wmls;
               **/*.wsdl;
               **/*.xdr;
               **/*.xsd;
               **/*.xsf;
               **/*.xsl;
               **/*.xslt;
             ' or matched exclude pattern '
               ;
               **/*.gz;
               **/*.br;
               **/*.jpeg;
               **/*.jpg;
               **/*.png;
               **/*.gif;
               **/*.webp;
               **/*.woff;
               **/*.woff2;
               **/*.m4v;
               **/*.mov;
               **/*.movie;
               **/*.mp2;
               **/*.mp4;
               **/*.mp4v;
               **/*.mpa;
               **/*.mpe;
               **/*.mpeg;
               **/*.mpg;
               **/*.mpv2;
               **/*.ogg;
               **/*.ogv;
               **/*.webm;
               **/*.jfif;
               **/*.svgz;
               **/*.jpe;
               **/*.pnz;
               **/*.aac;
               **/*.adt;
               **/*.adts;
               **/*.m4a;
               **/*.mp3;
               **/*.oga;
               **/*.wax;
               **/*.wma;
             '.
         Asset 'C:\Projects\BlueSky\backend\wwwroot\uploads\lists\7ea8e527-8372-400f-ac67-bf10f18a8722.jpg' with relative path 'uploads/lists/7ea8e527-8372-400f-ac67-bf10f18a8722.jpg' did not match include pattern '
               ;
               **/*.js;
               **/*.css;
               **/*.html;
               **/*.json;
               **/*.mjs;
               **/*.xml;
               **/*.htm;
               **/*.wasm;
               **/*.txt;
               **/*.dll;
               **/*.pdb;
               **/*.dat;
               **/*.jsx;
               **/*.markdown;
               **/*.md;
               **/*.webmanifest;
               **/*.bmp;
               **/*.svg;
               **/*.otf;
               **/*.art;
               **/*.cmx;
               **/*.cod;
               **/*.dib;
               **/*.ico;
               **/*.ief;
               **/*.pbm;
               **/*.pgm;
               **/*.pnm;
               **/*.ppm;
               **/*.ras;
               **/*.rf;
               **/*.rgb;
               **/*.tif
               **/*.tiff;
               **/*.wbmp;
               **/*.xbm;
               **/*.xpm;
               **/*.xwd;
               **/*.aif;
               **/*.aifc;
               **/*.aif;
               **/*.au;
               **/*.m3u;
               **/*.mid;
               **/*.midi;
               **/*.ra;
               **/*.ram;
               **/*.smd;
               **/*.smx;
               **/*.smz;
               **/*.wav;
               **/*.323;
               **/*.appcache;
               **/*.asm;
               **/*.bas;
               **/*.c;
               **/*.cnf;
               **/*.cpp;
               **/*.csv;
               **/*.disco;
               **/*.dlm;
               **/*.dtd;
               **/*.etx;
               **/*.h;
               **/*.hdml;
               **/*.htc;
               **/*.htt;
               **/*.hxt;
               **/*.ical;
               **/*.icalendar;
               **/*.ics;
               **/*.ifb;
               **/*.map;
               **/*.mno;
               **/*.odc;
               **/*.rtx;
               **/*.sct;
               **/*.sgml;
               **/*.tsv;
               **/*.uls;
               **/*.vbs;
               **/*.vcf;
               **/*.vcs;
               **/*.vml;
               **/*.wml;
               **/*.wmls;
               **/*.wsdl;
               **/*.xdr;
               **/*.xsd;
               **/*.xsf;
               **/*.xsl;
               **/*.xslt;
             ' or matched exclude pattern '
               ;
               **/*.gz;
               **/*.br;
               **/*.jpeg;
               **/*.jpg;
               **/*.png;
               **/*.gif;
               **/*.webp;
               **/*.woff;
               **/*.woff2;
               **/*.m4v;
               **/*.mov;
               **/*.movie;
               **/*.mp2;
               **/*.mp4;
               **/*.mp4v;
               **/*.mpa;
               **/*.mpe;
               **/*.mpeg;
               **/*.mpg;
               **/*.mpv2;
               **/*.ogg;
               **/*.ogv;
               **/*.webm;
               **/*.jfif;
               **/*.svgz;
               **/*.jpe;
               **/*.pnz;
               **/*.aac;
               **/*.adt;
               **/*.adts;
               **/*.m4a;
               **/*.mp3;
               **/*.oga;
               **/*.wax;
               **/*.wma;
             '.
         Asset 'C:\Projects\BlueSky\backend\wwwroot\uploads\posts\02fb19ce-c781-4188-92ab-ca4c1fae40b6.jpg' with relative path 'uploads/posts/02fb19ce-c781-4188-92ab-ca4c1fae40b6.jpg' did not match include pattern '
               ;
               **/*.js;
               **/*.css;
               **/*.html;
               **/*.json;
               **/*.mjs;
               **/*.xml;
               **/*.htm;
               **/*.wasm;
               **/*.txt;
               **/*.dll;
               **/*.pdb;
               **/*.dat;
               **/*.jsx;
               **/*.markdown;
               **/*.md;
               **/*.webmanifest;
               **/*.bmp;
               **/*.svg;
               **/*.otf;
               **/*.art;
               **/*.cmx;
               **/*.cod;
               **/*.dib;
               **/*.ico;
               **/*.ief;
               **/*.pbm;
               **/*.pgm;
               **/*.pnm;
               **/*.ppm;
               **/*.ras;
               **/*.rf;
               **/*.rgb;
               **/*.tif
               **/*.tiff;
               **/*.wbmp;
               **/*.xbm;
               **/*.xpm;
               **/*.xwd;
               **/*.aif;
               **/*.aifc;
               **/*.aif;
               **/*.au;
               **/*.m3u;
               **/*.mid;
               **/*.midi;
               **/*.ra;
               **/*.ram;
               **/*.smd;
               **/*.smx;
               **/*.smz;
               **/*.wav;
               **/*.323;
               **/*.appcache;
               **/*.asm;
               **/*.bas;
               **/*.c;
               **/*.cnf;
               **/*.cpp;
               **/*.csv;
               **/*.disco;
               **/*.dlm;
               **/*.dtd;
               **/*.etx;
               **/*.h;
               **/*.hdml;
               **/*.htc;
               **/*.htt;
               **/*.hxt;
               **/*.ical;
               **/*.icalendar;
               **/*.ics;
               **/*.ifb;
               **/*.map;
               **/*.mno;
               **/*.odc;
               **/*.rtx;
               **/*.sct;
               **/*.sgml;
               **/*.tsv;
               **/*.uls;
               **/*.vbs;
               **/*.vcf;
               **/*.vcs;
               **/*.vml;
               **/*.wml;
               **/*.wmls;
               **/*.wsdl;
               **/*.xdr;
               **/*.xsd;
               **/*.xsf;
               **/*.xsl;
               **/*.xslt;
             ' or matched exclude pattern '
               ;
               **/*.gz;
               **/*.br;
               **/*.jpeg;
               **/*.jpg;
               **/*.png;
               **/*.gif;
               **/*.webp;
               **/*.woff;
               **/*.woff2;
               **/*.m4v;
               **/*.mov;
               **/*.movie;
               **/*.mp2;
               **/*.mp4;
               **/*.mp4v;
               **/*.mpa;
               **/*.mpe;
               **/*.mpeg;
               **/*.mpg;
               **/*.mpv2;
               **/*.ogg;
               **/*.ogv;
               **/*.webm;
               **/*.jfif;
               **/*.svgz;
               **/*.jpe;
               **/*.pnz;
               **/*.aac;
               **/*.adt;
               **/*.adts;
               **/*.m4a;
               **/*.mp3;
               **/*.oga;
               **/*.wax;
               **/*.wma;
             '.
         Asset 'C:\Projects\BlueSky\backend\wwwroot\uploads\posts\1236e86c-8959-42e9-ad21-3ea80eedf260.jpg' with relative path 'uploads/posts/1236e86c-8959-42e9-ad21-3ea80eedf260.jpg' did not match include pattern '
               ;
               **/*.js;
               **/*.css;
               **/*.html;
               **/*.json;
               **/*.mjs;
               **/*.xml;
               **/*.htm;
               **/*.wasm;
               **/*.txt;
               **/*.dll;
               **/*.pdb;
               **/*.dat;
               **/*.jsx;
               **/*.markdown;
               **/*.md;
               **/*.webmanifest;
               **/*.bmp;
               **/*.svg;
               **/*.otf;
               **/*.art;
               **/*.cmx;
               **/*.cod;
               **/*.dib;
               **/*.ico;
               **/*.ief;
               **/*.pbm;
               **/*.pgm;
               **/*.pnm;
               **/*.ppm;
               **/*.ras;
               **/*.rf;
               **/*.rgb;
               **/*.tif
               **/*.tiff;
               **/*.wbmp;
               **/*.xbm;
               **/*.xpm;
               **/*.xwd;
               **/*.aif;
               **/*.aifc;
               **/*.aif;
               **/*.au;
               **/*.m3u;
               **/*.mid;
               **/*.midi;
               **/*.ra;
               **/*.ram;
               **/*.smd;
               **/*.smx;
               **/*.smz;
               **/*.wav;
               **/*.323;
               **/*.appcache;
               **/*.asm;
               **/*.bas;
               **/*.c;
               **/*.cnf;
               **/*.cpp;
               **/*.csv;
               **/*.disco;
               **/*.dlm;
               **/*.dtd;
               **/*.etx;
               **/*.h;
               **/*.hdml;
               **/*.htc;
               **/*.htt;
               **/*.hxt;
               **/*.ical;
               **/*.icalendar;
               **/*.ics;
               **/*.ifb;
               **/*.map;
               **/*.mno;
               **/*.odc;
               **/*.rtx;
               **/*.sct;
               **/*.sgml;
               **/*.tsv;
               **/*.uls;
               **/*.vbs;
               **/*.vcf;
               **/*.vcs;
               **/*.vml;
               **/*.wml;
               **/*.wmls;
               **/*.wsdl;
               **/*.xdr;
               **/*.xsd;
               **/*.xsf;
               **/*.xsl;
               **/*.xslt;
             ' or matched exclude pattern '
               ;
               **/*.gz;
               **/*.br;
               **/*.jpeg;
               **/*.jpg;
               **/*.png;
               **/*.gif;
               **/*.webp;
               **/*.woff;
               **/*.woff2;
               **/*.m4v;
               **/*.mov;
               **/*.movie;
               **/*.mp2;
               **/*.mp4;
               **/*.mp4v;
               **/*.mpa;
               **/*.mpe;
               **/*.mpeg;
               **/*.mpg;
               **/*.mpv2;
               **/*.ogg;
               **/*.ogv;
               **/*.webm;
               **/*.jfif;
               **/*.svgz;
               **/*.jpe;
               **/*.pnz;
               **/*.aac;
               **/*.adt;
               **/*.adts;
               **/*.m4a;
               **/*.mp3;
               **/*.oga;
               **/*.wax;
               **/*.wma;
             '.
         Asset 'C:\Projects\BlueSky\backend\wwwroot\uploads\posts\36a2ee9a-325b-4b2d-85fd-d71632cec0fd.webp' with relative path 'uploads/posts/36a2ee9a-325b-4b2d-85fd-d71632cec0fd.webp' did not match include pattern '
               ;
               **/*.js;
               **/*.css;
               **/*.html;
               **/*.json;
               **/*.mjs;
               **/*.xml;
               **/*.htm;
               **/*.wasm;
               **/*.txt;
               **/*.dll;
               **/*.pdb;
               **/*.dat;
               **/*.jsx;
               **/*.markdown;
               **/*.md;
               **/*.webmanifest;
               **/*.bmp;
               **/*.svg;
               **/*.otf;
               **/*.art;
               **/*.cmx;
               **/*.cod;
               **/*.dib;
               **/*.ico;
               **/*.ief;
               **/*.pbm;
               **/*.pgm;
               **/*.pnm;
               **/*.ppm;
               **/*.ras;
               **/*.rf;
               **/*.rgb;
               **/*.tif
               **/*.tiff;
               **/*.wbmp;
               **/*.xbm;
               **/*.xpm;
               **/*.xwd;
               **/*.aif;
               **/*.aifc;
               **/*.aif;
               **/*.au;
               **/*.m3u;
               **/*.mid;
               **/*.midi;
               **/*.ra;
               **/*.ram;
               **/*.smd;
               **/*.smx;
               **/*.smz;
               **/*.wav;
               **/*.323;
               **/*.appcache;
               **/*.asm;
               **/*.bas;
               **/*.c;
               **/*.cnf;
               **/*.cpp;
               **/*.csv;
               **/*.disco;
               **/*.dlm;
               **/*.dtd;
               **/*.etx;
               **/*.h;
               **/*.hdml;
               **/*.htc;
               **/*.htt;
               **/*.hxt;
               **/*.ical;
               **/*.icalendar;
               **/*.ics;
               **/*.ifb;
               **/*.map;
               **/*.mno;
               **/*.odc;
               **/*.rtx;
               **/*.sct;
               **/*.sgml;
               **/*.tsv;
               **/*.uls;
               **/*.vbs;
               **/*.vcf;
               **/*.vcs;
               **/*.vml;
               **/*.wml;
               **/*.wmls;
               **/*.wsdl;
               **/*.xdr;
               **/*.xsd;
               **/*.xsf;
               **/*.xsl;
               **/*.xslt;
             ' or matched exclude pattern '
               ;
               **/*.gz;
               **/*.br;
               **/*.jpeg;
               **/*.jpg;
               **/*.png;
               **/*.gif;
               **/*.webp;
               **/*.woff;
               **/*.woff2;
               **/*.m4v;
               **/*.mov;
               **/*.movie;
               **/*.mp2;
               **/*.mp4;
               **/*.mp4v;
               **/*.mpa;
               **/*.mpe;
               **/*.mpeg;
               **/*.mpg;
               **/*.mpv2;
               **/*.ogg;
               **/*.ogv;
               **/*.webm;
               **/*.jfif;
               **/*.svgz;
               **/*.jpe;
               **/*.pnz;
               **/*.aac;
               **/*.adt;
               **/*.adts;
               **/*.m4a;
               **/*.mp3;
               **/*.oga;
               **/*.wax;
               **/*.wma;
             '.
         Asset 'C:\Projects\BlueSky\backend\wwwroot\uploads\posts\46d9db6f-9394-4878-84fd-eac399d57b82.mp4' with relative path 'uploads/posts/46d9db6f-9394-4878-84fd-eac399d57b82.mp4' did not match include pattern '
               ;
               **/*.js;
               **/*.css;
               **/*.html;
               **/*.json;
               **/*.mjs;
               **/*.xml;
               **/*.htm;
               **/*.wasm;
               **/*.txt;
               **/*.dll;
               **/*.pdb;
               **/*.dat;
               **/*.jsx;
               **/*.markdown;
               **/*.md;
               **/*.webmanifest;
               **/*.bmp;
               **/*.svg;
               **/*.otf;
               **/*.art;
               **/*.cmx;
               **/*.cod;
               **/*.dib;
               **/*.ico;
               **/*.ief;
               **/*.pbm;
               **/*.pgm;
               **/*.pnm;
               **/*.ppm;
               **/*.ras;
               **/*.rf;
               **/*.rgb;
               **/*.tif
               **/*.tiff;
               **/*.wbmp;
               **/*.xbm;
               **/*.xpm;
               **/*.xwd;
               **/*.aif;
               **/*.aifc;
               **/*.aif;
               **/*.au;
               **/*.m3u;
               **/*.mid;
               **/*.midi;
               **/*.ra;
               **/*.ram;
               **/*.smd;
               **/*.smx;
               **/*.smz;
               **/*.wav;
               **/*.323;
               **/*.appcache;
               **/*.asm;
               **/*.bas;
               **/*.c;
               **/*.cnf;
               **/*.cpp;
               **/*.csv;
               **/*.disco;
               **/*.dlm;
               **/*.dtd;
               **/*.etx;
               **/*.h;
               **/*.hdml;
               **/*.htc;
               **/*.htt;
               **/*.hxt;
               **/*.ical;
               **/*.icalendar;
               **/*.ics;
               **/*.ifb;
               **/*.map;
               **/*.mno;
               **/*.odc;
               **/*.rtx;
               **/*.sct;
               **/*.sgml;
               **/*.tsv;
               **/*.uls;
               **/*.vbs;
               **/*.vcf;
               **/*.vcs;
               **/*.vml;
               **/*.wml;
               **/*.wmls;
               **/*.wsdl;
               **/*.xdr;
               **/*.xsd;
               **/*.xsf;
               **/*.xsl;
               **/*.xslt;
             ' or matched exclude pattern '
               ;
               **/*.gz;
               **/*.br;
               **/*.jpeg;
               **/*.jpg;
               **/*.png;
               **/*.gif;
               **/*.webp;
               **/*.woff;
               **/*.woff2;
               **/*.m4v;
               **/*.mov;
               **/*.movie;
               **/*.mp2;
               **/*.mp4;
               **/*.mp4v;
               **/*.mpa;
               **/*.mpe;
               **/*.mpeg;
               **/*.mpg;
               **/*.mpv2;
               **/*.ogg;
               **/*.ogv;
               **/*.webm;
               **/*.jfif;
               **/*.svgz;
               **/*.jpe;
               **/*.pnz;
               **/*.aac;
               **/*.adt;
               **/*.adts;
               **/*.m4a;
               **/*.mp3;
               **/*.oga;
               **/*.wax;
               **/*.wma;
             '.
         Asset 'C:\Projects\BlueSky\backend\wwwroot\uploads\posts\5e9ac5ea-c811-4cdd-9ef2-b487432108fa.jpg' with relative path 'uploads/posts/5e9ac5ea-c811-4cdd-9ef2-b487432108fa.jpg' did not match include pattern '
               ;
               **/*.js;
               **/*.css;
               **/*.html;
               **/*.json;
               **/*.mjs;
               **/*.xml;
               **/*.htm;
               **/*.wasm;
               **/*.txt;
               **/*.dll;
               **/*.pdb;
               **/*.dat;
               **/*.jsx;
               **/*.markdown;
               **/*.md;
               **/*.webmanifest;
               **/*.bmp;
               **/*.svg;
               **/*.otf;
               **/*.art;
               **/*.cmx;
               **/*.cod;
               **/*.dib;
               **/*.ico;
               **/*.ief;
               **/*.pbm;
               **/*.pgm;
               **/*.pnm;
               **/*.ppm;
               **/*.ras;
               **/*.rf;
               **/*.rgb;
               **/*.tif
               **/*.tiff;
               **/*.wbmp;
               **/*.xbm;
               **/*.xpm;
               **/*.xwd;
               **/*.aif;
               **/*.aifc;
               **/*.aif;
               **/*.au;
               **/*.m3u;
               **/*.mid;
               **/*.midi;
               **/*.ra;
               **/*.ram;
               **/*.smd;
               **/*.smx;
               **/*.smz;
               **/*.wav;
               **/*.323;
               **/*.appcache;
               **/*.asm;
               **/*.bas;
               **/*.c;
               **/*.cnf;
               **/*.cpp;
               **/*.csv;
               **/*.disco;
               **/*.dlm;
               **/*.dtd;
               **/*.etx;
               **/*.h;
               **/*.hdml;
               **/*.htc;
               **/*.htt;
               **/*.hxt;
               **/*.ical;
               **/*.icalendar;
               **/*.ics;
               **/*.ifb;
               **/*.map;
               **/*.mno;
               **/*.odc;
               **/*.rtx;
               **/*.sct;
               **/*.sgml;
               **/*.tsv;
               **/*.uls;
               **/*.vbs;
               **/*.vcf;
               **/*.vcs;
               **/*.vml;
               **/*.wml;
               **/*.wmls;
               **/*.wsdl;
               **/*.xdr;
               **/*.xsd;
               **/*.xsf;
               **/*.xsl;
               **/*.xslt;
             ' or matched exclude pattern '
               ;
               **/*.gz;
               **/*.br;
               **/*.jpeg;
               **/*.jpg;
               **/*.png;
               **/*.gif;
               **/*.webp;
               **/*.woff;
               **/*.woff2;
               **/*.m4v;
               **/*.mov;
               **/*.movie;
               **/*.mp2;
               **/*.mp4;
               **/*.mp4v;
               **/*.mpa;
               **/*.mpe;
               **/*.mpeg;
               **/*.mpg;
               **/*.mpv2;
               **/*.ogg;
               **/*.ogv;
               **/*.webm;
               **/*.jfif;
               **/*.svgz;
               **/*.jpe;
               **/*.pnz;
               **/*.aac;
               **/*.adt;
               **/*.adts;
               **/*.m4a;
               **/*.mp3;
               **/*.oga;
               **/*.wax;
               **/*.wma;
             '.
         Asset 'C:\Projects\BlueSky\backend\wwwroot\uploads\posts\75b610a8-3ba1-44a2-855e-62ab588f6cca.mp4' with relative path 'uploads/posts/75b610a8-3ba1-44a2-855e-62ab588f6cca.mp4' did not match include pattern '
               ;
               **/*.js;
               **/*.css;
               **/*.html;
               **/*.json;
               **/*.mjs;
               **/*.xml;
               **/*.htm;
               **/*.wasm;
               **/*.txt;
               **/*.dll;
               **/*.pdb;
               **/*.dat;
               **/*.jsx;
               **/*.markdown;
               **/*.md;
               **/*.webmanifest;
               **/*.bmp;
               **/*.svg;
               **/*.otf;
               **/*.art;
               **/*.cmx;
               **/*.cod;
               **/*.dib;
               **/*.ico;
               **/*.ief;
               **/*.pbm;
               **/*.pgm;
               **/*.pnm;
               **/*.ppm;
               **/*.ras;
               **/*.rf;
               **/*.rgb;
               **/*.tif
               **/*.tiff;
               **/*.wbmp;
               **/*.xbm;
               **/*.xpm;
               **/*.xwd;
               **/*.aif;
               **/*.aifc;
               **/*.aif;
               **/*.au;
               **/*.m3u;
               **/*.mid;
               **/*.midi;
               **/*.ra;
               **/*.ram;
               **/*.smd;
               **/*.smx;
               **/*.smz;
               **/*.wav;
               **/*.323;
               **/*.appcache;
               **/*.asm;
               **/*.bas;
               **/*.c;
               **/*.cnf;
               **/*.cpp;
               **/*.csv;
               **/*.disco;
               **/*.dlm;
               **/*.dtd;
               **/*.etx;
               **/*.h;
               **/*.hdml;
               **/*.htc;
               **/*.htt;
               **/*.hxt;
               **/*.ical;
               **/*.icalendar;
               **/*.ics;
               **/*.ifb;
               **/*.map;
               **/*.mno;
               **/*.odc;
               **/*.rtx;
               **/*.sct;
               **/*.sgml;
               **/*.tsv;
               **/*.uls;
               **/*.vbs;
               **/*.vcf;
               **/*.vcs;
               **/*.vml;
               **/*.wml;
               **/*.wmls;
               **/*.wsdl;
               **/*.xdr;
               **/*.xsd;
               **/*.xsf;
               **/*.xsl;
               **/*.xslt;
             ' or matched exclude pattern '
               ;
               **/*.gz;
               **/*.br;
               **/*.jpeg;
               **/*.jpg;
               **/*.png;
               **/*.gif;
               **/*.webp;
               **/*.woff;
               **/*.woff2;
               **/*.m4v;
               **/*.mov;
               **/*.movie;
               **/*.mp2;
               **/*.mp4;
               **/*.mp4v;
               **/*.mpa;
               **/*.mpe;
               **/*.mpeg;
               **/*.mpg;
               **/*.mpv2;
               **/*.ogg;
               **/*.ogv;
               **/*.webm;
               **/*.jfif;
               **/*.svgz;
               **/*.jpe;
               **/*.pnz;
               **/*.aac;
               **/*.adt;
               **/*.adts;
               **/*.m4a;
               **/*.mp3;
               **/*.oga;
               **/*.wax;
               **/*.wma;
             '.
         Asset 'C:\Projects\BlueSky\backend\wwwroot\uploads\posts\8753289f-b156-4db9-aeb1-7e361140c99b.mp4' with relative path 'uploads/posts/8753289f-b156-4db9-aeb1-7e361140c99b.mp4' did not match include pattern '
               ;
               **/*.js;
               **/*.css;
               **/*.html;
               **/*.json;
               **/*.mjs;
               **/*.xml;
               **/*.htm;
               **/*.wasm;
               **/*.txt;
               **/*.dll;
               **/*.pdb;
               **/*.dat;
               **/*.jsx;
               **/*.markdown;
               **/*.md;
               **/*.webmanifest;
               **/*.bmp;
               **/*.svg;
               **/*.otf;
               **/*.art;
               **/*.cmx;
               **/*.cod;
               **/*.dib;
               **/*.ico;
               **/*.ief;
               **/*.pbm;
               **/*.pgm;
               **/*.pnm;
               **/*.ppm;
               **/*.ras;
               **/*.rf;
               **/*.rgb;
               **/*.tif
               **/*.tiff;
               **/*.wbmp;
               **/*.xbm;
               **/*.xpm;
               **/*.xwd;
               **/*.aif;
               **/*.aifc;
               **/*.aif;
               **/*.au;
               **/*.m3u;
               **/*.mid;
               **/*.midi;
               **/*.ra;
               **/*.ram;
               **/*.smd;
               **/*.smx;
               **/*.smz;
               **/*.wav;
               **/*.323;
               **/*.appcache;
               **/*.asm;
               **/*.bas;
               **/*.c;
               **/*.cnf;
               **/*.cpp;
               **/*.csv;
               **/*.disco;
               **/*.dlm;
               **/*.dtd;
               **/*.etx;
               **/*.h;
               **/*.hdml;
               **/*.htc;
               **/*.htt;
               **/*.hxt;
               **/*.ical;
               **/*.icalendar;
               **/*.ics;
               **/*.ifb;
               **/*.map;
               **/*.mno;
               **/*.odc;
               **/*.rtx;
               **/*.sct;
               **/*.sgml;
               **/*.tsv;
               **/*.uls;
               **/*.vbs;
               **/*.vcf;
               **/*.vcs;
               **/*.vml;
               **/*.wml;
               **/*.wmls;
               **/*.wsdl;
               **/*.xdr;
               **/*.xsd;
               **/*.xsf;
               **/*.xsl;
               **/*.xslt;
             ' or matched exclude pattern '
               ;
               **/*.gz;
               **/*.br;
               **/*.jpeg;
               **/*.jpg;
               **/*.png;
               **/*.gif;
               **/*.webp;
               **/*.woff;
               **/*.woff2;
               **/*.m4v;
               **/*.mov;
               **/*.movie;
               **/*.mp2;
               **/*.mp4;
               **/*.mp4v;
               **/*.mpa;
               **/*.mpe;
               **/*.mpeg;
               **/*.mpg;
               **/*.mpv2;
               **/*.ogg;
               **/*.ogv;
               **/*.webm;
               **/*.jfif;
               **/*.svgz;
               **/*.jpe;
               **/*.pnz;
               **/*.aac;
               **/*.adt;
               **/*.adts;
               **/*.m4a;
               **/*.mp3;
               **/*.oga;
               **/*.wax;
               **/*.wma;
             '.
         Asset 'C:\Projects\BlueSky\backend\wwwroot\uploads\posts\87a5ca45-9602-4609-a535-9464806f2ef3.mp4' with relative path 'uploads/posts/87a5ca45-9602-4609-a535-9464806f2ef3.mp4' did not match include pattern '
               ;
               **/*.js;
               **/*.css;
               **/*.html;
               **/*.json;
               **/*.mjs;
               **/*.xml;
               **/*.htm;
               **/*.wasm;
               **/*.txt;
               **/*.dll;
               **/*.pdb;
               **/*.dat;
               **/*.jsx;
               **/*.markdown;
               **/*.md;
               **/*.webmanifest;
               **/*.bmp;
               **/*.svg;
               **/*.otf;
               **/*.art;
               **/*.cmx;
               **/*.cod;
               **/*.dib;
               **/*.ico;
               **/*.ief;
               **/*.pbm;
               **/*.pgm;
               **/*.pnm;
               **/*.ppm;
               **/*.ras;
               **/*.rf;
               **/*.rgb;
               **/*.tif
               **/*.tiff;
               **/*.wbmp;
               **/*.xbm;
               **/*.xpm;
               **/*.xwd;
               **/*.aif;
               **/*.aifc;
               **/*.aif;
               **/*.au;
               **/*.m3u;
               **/*.mid;
               **/*.midi;
               **/*.ra;
               **/*.ram;
               **/*.smd;
               **/*.smx;
               **/*.smz;
               **/*.wav;
               **/*.323;
               **/*.appcache;
               **/*.asm;
               **/*.bas;
               **/*.c;
               **/*.cnf;
               **/*.cpp;
               **/*.csv;
               **/*.disco;
               **/*.dlm;
               **/*.dtd;
               **/*.etx;
               **/*.h;
               **/*.hdml;
               **/*.htc;
               **/*.htt;
               **/*.hxt;
               **/*.ical;
               **/*.icalendar;
               **/*.ics;
               **/*.ifb;
               **/*.map;
               **/*.mno;
               **/*.odc;
               **/*.rtx;
               **/*.sct;
               **/*.sgml;
               **/*.tsv;
               **/*.uls;
               **/*.vbs;
               **/*.vcf;
               **/*.vcs;
               **/*.vml;
               **/*.wml;
               **/*.wmls;
               **/*.wsdl;
               **/*.xdr;
               **/*.xsd;
               **/*.xsf;
               **/*.xsl;
               **/*.xslt;
             ' or matched exclude pattern '
               ;
               **/*.gz;
               **/*.br;
               **/*.jpeg;
               **/*.jpg;
               **/*.png;
               **/*.gif;
               **/*.webp;
               **/*.woff;
               **/*.woff2;
               **/*.m4v;
               **/*.mov;
               **/*.movie;
               **/*.mp2;
               **/*.mp4;
               **/*.mp4v;
               **/*.mpa;
               **/*.mpe;
               **/*.mpeg;
               **/*.mpg;
               **/*.mpv2;
               **/*.ogg;
               **/*.ogv;
               **/*.webm;
               **/*.jfif;
               **/*.svgz;
               **/*.jpe;
               **/*.pnz;
               **/*.aac;
               **/*.adt;
               **/*.adts;
               **/*.m4a;
               **/*.mp3;
               **/*.oga;
               **/*.wax;
               **/*.wma;
             '.
         Asset 'C:\Projects\BlueSky\backend\wwwroot\uploads\posts\ac7c587c-1c49-41a2-9dfd-ee6e62a7a89d.jpg' with relative path 'uploads/posts/ac7c587c-1c49-41a2-9dfd-ee6e62a7a89d.jpg' did not match include pattern '
               ;
               **/*.js;
               **/*.css;
               **/*.html;
               **/*.json;
               **/*.mjs;
               **/*.xml;
               **/*.htm;
               **/*.wasm;
               **/*.txt;
               **/*.dll;
               **/*.pdb;
               **/*.dat;
               **/*.jsx;
               **/*.markdown;
               **/*.md;
               **/*.webmanifest;
               **/*.bmp;
               **/*.svg;
               **/*.otf;
               **/*.art;
               **/*.cmx;
               **/*.cod;
               **/*.dib;
               **/*.ico;
               **/*.ief;
               **/*.pbm;
               **/*.pgm;
               **/*.pnm;
               **/*.ppm;
               **/*.ras;
               **/*.rf;
               **/*.rgb;
               **/*.tif
               **/*.tiff;
               **/*.wbmp;
               **/*.xbm;
               **/*.xpm;
               **/*.xwd;
               **/*.aif;
               **/*.aifc;
               **/*.aif;
               **/*.au;
               **/*.m3u;
               **/*.mid;
               **/*.midi;
               **/*.ra;
               **/*.ram;
               **/*.smd;
               **/*.smx;
               **/*.smz;
               **/*.wav;
               **/*.323;
               **/*.appcache;
               **/*.asm;
               **/*.bas;
               **/*.c;
               **/*.cnf;
               **/*.cpp;
               **/*.csv;
               **/*.disco;
               **/*.dlm;
               **/*.dtd;
               **/*.etx;
               **/*.h;
               **/*.hdml;
               **/*.htc;
               **/*.htt;
               **/*.hxt;
               **/*.ical;
               **/*.icalendar;
               **/*.ics;
               **/*.ifb;
               **/*.map;
               **/*.mno;
               **/*.odc;
               **/*.rtx;
               **/*.sct;
               **/*.sgml;
               **/*.tsv;
               **/*.uls;
               **/*.vbs;
               **/*.vcf;
               **/*.vcs;
               **/*.vml;
               **/*.wml;
               **/*.wmls;
               **/*.wsdl;
               **/*.xdr;
               **/*.xsd;
               **/*.xsf;
               **/*.xsl;
               **/*.xslt;
             ' or matched exclude pattern '
               ;
               **/*.gz;
               **/*.br;
               **/*.jpeg;
               **/*.jpg;
               **/*.png;
               **/*.gif;
               **/*.webp;
               **/*.woff;
               **/*.woff2;
               **/*.m4v;
               **/*.mov;
               **/*.movie;
               **/*.mp2;
               **/*.mp4;
               **/*.mp4v;
               **/*.mpa;
               **/*.mpe;
               **/*.mpeg;
               **/*.mpg;
               **/*.mpv2;
               **/*.ogg;
               **/*.ogv;
               **/*.webm;
               **/*.jfif;
               **/*.svgz;
               **/*.jpe;
               **/*.pnz;
               **/*.aac;
               **/*.adt;
               **/*.adts;
               **/*.m4a;
               **/*.mp3;
               **/*.oga;
               **/*.wax;
               **/*.wma;
             '.
         Asset 'C:\Projects\BlueSky\backend\wwwroot\uploads\posts\be64586f-dea5-4972-965d-72537cbd0b6a.mp4' with relative path 'uploads/posts/be64586f-dea5-4972-965d-72537cbd0b6a.mp4' did not match include pattern '
               ;
               **/*.js;
               **/*.css;
               **/*.html;
               **/*.json;
               **/*.mjs;
               **/*.xml;
               **/*.htm;
               **/*.wasm;
               **/*.txt;
               **/*.dll;
               **/*.pdb;
               **/*.dat;
               **/*.jsx;
               **/*.markdown;
               **/*.md;
               **/*.webmanifest;
               **/*.bmp;
               **/*.svg;
               **/*.otf;
               **/*.art;
               **/*.cmx;
               **/*.cod;
               **/*.dib;
               **/*.ico;
               **/*.ief;
               **/*.pbm;
               **/*.pgm;
               **/*.pnm;
               **/*.ppm;
               **/*.ras;
               **/*.rf;
               **/*.rgb;
               **/*.tif
               **/*.tiff;
               **/*.wbmp;
               **/*.xbm;
               **/*.xpm;
               **/*.xwd;
               **/*.aif;
               **/*.aifc;
               **/*.aif;
               **/*.au;
               **/*.m3u;
               **/*.mid;
               **/*.midi;
               **/*.ra;
               **/*.ram;
               **/*.smd;
               **/*.smx;
               **/*.smz;
               **/*.wav;
               **/*.323;
               **/*.appcache;
               **/*.asm;
               **/*.bas;
               **/*.c;
               **/*.cnf;
               **/*.cpp;
               **/*.csv;
               **/*.disco;
               **/*.dlm;
               **/*.dtd;
               **/*.etx;
               **/*.h;
               **/*.hdml;
               **/*.htc;
               **/*.htt;
               **/*.hxt;
               **/*.ical;
               **/*.icalendar;
               **/*.ics;
               **/*.ifb;
               **/*.map;
               **/*.mno;
               **/*.odc;
               **/*.rtx;
               **/*.sct;
               **/*.sgml;
               **/*.tsv;
               **/*.uls;
               **/*.vbs;
               **/*.vcf;
               **/*.vcs;
               **/*.vml;
               **/*.wml;
               **/*.wmls;
               **/*.wsdl;
               **/*.xdr;
               **/*.xsd;
               **/*.xsf;
               **/*.xsl;
               **/*.xslt;
             ' or matched exclude pattern '
               ;
               **/*.gz;
               **/*.br;
               **/*.jpeg;
               **/*.jpg;
               **/*.png;
               **/*.gif;
               **/*.webp;
               **/*.woff;
               **/*.woff2;
               **/*.m4v;
               **/*.mov;
               **/*.movie;
               **/*.mp2;
               **/*.mp4;
               **/*.mp4v;
               **/*.mpa;
               **/*.mpe;
               **/*.mpeg;
               **/*.mpg;
               **/*.mpv2;
               **/*.ogg;
               **/*.ogv;
               **/*.webm;
               **/*.jfif;
               **/*.svgz;
               **/*.jpe;
               **/*.pnz;
               **/*.aac;
               **/*.adt;
               **/*.adts;
               **/*.m4a;
               **/*.mp3;
               **/*.oga;
               **/*.wax;
               **/*.wma;
             '.
         Asset 'C:\Projects\BlueSky\backend\wwwroot\uploads\posts\cd9b5810-2d2e-4eff-930b-fdbefa8f4fe8.jpg' with relative path 'uploads/posts/cd9b5810-2d2e-4eff-930b-fdbefa8f4fe8.jpg' did not match include pattern '
               ;
               **/*.js;
               **/*.css;
               **/*.html;
               **/*.json;
               **/*.mjs;
               **/*.xml;
               **/*.htm;
               **/*.wasm;
               **/*.txt;
               **/*.dll;
               **/*.pdb;
               **/*.dat;
               **/*.jsx;
               **/*.markdown;
               **/*.md;
               **/*.webmanifest;
               **/*.bmp;
               **/*.svg;
               **/*.otf;
               **/*.art;
               **/*.cmx;
               **/*.cod;
               **/*.dib;
               **/*.ico;
               **/*.ief;
               **/*.pbm;
               **/*.pgm;
               **/*.pnm;
               **/*.ppm;
               **/*.ras;
               **/*.rf;
               **/*.rgb;
               **/*.tif
               **/*.tiff;
               **/*.wbmp;
               **/*.xbm;
               **/*.xpm;
               **/*.xwd;
               **/*.aif;
               **/*.aifc;
               **/*.aif;
               **/*.au;
               **/*.m3u;
               **/*.mid;
               **/*.midi;
               **/*.ra;
               **/*.ram;
               **/*.smd;
               **/*.smx;
               **/*.smz;
               **/*.wav;
               **/*.323;
               **/*.appcache;
               **/*.asm;
               **/*.bas;
               **/*.c;
               **/*.cnf;
               **/*.cpp;
               **/*.csv;
               **/*.disco;
               **/*.dlm;
               **/*.dtd;
               **/*.etx;
               **/*.h;
               **/*.hdml;
               **/*.htc;
               **/*.htt;
               **/*.hxt;
               **/*.ical;
               **/*.icalendar;
               **/*.ics;
               **/*.ifb;
               **/*.map;
               **/*.mno;
               **/*.odc;
               **/*.rtx;
               **/*.sct;
               **/*.sgml;
               **/*.tsv;
               **/*.uls;
               **/*.vbs;
               **/*.vcf;
               **/*.vcs;
               **/*.vml;
               **/*.wml;
               **/*.wmls;
               **/*.wsdl;
               **/*.xdr;
               **/*.xsd;
               **/*.xsf;
               **/*.xsl;
               **/*.xslt;
             ' or matched exclude pattern '
               ;
               **/*.gz;
               **/*.br;
               **/*.jpeg;
               **/*.jpg;
               **/*.png;
               **/*.gif;
               **/*.webp;
               **/*.woff;
               **/*.woff2;
               **/*.m4v;
               **/*.mov;
               **/*.movie;
               **/*.mp2;
               **/*.mp4;
               **/*.mp4v;
               **/*.mpa;
               **/*.mpe;
               **/*.mpeg;
               **/*.mpg;
               **/*.mpv2;
               **/*.ogg;
               **/*.ogv;
               **/*.webm;
               **/*.jfif;
               **/*.svgz;
               **/*.jpe;
               **/*.pnz;
               **/*.aac;
               **/*.adt;
               **/*.adts;
               **/*.m4a;
               **/*.mp3;
               **/*.oga;
               **/*.wax;
               **/*.wma;
             '.
         Asset 'C:\Projects\BlueSky\backend\wwwroot\uploads\posts\e5761972-9ebd-491c-bef0-76053670a9b1.jpg' with relative path 'uploads/posts/e5761972-9ebd-491c-bef0-76053670a9b1.jpg' did not match include pattern '
               ;
               **/*.js;
               **/*.css;
               **/*.html;
               **/*.json;
               **/*.mjs;
               **/*.xml;
               **/*.htm;
               **/*.wasm;
               **/*.txt;
               **/*.dll;
               **/*.pdb;
               **/*.dat;
               **/*.jsx;
               **/*.markdown;
               **/*.md;
               **/*.webmanifest;
               **/*.bmp;
               **/*.svg;
               **/*.otf;
               **/*.art;
               **/*.cmx;
               **/*.cod;
               **/*.dib;
               **/*.ico;
               **/*.ief;
               **/*.pbm;
               **/*.pgm;
               **/*.pnm;
               **/*.ppm;
               **/*.ras;
               **/*.rf;
               **/*.rgb;
               **/*.tif
               **/*.tiff;
               **/*.wbmp;
               **/*.xbm;
               **/*.xpm;
               **/*.xwd;
               **/*.aif;
               **/*.aifc;
               **/*.aif;
               **/*.au;
               **/*.m3u;
               **/*.mid;
               **/*.midi;
               **/*.ra;
               **/*.ram;
               **/*.smd;
               **/*.smx;
               **/*.smz;
               **/*.wav;
               **/*.323;
               **/*.appcache;
               **/*.asm;
               **/*.bas;
               **/*.c;
               **/*.cnf;
               **/*.cpp;
               **/*.csv;
               **/*.disco;
               **/*.dlm;
               **/*.dtd;
               **/*.etx;
               **/*.h;
               **/*.hdml;
               **/*.htc;
               **/*.htt;
               **/*.hxt;
               **/*.ical;
               **/*.icalendar;
               **/*.ics;
               **/*.ifb;
               **/*.map;
               **/*.mno;
               **/*.odc;
               **/*.rtx;
               **/*.sct;
               **/*.sgml;
               **/*.tsv;
               **/*.uls;
               **/*.vbs;
               **/*.vcf;
               **/*.vcs;
               **/*.vml;
               **/*.wml;
               **/*.wmls;
               **/*.wsdl;
               **/*.xdr;
               **/*.xsd;
               **/*.xsf;
               **/*.xsl;
               **/*.xslt;
             ' or matched exclude pattern '
               ;
               **/*.gz;
               **/*.br;
               **/*.jpeg;
               **/*.jpg;
               **/*.png;
               **/*.gif;
               **/*.webp;
               **/*.woff;
               **/*.woff2;
               **/*.m4v;
               **/*.mov;
               **/*.movie;
               **/*.mp2;
               **/*.mp4;
               **/*.mp4v;
               **/*.mpa;
               **/*.mpe;
               **/*.mpeg;
               **/*.mpg;
               **/*.mpv2;
               **/*.ogg;
               **/*.ogv;
               **/*.webm;
               **/*.jfif;
               **/*.svgz;
               **/*.jpe;
               **/*.pnz;
               **/*.aac;
               **/*.adt;
               **/*.adts;
               **/*.m4a;
               **/*.mp3;
               **/*.oga;
               **/*.wax;
               **/*.wma;
             '.
         Asset 'C:\Projects\BlueSky\backend\wwwroot\uploads\posts\f160444a-a8b7-4087-9b33-b43f0cb441c2.jpg' with relative path 'uploads/posts/f160444a-a8b7-4087-9b33-b43f0cb441c2.jpg' did not match include pattern '
               ;
               **/*.js;
               **/*.css;
               **/*.html;
               **/*.json;
               **/*.mjs;
               **/*.xml;
               **/*.htm;
               **/*.wasm;
               **/*.txt;
               **/*.dll;
               **/*.pdb;
               **/*.dat;
               **/*.jsx;
               **/*.markdown;
               **/*.md;
               **/*.webmanifest;
               **/*.bmp;
               **/*.svg;
               **/*.otf;
               **/*.art;
               **/*.cmx;
               **/*.cod;
               **/*.dib;
               **/*.ico;
               **/*.ief;
               **/*.pbm;
               **/*.pgm;
               **/*.pnm;
               **/*.ppm;
               **/*.ras;
               **/*.rf;
               **/*.rgb;
               **/*.tif
               **/*.tiff;
               **/*.wbmp;
               **/*.xbm;
               **/*.xpm;
               **/*.xwd;
               **/*.aif;
               **/*.aifc;
               **/*.aif;
               **/*.au;
               **/*.m3u;
               **/*.mid;
               **/*.midi;
               **/*.ra;
               **/*.ram;
               **/*.smd;
               **/*.smx;
               **/*.smz;
               **/*.wav;
               **/*.323;
               **/*.appcache;
               **/*.asm;
               **/*.bas;
               **/*.c;
               **/*.cnf;
               **/*.cpp;
               **/*.csv;
               **/*.disco;
               **/*.dlm;
               **/*.dtd;
               **/*.etx;
               **/*.h;
               **/*.hdml;
               **/*.htc;
               **/*.htt;
               **/*.hxt;
               **/*.ical;
               **/*.icalendar;
               **/*.ics;
               **/*.ifb;
               **/*.map;
               **/*.mno;
               **/*.odc;
               **/*.rtx;
               **/*.sct;
               **/*.sgml;
               **/*.tsv;
               **/*.uls;
               **/*.vbs;
               **/*.vcf;
               **/*.vcs;
               **/*.vml;
               **/*.wml;
               **/*.wmls;
               **/*.wsdl;
               **/*.xdr;
               **/*.xsd;
               **/*.xsf;
               **/*.xsl;
               **/*.xslt;
             ' or matched exclude pattern '
               ;
               **/*.gz;
               **/*.br;
               **/*.jpeg;
               **/*.jpg;
               **/*.png;
               **/*.gif;
               **/*.webp;
               **/*.woff;
               **/*.woff2;
               **/*.m4v;
               **/*.mov;
               **/*.movie;
               **/*.mp2;
               **/*.mp4;
               **/*.mp4v;
               **/*.mpa;
               **/*.mpe;
               **/*.mpeg;
               **/*.mpg;
               **/*.mpv2;
               **/*.ogg;
               **/*.ogv;
               **/*.webm;
               **/*.jfif;
               **/*.svgz;
               **/*.jpe;
               **/*.pnz;
               **/*.aac;
               **/*.adt;
               **/*.adts;
               **/*.m4a;
               **/*.mp3;
               **/*.oga;
               **/*.wax;
               **/*.wma;
             '.
         Asset 'C:\Projects\BlueSky\backend\wwwroot\uploads\posts\f4e65e58-e03f-4234-b3ef-2c6968104f0f.jpg' with relative path 'uploads/posts/f4e65e58-e03f-4234-b3ef-2c6968104f0f.jpg' did not match include pattern '
               ;
               **/*.js;
               **/*.css;
               **/*.html;
               **/*.json;
               **/*.mjs;
               **/*.xml;
               **/*.htm;
               **/*.wasm;
               **/*.txt;
               **/*.dll;
               **/*.pdb;
               **/*.dat;
               **/*.jsx;
               **/*.markdown;
               **/*.md;
               **/*.webmanifest;
               **/*.bmp;
               **/*.svg;
               **/*.otf;
               **/*.art;
               **/*.cmx;
               **/*.cod;
               **/*.dib;
               **/*.ico;
               **/*.ief;
               **/*.pbm;
               **/*.pgm;
               **/*.pnm;
               **/*.ppm;
               **/*.ras;
               **/*.rf;
               **/*.rgb;
               **/*.tif
               **/*.tiff;
               **/*.wbmp;
               **/*.xbm;
               **/*.xpm;
               **/*.xwd;
               **/*.aif;
               **/*.aifc;
               **/*.aif;
               **/*.au;
               **/*.m3u;
               **/*.mid;
               **/*.midi;
               **/*.ra;
               **/*.ram;
               **/*.smd;
               **/*.smx;
               **/*.smz;
               **/*.wav;
               **/*.323;
               **/*.appcache;
               **/*.asm;
               **/*.bas;
               **/*.c;
               **/*.cnf;
               **/*.cpp;
               **/*.csv;
               **/*.disco;
               **/*.dlm;
               **/*.dtd;
               **/*.etx;
               **/*.h;
               **/*.hdml;
               **/*.htc;
               **/*.htt;
               **/*.hxt;
               **/*.ical;
               **/*.icalendar;
               **/*.ics;
               **/*.ifb;
               **/*.map;
               **/*.mno;
               **/*.odc;
               **/*.rtx;
               **/*.sct;
               **/*.sgml;
               **/*.tsv;
               **/*.uls;
               **/*.vbs;
               **/*.vcf;
               **/*.vcs;
               **/*.vml;
               **/*.wml;
               **/*.wmls;
               **/*.wsdl;
               **/*.xdr;
               **/*.xsd;
               **/*.xsf;
               **/*.xsl;
               **/*.xslt;
             ' or matched exclude pattern '
               ;
               **/*.gz;
               **/*.br;
               **/*.jpeg;
               **/*.jpg;
               **/*.png;
               **/*.gif;
               **/*.webp;
               **/*.woff;
               **/*.woff2;
               **/*.m4v;
               **/*.mov;
               **/*.movie;
               **/*.mp2;
               **/*.mp4;
               **/*.mp4v;
               **/*.mpa;
               **/*.mpe;
               **/*.mpeg;
               **/*.mpg;
               **/*.mpv2;
               **/*.ogg;
               **/*.ogv;
               **/*.webm;
               **/*.jfif;
               **/*.svgz;
               **/*.jpe;
               **/*.pnz;
               **/*.aac;
               **/*.adt;
               **/*.adts;
               **/*.m4a;
               **/*.mp3;
               **/*.oga;
               **/*.wax;
               **/*.wma;
             '.
         Resolved 0 compressed assets for 0 candidate assets.
       Done executing task "ResolveCompressedAssets".
   1:7>Done building target "ResolveBuildCompressedStaticWebAssetsConfiguration" in project "BSkyClone.csproj".
   1:7>Target "GenerateBuildCompressedStaticWebAssets" in file "C:\Program Files\dotnet\sdk\9.0.304\Sdks\Microsoft.NET.Sdk.StaticWebAssets\targets\Microsoft.NET.Sdk.StaticWebAssets.Compression.targets" from project "C:\Projects\BlueSky\backend\BSkyClone.csproj" (target "ResolveBuildCompressedStaticWebAssets" depends on it):
       Task "GZipCompress" skipped, due to false condition; ('@(_GZipCompressedStaticWebAssets)' != '') was evaluated as ('' != '').
       Task "BrotliCompress" skipped, due to false condition; ('@(_BrotliCompressedStaticWebAssets)' != '') was evaluated as ('' != '').
   1:7>Done building target "GenerateBuildCompressedStaticWebAssets" in project "BSkyClone.csproj".
   1:7>Target "ResolveBuildCompressedStaticWebAssets" in file "C:\Program Files\dotnet\sdk\9.0.304\Sdks\Microsoft.NET.Sdk.StaticWebAssets\targets\Microsoft.NET.Sdk.StaticWebAssets.Compression.targets" from project "C:\Projects\BlueSky\backend\BSkyClone.csproj" (target "ResolveBuildRelatedStaticWebAssets" depends on it):
       Task "DefineStaticWebAssets"
         Updating cache completely.
       Done executing task "DefineStaticWebAssets".
       Task "DefineStaticWebAssetEndpoints"
       Done executing task "DefineStaticWebAssetEndpoints".
       Using "ApplyCompressionNegotiation" task from assembly "C:\Program Files\dotnet\sdk\9.0.304\Sdks\Microsoft.NET.Sdk.StaticWebAssets\targets\..\tasks\net9.0\Microsoft.NET.Sdk.StaticWebAssets.Tasks.dll".
       Task "ApplyCompressionNegotiation"
       Done executing task "ApplyCompressionNegotiation".
   1:7>Done building target "ResolveBuildCompressedStaticWebAssets" in project "BSkyClone.csproj".
       Target "ResolveStaticWebAssetsInputs" skipped. Previously built successfully.
   1:7>Target "ResolveBuildRelatedStaticWebAssets" in file "C:\Program Files\dotnet\sdk\9.0.304\Sdks\Microsoft.NET.Sdk.StaticWebAssets\targets\Microsoft.NET.Sdk.StaticWebAssets.targets" from project "C:\Projects\BlueSky\backend\BSkyClone.csproj" (target "ResolveBuildStaticWebAssets" depends on it):
   1:7>Done building target "ResolveBuildRelatedStaticWebAssets" in project "BSkyClone.csproj".
   1:7>Target "ResolveBuildStaticWebAssets" in file "C:\Program Files\dotnet\sdk\9.0.304\Sdks\Microsoft.NET.Sdk.StaticWebAssets\targets\Microsoft.NET.Sdk.StaticWebAssets.targets" from project "C:\Projects\BlueSky\backend\BSkyClone.csproj" (target "StaticWebAssetsPrepareForRun" depends on it):
   1:7>Done building target "ResolveBuildStaticWebAssets" in project "BSkyClone.csproj".
       Target "ResolveBuildStaticWebAssets" skipped. Previously built successfully.
   1:7>Target "GenerateStaticWebAssetsManifest" in file "C:\Program Files\dotnet\sdk\9.0.304\Sdks\Microsoft.NET.Sdk.StaticWebAssets\targets\Microsoft.NET.Sdk.StaticWebAssets.targets" from project "C:\Projects\BlueSky\backend\BSkyClone.csproj" (target "StaticWebAssetsPrepareForRun" depends on it):
       Task "MergeStaticWebAssets" skipped, due to false condition; ('@(StaticWebAssetsEmbeddedConfiguration)' != '') was evaluated as ('' != '').
       Using "GenerateStaticWebAssetsManifest" task from assembly "C:\Program Files\dotnet\sdk\9.0.304\Sdks\Microsoft.NET.Sdk.StaticWebAssets\targets\..\tasks\net9.0\Microsoft.NET.Sdk.StaticWebAssets.Tasks.dll".
       Task "GenerateStaticWebAssetsManifest"
         Generating manifest for '46' assets and '92' endpoints
         Skipping manifest updated because manifest version 'eIgbOqUqskJvrFhbp3fnHE3PLbbYdMURnqpZoaGoo7E=' has not changed.
       Done executing task "GenerateStaticWebAssetsManifest".
       Using "GenerateStaticWebAssetEndpointsManifest" task from assembly "C:\Program Files\dotnet\sdk\9.0.304\Sdks\Microsoft.NET.Sdk.StaticWebAssets\targets\..\tasks\net9.0\Microsoft.NET.Sdk.StaticWebAssets.Tasks.dll".
       Task "GenerateStaticWebAssetEndpointsManifest"
         Skipping manifest generation because manifest file 'obj\Debug\net9.0\staticwebassets.build.endpoints.json' is up to date.
       Done executing task "GenerateStaticWebAssetEndpointsManifest".
       Using "GenerateStaticWebAssetsDevelopmentManifest" task from assembly "C:\Program Files\dotnet\sdk\9.0.304\Sdks\Microsoft.NET.Sdk.StaticWebAssets\targets\..\tasks\net9.0\Microsoft.NET.Sdk.StaticWebAssets.Tasks.dll".
       Task "GenerateStaticWebAssetsDevelopmentManifest"
         Skipping manifest generation because manifest file 'obj\Debug\net9.0\staticwebassets.development.json' is up to date.
       Done executing task "GenerateStaticWebAssetsDevelopmentManifest".
   1:7>Done building target "GenerateStaticWebAssetsManifest" in project "BSkyClone.csproj".
       Target "GenerateStaticWebAssetsPackFiles" skipped, due to false condition; ('$(IsPackable)' == 'true') was evaluated as ('false' == 'true').
   1:7>Target "LoadStaticWebAssetsBuildManifest" in file "C:\Program Files\dotnet\sdk\9.0.304\Sdks\Microsoft.NET.Sdk.StaticWebAssets\targets\Microsoft.NET.Sdk.StaticWebAssets.Publish.targets" from project "C:\Projects\BlueSky\backend\BSkyClone.csproj" (target "CopyStaticWebAssetsToOutputDirectory" depends on it):
       Task "ReadStaticWebAssetsManifestFile" skipped, due to false condition; ('$(_ShouldLoadBuildManifestAndUpdateAssets)' == 'true') was evaluated as ('false' == 'true').
   1:7>Done building target "LoadStaticWebAssetsBuildManifest" in project "BSkyClone.csproj".
   1:7>Target "_EnsureContentRootFolders" in file "C:\Program Files\dotnet\sdk\9.0.304\Sdks\Microsoft.NET.Sdk.StaticWebAssets\targets\Microsoft.NET.Sdk.StaticWebAssets.targets" from project "C:\Projects\BlueSky\backend\BSkyClone.csproj" (target "CopyStaticWebAssetsToOutputDirectory" depends on it):
       Task "MakeDir"
       Done executing task "MakeDir".
   1:7>Done building target "_EnsureContentRootFolders" in project "BSkyClone.csproj".
   1:7>Target "CopyStaticWebAssetsToOutputDirectory" in file "C:\Program Files\dotnet\sdk\9.0.304\Sdks\Microsoft.NET.Sdk.StaticWebAssets\targets\Microsoft.NET.Sdk.StaticWebAssets.targets" from project "C:\Projects\BlueSky\backend\BSkyClone.csproj" (target "StaticWebAssetsPrepareForRun" depends on it):
   1:7>Done building target "CopyStaticWebAssetsToOutputDirectory" in project "BSkyClone.csproj".
   1:7>Target "_SplitStaticWebAssetsByCopyOptions" in file "C:\Program Files\dotnet\sdk\9.0.304\Sdks\Microsoft.NET.Sdk.StaticWebAssets\targets\Microsoft.NET.Sdk.StaticWebAssets.targets" from project "C:\Projects\BlueSky\backend\BSkyClone.csproj" (target "StaticWebAssetsPrepareForRun" depends on it):
       Using "CollectStaticWebAssetsToCopy" task from assembly "C:\Program Files\dotnet\sdk\9.0.304\Sdks\Microsoft.NET.Sdk.StaticWebAssets\targets\..\tasks\net9.0\Microsoft.NET.Sdk.StaticWebAssets.Tasks.dll".
       Task "CollectStaticWebAssetsToCopy"
         Skipping asset 'C:\Projects\BlueSky\backend\wwwroot\cache\resized\uploads_posts_02fb19ce-c781-4188-92ab-ca4c1fae40b6_600_80.webp' since copy to output directory option is 'Never'
         Skipping asset 'C:\Projects\BlueSky\backend\wwwroot\cache\resized\uploads_posts_36a2ee9a-325b-4b2d-85fd-d71632cec0fd_600_80.webp' since copy to output directory option is 'Never'
         Skipping asset 'C:\Projects\BlueSky\backend\wwwroot\cache\resized\uploads_posts_ac7c587c-1c49-41a2-9dfd-ee6e62a7a89d_600_80.webp' since copy to output directory option is 'Never'
         Skipping asset 'C:\Projects\BlueSky\backend\wwwroot\cache\resized\uploads_posts_e5761972-9ebd-491c-bef0-76053670a9b1_600_80.webp' since copy to output directory option is 'Never'
         Skipping asset 'C:\Projects\BlueSky\backend\wwwroot\cache\resized\uploads_posts_f160444a-a8b7-4087-9b33-b43f0cb441c2_600_80.webp' since copy to output directory option is 'Never'
         Skipping asset 'C:\Projects\BlueSky\backend\wwwroot\placeholders\avatar-default.png' since copy to output directory option is 'Never'
         Skipping asset 'C:\Projects\BlueSky\backend\wwwroot\placeholders\cover-default.png' since copy to output directory option is 'Never'
         Skipping asset 'C:\Projects\BlueSky\backend\wwwroot\uploads\avatars\2b5ba950-3d2e-41f1-887b-b5345a14444d.jpg' since copy to output directory option is 'Never'
         Skipping asset 'C:\Projects\BlueSky\backend\wwwroot\uploads\avatars\517e0e9b-0b34-4f88-9d96-f49460db78da.jpg' since copy to output directory option is 'Never'
         Skipping asset 'C:\Projects\BlueSky\backend\wwwroot\uploads\avatars\58c1332f-87e0-492b-85f6-50db2a6d9dbc.jpg' since copy to output directory option is 'Never'
         Skipping asset 'C:\Projects\BlueSky\backend\wwwroot\uploads\avatars\77bcb550-41b2-481b-968f-9da4b260e41e.jpg' since copy to output directory option is 'Never'
         Skipping asset 'C:\Projects\BlueSky\backend\wwwroot\uploads\avatars\b7c6fd2f-aaa0-480d-b0f1-3589b24ec61b.jpg' since copy to output directory option is 'Never'
         Skipping asset 'C:\Projects\BlueSky\backend\wwwroot\uploads\avatars\c539c566-83da-4229-baf3-f4c2aa874121.jpg' since copy to output directory option is 'Never'
         Skipping asset 'C:\Projects\BlueSky\backend\wwwroot\uploads\avatars\e1061898-5bdf-46dd-b28a-ec29685509a4.jpg' since copy to output directory option is 'Never'
         Skipping asset 'C:\Projects\BlueSky\backend\wwwroot\uploads\chat\076cdcc5-3a7f-4a12-9a0c-7dd5c527a34d.jpg' since copy to output directory option is 'Never'
         Skipping asset 'C:\Projects\BlueSky\backend\wwwroot\uploads\chat\0f57e5af-6a0c-4c3e-8e76-3d770ff2336a.webp' since copy to output directory option is 'Never'
         Skipping asset 'C:\Projects\BlueSky\backend\wwwroot\uploads\chat\602a9838-5a6a-4235-837e-42017d6313b9.jpg' since copy to output directory option is 'Never'
         Skipping asset 'C:\Projects\BlueSky\backend\wwwroot\uploads\chat\e47622fd-9919-4353-ad18-932e32ec571a.jpg' since copy to output directory option is 'Never'
         Skipping asset 'C:\Projects\BlueSky\backend\wwwroot\uploads\covers\168c5e9b-d980-4535-a09e-e4b7ebdbc0cc.jpg' since copy to output directory option is 'Never'
         Skipping asset 'C:\Projects\BlueSky\backend\wwwroot\uploads\covers\1903cb00-a365-46bc-aff9-1fd3cd8a01f3.jpg' since copy to output directory option is 'Never'
         Skipping asset 'C:\Projects\BlueSky\backend\wwwroot\uploads\covers\23645a71-7888-4b51-aa82-4af15e263a8e.jpeg' since copy to output directory option is 'Never'
         Skipping asset 'C:\Projects\BlueSky\backend\wwwroot\uploads\covers\2456aee1-e71d-44a2-80e7-12a453c6f760.jpg' since copy to output directory option is 'Never'
         Skipping asset 'C:\Projects\BlueSky\backend\wwwroot\uploads\covers\570ffc04-c546-4606-bd1c-3d36c1533719.jpg' since copy to output directory option is 'Never'
         Skipping asset 'C:\Projects\BlueSky\backend\wwwroot\uploads\covers\8732e3e3-e0f0-4955-8ff3-cd0bfff6589e.jpg' since copy to output directory option is 'Never'
         Skipping asset 'C:\Projects\BlueSky\backend\wwwroot\uploads\covers\a132f7b9-8d07-4815-a256-5c0223b43d00.jpg' since copy to output directory option is 'Never'
         Skipping asset 'C:\Projects\BlueSky\backend\wwwroot\uploads\covers\ebc437f4-4dc1-4cc8-b822-3c92e79e8a06.jpg' since copy to output directory option is 'Never'
         Skipping asset 'C:\Projects\BlueSky\backend\wwwroot\uploads\covers\f987aa0f-8f51-48b8-8bf5-445b99e92f93.jpg' since copy to output directory option is 'Never'
         Skipping asset 'C:\Projects\BlueSky\backend\wwwroot\uploads\covers\fd5a18e5-e125-49e2-b008-d39a96f58016.jpg' since copy to output directory option is 'Never'
         Skipping asset 'C:\Projects\BlueSky\backend\wwwroot\uploads\feeds\09363fd5-7dbc-411e-aede-241aab62ea85.jpg' since copy to output directory option is 'Never'
         Skipping asset 'C:\Projects\BlueSky\backend\wwwroot\uploads\lists\333bc398-2634-4fb4-82ee-1371c1e37270.jpg' since copy to output directory option is 'Never'
         Skipping asset 'C:\Projects\BlueSky\backend\wwwroot\uploads\lists\6701e576-56da-4250-a91a-6538e4b7c5ef.jpg' since copy to output directory option is 'Never'
         Skipping asset 'C:\Projects\BlueSky\backend\wwwroot\uploads\lists\7ea8e527-8372-400f-ac67-bf10f18a8722.jpg' since copy to output directory option is 'Never'
         Skipping asset 'C:\Projects\BlueSky\backend\wwwroot\uploads\posts\02fb19ce-c781-4188-92ab-ca4c1fae40b6.jpg' since copy to output directory option is 'Never'
         Skipping asset 'C:\Projects\BlueSky\backend\wwwroot\uploads\posts\1236e86c-8959-42e9-ad21-3ea80eedf260.jpg' since copy to output directory option is 'Never'
         Skipping asset 'C:\Projects\BlueSky\backend\wwwroot\uploads\posts\36a2ee9a-325b-4b2d-85fd-d71632cec0fd.webp' since copy to output directory option is 'Never'
         Skipping asset 'C:\Projects\BlueSky\backend\wwwroot\uploads\posts\46d9db6f-9394-4878-84fd-eac399d57b82.mp4' since copy to output directory option is 'Never'
         Skipping asset 'C:\Projects\BlueSky\backend\wwwroot\uploads\posts\5e9ac5ea-c811-4cdd-9ef2-b487432108fa.jpg' since copy to output directory option is 'Never'
         Skipping asset 'C:\Projects\BlueSky\backend\wwwroot\uploads\posts\75b610a8-3ba1-44a2-855e-62ab588f6cca.mp4' since copy to output directory option is 'Never'
         Skipping asset 'C:\Projects\BlueSky\backend\wwwroot\uploads\posts\8753289f-b156-4db9-aeb1-7e361140c99b.mp4' since copy to output directory option is 'Never'
         Skipping asset 'C:\Projects\BlueSky\backend\wwwroot\uploads\posts\87a5ca45-9602-4609-a535-9464806f2ef3.mp4' since copy to output directory option is 'Never'
         Skipping asset 'C:\Projects\BlueSky\backend\wwwroot\uploads\posts\ac7c587c-1c49-41a2-9dfd-ee6e62a7a89d.jpg' since copy to output directory option is 'Never'
         Skipping asset 'C:\Projects\BlueSky\backend\wwwroot\uploads\posts\be64586f-dea5-4972-965d-72537cbd0b6a.mp4' since copy to output directory option is 'Never'
         Skipping asset 'C:\Projects\BlueSky\backend\wwwroot\uploads\posts\cd9b5810-2d2e-4eff-930b-fdbefa8f4fe8.jpg' since copy to output directory option is 'Never'
         Skipping asset 'C:\Projects\BlueSky\backend\wwwroot\uploads\posts\e5761972-9ebd-491c-bef0-76053670a9b1.jpg' since copy to output directory option is 'Never'
         Skipping asset 'C:\Projects\BlueSky\backend\wwwroot\uploads\posts\f160444a-a8b7-4087-9b33-b43f0cb441c2.jpg' since copy to output directory option is 'Never'
         Skipping asset 'C:\Projects\BlueSky\backend\wwwroot\uploads\posts\f4e65e58-e03f-4234-b3ef-2c6968104f0f.jpg' since copy to output directory option is 'Never'
       Done executing task "CollectStaticWebAssetsToCopy".
   1:7>Done building target "_SplitStaticWebAssetsByCopyOptions" in project "BSkyClone.csproj".
   1:7>Target "_BuildCopyStaticWebAssetsPreserveNewest" in file "C:\Program Files\dotnet\sdk\9.0.304\Sdks\Microsoft.NET.Sdk.StaticWebAssets\targets\Microsoft.NET.Sdk.StaticWebAssets.targets" from project "C:\Projects\BlueSky\backend\BSkyClone.csproj" (target "StaticWebAssetsPrepareForRun" depends on it):
       Skipping target "_BuildCopyStaticWebAssetsPreserveNewest" because it has no outputs.
       Though the target has declared its outputs, the output specification only references empty properties and/or empty item lists.
   1:7>Done building target "_BuildCopyStaticWebAssetsPreserveNewest" in project "BSkyClone.csproj".
   1:7>Target "_BuildCopyStaticWebAssetsAlways" in file "C:\Program Files\dotnet\sdk\9.0.304\Sdks\Microsoft.NET.Sdk.StaticWebAssets\targets\Microsoft.NET.Sdk.StaticWebAssets.targets" from project "C:\Projects\BlueSky\backend\BSkyClone.csproj" (target "StaticWebAssetsPrepareForRun" depends on it):
       Using "Copy" task from assembly "Microsoft.Build.Tasks.Core, Version=15.1.0.0, Culture=neutral, PublicKeyToken=b03f5f7f11d50a3a".
       Task "Copy"
       Done executing task "Copy".
   1:7>Done building target "_BuildCopyStaticWebAssetsAlways" in project "BSkyClone.csproj".
   1:7>Target "StaticWebAssetsPrepareForRun" in file "C:\Program Files\dotnet\sdk\9.0.304\Sdks\Microsoft.NET.Sdk.StaticWebAssets\targets\Microsoft.NET.Sdk.StaticWebAssets.targets" from project "C:\Projects\BlueSky\backend\BSkyClone.csproj" (target "PrepareForRun" depends on it):
   1:7>Done building target "StaticWebAssetsPrepareForRun" in project "BSkyClone.csproj".
       Target "ComputeIntermediateSatelliteAssemblies" skipped, due to false condition; (@(EmbeddedResource->'%(WithCulture)') != '') was evaluated as ( != '').
   1:7>Target "_CopyFilesMarkedCopyLocal" in file "C:\Program Files\dotnet\sdk\9.0.304\Microsoft.Common.CurrentVersion.targets" from project "C:\Projects\BlueSky\backend\BSkyClone.csproj" (target "CopyFilesToOutputDirectory" depends on it):
       Task "Copy"
         Did not copy from file "C:\Users\nguye\.nuget\packages\elastic.clients.elasticsearch\9.3.0\lib\net9.0\Elastic.Clients.Elasticsearch.dll" to file "bin\Debug\net9.0\Elastic.Clients.Elasticsearch.dll" because the "SkipUnchangedFiles" parameter was set to "true" in the project and the files' sizes and timestamps match.
         Did not copy from file "C:\Users\nguye\.nuget\packages\azure.identity\1.11.4\lib\netstandard2.0\Azure.Identity.dll" to file "bin\Debug\net9.0\Azure.Identity.dll" because the "SkipUnchangedFiles" parameter was set to "true" in the project and the files' sizes and timestamps match.
         Did not copy from file "C:\Users\nguye\.nuget\packages\azure.core\1.38.0\lib\net6.0\Azure.Core.dll" to file "bin\Debug\net9.0\Azure.Core.dll" because the "SkipUnchangedFiles" parameter was set to "true" in the project and the files' sizes and timestamps match.
         Did not copy from file "C:\Users\nguye\.nuget\packages\bcrypt.net-next\4.0.3\lib\net6.0\BCrypt.Net-Next.dll" to file "bin\Debug\net9.0\BCrypt.Net-Next.dll" because the "SkipUnchangedFiles" parameter was set to "true" in the project and the files' sizes and timestamps match.
         Did not copy from file "C:\Users\nguye\.nuget\packages\elastic.transport\0.10.3\lib\net8.0\Elastic.Transport.dll" to file "bin\Debug\net9.0\Elastic.Transport.dll" because the "SkipUnchangedFiles" parameter was set to "true" in the project and the files' sizes and timestamps match.
         Did not copy from file "C:\Users\nguye\.nuget\packages\google.protobuf\3.30.2\lib\net5.0\Google.Protobuf.dll" to file "bin\Debug\net9.0\Google.Protobuf.dll" because the "SkipUnchangedFiles" parameter was set to "true" in the project and the files' sizes and timestamps match.
         Did not copy from file "C:\Users\nguye\.nuget\packages\microsoft.aspnetcore.authentication.jwtbearer\9.0.0\lib\net9.0\Microsoft.AspNetCore.Authentication.JwtBearer.dll" to file "bin\Debug\net9.0\Microsoft.AspNetCore.Authentication.JwtBearer.dll" because the "SkipUnchangedFiles" parameter was set to "true" in the project and the files' sizes and timestamps match.
         Did not copy from file "C:\Users\nguye\.nuget\packages\humanizer.core\2.14.1\lib\net6.0\Humanizer.dll" to file "bin\Debug\net9.0\Humanizer.dll" because the "SkipUnchangedFiles" parameter was set to "true" in the project and the files' sizes and timestamps match.
         Did not copy from file "C:\Users\nguye\.nuget\packages\htmlagilitypack\1.12.4\lib\net7.0\HtmlAgilityPack.dll" to file "bin\Debug\net9.0\HtmlAgilityPack.dll" because the "SkipUnchangedFiles" parameter was set to "true" in the project and the files' sizes and timestamps match.
         Did not copy from file "C:\Users\nguye\.nuget\packages\microsoft.bcl.asyncinterfaces\9.0.4\lib\netstandard2.1\Microsoft.Bcl.AsyncInterfaces.dll" to file "bin\Debug\net9.0\Microsoft.Bcl.AsyncInterfaces.dll" because the "SkipUnchangedFiles" parameter was set to "true" in the project and the files' sizes and timestamps match.
         Did not copy from file "C:\Users\nguye\.nuget\packages\methodboundaryaspect.fody\2.0.148\lib\netstandard2.0\MethodBoundaryAspect.dll" to file "bin\Debug\net9.0\MethodBoundaryAspect.dll" because the "SkipUnchangedFiles" parameter was set to "true" in the project and the files' sizes and timestamps match.
         Did not copy from file "C:\Users\nguye\.nuget\packages\microsoft.build.locator\1.7.8\lib\net6.0\Microsoft.Build.Locator.dll" to file "bin\Debug\net9.0\Microsoft.Build.Locator.dll" because the "SkipUnchangedFiles" parameter was set to "true" in the project and the files' sizes and timestamps match.
         Did not copy from file "C:\Users\nguye\.nuget\packages\microsoft.codeanalysis.common\4.8.0\lib\net7.0\Microsoft.CodeAnalysis.dll" to file "bin\Debug\net9.0\Microsoft.CodeAnalysis.dll" because the "SkipUnchangedFiles" parameter was set to "true" in the project and the files' sizes and timestamps match.
         Did not copy from file "C:\Users\nguye\.nuget\packages\microsoft.codeanalysis.csharp.workspaces\4.8.0\lib\net7.0\Microsoft.CodeAnalysis.CSharp.Workspaces.dll" to file "bin\Debug\net9.0\Microsoft.CodeAnalysis.CSharp.Workspaces.dll" because the "SkipUnchangedFiles" parameter was set to "true" in the project and the files' sizes and timestamps match.
         Did not copy from file "C:\Users\nguye\.nuget\packages\microsoft.codeanalysis.workspaces.common\4.8.0\lib\net7.0\Microsoft.CodeAnalysis.Workspaces.dll" to file "bin\Debug\net9.0\Microsoft.CodeAnalysis.Workspaces.dll" because the "SkipUnchangedFiles" parameter was set to "true" in the project and the files' sizes and timestamps match.
         Did not copy from file "C:\Users\nguye\.nuget\packages\microsoft.codeanalysis.workspaces.msbuild\4.8.0\lib\net7.0\Microsoft.CodeAnalysis.Workspaces.MSBuild.BuildHost.dll" to file "bin\Debug\net9.0\Microsoft.CodeAnalysis.Workspaces.MSBuild.BuildHost.dll" because the "SkipUnchangedFiles" parameter was set to "true" in the project and the files' sizes and timestamps match.
         Did not copy from file "C:\Users\nguye\.nuget\packages\microsoft.codeanalysis.csharp\4.8.0\lib\net7.0\Microsoft.CodeAnalysis.CSharp.dll" to file "bin\Debug\net9.0\Microsoft.CodeAnalysis.CSharp.dll" because the "SkipUnchangedFiles" parameter was set to "true" in the project and the files' sizes and timestamps match.
         Did not copy from file "C:\Users\nguye\.nuget\packages\microsoft.codeanalysis.workspaces.msbuild\4.8.0\lib\net7.0\Microsoft.CodeAnalysis.Workspaces.MSBuild.dll" to file "bin\Debug\net9.0\Microsoft.CodeAnalysis.Workspaces.MSBuild.dll" because the "SkipUnchangedFiles" parameter was set to "true" in the project and the files' sizes and timestamps match.
         Did not copy from file "C:\Users\nguye\.nuget\packages\microsoft.data.sqlclient\5.1.6\lib\net6.0\Microsoft.Data.SqlClient.dll" to file "bin\Debug\net9.0\Microsoft.Data.SqlClient.dll" because the "SkipUnchangedFiles" parameter was set to "true" in the project and the files' sizes and timestamps match.
         Did not copy from file "C:\Users\nguye\.nuget\packages\microsoft.entityframeworkcore\9.0.0\lib\net8.0\Microsoft.EntityFrameworkCore.dll" to file "bin\Debug\net9.0\Microsoft.EntityFrameworkCore.dll" because the "SkipUnchangedFiles" parameter was set to "true" in the project and the files' sizes and timestamps match.
         Did not copy from file "C:\Users\nguye\.nuget\packages\microsoft.entityframeworkcore.abstractions\9.0.0\lib\net8.0\Microsoft.EntityFrameworkCore.Abstractions.dll" to file "bin\Debug\net9.0\Microsoft.EntityFrameworkCore.Abstractions.dll" because the "SkipUnchangedFiles" parameter was set to "true" in the project and the files' sizes and timestamps match.
         Did not copy from file "C:\Users\nguye\.nuget\packages\microsoft.entityframeworkcore.design\9.0.0\lib\net8.0\Microsoft.EntityFrameworkCore.Design.dll" to file "bin\Debug\net9.0\Microsoft.EntityFrameworkCore.Design.dll" because the "SkipUnchangedFiles" parameter was set to "true" in the project and the files' sizes and timestamps match.
         Did not copy from file "C:\Users\nguye\.nuget\packages\microsoft.entityframeworkcore.relational\9.0.0\lib\net8.0\Microsoft.EntityFrameworkCore.Relational.dll" to file "bin\Debug\net9.0\Microsoft.EntityFrameworkCore.Relational.dll" because the "SkipUnchangedFiles" parameter was set to "true" in the project and the files' sizes and timestamps match.
         Did not copy from file "C:\Users\nguye\.nuget\packages\microsoft.entityframeworkcore.sqlserver\9.0.0\lib\net8.0\Microsoft.EntityFrameworkCore.SqlServer.dll" to file "bin\Debug\net9.0\Microsoft.EntityFrameworkCore.SqlServer.dll" because the "SkipUnchangedFiles" parameter was set to "true" in the project and the files' sizes and timestamps match.
         Did not copy from file "C:\Users\nguye\.nuget\packages\microsoft.extensions.caching.abstractions\10.0.1\lib\net9.0\Microsoft.Extensions.Caching.Abstractions.dll" to file "bin\Debug\net9.0\Microsoft.Extensions.Caching.Abstractions.dll" because the "SkipUnchangedFiles" parameter was set to "true" in the project and the files' sizes and timestamps match.
         Did not copy from file "C:\Users\nguye\.nuget\packages\microsoft.extensions.caching.stackexchangeredis\10.0.1\lib\netstandard2.0\Microsoft.Extensions.Caching.StackExchangeRedis.dll" to file "bin\Debug\net9.0\Microsoft.Extensions.Caching.StackExchangeRedis.dll" because the "SkipUnchangedFiles" parameter was set to "true" in the project and the files' sizes and timestamps match.
         Did not copy from file "C:\Users\nguye\.nuget\packages\microsoft.extensions.dependencyinjection.abstractions\10.0.1\lib\net9.0\Microsoft.Extensions.DependencyInjection.Abstractions.dll" to file "bin\Debug\net9.0\Microsoft.Extensions.DependencyInjection.Abstractions.dll" because the "SkipUnchangedFiles" parameter was set to "true" in the project and the files' sizes and timestamps match.
         Did not copy from file "C:\Users\nguye\.nuget\packages\microsoft.extensions.logging.abstractions\10.0.1\lib\net9.0\Microsoft.Extensions.Logging.Abstractions.dll" to file "bin\Debug\net9.0\Microsoft.Extensions.Logging.Abstractions.dll" because the "SkipUnchangedFiles" parameter was set to "true" in the project and the files' sizes and timestamps match.
         Did not copy from file "C:\Users\nguye\.nuget\packages\microsoft.extensions.dependencymodel\9.0.0\lib\net9.0\Microsoft.Extensions.DependencyModel.dll" to file "bin\Debug\net9.0\Microsoft.Extensions.DependencyModel.dll" because the "SkipUnchangedFiles" parameter was set to "true" in the project and the files' sizes and timestamps match.
         Did not copy from file "C:\Users\nguye\.nuget\packages\microsoft.extensions.options\10.0.1\lib\net9.0\Microsoft.Extensions.Options.dll" to file "bin\Debug\net9.0\Microsoft.Extensions.Options.dll" because the "SkipUnchangedFiles" parameter was set to "true" in the project and the files' sizes and timestamps match.
         Did not copy from file "C:\Users\nguye\.nuget\packages\microsoft.extensions.primitives\10.0.1\lib\net9.0\Microsoft.Extensions.Primitives.dll" to file "bin\Debug\net9.0\Microsoft.Extensions.Primitives.dll" because the "SkipUnchangedFiles" parameter was set to "true" in the project and the files' sizes and timestamps match.
         Did not copy from file "C:\Users\nguye\.nuget\packages\microsoft.identitymodel.abstractions\8.0.1\lib\net9.0\Microsoft.IdentityModel.Abstractions.dll" to file "bin\Debug\net9.0\Microsoft.IdentityModel.Abstractions.dll" because the "SkipUnchangedFiles" parameter was set to "true" in the project and the files' sizes and timestamps match.
         Did not copy from file "C:\Users\nguye\.nuget\packages\microsoft.identitymodel.jsonwebtokens\8.0.1\lib\net9.0\Microsoft.IdentityModel.JsonWebTokens.dll" to file "bin\Debug\net9.0\Microsoft.IdentityModel.JsonWebTokens.dll" because the "SkipUnchangedFiles" parameter was set to "true" in the project and the files' sizes and timestamps match.
         Did not copy from file "C:\Users\nguye\.nuget\packages\microsoft.identity.client.extensions.msal\4.61.3\lib\net6.0\Microsoft.Identity.Client.Extensions.Msal.dll" to file "bin\Debug\net9.0\Microsoft.Identity.Client.Extensions.Msal.dll" because the "SkipUnchangedFiles" parameter was set to "true" in the project and the files' sizes and timestamps match.
         Did not copy from file "C:\Users\nguye\.nuget\packages\microsoft.identity.client\4.61.3\lib\net6.0\Microsoft.Identity.Client.dll" to file "bin\Debug\net9.0\Microsoft.Identity.Client.dll" because the "SkipUnchangedFiles" parameter was set to "true" in the project and the files' sizes and timestamps match.
         Did not copy from file "C:\Users\nguye\.nuget\packages\microsoft.identitymodel.logging\8.0.1\lib\net9.0\Microsoft.IdentityModel.Logging.dll" to file "bin\Debug\net9.0\Microsoft.IdentityModel.Logging.dll" because the "SkipUnchangedFiles" parameter was set to "true" in the project and the files' sizes and timestamps match.
         Did not copy from file "C:\Users\nguye\.nuget\packages\microsoft.identitymodel.protocols\8.0.1\lib\net9.0\Microsoft.IdentityModel.Protocols.dll" to file "bin\Debug\net9.0\Microsoft.IdentityModel.Protocols.dll" because the "SkipUnchangedFiles" parameter was set to "true" in the project and the files' sizes and timestamps match.
         Did not copy from file "C:\Users\nguye\.nuget\packages\microsoft.identitymodel.protocols.openidconnect\8.0.1\lib\net9.0\Microsoft.IdentityModel.Protocols.OpenIdConnect.dll" to file "bin\Debug\net9.0\Microsoft.IdentityModel.Protocols.OpenIdConnect.dll" because the "SkipUnchangedFiles" parameter was set to "true" in the project and the files' sizes and timestamps match.
         Did not copy from file "C:\Users\nguye\.nuget\packages\microsoft.identitymodel.tokens\8.0.1\lib\net9.0\Microsoft.IdentityModel.Tokens.dll" to file "bin\Debug\net9.0\Microsoft.IdentityModel.Tokens.dll" because the "SkipUnchangedFiles" parameter was set to "true" in the project and the files' sizes and timestamps match.
         Did not copy from file "C:\Users\nguye\.nuget\packages\microsoft.ml\5.0.0\lib\netstandard2.0\Microsoft.ML.Core.dll" to file "bin\Debug\net9.0\Microsoft.ML.Core.dll" because the "SkipUnchangedFiles" parameter was set to "true" in the project and the files' sizes and timestamps match.
         Did not copy from file "C:\Users\nguye\.nuget\packages\microsoft.ml\5.0.0\lib\netstandard2.0\Microsoft.ML.KMeansClustering.dll" to file "bin\Debug\net9.0\Microsoft.ML.KMeansClustering.dll" because the "SkipUnchangedFiles" parameter was set to "true" in the project and the files' sizes and timestamps match.
         Did not copy from file "C:\Users\nguye\.nuget\packages\microsoft.ml\5.0.0\lib\netstandard2.0\Microsoft.ML.Data.dll" to file "bin\Debug\net9.0\Microsoft.ML.Data.dll" because the "SkipUnchangedFiles" parameter was set to "true" in the project and the files' sizes and timestamps match.
         Did not copy from file "C:\Users\nguye\.nuget\packages\microsoft.ml\5.0.0\lib\netstandard2.0\Microsoft.ML.PCA.dll" to file "bin\Debug\net9.0\Microsoft.ML.PCA.dll" because the "SkipUnchangedFiles" parameter was set to "true" in the project and the files' sizes and timestamps match.
         Did not copy from file "C:\Users\nguye\.nuget\packages\microsoft.ml\5.0.0\lib\netstandard2.0\Microsoft.ML.StandardTrainers.dll" to file "bin\Debug\net9.0\Microsoft.ML.StandardTrainers.dll" because the "SkipUnchangedFiles" parameter was set to "true" in the project and the files' sizes and timestamps match.
         Did not copy from file "C:\Users\nguye\.nuget\packages\microsoft.ml\5.0.0\lib\netstandard2.0\Microsoft.ML.Transforms.dll" to file "bin\Debug\net9.0\Microsoft.ML.Transforms.dll" because the "SkipUnchangedFiles" parameter was set to "true" in the project and the files' sizes and timestamps match.
         Did not copy from file "C:\Users\nguye\.nuget\packages\microsoft.ml.cpumath\5.0.0\lib\net8.0\Microsoft.ML.CpuMath.dll" to file "bin\Debug\net9.0\Microsoft.ML.CpuMath.dll" because the "SkipUnchangedFiles" parameter was set to "true" in the project and the files' sizes and timestamps match.
         Did not copy from file "C:\Users\nguye\.nuget\packages\microsoft.ml.dataview\5.0.0\lib\netstandard2.0\Microsoft.ML.DataView.dll" to file "bin\Debug\net9.0\Microsoft.ML.DataView.dll" because the "SkipUnchangedFiles" parameter was set to "true" in the project and the files' sizes and timestamps match.
         Did not copy from file "C:\Users\nguye\.nuget\packages\microsoft.ml.onnxruntime.managed\1.20.1\lib\net8.0\Microsoft.ML.OnnxRuntime.dll" to file "bin\Debug\net9.0\Microsoft.ML.OnnxRuntime.dll" because the "SkipUnchangedFiles" parameter was set to "true" in the project and the files' sizes and timestamps match.
         Did not copy from file "C:\Users\nguye\.nuget\packages\microsoft.ml.imageanalytics\5.0.0\lib\netstandard2.0\Microsoft.ML.ImageAnalytics.dll" to file "bin\Debug\net9.0\Microsoft.ML.ImageAnalytics.dll" because the "SkipUnchangedFiles" parameter was set to "true" in the project and the files' sizes and timestamps match.
         Did not copy from file "C:\Users\nguye\.nuget\packages\microsoft.ml.onnxtransformer\4.0.1\lib\netstandard2.0\Microsoft.ML.OnnxTransformer.dll" to file "bin\Debug\net9.0\Microsoft.ML.OnnxTransformer.dll" because the "SkipUnchangedFiles" parameter was set to "true" in the project and the files' sizes and timestamps match.
         Did not copy from file "C:\Users\nguye\.nuget\packages\microsoft.ml.tensorflow\5.0.0\lib\netstandard2.0\Microsoft.ML.TensorFlow.dll" to file "bin\Debug\net9.0\Microsoft.ML.TensorFlow.dll" because the "SkipUnchangedFiles" parameter was set to "true" in the project and the files' sizes and timestamps match.
         Did not copy from file "C:\Users\nguye\.nuget\packages\microsoft.ml.vision\5.0.0\lib\netstandard2.0\Microsoft.ML.Vision.dll" to file "bin\Debug\net9.0\Microsoft.ML.Vision.dll" because the "SkipUnchangedFiles" parameter was set to "true" in the project and the files' sizes and timestamps match.
         Did not copy from file "C:\Users\nguye\.nuget\packages\microsoft.openapi\1.6.22\lib\netstandard2.0\Microsoft.OpenApi.dll" to file "bin\Debug\net9.0\Microsoft.OpenApi.dll" because the "SkipUnchangedFiles" parameter was set to "true" in the project and the files' sizes and timestamps match.
         Did not copy from file "C:\Users\nguye\.nuget\packages\microsoft.sqlserver.server\1.0.0\lib\netstandard2.0\Microsoft.SqlServer.Server.dll" to file "bin\Debug\net9.0\Microsoft.SqlServer.Server.dll" because the "SkipUnchangedFiles" parameter was set to "true" in the project and the files' sizes and timestamps match.
         Did not copy from file "C:\Users\nguye\.nuget\packages\microsoft.win32.systemevents\6.0.0\lib\net6.0\Microsoft.Win32.SystemEvents.dll" to file "bin\Debug\net9.0\Microsoft.Win32.SystemEvents.dll" because the "SkipUnchangedFiles" parameter was set to "true" in the project and the files' sizes and timestamps match.
         Did not copy from file "C:\Users\nguye\.nuget\packages\mono.texttemplating\3.0.0\lib\net6.0\Mono.TextTemplating.dll" to file "bin\Debug\net9.0\Mono.TextTemplating.dll" because the "SkipUnchangedFiles" parameter was set to "true" in the project and the files' sizes and timestamps match.
         Did not copy from file "C:\Users\nguye\.nuget\packages\pipelines.sockets.unofficial\2.2.8\lib\net5.0\Pipelines.Sockets.Unofficial.dll" to file "bin\Debug\net9.0\Pipelines.Sockets.Unofficial.dll" because the "SkipUnchangedFiles" parameter was set to "true" in the project and the files' sizes and timestamps match.
         Did not copy from file "C:\Users\nguye\.nuget\packages\protobuf.text\0.6.0\lib\net6.0\Protobuf.Text.dll" to file "bin\Debug\net9.0\Protobuf.Text.dll" because the "SkipUnchangedFiles" parameter was set to "true" in the project and the files' sizes and timestamps match.
         Did not copy from file "C:\Users\nguye\.nuget\packages\serilog\2.10.0\lib\netstandard2.1\Serilog.dll" to file "bin\Debug\net9.0\Serilog.dll" because the "SkipUnchangedFiles" parameter was set to "true" in the project and the files' sizes and timestamps match.
         Did not copy from file "C:\Users\nguye\.nuget\packages\serilog.sinks.console\4.1.0\lib\net5.0\Serilog.Sinks.Console.dll" to file "bin\Debug\net9.0\Serilog.Sinks.Console.dll" because the "SkipUnchangedFiles" parameter was set to "true" in the project and the files' sizes and timestamps match.
         Did not copy from file "C:\Users\nguye\.nuget\packages\newtonsoft.json\13.0.3\lib\net6.0\Newtonsoft.Json.dll" to file "bin\Debug\net9.0\Newtonsoft.Json.dll" because the "SkipUnchangedFiles" parameter was set to "true" in the project and the files' sizes and timestamps match.
         Did not copy from file "C:\Users\nguye\.nuget\packages\skiasharp\2.88.8\lib\net6.0\SkiaSharp.dll" to file "bin\Debug\net9.0\SkiaSharp.dll" because the "SkipUnchangedFiles" parameter was set to "true" in the project and the files' sizes and timestamps match.
         Did not copy from file "C:\Users\nguye\.nuget\packages\sixlabors.imagesharp\3.1.7\lib\net6.0\SixLabors.ImageSharp.dll" to file "bin\Debug\net9.0\SixLabors.ImageSharp.dll" because the "SkipUnchangedFiles" parameter was set to "true" in the project and the files' sizes and timestamps match.
         Did not copy from file "C:\Users\nguye\.nuget\packages\swashbuckle.aspnetcore.swagger\7.2.0\lib\net9.0\Swashbuckle.AspNetCore.Swagger.dll" to file "bin\Debug\net9.0\Swashbuckle.AspNetCore.Swagger.dll" because the "SkipUnchangedFiles" parameter was set to "true" in the project and the files' sizes and timestamps match.
         Did not copy from file "C:\Users\nguye\.nuget\packages\stackexchange.redis\2.7.27\lib\net6.0\StackExchange.Redis.dll" to file "bin\Debug\net9.0\StackExchange.Redis.dll" because the "SkipUnchangedFiles" parameter was set to "true" in the project and the files' sizes and timestamps match.
         Did not copy from file "C:\Users\nguye\.nuget\packages\swashbuckle.aspnetcore.swaggergen\7.2.0\lib\net9.0\Swashbuckle.AspNetCore.SwaggerGen.dll" to file "bin\Debug\net9.0\Swashbuckle.AspNetCore.SwaggerGen.dll" because the "SkipUnchangedFiles" parameter was set to "true" in the project and the files' sizes and timestamps match.
         Did not copy from file "C:\Users\nguye\.nuget\packages\system.clientmodel\1.0.0\lib\net6.0\System.ClientModel.dll" to file "bin\Debug\net9.0\System.ClientModel.dll" because the "SkipUnchangedFiles" parameter was set to "true" in the project and the files' sizes and timestamps match.
         Did not copy from file "C:\Users\nguye\.nuget\packages\system.codedom\9.0.4\lib\net9.0\System.CodeDom.dll" to file "bin\Debug\net9.0\System.CodeDom.dll" because the "SkipUnchangedFiles" parameter was set to "true" in the project and the files' sizes and timestamps match.
         Did not copy from file "C:\Users\nguye\.nuget\packages\system.composition.convention\7.0.0\lib\net7.0\System.Composition.Convention.dll" to file "bin\Debug\net9.0\System.Composition.Convention.dll" because the "SkipUnchangedFiles" parameter was set to "true" in the project and the files' sizes and timestamps match.
         Did not copy from file "C:\Users\nguye\.nuget\packages\swashbuckle.aspnetcore.swaggerui\7.2.0\lib\net9.0\Swashbuckle.AspNetCore.SwaggerUI.dll" to file "bin\Debug\net9.0\Swashbuckle.AspNetCore.SwaggerUI.dll" because the "SkipUnchangedFiles" parameter was set to "true" in the project and the files' sizes and timestamps match.
         Did not copy from file "C:\Users\nguye\.nuget\packages\system.composition.attributedmodel\7.0.0\lib\net7.0\System.Composition.AttributedModel.dll" to file "bin\Debug\net9.0\System.Composition.AttributedModel.dll" because the "SkipUnchangedFiles" parameter was set to "true" in the project and the files' sizes and timestamps match.
         Did not copy from file "C:\Users\nguye\.nuget\packages\system.composition.hosting\7.0.0\lib\net7.0\System.Composition.Hosting.dll" to file "bin\Debug\net9.0\System.Composition.Hosting.dll" because the "SkipUnchangedFiles" parameter was set to "true" in the project and the files' sizes and timestamps match.
         Did not copy from file "C:\Users\nguye\.nuget\packages\system.composition.runtime\7.0.0\lib\net7.0\System.Composition.Runtime.dll" to file "bin\Debug\net9.0\System.Composition.Runtime.dll" because the "SkipUnchangedFiles" parameter was set to "true" in the project and the files' sizes and timestamps match.
         Did not copy from file "C:\Users\nguye\.nuget\packages\system.composition.typedparts\7.0.0\lib\net7.0\System.Composition.TypedParts.dll" to file "bin\Debug\net9.0\System.Composition.TypedParts.dll" because the "SkipUnchangedFiles" parameter was set to "true" in the project and the files' sizes and timestamps match.
         Did not copy from file "C:\Users\nguye\.nuget\packages\system.configuration.configurationmanager\6.0.1\lib\net6.0\System.Configuration.ConfigurationManager.dll" to file "bin\Debug\net9.0\System.Configuration.ConfigurationManager.dll" because the "SkipUnchangedFiles" parameter was set to "true" in the project and the files' sizes and timestamps match.
         Did not copy from file "C:\Users\nguye\.nuget\packages\system.diagnostics.diagnosticsource\10.0.1\lib\net9.0\System.Diagnostics.DiagnosticSource.dll" to file "bin\Debug\net9.0\System.Diagnostics.DiagnosticSource.dll" because the "SkipUnchangedFiles" parameter was set to "true" in the project and the files' sizes and timestamps match.
         Did not copy from file "C:\Users\nguye\.nuget\packages\system.drawing.common\6.0.0\lib\net6.0\System.Drawing.Common.dll" to file "bin\Debug\net9.0\System.Drawing.Common.dll" because the "SkipUnchangedFiles" parameter was set to "true" in the project and the files' sizes and timestamps match.
         Did not copy from file "C:\Users\nguye\.nuget\packages\system.identitymodel.tokens.jwt\8.0.1\lib\net9.0\System.IdentityModel.Tokens.Jwt.dll" to file "bin\Debug\net9.0\System.IdentityModel.Tokens.Jwt.dll" because the "SkipUnchangedFiles" parameter was set to "true" in the project and the files' sizes and timestamps match.
         Did not copy from file "C:\Users\nguye\.nuget\packages\system.io.pipelines\10.0.0\lib\net9.0\System.IO.Pipelines.dll" to file "bin\Debug\net9.0\System.IO.Pipelines.dll" because the "SkipUnchangedFiles" parameter was set to "true" in the project and the files' sizes and timestamps match.
         Did not copy from file "C:\Users\nguye\.nuget\packages\system.memory.data\1.0.2\lib\netstandard2.0\System.Memory.Data.dll" to file "bin\Debug\net9.0\System.Memory.Data.dll" because the "SkipUnchangedFiles" parameter was set to "true" in the project and the files' sizes and timestamps match.
         Did not copy from file "C:\Users\nguye\.nuget\packages\system.numerics.tensors\9.0.4\lib\net9.0\System.Numerics.Tensors.dll" to file "bin\Debug\net9.0\System.Numerics.Tensors.dll" because the "SkipUnchangedFiles" parameter was set to "true" in the project and the files' sizes and timestamps match.
         Did not copy from file "C:\Users\nguye\.nuget\packages\system.runtime.caching\6.0.0\lib\net6.0\System.Runtime.Caching.dll" to file "bin\Debug\net9.0\System.Runtime.Caching.dll" because the "SkipUnchangedFiles" parameter was set to "true" in the project and the files' sizes and timestamps match.
         Did not copy from file "C:\Users\nguye\.nuget\packages\system.security.cryptography.protecteddata\6.0.0\lib\net6.0\System.Security.Cryptography.ProtectedData.dll" to file "bin\Debug\net9.0\System.Security.Cryptography.ProtectedData.dll" because the "SkipUnchangedFiles" parameter was set to "true" in the project and the files' sizes and timestamps match.
         Did not copy from file "C:\Users\nguye\.nuget\packages\system.text.encodings.web\10.0.0\lib\net9.0\System.Text.Encodings.Web.dll" to file "bin\Debug\net9.0\System.Text.Encodings.Web.dll" because the "SkipUnchangedFiles" parameter was set to "true" in the project and the files' sizes and timestamps match.
         Did not copy from file "C:\Users\nguye\.nuget\packages\system.security.permissions\6.0.0\lib\net6.0\System.Security.Permissions.dll" to file "bin\Debug\net9.0\System.Security.Permissions.dll" because the "SkipUnchangedFiles" parameter was set to "true" in the project and the files' sizes and timestamps match.
         Did not copy from file "C:\Users\nguye\.nuget\packages\system.text.json\10.0.0\lib\net9.0\System.Text.Json.dll" to file "bin\Debug\net9.0\System.Text.Json.dll" because the "SkipUnchangedFiles" parameter was set to "true" in the project and the files' sizes and timestamps match.
         Did not copy from file "C:\Users\nguye\.nuget\packages\tensorflow.net\0.100.2\lib\net6.0\Tensorflow.Binding.dll" to file "bin\Debug\net9.0\Tensorflow.Binding.dll" because the "SkipUnchangedFiles" parameter was set to "true" in the project and the files' sizes and timestamps match.
         Did not copy from file "C:\Users\nguye\.nuget\packages\system.windows.extensions\6.0.0\lib\net6.0\System.Windows.Extensions.dll" to file "bin\Debug\net9.0\System.Windows.Extensions.dll" because the "SkipUnchangedFiles" parameter was set to "true" in the project and the files' sizes and timestamps match.
         Did not copy from file "C:\Users\nguye\.nuget\packages\microsoft.codeanalysis.common\4.8.0\lib\net7.0\cs\Microsoft.CodeAnalysis.resources.dll" to file "bin\Debug\net9.0\cs\Microsoft.CodeAnalysis.resources.dll" because the "SkipUnchangedFiles" parameter was set to "true" in the project and the files' sizes and timestamps match.
         Did not copy from file "C:\Users\nguye\.nuget\packages\microsoft.codeanalysis.common\4.8.0\lib\net7.0\de\Microsoft.CodeAnalysis.resources.dll" to file "bin\Debug\net9.0\de\Microsoft.CodeAnalysis.resources.dll" because the "SkipUnchangedFiles" parameter was set to "true" in the project and the files' sizes and timestamps match.
         Did not copy from file "C:\Users\nguye\.nuget\packages\microsoft.codeanalysis.common\4.8.0\lib\net7.0\es\Microsoft.CodeAnalysis.resources.dll" to file "bin\Debug\net9.0\es\Microsoft.CodeAnalysis.resources.dll" because the "SkipUnchangedFiles" parameter was set to "true" in the project and the files' sizes and timestamps match.
         Did not copy from file "C:\Users\nguye\.nuget\packages\microsoft.codeanalysis.common\4.8.0\lib\net7.0\fr\Microsoft.CodeAnalysis.resources.dll" to file "bin\Debug\net9.0\fr\Microsoft.CodeAnalysis.resources.dll" because the "SkipUnchangedFiles" parameter was set to "true" in the project and the files' sizes and timestamps match.
         Did not copy from file "C:\Users\nguye\.nuget\packages\microsoft.codeanalysis.common\4.8.0\lib\net7.0\ja\Microsoft.CodeAnalysis.resources.dll" to file "bin\Debug\net9.0\ja\Microsoft.CodeAnalysis.resources.dll" because the "SkipUnchangedFiles" parameter was set to "true" in the project and the files' sizes and timestamps match.
         Did not copy from file "C:\Users\nguye\.nuget\packages\microsoft.codeanalysis.common\4.8.0\lib\net7.0\it\Microsoft.CodeAnalysis.resources.dll" to file "bin\Debug\net9.0\it\Microsoft.CodeAnalysis.resources.dll" because the "SkipUnchangedFiles" parameter was set to "true" in the project and the files' sizes and timestamps match.
         Did not copy from file "C:\Users\nguye\.nuget\packages\microsoft.codeanalysis.common\4.8.0\lib\net7.0\ko\Microsoft.CodeAnalysis.resources.dll" to file "bin\Debug\net9.0\ko\Microsoft.CodeAnalysis.resources.dll" because the "SkipUnchangedFiles" parameter was set to "true" in the project and the files' sizes and timestamps match.
         Did not copy from file "C:\Users\nguye\.nuget\packages\microsoft.codeanalysis.common\4.8.0\lib\net7.0\pt-BR\Microsoft.CodeAnalysis.resources.dll" to file "bin\Debug\net9.0\pt-BR\Microsoft.CodeAnalysis.resources.dll" because the "SkipUnchangedFiles" parameter was set to "true" in the project and the files' sizes and timestamps match.
         Did not copy from file "C:\Users\nguye\.nuget\packages\microsoft.codeanalysis.common\4.8.0\lib\net7.0\pl\Microsoft.CodeAnalysis.resources.dll" to file "bin\Debug\net9.0\pl\Microsoft.CodeAnalysis.resources.dll" because the "SkipUnchangedFiles" parameter was set to "true" in the project and the files' sizes and timestamps match.
         Did not copy from file "C:\Users\nguye\.nuget\packages\microsoft.codeanalysis.common\4.8.0\lib\net7.0\ru\Microsoft.CodeAnalysis.resources.dll" to file "bin\Debug\net9.0\ru\Microsoft.CodeAnalysis.resources.dll" because the "SkipUnchangedFiles" parameter was set to "true" in the project and the files' sizes and timestamps match.
         Did not copy from file "C:\Users\nguye\.nuget\packages\microsoft.codeanalysis.common\4.8.0\lib\net7.0\tr\Microsoft.CodeAnalysis.resources.dll" to file "bin\Debug\net9.0\tr\Microsoft.CodeAnalysis.resources.dll" because the "SkipUnchangedFiles" parameter was set to "true" in the project and the files' sizes and timestamps match.
         Did not copy from file "C:\Users\nguye\.nuget\packages\microsoft.codeanalysis.common\4.8.0\lib\net7.0\zh-Hans\Microsoft.CodeAnalysis.resources.dll" to file "bin\Debug\net9.0\zh-Hans\Microsoft.CodeAnalysis.resources.dll" because the "SkipUnchangedFiles" parameter was set to "true" in the project and the files' sizes and timestamps match.
         Did not copy from file "C:\Users\nguye\.nuget\packages\microsoft.codeanalysis.common\4.8.0\lib\net7.0\zh-Hant\Microsoft.CodeAnalysis.resources.dll" to file "bin\Debug\net9.0\zh-Hant\Microsoft.CodeAnalysis.resources.dll" because the "SkipUnchangedFiles" parameter was set to "true" in the project and the files' sizes and timestamps match.
         Did not copy from file "C:\Users\nguye\.nuget\packages\microsoft.codeanalysis.csharp\4.8.0\lib\net7.0\de\Microsoft.CodeAnalysis.CSharp.resources.dll" to file "bin\Debug\net9.0\de\Microsoft.CodeAnalysis.CSharp.resources.dll" because the "SkipUnchangedFiles" parameter was set to "true" in the project and the files' sizes and timestamps match.
         Did not copy from file "C:\Users\nguye\.nuget\packages\microsoft.codeanalysis.csharp\4.8.0\lib\net7.0\cs\Microsoft.CodeAnalysis.CSharp.resources.dll" to file "bin\Debug\net9.0\cs\Microsoft.CodeAnalysis.CSharp.resources.dll" because the "SkipUnchangedFiles" parameter was set to "true" in the project and the files' sizes and timestamps match.
         Did not copy from file "C:\Users\nguye\.nuget\packages\microsoft.codeanalysis.csharp\4.8.0\lib\net7.0\es\Microsoft.CodeAnalysis.CSharp.resources.dll" to file "bin\Debug\net9.0\es\Microsoft.CodeAnalysis.CSharp.resources.dll" because the "SkipUnchangedFiles" parameter was set to "true" in the project and the files' sizes and timestamps match.
         Did not copy from file "C:\Users\nguye\.nuget\packages\microsoft.codeanalysis.csharp\4.8.0\lib\net7.0\fr\Microsoft.CodeAnalysis.CSharp.resources.dll" to file "bin\Debug\net9.0\fr\Microsoft.CodeAnalysis.CSharp.resources.dll" because the "SkipUnchangedFiles" parameter was set to "true" in the project and the files' sizes and timestamps match.
         Did not copy from file "C:\Users\nguye\.nuget\packages\microsoft.codeanalysis.csharp\4.8.0\lib\net7.0\it\Microsoft.CodeAnalysis.CSharp.resources.dll" to file "bin\Debug\net9.0\it\Microsoft.CodeAnalysis.CSharp.resources.dll" because the "SkipUnchangedFiles" parameter was set to "true" in the project and the files' sizes and timestamps match.
         Did not copy from file "C:\Users\nguye\.nuget\packages\microsoft.codeanalysis.csharp\4.8.0\lib\net7.0\ja\Microsoft.CodeAnalysis.CSharp.resources.dll" to file "bin\Debug\net9.0\ja\Microsoft.CodeAnalysis.CSharp.resources.dll" because the "SkipUnchangedFiles" parameter was set to "true" in the project and the files' sizes and timestamps match.
         Did not copy from file "C:\Users\nguye\.nuget\packages\microsoft.codeanalysis.csharp\4.8.0\lib\net7.0\pt-BR\Microsoft.CodeAnalysis.CSharp.resources.dll" to file "bin\Debug\net9.0\pt-BR\Microsoft.CodeAnalysis.CSharp.resources.dll" because the "SkipUnchangedFiles" parameter was set to "true" in the project and the files' sizes and timestamps match.
         Did not copy from file "C:\Users\nguye\.nuget\packages\microsoft.codeanalysis.csharp\4.8.0\lib\net7.0\ko\Microsoft.CodeAnalysis.CSharp.resources.dll" to file "bin\Debug\net9.0\ko\Microsoft.CodeAnalysis.CSharp.resources.dll" because the "SkipUnchangedFiles" parameter was set to "true" in the project and the files' sizes and timestamps match.
         Did not copy from file "C:\Users\nguye\.nuget\packages\microsoft.codeanalysis.csharp\4.8.0\lib\net7.0\tr\Microsoft.CodeAnalysis.CSharp.resources.dll" to file "bin\Debug\net9.0\tr\Microsoft.CodeAnalysis.CSharp.resources.dll" because the "SkipUnchangedFiles" parameter was set to "true" in the project and the files' sizes and timestamps match.
         Did not copy from file "C:\Users\nguye\.nuget\packages\microsoft.codeanalysis.csharp\4.8.0\lib\net7.0\ru\Microsoft.CodeAnalysis.CSharp.resources.dll" to file "bin\Debug\net9.0\ru\Microsoft.CodeAnalysis.CSharp.resources.dll" because the "SkipUnchangedFiles" parameter was set to "true" in the project and the files' sizes and timestamps match.
         Did not copy from file "C:\Users\nguye\.nuget\packages\microsoft.codeanalysis.csharp\4.8.0\lib\net7.0\pl\Microsoft.CodeAnalysis.CSharp.resources.dll" to file "bin\Debug\net9.0\pl\Microsoft.CodeAnalysis.CSharp.resources.dll" because the "SkipUnchangedFiles" parameter was set to "true" in the project and the files' sizes and timestamps match.
         Did not copy from file "C:\Users\nguye\.nuget\packages\microsoft.codeanalysis.csharp\4.8.0\lib\net7.0\zh-Hans\Microsoft.CodeAnalysis.CSharp.resources.dll" to file "bin\Debug\net9.0\zh-Hans\Microsoft.CodeAnalysis.CSharp.resources.dll" because the "SkipUnchangedFiles" parameter was set to "true" in the project and the files' sizes and timestamps match.
         Did not copy from file "C:\Users\nguye\.nuget\packages\microsoft.codeanalysis.csharp\4.8.0\lib\net7.0\zh-Hant\Microsoft.CodeAnalysis.CSharp.resources.dll" to file "bin\Debug\net9.0\zh-Hant\Microsoft.CodeAnalysis.CSharp.resources.dll" because the "SkipUnchangedFiles" parameter was set to "true" in the project and the files' sizes and timestamps match.
         Did not copy from file "C:\Users\nguye\.nuget\packages\microsoft.codeanalysis.csharp.workspaces\4.8.0\lib\net7.0\cs\Microsoft.CodeAnalysis.CSharp.Workspaces.resources.dll" to file "bin\Debug\net9.0\cs\Microsoft.CodeAnalysis.CSharp.Workspaces.resources.dll" because the "SkipUnchangedFiles" parameter was set to "true" in the project and the files' sizes and timestamps match.
         Did not copy from file "C:\Users\nguye\.nuget\packages\microsoft.codeanalysis.csharp.workspaces\4.8.0\lib\net7.0\es\Microsoft.CodeAnalysis.CSharp.Workspaces.resources.dll" to file "bin\Debug\net9.0\es\Microsoft.CodeAnalysis.CSharp.Workspaces.resources.dll" because the "SkipUnchangedFiles" parameter was set to "true" in the project and the files' sizes and timestamps match.
         Did not copy from file "C:\Users\nguye\.nuget\packages\microsoft.codeanalysis.csharp.workspaces\4.8.0\lib\net7.0\de\Microsoft.CodeAnalysis.CSharp.Workspaces.resources.dll" to file "bin\Debug\net9.0\de\Microsoft.CodeAnalysis.CSharp.Workspaces.resources.dll" because the "SkipUnchangedFiles" parameter was set to "true" in the project and the files' sizes and timestamps match.
         Did not copy from file "C:\Users\nguye\.nuget\packages\microsoft.codeanalysis.csharp.workspaces\4.8.0\lib\net7.0\it\Microsoft.CodeAnalysis.CSharp.Workspaces.resources.dll" to file "bin\Debug\net9.0\it\Microsoft.CodeAnalysis.CSharp.Workspaces.resources.dll" because the "SkipUnchangedFiles" parameter was set to "true" in the project and the files' sizes and timestamps match.
         Did not copy from file "C:\Users\nguye\.nuget\packages\microsoft.codeanalysis.csharp.workspaces\4.8.0\lib\net7.0\fr\Microsoft.CodeAnalysis.CSharp.Workspaces.resources.dll" to file "bin\Debug\net9.0\fr\Microsoft.CodeAnalysis.CSharp.Workspaces.resources.dll" because the "SkipUnchangedFiles" parameter was set to "true" in the project and the files' sizes and timestamps match.
         Did not copy from file "C:\Users\nguye\.nuget\packages\microsoft.codeanalysis.csharp.workspaces\4.8.0\lib\net7.0\ja\Microsoft.CodeAnalysis.CSharp.Workspaces.resources.dll" to file "bin\Debug\net9.0\ja\Microsoft.CodeAnalysis.CSharp.Workspaces.resources.dll" because the "SkipUnchangedFiles" parameter was set to "true" in the project and the files' sizes and timestamps match.
         Did not copy from file "C:\Users\nguye\.nuget\packages\microsoft.codeanalysis.csharp.workspaces\4.8.0\lib\net7.0\ko\Microsoft.CodeAnalysis.CSharp.Workspaces.resources.dll" to file "bin\Debug\net9.0\ko\Microsoft.CodeAnalysis.CSharp.Workspaces.resources.dll" because the "SkipUnchangedFiles" parameter was set to "true" in the project and the files' sizes and timestamps match.
         Did not copy from file "C:\Users\nguye\.nuget\packages\microsoft.codeanalysis.csharp.workspaces\4.8.0\lib\net7.0\pl\Microsoft.CodeAnalysis.CSharp.Workspaces.resources.dll" to file "bin\Debug\net9.0\pl\Microsoft.CodeAnalysis.CSharp.Workspaces.resources.dll" because the "SkipUnchangedFiles" parameter was set to "true" in the project and the files' sizes and timestamps match.
         Did not copy from file "C:\Users\nguye\.nuget\packages\microsoft.codeanalysis.csharp.workspaces\4.8.0\lib\net7.0\pt-BR\Microsoft.CodeAnalysis.CSharp.Workspaces.resources.dll" to file "bin\Debug\net9.0\pt-BR\Microsoft.CodeAnalysis.CSharp.Workspaces.resources.dll" because the "SkipUnchangedFiles" parameter was set to "true" in the project and the files' sizes and timestamps match.
         Did not copy from file "C:\Users\nguye\.nuget\packages\microsoft.codeanalysis.csharp.workspaces\4.8.0\lib\net7.0\ru\Microsoft.CodeAnalysis.CSharp.Workspaces.resources.dll" to file "bin\Debug\net9.0\ru\Microsoft.CodeAnalysis.CSharp.Workspaces.resources.dll" because the "SkipUnchangedFiles" parameter was set to "true" in the project and the files' sizes and timestamps match.
         Did not copy from file "C:\Users\nguye\.nuget\packages\microsoft.codeanalysis.csharp.workspaces\4.8.0\lib\net7.0\tr\Microsoft.CodeAnalysis.CSharp.Workspaces.resources.dll" to file "bin\Debug\net9.0\tr\Microsoft.CodeAnalysis.CSharp.Workspaces.resources.dll" because the "SkipUnchangedFiles" parameter was set to "true" in the project and the files' sizes and timestamps match.
         Did not copy from file "C:\Users\nguye\.nuget\packages\microsoft.codeanalysis.csharp.workspaces\4.8.0\lib\net7.0\zh-Hans\Microsoft.CodeAnalysis.CSharp.Workspaces.resources.dll" to file "bin\Debug\net9.0\zh-Hans\Microsoft.CodeAnalysis.CSharp.Workspaces.resources.dll" because the "SkipUnchangedFiles" parameter was set to "true" in the project and the files' sizes and timestamps match.
         Did not copy from file "C:\Users\nguye\.nuget\packages\microsoft.codeanalysis.csharp.workspaces\4.8.0\lib\net7.0\zh-Hant\Microsoft.CodeAnalysis.CSharp.Workspaces.resources.dll" to file "bin\Debug\net9.0\zh-Hant\Microsoft.CodeAnalysis.CSharp.Workspaces.resources.dll" because the "SkipUnchangedFiles" parameter was set to "true" in the project and the files' sizes and timestamps match.
         Did not copy from file "C:\Users\nguye\.nuget\packages\microsoft.codeanalysis.workspaces.common\4.8.0\lib\net7.0\cs\Microsoft.CodeAnalysis.Workspaces.resources.dll" to file "bin\Debug\net9.0\cs\Microsoft.CodeAnalysis.Workspaces.resources.dll" because the "SkipUnchangedFiles" parameter was set to "true" in the project and the files' sizes and timestamps match.
         Did not copy from file "C:\Users\nguye\.nuget\packages\microsoft.codeanalysis.workspaces.common\4.8.0\lib\net7.0\es\Microsoft.CodeAnalysis.Workspaces.resources.dll" to file "bin\Debug\net9.0\es\Microsoft.CodeAnalysis.Workspaces.resources.dll" because the "SkipUnchangedFiles" parameter was set to "true" in the project and the files' sizes and timestamps match.
         Did not copy from file "C:\Users\nguye\.nuget\packages\microsoft.codeanalysis.workspaces.common\4.8.0\lib\net7.0\fr\Microsoft.CodeAnalysis.Workspaces.resources.dll" to file "bin\Debug\net9.0\fr\Microsoft.CodeAnalysis.Workspaces.resources.dll" because the "SkipUnchangedFiles" parameter was set to "true" in the project and the files' sizes and timestamps match.
         Did not copy from file "C:\Users\nguye\.nuget\packages\microsoft.codeanalysis.workspaces.common\4.8.0\lib\net7.0\it\Microsoft.CodeAnalysis.Workspaces.resources.dll" to file "bin\Debug\net9.0\it\Microsoft.CodeAnalysis.Workspaces.resources.dll" because the "SkipUnchangedFiles" parameter was set to "true" in the project and the files' sizes and timestamps match.
         Did not copy from file "C:\Users\nguye\.nuget\packages\microsoft.codeanalysis.workspaces.common\4.8.0\lib\net7.0\ja\Microsoft.CodeAnalysis.Workspaces.resources.dll" to file "bin\Debug\net9.0\ja\Microsoft.CodeAnalysis.Workspaces.resources.dll" because the "SkipUnchangedFiles" parameter was set to "true" in the project and the files' sizes and timestamps match.
         Did not copy from file "C:\Users\nguye\.nuget\packages\microsoft.codeanalysis.workspaces.common\4.8.0\lib\net7.0\ko\Microsoft.CodeAnalysis.Workspaces.resources.dll" to file "bin\Debug\net9.0\ko\Microsoft.CodeAnalysis.Workspaces.resources.dll" because the "SkipUnchangedFiles" parameter was set to "true" in the project and the files' sizes and timestamps match.
         Did not copy from file "C:\Users\nguye\.nuget\packages\microsoft.codeanalysis.workspaces.common\4.8.0\lib\net7.0\pl\Microsoft.CodeAnalysis.Workspaces.resources.dll" to file "bin\Debug\net9.0\pl\Microsoft.CodeAnalysis.Workspaces.resources.dll" because the "SkipUnchangedFiles" parameter was set to "true" in the project and the files' sizes and timestamps match.
         Did not copy from file "C:\Users\nguye\.nuget\packages\microsoft.codeanalysis.workspaces.common\4.8.0\lib\net7.0\pt-BR\Microsoft.CodeAnalysis.Workspaces.resources.dll" to file "bin\Debug\net9.0\pt-BR\Microsoft.CodeAnalysis.Workspaces.resources.dll" because the "SkipUnchangedFiles" parameter was set to "true" in the project and the files' sizes and timestamps match.
         Did not copy from file "C:\Users\nguye\.nuget\packages\microsoft.codeanalysis.workspaces.common\4.8.0\lib\net7.0\ru\Microsoft.CodeAnalysis.Workspaces.resources.dll" to file "bin\Debug\net9.0\ru\Microsoft.CodeAnalysis.Workspaces.resources.dll" because the "SkipUnchangedFiles" parameter was set to "true" in the project and the files' sizes and timestamps match.
         Did not copy from file "C:\Users\nguye\.nuget\packages\microsoft.codeanalysis.workspaces.common\4.8.0\lib\net7.0\tr\Microsoft.CodeAnalysis.Workspaces.resources.dll" to file "bin\Debug\net9.0\tr\Microsoft.CodeAnalysis.Workspaces.resources.dll" because the "SkipUnchangedFiles" parameter was set to "true" in the project and the files' sizes and timestamps match.
         Did not copy from file "C:\Users\nguye\.nuget\packages\microsoft.codeanalysis.workspaces.common\4.8.0\lib\net7.0\zh-Hans\Microsoft.CodeAnalysis.Workspaces.resources.dll" to file "bin\Debug\net9.0\zh-Hans\Microsoft.CodeAnalysis.Workspaces.resources.dll" because the "SkipUnchangedFiles" parameter was set to "true" in the project and the files' sizes and timestamps match.
         Did not copy from file "C:\Users\nguye\.nuget\packages\microsoft.codeanalysis.workspaces.common\4.8.0\lib\net7.0\zh-Hant\Microsoft.CodeAnalysis.Workspaces.resources.dll" to file "bin\Debug\net9.0\zh-Hant\Microsoft.CodeAnalysis.Workspaces.resources.dll" because the "SkipUnchangedFiles" parameter was set to "true" in the project and the files' sizes and timestamps match.
         Did not copy from file "C:\Users\nguye\.nuget\packages\microsoft.codeanalysis.workspaces.msbuild\4.8.0\lib\net7.0\cs\Microsoft.CodeAnalysis.Workspaces.MSBuild.BuildHost.resources.dll" to file "bin\Debug\net9.0\cs\Microsoft.CodeAnalysis.Workspaces.MSBuild.BuildHost.resources.dll" because the "SkipUnchangedFiles" parameter was set to "true" in the project and the files' sizes and timestamps match.
         Did not copy from file "C:\Users\nguye\.nuget\packages\microsoft.codeanalysis.workspaces.msbuild\4.8.0\lib\net7.0\es\Microsoft.CodeAnalysis.Workspaces.MSBuild.BuildHost.resources.dll" to file "bin\Debug\net9.0\es\Microsoft.CodeAnalysis.Workspaces.MSBuild.BuildHost.resources.dll" because the "SkipUnchangedFiles" parameter was set to "true" in the project and the files' sizes and timestamps match.
         Did not copy from file "C:\Users\nguye\.nuget\packages\microsoft.codeanalysis.workspaces.msbuild\4.8.0\lib\net7.0\de\Microsoft.CodeAnalysis.Workspaces.MSBuild.BuildHost.resources.dll" to file "bin\Debug\net9.0\de\Microsoft.CodeAnalysis.Workspaces.MSBuild.BuildHost.resources.dll" because the "SkipUnchangedFiles" parameter was set to "true" in the project and the files' sizes and timestamps match.
         Did not copy from file "C:\Users\nguye\.nuget\packages\microsoft.codeanalysis.workspaces.common\4.8.0\lib\net7.0\de\Microsoft.CodeAnalysis.Workspaces.resources.dll" to file "bin\Debug\net9.0\de\Microsoft.CodeAnalysis.Workspaces.resources.dll" because the "SkipUnchangedFiles" parameter was set to "true" in the project and the files' sizes and timestamps match.
         Did not copy from file "C:\Users\nguye\.nuget\packages\microsoft.codeanalysis.workspaces.msbuild\4.8.0\lib\net7.0\fr\Microsoft.CodeAnalysis.Workspaces.MSBuild.BuildHost.resources.dll" to file "bin\Debug\net9.0\fr\Microsoft.CodeAnalysis.Workspaces.MSBuild.BuildHost.resources.dll" because the "SkipUnchangedFiles" parameter was set to "true" in the project and the files' sizes and timestamps match.
         Did not copy from file "C:\Users\nguye\.nuget\packages\microsoft.codeanalysis.workspaces.msbuild\4.8.0\lib\net7.0\ja\Microsoft.CodeAnalysis.Workspaces.MSBuild.BuildHost.resources.dll" to file "bin\Debug\net9.0\ja\Microsoft.CodeAnalysis.Workspaces.MSBuild.BuildHost.resources.dll" because the "SkipUnchangedFiles" parameter was set to "true" in the project and the files' sizes and timestamps match.
         Did not copy from file "C:\Users\nguye\.nuget\packages\microsoft.codeanalysis.workspaces.msbuild\4.8.0\lib\net7.0\ko\Microsoft.CodeAnalysis.Workspaces.MSBuild.BuildHost.resources.dll" to file "bin\Debug\net9.0\ko\Microsoft.CodeAnalysis.Workspaces.MSBuild.BuildHost.resources.dll" because the "SkipUnchangedFiles" parameter was set to "true" in the project and the files' sizes and timestamps match.
         Did not copy from file "C:\Users\nguye\.nuget\packages\microsoft.codeanalysis.workspaces.msbuild\4.8.0\lib\net7.0\it\Microsoft.CodeAnalysis.Workspaces.MSBuild.BuildHost.resources.dll" to file "bin\Debug\net9.0\it\Microsoft.CodeAnalysis.Workspaces.MSBuild.BuildHost.resources.dll" because the "SkipUnchangedFiles" parameter was set to "true" in the project and the files' sizes and timestamps match.
         Did not copy from file "C:\Users\nguye\.nuget\packages\microsoft.codeanalysis.workspaces.msbuild\4.8.0\lib\net7.0\pl\Microsoft.CodeAnalysis.Workspaces.MSBuild.BuildHost.resources.dll" to file "bin\Debug\net9.0\pl\Microsoft.CodeAnalysis.Workspaces.MSBuild.BuildHost.resources.dll" because the "SkipUnchangedFiles" parameter was set to "true" in the project and the files' sizes and timestamps match.
         Did not copy from file "C:\Users\nguye\.nuget\packages\microsoft.codeanalysis.workspaces.msbuild\4.8.0\lib\net7.0\pt-BR\Microsoft.CodeAnalysis.Workspaces.MSBuild.BuildHost.resources.dll" to file "bin\Debug\net9.0\pt-BR\Microsoft.CodeAnalysis.Workspaces.MSBuild.BuildHost.resources.dll" because the "SkipUnchangedFiles" parameter was set to "true" in the project and the files' sizes and timestamps match.
         Did not copy from file "C:\Users\nguye\.nuget\packages\microsoft.codeanalysis.workspaces.msbuild\4.8.0\lib\net7.0\ru\Microsoft.CodeAnalysis.Workspaces.MSBuild.BuildHost.resources.dll" to file "bin\Debug\net9.0\ru\Microsoft.CodeAnalysis.Workspaces.MSBuild.BuildHost.resources.dll" because the "SkipUnchangedFiles" parameter was set to "true" in the project and the files' sizes and timestamps match.
         Did not copy from file "C:\Users\nguye\.nuget\packages\microsoft.codeanalysis.workspaces.msbuild\4.8.0\lib\net7.0\tr\Microsoft.CodeAnalysis.Workspaces.MSBuild.BuildHost.resources.dll" to file "bin\Debug\net9.0\tr\Microsoft.CodeAnalysis.Workspaces.MSBuild.BuildHost.resources.dll" because the "SkipUnchangedFiles" parameter was set to "true" in the project and the files' sizes and timestamps match.
         Did not copy from file "C:\Users\nguye\.nuget\packages\microsoft.codeanalysis.workspaces.msbuild\4.8.0\lib\net7.0\zh-Hans\Microsoft.CodeAnalysis.Workspaces.MSBuild.BuildHost.resources.dll" to file "bin\Debug\net9.0\zh-Hans\Microsoft.CodeAnalysis.Workspaces.MSBuild.BuildHost.resources.dll" because the "SkipUnchangedFiles" parameter was set to "true" in the project and the files' sizes and timestamps match.
         Did not copy from file "C:\Users\nguye\.nuget\packages\microsoft.codeanalysis.workspaces.msbuild\4.8.0\lib\net7.0\zh-Hant\Microsoft.CodeAnalysis.Workspaces.MSBuild.BuildHost.resources.dll" to file "bin\Debug\net9.0\zh-Hant\Microsoft.CodeAnalysis.Workspaces.MSBuild.BuildHost.resources.dll" because the "SkipUnchangedFiles" parameter was set to "true" in the project and the files' sizes and timestamps match.
         Did not copy from file "C:\Users\nguye\.nuget\packages\microsoft.data.sqlclient\5.1.6\runtimes\unix\lib\net6.0\Microsoft.Data.SqlClient.dll" to file "bin\Debug\net9.0\runtimes\unix\lib\net6.0\Microsoft.Data.SqlClient.dll" because the "SkipUnchangedFiles" parameter was set to "true" in the project and the files' sizes and timestamps match.
         Did not copy from file "C:\Users\nguye\.nuget\packages\microsoft.data.sqlclient.sni.runtime\5.1.1\runtimes\win-arm\native\Microsoft.Data.SqlClient.SNI.dll" to file "bin\Debug\net9.0\runtimes\win-arm\native\Microsoft.Data.SqlClient.SNI.dll" because the "SkipUnchangedFiles" parameter was set to "true" in the project and the files' sizes and timestamps match.
         Did not copy from file "C:\Users\nguye\.nuget\packages\microsoft.data.sqlclient\5.1.6\runtimes\win\lib\net6.0\Microsoft.Data.SqlClient.dll" to file "bin\Debug\net9.0\runtimes\win\lib\net6.0\Microsoft.Data.SqlClient.dll" because the "SkipUnchangedFiles" parameter was set to "true" in the project and the files' sizes and timestamps match.
         Did not copy from file "C:\Users\nguye\.nuget\packages\microsoft.data.sqlclient.sni.runtime\5.1.1\runtimes\win-arm64\native\Microsoft.Data.SqlClient.SNI.dll" to file "bin\Debug\net9.0\runtimes\win-arm64\native\Microsoft.Data.SqlClient.SNI.dll" because the "SkipUnchangedFiles" parameter was set to "true" in the project and the files' sizes and timestamps match.
         Did not copy from file "C:\Users\nguye\.nuget\packages\microsoft.data.sqlclient.sni.runtime\5.1.1\runtimes\win-x86\native\Microsoft.Data.SqlClient.SNI.dll" to file "bin\Debug\net9.0\runtimes\win-x86\native\Microsoft.Data.SqlClient.SNI.dll" because the "SkipUnchangedFiles" parameter was set to "true" in the project and the files' sizes and timestamps match.
         Did not copy from file "C:\Users\nguye\.nuget\packages\microsoft.data.sqlclient.sni.runtime\5.1.1\runtimes\win-x64\native\Microsoft.Data.SqlClient.SNI.dll" to file "bin\Debug\net9.0\runtimes\win-x64\native\Microsoft.Data.SqlClient.SNI.dll" because the "SkipUnchangedFiles" parameter was set to "true" in the project and the files' sizes and timestamps match.
         Did not copy from file "C:\Users\nguye\.nuget\packages\microsoft.ml\5.0.0\runtimes\linux-arm\native\libLdaNative.so" to file "bin\Debug\net9.0\runtimes\linux-arm\native\libLdaNative.so" because the "SkipUnchangedFiles" parameter was set to "true" in the project and the files' sizes and timestamps match.
         Did not copy from file "C:\Users\nguye\.nuget\packages\microsoft.ml\5.0.0\runtimes\linux-arm\native\libLdaNative.so.dbg" to file "bin\Debug\net9.0\runtimes\linux-arm\native\libLdaNative.so.dbg" because the "SkipUnchangedFiles" parameter was set to "true" in the project and the files' sizes and timestamps match.
         Did not copy from file "C:\Users\nguye\.nuget\packages\microsoft.ml\5.0.0\runtimes\linux-arm64\native\libLdaNative.so" to file "bin\Debug\net9.0\runtimes\linux-arm64\native\libLdaNative.so" because the "SkipUnchangedFiles" parameter was set to "true" in the project and the files' sizes and timestamps match.
         Did not copy from file "C:\Users\nguye\.nuget\packages\microsoft.ml\5.0.0\runtimes\linux-arm64\native\libLdaNative.so.dbg" to file "bin\Debug\net9.0\runtimes\linux-arm64\native\libLdaNative.so.dbg" because the "SkipUnchangedFiles" parameter was set to "true" in the project and the files' sizes and timestamps match.
         Did not copy from file "C:\Users\nguye\.nuget\packages\microsoft.ml\5.0.0\runtimes\linux-x64\native\libLdaNative.so" to file "bin\Debug\net9.0\runtimes\linux-x64\native\libLdaNative.so" because the "SkipUnchangedFiles" parameter was set to "true" in the project and the files' sizes and timestamps match.
         Did not copy from file "C:\Users\nguye\.nuget\packages\microsoft.ml\5.0.0\runtimes\linux-x64\native\libLdaNative.so.dbg" to file "bin\Debug\net9.0\runtimes\linux-x64\native\libLdaNative.so.dbg" because the "SkipUnchangedFiles" parameter was set to "true" in the project and the files' sizes and timestamps match.
         Did not copy from file "C:\Users\nguye\.nuget\packages\microsoft.ml\5.0.0\runtimes\osx-arm64\native\libLdaNative.dylib" to file "bin\Debug\net9.0\runtimes\osx-arm64\native\libLdaNative.dylib" because the "SkipUnchangedFiles" parameter was set to "true" in the project and the files' sizes and timestamps match.
         Did not copy from file "C:\Users\nguye\.nuget\packages\microsoft.ml\5.0.0\runtimes\osx-x64\native\libLdaNative.dylib.dwarf" to file "bin\Debug\net9.0\runtimes\osx-x64\native\libLdaNative.dylib.dwarf" because the "SkipUnchangedFiles" parameter was set to "true" in the project and the files' sizes and timestamps match.
         Did not copy from file "C:\Users\nguye\.nuget\packages\microsoft.ml\5.0.0\runtimes\osx-x64\native\libLdaNative.dylib" to file "bin\Debug\net9.0\runtimes\osx-x64\native\libLdaNative.dylib" because the "SkipUnchangedFiles" parameter was set to "true" in the project and the files' sizes and timestamps match.
         Did not copy from file "C:\Users\nguye\.nuget\packages\microsoft.ml\5.0.0\runtimes\win-arm64\native\LdaNative.dll" to file "bin\Debug\net9.0\runtimes\win-arm64\native\LdaNative.dll" because the "SkipUnchangedFiles" parameter was set to "true" in the project and the files' sizes and timestamps match.
         Did not copy from file "C:\Users\nguye\.nuget\packages\microsoft.ml\5.0.0\runtimes\win-x64\native\LdaNative.dll" to file "bin\Debug\net9.0\runtimes\win-x64\native\LdaNative.dll" because the "SkipUnchangedFiles" parameter was set to "true" in the project and the files' sizes and timestamps match.
         Did not copy from file "C:\Users\nguye\.nuget\packages\microsoft.ml.onnxruntime\1.20.1\runtimes\android\native\onnxruntime.aar" to file "bin\Debug\net9.0\runtimes\android\native\onnxruntime.aar" because the "SkipUnchangedFiles" parameter was set to "true" in the project and the files' sizes and timestamps match.
         Did not copy from file "C:\Users\nguye\.nuget\packages\microsoft.ml\5.0.0\runtimes\win-x86\native\LdaNative.dll" to file "bin\Debug\net9.0\runtimes\win-x86\native\LdaNative.dll" because the "SkipUnchangedFiles" parameter was set to "true" in the project and the files' sizes and timestamps match.
         Did not copy from file "C:\Users\nguye\.nuget\packages\microsoft.ml.onnxruntime\1.20.1\runtimes\ios\native\onnxruntime.xcframework.zip" to file "bin\Debug\net9.0\runtimes\ios\native\onnxruntime.xcframework.zip" because the "SkipUnchangedFiles" parameter was set to "true" in the project and the files' sizes and timestamps match.
         Did not copy from file "C:\Users\nguye\.nuget\packages\microsoft.ml.onnxruntime\1.20.1\runtimes\linux-arm64\native\libonnxruntime.so" to file "bin\Debug\net9.0\runtimes\linux-arm64\native\libonnxruntime.so" because the "SkipUnchangedFiles" parameter was set to "true" in the project and the files' sizes and timestamps match.
         Did not copy from file "C:\Users\nguye\.nuget\packages\microsoft.ml.onnxruntime\1.20.1\runtimes\linux-arm64\native\libonnxruntime_providers_shared.so" to file "bin\Debug\net9.0\runtimes\linux-arm64\native\libonnxruntime_providers_shared.so" because the "SkipUnchangedFiles" parameter was set to "true" in the project and the files' sizes and timestamps match.
         Did not copy from file "C:\Users\nguye\.nuget\packages\microsoft.ml.onnxruntime\1.20.1\runtimes\linux-x64\native\libonnxruntime.so" to file "bin\Debug\net9.0\runtimes\linux-x64\native\libonnxruntime.so" because the "SkipUnchangedFiles" parameter was set to "true" in the project and the files' sizes and timestamps match.
         Did not copy from file "C:\Users\nguye\.nuget\packages\microsoft.ml.onnxruntime\1.20.1\runtimes\linux-x64\native\libonnxruntime_providers_shared.so" to file "bin\Debug\net9.0\runtimes\linux-x64\native\libonnxruntime_providers_shared.so" because the "SkipUnchangedFiles" parameter was set to "true" in the project and the files' sizes and timestamps match.
         Did not copy from file "C:\Users\nguye\.nuget\packages\microsoft.ml.onnxruntime\1.20.1\runtimes\osx-arm64\native\libonnxruntime.dylib" to file "bin\Debug\net9.0\runtimes\osx-arm64\native\libonnxruntime.dylib" because the "SkipUnchangedFiles" parameter was set to "true" in the project and the files' sizes and timestamps match.
         Did not copy from file "C:\Users\nguye\.nuget\packages\microsoft.ml.onnxruntime\1.20.1\runtimes\osx-x64\native\libonnxruntime.dylib" to file "bin\Debug\net9.0\runtimes\osx-x64\native\libonnxruntime.dylib" because the "SkipUnchangedFiles" parameter was set to "true" in the project and the files' sizes and timestamps match.
         Did not copy from file "C:\Users\nguye\.nuget\packages\microsoft.ml.onnxruntime\1.20.1\runtimes\win-arm64\native\onnxruntime.dll" to file "bin\Debug\net9.0\runtimes\win-arm64\native\onnxruntime.dll" because the "SkipUnchangedFiles" parameter was set to "true" in the project and the files' sizes and timestamps match.
         Did not copy from file "C:\Users\nguye\.nuget\packages\microsoft.ml.onnxruntime\1.20.1\runtimes\win-arm64\native\onnxruntime.lib" to file "bin\Debug\net9.0\runtimes\win-arm64\native\onnxruntime.lib" because the "SkipUnchangedFiles" parameter was set to "true" in the project and the files' sizes and timestamps match.
         Did not copy from file "C:\Users\nguye\.nuget\packages\microsoft.ml.onnxruntime\1.20.1\runtimes\win-arm64\native\onnxruntime_providers_shared.dll" to file "bin\Debug\net9.0\runtimes\win-arm64\native\onnxruntime_providers_shared.dll" because the "SkipUnchangedFiles" parameter was set to "true" in the project and the files' sizes and timestamps match.
         Did not copy from file "C:\Users\nguye\.nuget\packages\microsoft.ml.onnxruntime\1.20.1\runtimes\win-arm64\native\onnxruntime_providers_shared.lib" to file "bin\Debug\net9.0\runtimes\win-arm64\native\onnxruntime_providers_shared.lib" because the "SkipUnchangedFiles" parameter was set to "true" in the project and the files' sizes and timestamps match.
         Did not copy from file "C:\Users\nguye\.nuget\packages\microsoft.ml.onnxruntime\1.20.1\runtimes\win-x64\native\onnxruntime.dll" to file "bin\Debug\net9.0\runtimes\win-x64\native\onnxruntime.dll" because the "SkipUnchangedFiles" parameter was set to "true" in the project and the files' sizes and timestamps match.
         Did not copy from file "C:\Users\nguye\.nuget\packages\microsoft.ml.onnxruntime\1.20.1\runtimes\win-x64\native\onnxruntime.lib" to file "bin\Debug\net9.0\runtimes\win-x64\native\onnxruntime.lib" because the "SkipUnchangedFiles" parameter was set to "true" in the project and the files' sizes and timestamps match.
         Did not copy from file "C:\Users\nguye\.nuget\packages\microsoft.ml.onnxruntime\1.20.1\runtimes\win-x64\native\onnxruntime_providers_shared.dll" to file "bin\Debug\net9.0\runtimes\win-x64\native\onnxruntime_providers_shared.dll" because the "SkipUnchangedFiles" parameter was set to "true" in the project and the files' sizes and timestamps match.
         Did not copy from file "C:\Users\nguye\.nuget\packages\microsoft.ml.onnxruntime\1.20.1\runtimes\win-x86\native\onnxruntime.dll" to file "bin\Debug\net9.0\runtimes\win-x86\native\onnxruntime.dll" because the "SkipUnchangedFiles" parameter was set to "true" in the project and the files' sizes and timestamps match.
         Did not copy from file "C:\Users\nguye\.nuget\packages\microsoft.ml.onnxruntime\1.20.1\runtimes\win-x64\native\onnxruntime_providers_shared.lib" to file "bin\Debug\net9.0\runtimes\win-x64\native\onnxruntime_providers_shared.lib" because the "SkipUnchangedFiles" parameter was set to "true" in the project and the files' sizes and timestamps match.
         Did not copy from file "C:\Users\nguye\.nuget\packages\microsoft.ml.onnxruntime\1.20.1\runtimes\win-x86\native\onnxruntime.lib" to file "bin\Debug\net9.0\runtimes\win-x86\native\onnxruntime.lib" because the "SkipUnchangedFiles" parameter was set to "true" in the project and the files' sizes and timestamps match.
         Did not copy from file "C:\Users\nguye\.nuget\packages\microsoft.ml.onnxruntime\1.20.1\runtimes\win-x86\native\onnxruntime_providers_shared.dll" to file "bin\Debug\net9.0\runtimes\win-x86\native\onnxruntime_providers_shared.dll" because the "SkipUnchangedFiles" parameter was set to "true" in the project and the files' sizes and timestamps match.
         Did not copy from file "C:\Users\nguye\.nuget\packages\microsoft.ml\5.0.0\runtimes\osx-arm64\native\libLdaNative.dylib.dwarf" to file "bin\Debug\net9.0\runtimes\osx-arm64\native\libLdaNative.dylib.dwarf" because the "SkipUnchangedFiles" parameter was set to "true" in the project and the files' sizes and timestamps match.
         Did not copy from file "C:\Users\nguye\.nuget\packages\microsoft.ml.onnxruntime\1.20.1\runtimes\win-x86\native\onnxruntime_providers_shared.lib" to file "bin\Debug\net9.0\runtimes\win-x86\native\onnxruntime_providers_shared.lib" because the "SkipUnchangedFiles" parameter was set to "true" in the project and the files' sizes and timestamps match.
         Did not copy from file "C:\Users\nguye\.nuget\packages\scisharp.tensorflow.redist\2.16.0\runtimes\linux-x64\native\libtensorflow_framework.so.2" to file "bin\Debug\net9.0\runtimes\linux-x64\native\libtensorflow_framework.so.2" because the "SkipUnchangedFiles" parameter was set to "true" in the project and the files' sizes and timestamps match.
         Did not copy from file "C:\Users\nguye\.nuget\packages\scisharp.tensorflow.redist\2.16.0\runtimes\linux-x64\native\libtensorflow.so" to file "bin\Debug\net9.0\runtimes\linux-x64\native\libtensorflow.so" because the "SkipUnchangedFiles" parameter was set to "true" in the project and the files' sizes and timestamps match.
         Did not copy from file "C:\Users\nguye\.nuget\packages\microsoft.win32.systemevents\6.0.0\runtimes\win\lib\net6.0\Microsoft.Win32.SystemEvents.dll" to file "bin\Debug\net9.0\runtimes\win\lib\net6.0\Microsoft.Win32.SystemEvents.dll" because the "SkipUnchangedFiles" parameter was set to "true" in the project and the files' sizes and timestamps match.
         Did not copy from file "C:\Users\nguye\.nuget\packages\scisharp.tensorflow.redist\2.16.0\runtimes\win-x64\native\tensorflow.dll" to file "bin\Debug\net9.0\runtimes\win-x64\native\tensorflow.dll" because the "SkipUnchangedFiles" parameter was set to "true" in the project and the files' sizes and timestamps match.
         Did not copy from file "C:\Users\nguye\.nuget\packages\skiasharp.nativeassets.linux.nodependencies\2.88.8\runtimes\linux-arm64\native\libSkiaSharp.so" to file "bin\Debug\net9.0\runtimes\linux-arm64\native\libSkiaSharp.so" because the "SkipUnchangedFiles" parameter was set to "true" in the project and the files' sizes and timestamps match.
         Did not copy from file "C:\Users\nguye\.nuget\packages\skiasharp.nativeassets.linux.nodependencies\2.88.8\runtimes\linux-x64\native\libSkiaSharp.so" to file "bin\Debug\net9.0\runtimes\linux-x64\native\libSkiaSharp.so" because the "SkipUnchangedFiles" parameter was set to "true" in the project and the files' sizes and timestamps match.
         Did not copy from file "C:\Users\nguye\.nuget\packages\skiasharp.nativeassets.linux.nodependencies\2.88.8\runtimes\linux-musl-x64\native\libSkiaSharp.so" to file "bin\Debug\net9.0\runtimes\linux-musl-x64\native\libSkiaSharp.so" because the "SkipUnchangedFiles" parameter was set to "true" in the project and the files' sizes and timestamps match.
         Did not copy from file "C:\Users\nguye\.nuget\packages\skiasharp.nativeassets.macos\2.88.8\runtimes\osx\native\libSkiaSharp.dylib" to file "bin\Debug\net9.0\runtimes\osx\native\libSkiaSharp.dylib" because the "SkipUnchangedFiles" parameter was set to "true" in the project and the files' sizes and timestamps match.
         Did not copy from file "C:\Users\nguye\.nuget\packages\skiasharp.nativeassets.win32\2.88.8\runtimes\win-arm64\native\libSkiaSharp.dll" to file "bin\Debug\net9.0\runtimes\win-arm64\native\libSkiaSharp.dll" because the "SkipUnchangedFiles" parameter was set to "true" in the project and the files' sizes and timestamps match.
         Did not copy from file "C:\Users\nguye\.nuget\packages\skiasharp.nativeassets.linux.nodependencies\2.88.8\runtimes\linux-arm\native\libSkiaSharp.so" to file "bin\Debug\net9.0\runtimes\linux-arm\native\libSkiaSharp.so" because the "SkipUnchangedFiles" parameter was set to "true" in the project and the files' sizes and timestamps match.
         Did not copy from file "C:\Users\nguye\.nuget\packages\skiasharp.nativeassets.win32\2.88.8\runtimes\win-x86\native\libSkiaSharp.dll" to file "bin\Debug\net9.0\runtimes\win-x86\native\libSkiaSharp.dll" because the "SkipUnchangedFiles" parameter was set to "true" in the project and the files' sizes and timestamps match.
         Did not copy from file "C:\Users\nguye\.nuget\packages\skiasharp.nativeassets.win32\2.88.8\runtimes\win-x64\native\libSkiaSharp.dll" to file "bin\Debug\net9.0\runtimes\win-x64\native\libSkiaSharp.dll" because the "SkipUnchangedFiles" parameter was set to "true" in the project and the files' sizes and timestamps match.
         Did not copy from file "C:\Users\nguye\.nuget\packages\system.drawing.common\6.0.0\runtimes\unix\lib\net6.0\System.Drawing.Common.dll" to file "bin\Debug\net9.0\runtimes\unix\lib\net6.0\System.Drawing.Common.dll" because the "SkipUnchangedFiles" parameter was set to "true" in the project and the files' sizes and timestamps match.
         Did not copy from file "C:\Users\nguye\.nuget\packages\system.runtime.caching\6.0.0\runtimes\win\lib\net6.0\System.Runtime.Caching.dll" to file "bin\Debug\net9.0\runtimes\win\lib\net6.0\System.Runtime.Caching.dll" because the "SkipUnchangedFiles" parameter was set to "true" in the project and the files' sizes and timestamps match.
         Did not copy from file "C:\Users\nguye\.nuget\packages\system.drawing.common\6.0.0\runtimes\win\lib\net6.0\System.Drawing.Common.dll" to file "bin\Debug\net9.0\runtimes\win\lib\net6.0\System.Drawing.Common.dll" because the "SkipUnchangedFiles" parameter was set to "true" in the project and the files' sizes and timestamps match.
         Did not copy from file "C:\Users\nguye\.nuget\packages\system.security.cryptography.protecteddata\6.0.0\runtimes\win\lib\net6.0\System.Security.Cryptography.ProtectedData.dll" to file "bin\Debug\net9.0\runtimes\win\lib\net6.0\System.Security.Cryptography.ProtectedData.dll" because the "SkipUnchangedFiles" parameter was set to "true" in the project and the files' sizes and timestamps match.
         Did not copy from file "C:\Users\nguye\.nuget\packages\system.text.encodings.web\10.0.0\runtimes\browser\lib\net8.0\System.Text.Encodings.Web.dll" to file "bin\Debug\net9.0\runtimes\browser\lib\net8.0\System.Text.Encodings.Web.dll" because the "SkipUnchangedFiles" parameter was set to "true" in the project and the files' sizes and timestamps match.
         Did not copy from file "C:\Users\nguye\.nuget\packages\system.windows.extensions\6.0.0\runtimes\win\lib\net6.0\System.Windows.Extensions.dll" to file "bin\Debug\net9.0\runtimes\win\lib\net6.0\System.Windows.Extensions.dll" because the "SkipUnchangedFiles" parameter was set to "true" in the project and the files' sizes and timestamps match.
         Did not copy from file "C:\Users\nguye\.nuget\packages\system.text.encodings.web\10.0.0\runtimes\win\lib\net9.0\System.Text.Encodings.Web.dll" to file "bin\Debug\net9.0\runtimes\win\lib\net9.0\System.Text.Encodings.Web.dll" because the "SkipUnchangedFiles" parameter was set to "true" in the project and the files' sizes and timestamps match.
       Done executing task "Copy".
       Task "Touch" skipped, due to false condition; ('@(ReferencesCopiedInThisBuild)' != '' and '$(WroteAtLeastOneFile)' == 'true') was evaluated as ('bin\Debug\net9.0\Azure.Core.dll;bin\Debug\net9.0\Azure.Identity.dll;bin\Debug\net9.0\BCrypt.Net-Next.dll;...' != '' and 'False' == 'true').
   1:7>Done building target "_CopyFilesMarkedCopyLocal" in project "BSkyClone.csproj".
       Target "AssignTargetPaths" skipped. Previously built successfully.
       Target "AssignProjectConfiguration" skipped, due to false condition; ('$(CurrentSolutionConfigurationContents)' != '' or '@(ProjectReference)'!='') was evaluated as ('' != '' or ''!='').
       Target "_SplitProjectReferencesByFileExistence" skipped. Previously built successfully.
       Target "_GetProjectReferenceTargetFrameworkProperties" skipped. Previously built successfully.
   1:7>Target "_PopulateCommonStateForGetCopyToOutputDirectoryItems" in file "C:\Program Files\dotnet\sdk\9.0.304\Microsoft.Common.CurrentVersion.targets" from project "C:\Projects\BlueSky\backend\BSkyClone.csproj" (target "GetCopyToOutputDirectoryItems" depends on it):
   1:7>Done building target "_PopulateCommonStateForGetCopyToOutputDirectoryItems" in project "BSkyClone.csproj".
       Target "ResolveStaticWebAssetsConfiguration" skipped. Previously built successfully.
   1:7>Target "AddStaticWebAssetsManifest" in file "C:\Program Files\dotnet\sdk\9.0.304\Sdks\Microsoft.NET.Sdk.StaticWebAssets\targets\Microsoft.NET.Sdk.StaticWebAssets.targets" from project "C:\Projects\BlueSky\backend\BSkyClone.csproj" (target "GetCopyToOutputDirectoryItems" depends on it):
   1:7>Done building target "AddStaticWebAssetsManifest" in project "BSkyClone.csproj".
       Target "ResolveStaticWebAssetsConfiguration" skipped. Previously built successfully.
   1:7>Target "AddStaticWebAssetEndpointsBuildManifest" in file "C:\Program Files\dotnet\sdk\9.0.304\Sdks\Microsoft.NET.Sdk.StaticWebAssets\targets\Microsoft.NET.Sdk.StaticWebAssets.targets" from project "C:\Projects\BlueSky\backend\BSkyClone.csproj" (target "GetCopyToOutputDirectoryItems" depends on it):
   1:7>Done building target "AddStaticWebAssetEndpointsBuildManifest" in project "BSkyClone.csproj".
   1:7>Target "AddDepsJsonAndRuntimeConfigToCopyItemsForReferencingProjects" in file "C:\Program Files\dotnet\sdk\9.0.304\Sdks\Microsoft.NET.Sdk\targets\Microsoft.NET.Sdk.targets" from project "C:\Projects\BlueSky\backend\BSkyClone.csproj" (target "GetCopyToOutputDirectoryItems" depends on it):
   1:7>Done building target "AddDepsJsonAndRuntimeConfigToCopyItemsForReferencingProjects" in project "BSkyClone.csproj".
   1:7>Target "GetCopyToOutputDirectoryItems" in file "C:\Program Files\dotnet\sdk\9.0.304\Microsoft.Common.CurrentVersion.targets" from project "C:\Projects\BlueSky\backend\BSkyClone.csproj" (target "_CopySourceItemsToOutputDirectory" depends on it):
       Using "CallTarget" task from assembly "Microsoft.Build.Tasks.Core, Version=15.1.0.0, Culture=neutral, PublicKeyToken=b03f5f7f11d50a3a".
       Task "CallTarget"
       Target "_PopulateCommonStateForGetCopyToOutputDirectoryItems" skipped. Previously built successfully.
       Target "_AddOutputPathToGlobalPropertiesToRemove" skipped. Previously built successfully.
   1:7>Target "_GetCopyToOutputDirectoryItemsFromTransitiveProjectReferences" in file "C:\Program Files\dotnet\sdk\9.0.304\Microsoft.Common.CurrentVersion.targets" from project "C:\Projects\BlueSky\backend\BSkyClone.csproj" (target "GetCopyToOutputDirectoryItems" depends on it):
       Task "MSBuild" skipped, due to false condition; ('@(_MSBuildProjectReferenceExistent)' != '' and '$(_GetChildProjectCopyToOutputDirectoryItems)' == 'true' and '%(_MSBuildProjectReferenceExistent.Private)' != 'false' and '$(UseCommonOutputDirectory)' != 'true') was evaluated as ('' != '' and 'true' == 'true' and '' != 'false' and 'false' != 'true').
       Task "AssignTargetPath"
       Done executing task "AssignTargetPath".
   1:7>Done building target "_GetCopyToOutputDirectoryItemsFromTransitiveProjectReferences" in project "BSkyClone.csproj".
       Done executing task "CallTarget".
       Task "CallTarget"
       Target "AssignTargetPaths" skipped. Previously built successfully.
       Target "_PopulateCommonStateForGetCopyToOutputDirectoryItems" skipped. Previously built successfully.
   1:7>Target "_GetCopyToOutputDirectoryItemsFromThisProject" in file "C:\Program Files\dotnet\sdk\9.0.304\Microsoft.Common.CurrentVersion.targets" from project "C:\Projects\BlueSky\backend\BSkyClone.csproj" (target "GetCopyToOutputDirectoryItems" depends on it):
       Task "AssignTargetPath"
       Done executing task "AssignTargetPath".
   1:7>Done building target "_GetCopyToOutputDirectoryItemsFromThisProject" in project "BSkyClone.csproj".
       Done executing task "CallTarget".
   1:7>Done building target "GetCopyToOutputDirectoryItems" in project "BSkyClone.csproj".
   1:7>Target "_CopyOutOfDateSourceItemsToOutputDirectory" in file "C:\Program Files\dotnet\sdk\9.0.304\Microsoft.Common.CurrentVersion.targets" from project "C:\Projects\BlueSky\backend\BSkyClone.csproj" (target "_CopySourceItemsToOutputDirectory" depends on it):
       Building target "_CopyOutOfDateSourceItemsToOutputDirectory" partially, because some output files are out of date with respect to their input files.
       [_SourceItemsToCopyToOutputDirectory: Input=C:\Projects\BlueSky\backend\obj\Debug\net9.0\apphost.exe, Output=bin\Debug\net9.0\BSkyClone.exe] Input file is newer than output file.
       Task "Copy"
         Copying file from "C:\Projects\BlueSky\backend\obj\Debug\net9.0\apphost.exe" to "C:\Projects\BlueSky\backend\bin\Debug\net9.0\BSkyClone.exe".
   1:7>C:\Program Files\dotnet\sdk\9.0.304\Microsoft.Common.CurrentVersion.targets(5394,5): warning MSB3026: Could not copy "C:\Projects\BlueSky\backend\obj\Debug\net9.0\apphost.exe" to "bin\Debug\net9.0\BSkyClone.exe". Beginning retry 1 in 1000ms. The process cannot access the file 'C:\Projects\BlueSky\backend\bin\Debug\net9.0\BSkyClone.exe' because it is being used by another process. The file is locked by: "BSkyClone (17260)" [C:\Projects\BlueSky\backend\BSkyClone.csproj]
         Copying file from "C:\Projects\BlueSky\backend\obj\Debug\net9.0\apphost.exe" to "C:\Projects\BlueSky\backend\bin\Debug\net9.0\BSkyClone.exe".
   1:7>C:\Program Files\dotnet\sdk\9.0.304\Microsoft.Common.CurrentVersion.targets(5394,5): warning MSB3026: Could not copy "C:\Projects\BlueSky\backend\obj\Debug\net9.0\apphost.exe" to "bin\Debug\net9.0\BSkyClone.exe". Beginning retry 2 in 1000ms. The process cannot access the file 'C:\Projects\BlueSky\backend\bin\Debug\net9.0\BSkyClone.exe' because it is being used by another process. The file is locked by: "BSkyClone (17260)" [C:\Projects\BlueSky\backend\BSkyClone.csproj]
         Copying file from "C:\Projects\BlueSky\backend\obj\Debug\net9.0\apphost.exe" to "C:\Projects\BlueSky\backend\bin\Debug\net9.0\BSkyClone.exe".
   1:7>C:\Program Files\dotnet\sdk\9.0.304\Microsoft.Common.CurrentVersion.targets(5394,5): warning MSB3026: Could not copy "C:\Projects\BlueSky\backend\obj\Debug\net9.0\apphost.exe" to "bin\Debug\net9.0\BSkyClone.exe". Beginning retry 3 in 1000ms. The process cannot access the file 'C:\Projects\BlueSky\backend\bin\Debug\net9.0\BSkyClone.exe' because it is being used by another process. The file is locked by: "BSkyClone (17260)" [C:\Projects\BlueSky\backend\BSkyClone.csproj]
         Copying file from "C:\Projects\BlueSky\backend\obj\Debug\net9.0\apphost.exe" to "C:\Projects\BlueSky\backend\bin\Debug\net9.0\BSkyClone.exe".
   1:7>C:\Program Files\dotnet\sdk\9.0.304\Microsoft.Common.CurrentVersion.targets(5394,5): warning MSB3026: Could not copy "C:\Projects\BlueSky\backend\obj\Debug\net9.0\apphost.exe" to "bin\Debug\net9.0\BSkyClone.exe". Beginning retry 4 in 1000ms. The process cannot access the file 'C:\Projects\BlueSky\backend\bin\Debug\net9.0\BSkyClone.exe' because it is being used by another process. The file is locked by: "BSkyClone (17260)" [C:\Projects\BlueSky\backend\BSkyClone.csproj]
         Copying file from "C:\Projects\BlueSky\backend\obj\Debug\net9.0\apphost.exe" to "C:\Projects\BlueSky\backend\bin\Debug\net9.0\BSkyClone.exe".
   1:7>C:\Program Files\dotnet\sdk\9.0.304\Microsoft.Common.CurrentVersion.targets(5394,5): warning MSB3026: Could not copy "C:\Projects\BlueSky\backend\obj\Debug\net9.0\apphost.exe" to "bin\Debug\net9.0\BSkyClone.exe". Beginning retry 5 in 1000ms. The process cannot access the file 'C:\Projects\BlueSky\backend\bin\Debug\net9.0\BSkyClone.exe' because it is being used by another process. The file is locked by: "BSkyClone (17260)" [C:\Projects\BlueSky\backend\BSkyClone.csproj]
         Copying file from "C:\Projects\BlueSky\backend\obj\Debug\net9.0\apphost.exe" to "C:\Projects\BlueSky\backend\bin\Debug\net9.0\BSkyClone.exe".
   1:7>C:\Program Files\dotnet\sdk\9.0.304\Microsoft.Common.CurrentVersion.targets(5394,5): warning MSB3026: Could not copy "C:\Projects\BlueSky\backend\obj\Debug\net9.0\apphost.exe" to "bin\Debug\net9.0\BSkyClone.exe". Beginning retry 6 in 1000ms. The process cannot access the file 'C:\Projects\BlueSky\backend\bin\Debug\net9.0\BSkyClone.exe' because it is being used by another process. The file is locked by: "BSkyClone (17260)" [C:\Projects\BlueSky\backend\BSkyClone.csproj]
         Copying file from "C:\Projects\BlueSky\backend\obj\Debug\net9.0\apphost.exe" to "C:\Projects\BlueSky\backend\bin\Debug\net9.0\BSkyClone.exe".
   1:7>C:\Program Files\dotnet\sdk\9.0.304\Microsoft.Common.CurrentVersion.targets(5394,5): warning MSB3026: Could not copy "C:\Projects\BlueSky\backend\obj\Debug\net9.0\apphost.exe" to "bin\Debug\net9.0\BSkyClone.exe". Beginning retry 7 in 1000ms. The process cannot access the file 'C:\Projects\BlueSky\backend\bin\Debug\net9.0\BSkyClone.exe' because it is being used by another process. The file is locked by: "BSkyClone (17260)" [C:\Projects\BlueSky\backend\BSkyClone.csproj]
         Copying file from "C:\Projects\BlueSky\backend\obj\Debug\net9.0\apphost.exe" to "C:\Projects\BlueSky\backend\bin\Debug\net9.0\BSkyClone.exe".
   1:7>C:\Program Files\dotnet\sdk\9.0.304\Microsoft.Common.CurrentVersion.targets(5394,5): warning MSB3026: Could not copy "C:\Projects\BlueSky\backend\obj\Debug\net9.0\apphost.exe" to "bin\Debug\net9.0\BSkyClone.exe". Beginning retry 8 in 1000ms. The process cannot access the file 'C:\Projects\BlueSky\backend\bin\Debug\net9.0\BSkyClone.exe' because it is being used by another process. The file is locked by: "BSkyClone (17260)" [C:\Projects\BlueSky\backend\BSkyClone.csproj]
         Copying file from "C:\Projects\BlueSky\backend\obj\Debug\net9.0\apphost.exe" to "C:\Projects\BlueSky\backend\bin\Debug\net9.0\BSkyClone.exe".
   1:7>C:\Program Files\dotnet\sdk\9.0.304\Microsoft.Common.CurrentVersion.targets(5394,5): warning MSB3026: Could not copy "C:\Projects\BlueSky\backend\obj\Debug\net9.0\apphost.exe" to "bin\Debug\net9.0\BSkyClone.exe". Beginning retry 9 in 1000ms. The process cannot access the file 'C:\Projects\BlueSky\backend\bin\Debug\net9.0\BSkyClone.exe' because it is being used by another process. The file is locked by: "BSkyClone (17260)" [C:\Projects\BlueSky\backend\BSkyClone.csproj]
         Copying file from "C:\Projects\BlueSky\backend\obj\Debug\net9.0\apphost.exe" to "C:\Projects\BlueSky\backend\bin\Debug\net9.0\BSkyClone.exe".
   1:7>C:\Program Files\dotnet\sdk\9.0.304\Microsoft.Common.CurrentVersion.targets(5394,5): warning MSB3026: Could not copy "C:\Projects\BlueSky\backend\obj\Debug\net9.0\apphost.exe" to "bin\Debug\net9.0\BSkyClone.exe". Beginning retry 10 in 1000ms. The process cannot access the file 'C:\Projects\BlueSky\backend\bin\Debug\net9.0\BSkyClone.exe' because it is being used by another process. The file is locked by: "BSkyClone (17260)" [C:\Projects\BlueSky\backend\BSkyClone.csproj]
         Copying file from "C:\Projects\BlueSky\backend\obj\Debug\net9.0\apphost.exe" to "C:\Projects\BlueSky\backend\bin\Debug\net9.0\BSkyClone.exe".
   1:7>C:\Program Files\dotnet\sdk\9.0.304\Microsoft.Common.CurrentVersion.targets(5394,5): error MSB3027: Could not copy "C:\Projects\BlueSky\backend\obj\Debug\net9.0\apphost.exe" to "bin\Debug\net9.0\BSkyClone.exe". Exceeded retry count of 10. Failed. The file is locked by: "BSkyClone (17260)" [C:\Projects\BlueSky\backend\BSkyClone.csproj]
   1:7>C:\Program Files\dotnet\sdk\9.0.304\Microsoft.Common.CurrentVersion.targets(5394,5): error MSB3021: Unable to copy file "C:\Projects\BlueSky\backend\obj\Debug\net9.0\apphost.exe" to "bin\Debug\net9.0\BSkyClone.exe". The process cannot access the file 'C:\Projects\BlueSky\backend\bin\Debug\net9.0\BSkyClone.exe' because it is being used by another process. [C:\Projects\BlueSky\backend\BSkyClone.csproj]
       Done executing task "Copy" -- FAILED.
   1:7>Done building target "_CopyOutOfDateSourceItemsToOutputDirectory" in project "BSkyClone.csproj" -- FAILED.
   1:7>Target "_CheckForCompileOutputs" in file "C:\Program Files\dotnet\sdk\9.0.304\Microsoft.Common.CurrentVersion.targets" from project "C:\Projects\BlueSky\backend\BSkyClone.csproj" (target "_CleanGetCurrentAndPriorFileWrites" depends on it):
   1:7>Done building target "_CheckForCompileOutputs" in project "BSkyClone.csproj".
       Target "_SGenCheckForOutputs" skipped, due to false condition; ('$(_SGenGenerateSerializationAssembliesConfig)' == 'On' or ('@(WebReferenceUrl)'!='' and '$(_SGenGenerateSerializationAssembliesConfig)' == 'Auto')) was evaluated as ('Off' == 'On' or (''!='' and 'Off' == 'Auto')).
   1:7>Target "_CleanGetCurrentAndPriorFileWrites" in file "C:\Program Files\dotnet\sdk\9.0.304\Microsoft.Common.CurrentVersion.targets" from project "C:\Projects\BlueSky\backend\BSkyClone.csproj" (target "_CleanRecordFileWrites" depends on it):
       Using "ReadLinesFromFile" task from assembly "Microsoft.Build.Tasks.Core, Version=15.1.0.0, Culture=neutral, PublicKeyToken=b03f5f7f11d50a3a".
       Task "ReadLinesFromFile"
       Done executing task "ReadLinesFromFile".
       Task "ConvertToAbsolutePath"
       Done executing task "ConvertToAbsolutePath".
       Using "FindUnderPath" task from assembly "Microsoft.Build.Tasks.Core, Version=15.1.0.0, Culture=neutral, PublicKeyToken=b03f5f7f11d50a3a".
       Task "FindUnderPath"
         Comparison path is "C:\Projects\BlueSky\backend".
       Done executing task "FindUnderPath".
       Task "FindUnderPath"
         Comparison path is "bin\Debug\net9.0\".
       Done executing task "FindUnderPath".
       Task "FindUnderPath"
         Comparison path is "obj\Debug\net9.0\".
       Done executing task "FindUnderPath".
       Task "RemoveDuplicates"
       Done executing task "RemoveDuplicates".
   1:7>Done building target "_CleanGetCurrentAndPriorFileWrites" in project "BSkyClone.csproj".
   1:7>Target "_CleanRecordFileWrites" in file "C:\Program Files\dotnet\sdk\9.0.304\Microsoft.Common.CurrentVersion.targets" from project "C:\Projects\BlueSky\backend\BSkyClone.csproj" (target "CoreBuild" depends on it):
       Task "RemoveDuplicates"
       Done executing task "RemoveDuplicates".
       Task "MakeDir"
       Done executing task "MakeDir".
       Task "WriteLinesToFile"
         Skipping write to file "obj\Debug\net9.0\BSkyClone.csproj.FileListAbsolute.txt" because content would not change.
       Done executing task "WriteLinesToFile".
   1:7>Done building target "_CleanRecordFileWrites" in project "BSkyClone.csproj".
   1:7>Done Building Project "C:\Projects\BlueSky\backend\BSkyClone.csproj" (default targets) -- FAILED.

Build FAILED.

       "C:\Projects\BlueSky\backend\BSkyClone.csproj" (Restore target) (1) ->
       (Restore target) -> 
         C:\Projects\BlueSky\backend\BSkyClone.csproj : warning NU1902: Package 'SixLabors.ImageSharp' 3.1.7 has a known moderate severity vulnerability, https://github.com/advisories/GHSA-rxmq-m78w-7wmc


       "C:\Projects\BlueSky\backend\BSkyClone.csproj" (default target) (1:7) ->
       (ResolvePackageAssets target) -> 
         C:\Projects\BlueSky\backend\BSkyClone.csproj : warning NU1902: Package 'SixLabors.ImageSharp' 3.1.7 has a known moderate severity vulnerability, https://github.com/advisories/GHSA-rxmq-m78w-7wmc


       "C:\Projects\BlueSky\backend\BSkyClone.csproj" (default target) (1:7) ->
       (_CopyOutOfDateSourceItemsToOutputDirectory target) -> 
         C:\Program Files\dotnet\sdk\9.0.304\Microsoft.Common.CurrentVersion.targets(5394,5): warning MSB3026: Could not copy "C:\Projects\BlueSky\backend\obj\Debug\net9.0\apphost.exe" to "bin\Debug\net9.0\BSkyClone.exe". Beginning retry 1 in 1000ms. The process cannot access the file 'C:\Projects\BlueSky\backend\bin\Debug\net9.0\BSkyClone.exe' because it is being used by another process. The file is locked by: "BSkyClone (17260)" [C:\Projects\BlueSky\backend\BSkyClone.csproj]
         C:\Program Files\dotnet\sdk\9.0.304\Microsoft.Common.CurrentVersion.targets(5394,5): warning MSB3026: Could not copy "C:\Projects\BlueSky\backend\obj\Debug\net9.0\apphost.exe" to "bin\Debug\net9.0\BSkyClone.exe". Beginning retry 2 in 1000ms. The process cannot access the file 'C:\Projects\BlueSky\backend\bin\Debug\net9.0\BSkyClone.exe' because it is being used by another process. The file is locked by: "BSkyClone (17260)" [C:\Projects\BlueSky\backend\BSkyClone.csproj]
         C:\Program Files\dotnet\sdk\9.0.304\Microsoft.Common.CurrentVersion.targets(5394,5): warning MSB3026: Could not copy "C:\Projects\BlueSky\backend\obj\Debug\net9.0\apphost.exe" to "bin\Debug\net9.0\BSkyClone.exe". Beginning retry 3 in 1000ms. The process cannot access the file 'C:\Projects\BlueSky\backend\bin\Debug\net9.0\BSkyClone.exe' because it is being used by another process. The file is locked by: "BSkyClone (17260)" [C:\Projects\BlueSky\backend\BSkyClone.csproj]
         C:\Program Files\dotnet\sdk\9.0.304\Microsoft.Common.CurrentVersion.targets(5394,5): warning MSB3026: Could not copy "C:\Projects\BlueSky\backend\obj\Debug\net9.0\apphost.exe" to "bin\Debug\net9.0\BSkyClone.exe". Beginning retry 4 in 1000ms. The process cannot access the file 'C:\Projects\BlueSky\backend\bin\Debug\net9.0\BSkyClone.exe' because it is being used by another process. The file is locked by: "BSkyClone (17260)" [C:\Projects\BlueSky\backend\BSkyClone.csproj]
         C:\Program Files\dotnet\sdk\9.0.304\Microsoft.Common.CurrentVersion.targets(5394,5): warning MSB3026: Could not copy "C:\Projects\BlueSky\backend\obj\Debug\net9.0\apphost.exe" to "bin\Debug\net9.0\BSkyClone.exe". Beginning retry 5 in 1000ms. The process cannot access the file 'C:\Projects\BlueSky\backend\bin\Debug\net9.0\BSkyClone.exe' because it is being used by another process. The file is locked by: "BSkyClone (17260)" [C:\Projects\BlueSky\backend\BSkyClone.csproj]
         C:\Program Files\dotnet\sdk\9.0.304\Microsoft.Common.CurrentVersion.targets(5394,5): warning MSB3026: Could not copy "C:\Projects\BlueSky\backend\obj\Debug\net9.0\apphost.exe" to "bin\Debug\net9.0\BSkyClone.exe". Beginning retry 6 in 1000ms. The process cannot access the file 'C:\Projects\BlueSky\backend\bin\Debug\net9.0\BSkyClone.exe' because it is being used by another process. The file is locked by: "BSkyClone (17260)" [C:\Projects\BlueSky\backend\BSkyClone.csproj]
         C:\Program Files\dotnet\sdk\9.0.304\Microsoft.Common.CurrentVersion.targets(5394,5): warning MSB3026: Could not copy "C:\Projects\BlueSky\backend\obj\Debug\net9.0\apphost.exe" to "bin\Debug\net9.0\BSkyClone.exe". Beginning retry 7 in 1000ms. The process cannot access the file 'C:\Projects\BlueSky\backend\bin\Debug\net9.0\BSkyClone.exe' because it is being used by another process. The file is locked by: "BSkyClone (17260)" [C:\Projects\BlueSky\backend\BSkyClone.csproj]
         C:\Program Files\dotnet\sdk\9.0.304\Microsoft.Common.CurrentVersion.targets(5394,5): warning MSB3026: Could not copy "C:\Projects\BlueSky\backend\obj\Debug\net9.0\apphost.exe" to "bin\Debug\net9.0\BSkyClone.exe". Beginning retry 8 in 1000ms. The process cannot access the file 'C:\Projects\BlueSky\backend\bin\Debug\net9.0\BSkyClone.exe' because it is being used by another process. The file is locked by: "BSkyClone (17260)" [C:\Projects\BlueSky\backend\BSkyClone.csproj]
         C:\Program Files\dotnet\sdk\9.0.304\Microsoft.Common.CurrentVersion.targets(5394,5): warning MSB3026: Could not copy "C:\Projects\BlueSky\backend\obj\Debug\net9.0\apphost.exe" to "bin\Debug\net9.0\BSkyClone.exe". Beginning retry 9 in 1000ms. The process cannot access the file 'C:\Projects\BlueSky\backend\bin\Debug\net9.0\BSkyClone.exe' because it is being used by another process. The file is locked by: "BSkyClone (17260)" [C:\Projects\BlueSky\backend\BSkyClone.csproj]
         C:\Program Files\dotnet\sdk\9.0.304\Microsoft.Common.CurrentVersion.targets(5394,5): warning MSB3026: Could not copy "C:\Projects\BlueSky\backend\obj\Debug\net9.0\apphost.exe" to "bin\Debug\net9.0\BSkyClone.exe". Beginning retry 10 in 1000ms. The process cannot access the file 'C:\Projects\BlueSky\backend\bin\Debug\net9.0\BSkyClone.exe' because it is being used by another process. The file is locked by: "BSkyClone (17260)" [C:\Projects\BlueSky\backend\BSkyClone.csproj]


       "C:\Projects\BlueSky\backend\BSkyClone.csproj" (default target) (1:7) ->
       (_CopyOutOfDateSourceItemsToOutputDirectory target) -> 
         C:\Program Files\dotnet\sdk\9.0.304\Microsoft.Common.CurrentVersion.targets(5394,5): error MSB3027: Could not copy "C:\Projects\BlueSky\backend\obj\Debug\net9.0\apphost.exe" to "bin\Debug\net9.0\BSkyClone.exe". Exceeded retry count of 10. Failed. The file is locked by: "BSkyClone (17260)" [C:\Projects\BlueSky\backend\BSkyClone.csproj]
         C:\Program Files\dotnet\sdk\9.0.304\Microsoft.Common.CurrentVersion.targets(5394,5): error MSB3021: Unable to copy file "C:\Projects\BlueSky\backend\obj\Debug\net9.0\apphost.exe" to "bin\Debug\net9.0\BSkyClone.exe". The process cannot access the file 'C:\Projects\BlueSky\backend\bin\Debug\net9.0\BSkyClone.exe' because it is being used by another process. [C:\Projects\BlueSky\backend\BSkyClone.csproj]

    12 Warning(s)
    2 Error(s)

Time Elapsed 00:00:14.18
