  Determining projects to restore...
C:\Projects\BlueSky\backend\BSkyClone.csproj : warning NU1903: Package 'SixLabors.ImageSharp' 3.1.6 has a known high severity vulnerability, https://github.com/advisories/GHSA-2cmq-823j-5qj8
C:\Projects\BlueSky\backend\BSkyClone.csproj : warning NU1902: Package 'SixLabors.ImageSharp' 3.1.6 has a known moderate severity vulnerability, https://github.com/advisories/GHSA-rxmq-m78w-7wmc
  All projects are up-to-date for restore.
C:\Projects\BlueSky\backend\BSkyClone.csproj : warning NU1903: Package 'SixLabors.ImageSharp' 3.1.6 has a known high severity vulnerability, https://github.com/advisories/GHSA-2cmq-823j-5qj8
C:\Projects\BlueSky\backend\BSkyClone.csproj : warning NU1902: Package 'SixLabors.ImageSharp' 3.1.6 has a known moderate severity vulnerability, https://github.com/advisories/GHSA-rxmq-m78w-7wmc
C:\Projects\BlueSky\backend\Lexicons\App\Bsky\Actor\Defs.cs(50,24): warning CS0108: 'ProfileViewDetailed.IndexedAt' hides inherited member 'ProfileView.IndexedAt'. Use the new keyword if hiding was intended. [C:\Projects\BlueSky\backend\BSkyClone.csproj]
C:\Projects\BlueSky\backend\Services\PostService.cs(2306,31): warning CS8613: Nullability of reference types in return type of 'Task<object> PostService.GetPostThreadAsync(string uri, int depth, int parentHeight, Guid? viewerId = null)' doesn't match implicitly implemented member 'Task<object?> IPostService.GetPostThreadAsync(string uri, int depth, int parentHeight, Guid? viewerId = null)'. [C:\Projects\BlueSky\backend\BSkyClone.csproj]
C:\Projects\BlueSky\backend\test_profile.cs(9,17): warning CS7022: The entry point of the program is global code; ignoring 'TestProfileScript.Main()' entry point. [C:\Projects\BlueSky\backend\BSkyClone.csproj]
C:\Projects\BlueSky\backend\test_remote_follows.cs(14,23): warning CS7022: The entry point of the program is global code; ignoring 'TestRemoteFollowsScript.Main()' entry point. [C:\Projects\BlueSky\backend\BSkyClone.csproj]
C:\Projects\BlueSky\backend\Middleware\XrpcMiddleware.cs(37,28): warning CS1998: This async method lacks 'await' operators and will run synchronously. Consider using the 'await' operator to await non-blocking API calls, or 'await Task.Run(...)' to do CPU-bound work on a background thread. [C:\Projects\BlueSky\backend\BSkyClone.csproj]
C:\Projects\BlueSky\backend\Utilities\MstService.cs(26,23): warning CS8618: Non-nullable property 'LeftChild' must contain a non-null value when exiting constructor. Consider adding the 'required' modifier or declaring the property as nullable. [C:\Projects\BlueSky\backend\BSkyClone.csproj]
C:\Projects\BlueSky\backend\Utilities\MstService.cs(15,23): warning CS8618: Non-nullable property 'Key' must contain a non-null value when exiting constructor. Consider adding the 'required' modifier or declaring the property as nullable. [C:\Projects\BlueSky\backend\BSkyClone.csproj]
C:\Projects\BlueSky\backend\Utilities\MstService.cs(16,23): warning CS8618: Non-nullable property 'Value' must contain a non-null value when exiting constructor. Consider adding the 'required' modifier or declaring the property as nullable. [C:\Projects\BlueSky\backend\BSkyClone.csproj]
C:\Projects\BlueSky\backend\Utilities\MstService.cs(17,23): warning CS8618: Non-nullable property 'Subtree' must contain a non-null value when exiting constructor. Consider adding the 'required' modifier or declaring the property as nullable. [C:\Projects\BlueSky\backend\BSkyClone.csproj]
C:\Projects\BlueSky\backend\Utilities\MstService.cs(21,23): warning CS8618: Non-nullable property 'KeySuffix' must contain a non-null value when exiting constructor. Consider adding the 'required' modifier or declaring the property as nullable. [C:\Projects\BlueSky\backend\BSkyClone.csproj]
C:\Projects\BlueSky\backend\Utilities\MstService.cs(46,30): warning CS8600: Converting null literal or possible null value to non-nullable type. [C:\Projects\BlueSky\backend\BSkyClone.csproj]
C:\Projects\BlueSky\backend\Utilities\MstService.cs(49,54): warning CS8604: Possible null reference argument for parameter 'nodeCid' in 'Task<string> MstService.InsertRecursiveAsync(string nodeCid, string key, string value, int keyLevel, string did)'. [C:\Projects\BlueSky\backend\BSkyClone.csproj]
C:\Projects\BlueSky\backend\Utilities\MstService.cs(62,30): warning CS8600: Converting null literal or possible null value to non-nullable type. [C:\Projects\BlueSky\backend\BSkyClone.csproj]
C:\Projects\BlueSky\backend\Utilities\MstService.cs(64,54): warning CS8604: Possible null reference argument for parameter 'nodeCid' in 'Task<string> MstService.DeleteRecursiveAsync(string nodeCid, string key, string did)'. [C:\Projects\BlueSky\backend\BSkyClone.csproj]
C:\Projects\BlueSky\backend\Utilities\MstService.cs(75,38): warning CS8603: Possible null reference return. [C:\Projects\BlueSky\backend\BSkyClone.csproj]
C:\Projects\BlueSky\backend\Utilities\MstTestRunner.cs(54,32): warning CS8600: Converting null literal or possible null value to non-nullable type. [C:\Projects\BlueSky\backend\BSkyClone.csproj]
C:\Projects\BlueSky\backend\Utilities\MstTestRunner.cs(79,32): warning CS8600: Converting null literal or possible null value to non-nullable type. [C:\Projects\BlueSky\backend\BSkyClone.csproj]
C:\Projects\BlueSky\backend\Utilities\MstTestRunner.cs(111,29): warning CS8604: Possible null reference argument for parameter 'item' in 'void List<string>.Add(string item)'. [C:\Projects\BlueSky\backend\BSkyClone.csproj]
C:\Projects\BlueSky\backend\Utilities\CborUtils.cs(137,48): warning CS8603: Possible null reference return. [C:\Projects\BlueSky\backend\BSkyClone.csproj]
C:\Projects\BlueSky\backend\Utilities\CborUtils.cs(138,48): warning CS8603: Possible null reference return. [C:\Projects\BlueSky\backend\BSkyClone.csproj]
C:\Projects\BlueSky\backend\Utilities\CborUtils.cs(148,32): warning CS8603: Possible null reference return. [C:\Projects\BlueSky\backend\BSkyClone.csproj]
C:\Projects\BlueSky\backend\Utilities\MstService.cs(228,55): warning CS8619: Nullability of reference types in value of type '(string?, string?)' doesn't match target type '(string left, string right)'. [C:\Projects\BlueSky\backend\BSkyClone.csproj]
C:\Projects\BlueSky\backend\Utilities\MstService.cs(231,38): warning CS8619: Nullability of reference types in value of type '(string?, string?)' doesn't match target type '(string left, string right)'. [C:\Projects\BlueSky\backend\BSkyClone.csproj]
C:\Projects\BlueSky\backend\Utilities\MstService.cs(266,51): warning CS8603: Possible null reference return. [C:\Projects\BlueSky\backend\BSkyClone.csproj]
C:\Projects\BlueSky\backend\Utilities\MstService.cs(268,39): warning CS8603: Possible null reference return. [C:\Projects\BlueSky\backend\BSkyClone.csproj]
C:\Projects\BlueSky\backend\Utilities\MstService.cs(277,38): warning CS8603: Possible null reference return. [C:\Projects\BlueSky\backend\BSkyClone.csproj]
C:\Projects\BlueSky\backend\Utilities\MstService.cs(278,89): warning CS8603: Possible null reference return. [C:\Projects\BlueSky\backend\BSkyClone.csproj]
C:\Projects\BlueSky\backend\Utilities\MstService.cs(379,38): warning CS8603: Possible null reference return. [C:\Projects\BlueSky\backend\BSkyClone.csproj]
C:\Projects\BlueSky\backend\Utilities\MstService.cs(382,71): warning CS8601: Possible null reference assignment. [C:\Projects\BlueSky\backend\BSkyClone.csproj]
C:\Projects\BlueSky\backend\Utilities\MstService.cs(392,36): warning CS8600: Converting null literal or possible null value to non-nullable type. [C:\Projects\BlueSky\backend\BSkyClone.csproj]
C:\Projects\BlueSky\backend\Utilities\MstService.cs(398,37): warning CS8601: Possible null reference assignment. [C:\Projects\BlueSky\backend\BSkyClone.csproj]
C:\Projects\BlueSky\backend\Utilities\MstService.cs(399,39): warning CS8601: Possible null reference assignment. [C:\Projects\BlueSky\backend\BSkyClone.csproj]
C:\Projects\BlueSky\backend\Utilities\MstService.cs(401,41): warning CS8601: Possible null reference assignment. [C:\Projects\BlueSky\backend\BSkyClone.csproj]
C:\Projects\BlueSky\backend\Program.cs(768,115): warning CS8604: Possible null reference argument for parameter 'valueCid' in 'Task<string> MstService.UpdateRecordAsync(string did, string key, string valueCid)'. [C:\Projects\BlueSky\backend\BSkyClone.csproj]
C:\Projects\BlueSky\backend\Program.cs(772,115): warning CS8604: Possible null reference argument for parameter 'valueCid' in 'Task<string> MstService.UpdateRecordAsync(string did, string key, string valueCid)'. [C:\Projects\BlueSky\backend\BSkyClone.csproj]
C:\Projects\BlueSky\backend\Program.cs(776,120): warning CS8604: Possible null reference argument for parameter 'valueCid' in 'Task<string> MstService.UpdateRecordAsync(string did, string key, string valueCid)'. [C:\Projects\BlueSky\backend\BSkyClone.csproj]
C:\Projects\BlueSky\backend\Program.cs(780,119): warning CS8604: Possible null reference argument for parameter 'valueCid' in 'Task<string> MstService.UpdateRecordAsync(string did, string key, string valueCid)'. [C:\Projects\BlueSky\backend\BSkyClone.csproj]
C:\Projects\BlueSky\backend\Services\ChatService.cs(36,45): error CS1061: 'IDistributedCache' does not contain a definition for 'GetStringAsync' and no accessible extension method 'GetStringAsync' accepting a first argument of type 'IDistributedCache' could be found (are you missing a using directive or an assembly reference?) [C:\Projects\BlueSky\backend\BSkyClone.csproj]
C:\Projects\BlueSky\backend\Services\ChatService.cs(63,45): error CS1061: 'IDistributedCache' does not contain a definition for 'GetStringAsync' and no accessible extension method 'GetStringAsync' accepting a first argument of type 'IDistributedCache' could be found (are you missing a using directive or an assembly reference?) [C:\Projects\BlueSky\backend\BSkyClone.csproj]
C:\Projects\BlueSky\backend\Services\ChatProxyService.cs(120,89): error CS1061: 'ChatProxyService.BlueskyMember' does not contain a definition for 'Email' and no accessible extension method 'Email' accepting a first argument of type 'ChatProxyService.BlueskyMember' could be found (are you missing a using directive or an assembly reference?) [C:\Projects\BlueSky\backend\BSkyClone.csproj]
C:\Projects\BlueSky\backend\Services\ChatProxyService.cs(149,17): warning CS8625: Cannot convert null literal to non-nullable reference type. [C:\Projects\BlueSky\backend\BSkyClone.csproj]
C:\Projects\BlueSky\backend\Services\ChatService.cs(89,45): error CS1061: 'IDistributedCache' does not contain a definition for 'GetStringAsync' and no accessible extension method 'GetStringAsync' accepting a first argument of type 'IDistributedCache' could be found (are you missing a using directive or an assembly reference?) [C:\Projects\BlueSky\backend\BSkyClone.csproj]
C:\Projects\BlueSky\backend\Services\ChatService.cs(123,25): error CS0019: Operator '==' cannot be applied to operands of type 'Guid' and 'string' [C:\Projects\BlueSky\backend\BSkyClone.csproj]
C:\Projects\BlueSky\backend\Services\ChatService.cs(148,45): error CS1061: 'IDistributedCache' does not contain a definition for 'GetStringAsync' and no accessible extension method 'GetStringAsync' accepting a first argument of type 'IDistributedCache' could be found (are you missing a using directive or an assembly reference?) [C:\Projects\BlueSky\backend\BSkyClone.csproj]
C:\Projects\BlueSky\backend\Services\ChatService.cs(217,45): error CS1061: 'IDistributedCache' does not contain a definition for 'GetStringAsync' and no accessible extension method 'GetStringAsync' accepting a first argument of type 'IDistributedCache' could be found (are you missing a using directive or an assembly reference?) [C:\Projects\BlueSky\backend\BSkyClone.csproj]
C:\Projects\BlueSky\backend\Services\FirehoseService.cs(106,46): warning CS8604: Possible null reference argument for parameter 'body' in 'Task FirehoseService.HandleCommitEventAsync(Dictionary<string, object> body)'. [C:\Projects\BlueSky\backend\BSkyClone.csproj]
C:\Projects\BlueSky\backend\Services\ChatService.cs(475,45): error CS1061: 'IDistributedCache' does not contain a definition for 'GetStringAsync' and no accessible extension method 'GetStringAsync' accepting a first argument of type 'IDistributedCache' could be found (are you missing a using directive or an assembly reference?) [C:\Projects\BlueSky\backend\BSkyClone.csproj]
C:\Projects\BlueSky\backend\Services\ChatService.cs(500,45): error CS1061: 'IDistributedCache' does not contain a definition for 'GetStringAsync' and no accessible extension method 'GetStringAsync' accepting a first argument of type 'IDistributedCache' could be found (are you missing a using directive or an assembly reference?) [C:\Projects\BlueSky\backend\BSkyClone.csproj]
C:\Projects\BlueSky\backend\Services\PlcService.cs(77,33): warning CS1998: This async method lacks 'await' operators and will run synchronously. Consider using the 'await' operator to await non-blocking API calls, or 'await Task.Run(...)' to do CPU-bound work on a background thread. [C:\Projects\BlueSky\backend\BSkyClone.csproj]
C:\Projects\BlueSky\backend\Services\ML\MLModelService.cs(243,59): warning CS1998: This async method lacks 'await' operators and will run synchronously. Consider using the 'await' operator to await non-blocking API calls, or 'await Task.Run(...)' to do CPU-bound work on a background thread. [C:\Projects\BlueSky\backend\BSkyClone.csproj]
C:\Projects\BlueSky\backend\Services\ML\MLModelService.cs(287,51): warning CS1998: This async method lacks 'await' operators and will run synchronously. Consider using the 'await' operator to await non-blocking API calls, or 'await Task.Run(...)' to do CPU-bound work on a background thread. [C:\Projects\BlueSky\backend\BSkyClone.csproj]
C:\Projects\BlueSky\backend\Services\ML\MLModelService.cs(335,59): warning CS1998: This async method lacks 'await' operators and will run synchronously. Consider using the 'await' operator to await non-blocking API calls, or 'await Task.Run(...)' to do CPU-bound work on a background thread. [C:\Projects\BlueSky\backend\BSkyClone.csproj]
C:\Projects\BlueSky\backend\Services\ML\MLModelService.cs(375,32): warning CS1998: This async method lacks 'await' operators and will run synchronously. Consider using the 'await' operator to await non-blocking API calls, or 'await Task.Run(...)' to do CPU-bound work on a background thread. [C:\Projects\BlueSky\backend\BSkyClone.csproj]
C:\Projects\BlueSky\backend\Services\PostService.cs(682,78): warning CS8604: Possible null reference argument for parameter 'key' in 'bool Dictionary<string, JsonElement>.TryGetValue(string key, out JsonElement value)'. [C:\Projects\BlueSky\backend\BSkyClone.csproj]
C:\Projects\BlueSky\backend\Services\PostService.cs(707,65): warning CS8601: Possible null reference assignment. [C:\Projects\BlueSky\backend\BSkyClone.csproj]
C:\Projects\BlueSky\backend\Services\PostService.cs(717,77): warning CS8604: Possible null reference argument for parameter 'key' in 'bool Dictionary<string, JsonElement>.TryGetValue(string key, out JsonElement value)'. [C:\Projects\BlueSky\backend\BSkyClone.csproj]
C:\Projects\BlueSky\backend\Services\PostService.cs(739,112): warning CS8601: Possible null reference assignment. [C:\Projects\BlueSky\backend\BSkyClone.csproj]
C:\Projects\BlueSky\backend\Services\PostService.cs(772,21): warning CS8602: Dereference of a possibly null reference. [C:\Projects\BlueSky\backend\BSkyClone.csproj]
C:\Projects\BlueSky\backend\Services\PostService.cs(2308,47): warning CS8603: Possible null reference return. [C:\Projects\BlueSky\backend\BSkyClone.csproj]
C:\Projects\BlueSky\backend\Services\PostService.cs(2312,50): warning CS8603: Possible null reference return. [C:\Projects\BlueSky\backend\BSkyClone.csproj]
C:\Projects\BlueSky\backend\Services\PostService.cs(2315,42): warning CS8603: Possible null reference return. [C:\Projects\BlueSky\backend\BSkyClone.csproj]
C:\Projects\BlueSky\backend\Services\PostService.cs(2378,30): warning CS8600: Converting null literal or possible null value to non-nullable type. [C:\Projects\BlueSky\backend\BSkyClone.csproj]
C:\Projects\BlueSky\backend\Services\PostService.cs(2417,72): warning CS8600: Converting null literal or possible null value to non-nullable type. [C:\Projects\BlueSky\backend\BSkyClone.csproj]
C:\Projects\BlueSky\backend\Services\PostService.cs(2424,43): warning CS8604: Possible null reference argument for parameter 'item' in 'void List<JToken>.Add(JToken item)'. [C:\Projects\BlueSky\backend\BSkyClone.csproj]
C:\Projects\BlueSky\backend\Services\PostService.cs(2425,33): warning CS8602: Dereference of a possibly null reference. [C:\Projects\BlueSky\backend\BSkyClone.csproj]
C:\Projects\BlueSky\backend\Services\PostService.cs(2425,74): warning CS8602: Dereference of a possibly null reference. [C:\Projects\BlueSky\backend\BSkyClone.csproj]
C:\Projects\BlueSky\backend\Services\PostService.cs(2425,74): warning CS8602: Dereference of a possibly null reference. [C:\Projects\BlueSky\backend\BSkyClone.csproj]
C:\Projects\BlueSky\backend\Services\PostService.cs(2427,53): warning CS8602: Dereference of a possibly null reference. [C:\Projects\BlueSky\backend\BSkyClone.csproj]
C:\Projects\BlueSky\backend\Services\PostService.cs(2427,66): warning CS8604: Possible null reference argument for parameter 'obj' in 'void Action<JToken>.Invoke(JToken obj)'. [C:\Projects\BlueSky\backend\BSkyClone.csproj]
C:\Projects\BlueSky\backend\Services\PostService.cs(2430,51): warning CS8602: Dereference of a possibly null reference. [C:\Projects\BlueSky\backend\BSkyClone.csproj]
C:\Projects\BlueSky\backend\Services\PostService.cs(2430,68): warning CS8602: Dereference of a possibly null reference. [C:\Projects\BlueSky\backend\BSkyClone.csproj]
C:\Projects\BlueSky\backend\Services\PostService.cs(2449,34): warning CS8604: Possible null reference argument for parameter 'obj' in 'void Action<JToken>.Invoke(JToken obj)'. [C:\Projects\BlueSky\backend\BSkyClone.csproj]
C:\Projects\BlueSky\backend\Services\PostService.cs(2455,58): warning CS8604: Possible null reference argument for parameter 'item' in 'bool List<string>.Contains(string item)'. [C:\Projects\BlueSky\backend\BSkyClone.csproj]
C:\Projects\BlueSky\backend\Services\PostService.cs(2509,65): warning CS8604: Possible null reference argument for parameter 't' in 'int parseInt(JToken t)'. [C:\Projects\BlueSky\backend\BSkyClone.csproj]
C:\Projects\BlueSky\backend\Services\PostService.cs(2514,65): warning CS8604: Possible null reference argument for parameter 't' in 'int parseInt(JToken t)'. [C:\Projects\BlueSky\backend\BSkyClone.csproj]
C:\Projects\BlueSky\backend\Services\PostService.cs(2519,66): warning CS8604: Possible null reference argument for parameter 't' in 'int parseInt(JToken t)'. [C:\Projects\BlueSky\backend\BSkyClone.csproj]
C:\Projects\BlueSky\backend\Services\PostService.cs(2524,65): warning CS8604: Possible null reference argument for parameter 't' in 'int parseInt(JToken t)'. [C:\Projects\BlueSky\backend\BSkyClone.csproj]
C:\Projects\BlueSky\backend\Services\PostService.cs(2533,45): warning CS8602: Dereference of a possibly null reference. [C:\Projects\BlueSky\backend\BSkyClone.csproj]
C:\Projects\BlueSky\backend\Services\PostService.cs(2536,45): warning CS8602: Dereference of a possibly null reference. [C:\Projects\BlueSky\backend\BSkyClone.csproj]
C:\Projects\BlueSky\backend\Services\PostService.cs(2555,69): warning CS8604: Possible null reference argument for parameter 'source' in 'IEnumerable<string?> Enumerable.Select<JToken, string?>(IEnumerable<JToken> source, Func<JToken, string?> selector)'. [C:\Projects\BlueSky\backend\BSkyClone.csproj]
C:\Projects\BlueSky\backend\Services\PostService.cs(2580,54): warning CS8600: Converting null literal or possible null value to non-nullable type. [C:\Projects\BlueSky\backend\BSkyClone.csproj]
C:\Projects\BlueSky\backend\Services\PostService.cs(2580,54): warning CS8602: Dereference of a possibly null reference. [C:\Projects\BlueSky\backend\BSkyClone.csproj]
C:\Projects\BlueSky\backend\Services\PostService.cs(2592,28): warning CS8603: Possible null reference return. [C:\Projects\BlueSky\backend\BSkyClone.csproj]
C:\Projects\BlueSky\backend\Services\PostService.cs(2597,28): warning CS8603: Possible null reference return. [C:\Projects\BlueSky\backend\BSkyClone.csproj]
C:\Projects\BlueSky\backend\Services\PostService.cs(2601,20): warning CS8603: Possible null reference return. [C:\Projects\BlueSky\backend\BSkyClone.csproj]
C:\Projects\BlueSky\backend\Services\PostService.cs(2606,20): warning CS8603: Possible null reference return. [C:\Projects\BlueSky\backend\BSkyClone.csproj]
C:\Projects\BlueSky\backend\Services\PostService.cs(4541,98): warning CS8604: Possible null reference argument for parameter 'path4' in 'string Path.Combine(string path1, string path2, string path3, string path4)'. [C:\Projects\BlueSky\backend\BSkyClone.csproj]
C:\Projects\BlueSky\backend\Services\PostService.cs(4759,29): warning CS8602: Dereference of a possibly null reference. [C:\Projects\BlueSky\backend\BSkyClone.csproj]
C:\Projects\BlueSky\backend\Services\PostService.cs(4760,27): warning CS8602: Dereference of a possibly null reference. [C:\Projects\BlueSky\backend\BSkyClone.csproj]
C:\Projects\BlueSky\backend\Utilities\CarUtils.cs(79,19): warning CA2022: Avoid inexact read with 'System.IO.Stream.ReadAsync(byte[], int, int)' (https://learn.microsoft.com/dotnet/fundamentals/code-analysis/quality-rules/ca2022) [C:\Projects\BlueSky\backend\BSkyClone.csproj]
C:\Projects\BlueSky\backend\Utilities\CarUtils.cs(94,23): warning CA2022: Avoid inexact read with 'System.IO.Stream.ReadAsync(byte[], int, int)' (https://learn.microsoft.com/dotnet/fundamentals/code-analysis/quality-rules/ca2022) [C:\Projects\BlueSky\backend\BSkyClone.csproj]
C:\Projects\BlueSky\backend\Utilities\CborUtils.cs(147,25): warning CA2022: Avoid inexact read with 'System.IO.Stream.Read(byte[], int, int)' (https://learn.microsoft.com/dotnet/fundamentals/code-analysis/quality-rules/ca2022) [C:\Projects\BlueSky\backend\BSkyClone.csproj]
C:\Projects\BlueSky\backend\Utilities\CborUtils.cs(163,17): warning CA2022: Avoid inexact read with 'System.IO.Stream.Read(byte[], int, int)' (https://learn.microsoft.com/dotnet/fundamentals/code-analysis/quality-rules/ca2022) [C:\Projects\BlueSky\backend\BSkyClone.csproj]
C:\Projects\BlueSky\backend\Utilities\CborUtils.cs(169,17): warning CA2022: Avoid inexact read with 'System.IO.Stream.Read(byte[], int, int)' (https://learn.microsoft.com/dotnet/fundamentals/code-analysis/quality-rules/ca2022) [C:\Projects\BlueSky\backend\BSkyClone.csproj]
C:\Projects\BlueSky\backend\Utilities\CborUtils.cs(175,17): warning CA2022: Avoid inexact read with 'System.IO.Stream.Read(byte[], int, int)' (https://learn.microsoft.com/dotnet/fundamentals/code-analysis/quality-rules/ca2022) [C:\Projects\BlueSky\backend\BSkyClone.csproj]
C:\Projects\BlueSky\backend\Utilities\CborUtils.cs(185,13): warning CA2022: Avoid inexact read with 'System.IO.Stream.Read(byte[], int, int)' (https://learn.microsoft.com/dotnet/fundamentals/code-analysis/quality-rules/ca2022) [C:\Projects\BlueSky\backend\BSkyClone.csproj]

Build FAILED.

C:\Projects\BlueSky\backend\BSkyClone.csproj : warning NU1903: Package 'SixLabors.ImageSharp' 3.1.6 has a known high severity vulnerability, https://github.com/advisories/GHSA-2cmq-823j-5qj8
C:\Projects\BlueSky\backend\BSkyClone.csproj : warning NU1902: Package 'SixLabors.ImageSharp' 3.1.6 has a known moderate severity vulnerability, https://github.com/advisories/GHSA-rxmq-m78w-7wmc
C:\Projects\BlueSky\backend\BSkyClone.csproj : warning NU1903: Package 'SixLabors.ImageSharp' 3.1.6 has a known high severity vulnerability, https://github.com/advisories/GHSA-2cmq-823j-5qj8
C:\Projects\BlueSky\backend\BSkyClone.csproj : warning NU1902: Package 'SixLabors.ImageSharp' 3.1.6 has a known moderate severity vulnerability, https://github.com/advisories/GHSA-rxmq-m78w-7wmc
C:\Projects\BlueSky\backend\Lexicons\App\Bsky\Actor\Defs.cs(50,24): warning CS0108: 'ProfileViewDetailed.IndexedAt' hides inherited member 'ProfileView.IndexedAt'. Use the new keyword if hiding was intended. [C:\Projects\BlueSky\backend\BSkyClone.csproj]
C:\Projects\BlueSky\backend\Services\PostService.cs(2306,31): warning CS8613: Nullability of reference types in return type of 'Task<object> PostService.GetPostThreadAsync(string uri, int depth, int parentHeight, Guid? viewerId = null)' doesn't match implicitly implemented member 'Task<object?> IPostService.GetPostThreadAsync(string uri, int depth, int parentHeight, Guid? viewerId = null)'. [C:\Projects\BlueSky\backend\BSkyClone.csproj]
C:\Projects\BlueSky\backend\test_profile.cs(9,17): warning CS7022: The entry point of the program is global code; ignoring 'TestProfileScript.Main()' entry point. [C:\Projects\BlueSky\backend\BSkyClone.csproj]
C:\Projects\BlueSky\backend\test_remote_follows.cs(14,23): warning CS7022: The entry point of the program is global code; ignoring 'TestRemoteFollowsScript.Main()' entry point. [C:\Projects\BlueSky\backend\BSkyClone.csproj]
C:\Projects\BlueSky\backend\Middleware\XrpcMiddleware.cs(37,28): warning CS1998: This async method lacks 'await' operators and will run synchronously. Consider using the 'await' operator to await non-blocking API calls, or 'await Task.Run(...)' to do CPU-bound work on a background thread. [C:\Projects\BlueSky\backend\BSkyClone.csproj]
C:\Projects\BlueSky\backend\Utilities\MstService.cs(26,23): warning CS8618: Non-nullable property 'LeftChild' must contain a non-null value when exiting constructor. Consider adding the 'required' modifier or declaring the property as nullable. [C:\Projects\BlueSky\backend\BSkyClone.csproj]
C:\Projects\BlueSky\backend\Utilities\MstService.cs(15,23): warning CS8618: Non-nullable property 'Key' must contain a non-null value when exiting constructor. Consider adding the 'required' modifier or declaring the property as nullable. [C:\Projects\BlueSky\backend\BSkyClone.csproj]
C:\Projects\BlueSky\backend\Utilities\MstService.cs(16,23): warning CS8618: Non-nullable property 'Value' must contain a non-null value when exiting constructor. Consider adding the 'required' modifier or declaring the property as nullable. [C:\Projects\BlueSky\backend\BSkyClone.csproj]
C:\Projects\BlueSky\backend\Utilities\MstService.cs(17,23): warning CS8618: Non-nullable property 'Subtree' must contain a non-null value when exiting constructor. Consider adding the 'required' modifier or declaring the property as nullable. [C:\Projects\BlueSky\backend\BSkyClone.csproj]
C:\Projects\BlueSky\backend\Utilities\MstService.cs(21,23): warning CS8618: Non-nullable property 'KeySuffix' must contain a non-null value when exiting constructor. Consider adding the 'required' modifier or declaring the property as nullable. [C:\Projects\BlueSky\backend\BSkyClone.csproj]
C:\Projects\BlueSky\backend\Utilities\MstService.cs(46,30): warning CS8600: Converting null literal or possible null value to non-nullable type. [C:\Projects\BlueSky\backend\BSkyClone.csproj]
C:\Projects\BlueSky\backend\Utilities\MstService.cs(49,54): warning CS8604: Possible null reference argument for parameter 'nodeCid' in 'Task<string> MstService.InsertRecursiveAsync(string nodeCid, string key, string value, int keyLevel, string did)'. [C:\Projects\BlueSky\backend\BSkyClone.csproj]
C:\Projects\BlueSky\backend\Utilities\MstService.cs(62,30): warning CS8600: Converting null literal or possible null value to non-nullable type. [C:\Projects\BlueSky\backend\BSkyClone.csproj]
C:\Projects\BlueSky\backend\Utilities\MstService.cs(64,54): warning CS8604: Possible null reference argument for parameter 'nodeCid' in 'Task<string> MstService.DeleteRecursiveAsync(string nodeCid, string key, string did)'. [C:\Projects\BlueSky\backend\BSkyClone.csproj]
C:\Projects\BlueSky\backend\Utilities\MstService.cs(75,38): warning CS8603: Possible null reference return. [C:\Projects\BlueSky\backend\BSkyClone.csproj]
C:\Projects\BlueSky\backend\Utilities\MstTestRunner.cs(54,32): warning CS8600: Converting null literal or possible null value to non-nullable type. [C:\Projects\BlueSky\backend\BSkyClone.csproj]
C:\Projects\BlueSky\backend\Utilities\MstTestRunner.cs(79,32): warning CS8600: Converting null literal or possible null value to non-nullable type. [C:\Projects\BlueSky\backend\BSkyClone.csproj]
C:\Projects\BlueSky\backend\Utilities\MstTestRunner.cs(111,29): warning CS8604: Possible null reference argument for parameter 'item' in 'void List<string>.Add(string item)'. [C:\Projects\BlueSky\backend\BSkyClone.csproj]
C:\Projects\BlueSky\backend\Utilities\CborUtils.cs(137,48): warning CS8603: Possible null reference return. [C:\Projects\BlueSky\backend\BSkyClone.csproj]
C:\Projects\BlueSky\backend\Utilities\CborUtils.cs(138,48): warning CS8603: Possible null reference return. [C:\Projects\BlueSky\backend\BSkyClone.csproj]
C:\Projects\BlueSky\backend\Utilities\CborUtils.cs(148,32): warning CS8603: Possible null reference return. [C:\Projects\BlueSky\backend\BSkyClone.csproj]
C:\Projects\BlueSky\backend\Utilities\MstService.cs(228,55): warning CS8619: Nullability of reference types in value of type '(string?, string?)' doesn't match target type '(string left, string right)'. [C:\Projects\BlueSky\backend\BSkyClone.csproj]
C:\Projects\BlueSky\backend\Utilities\MstService.cs(231,38): warning CS8619: Nullability of reference types in value of type '(string?, string?)' doesn't match target type '(string left, string right)'. [C:\Projects\BlueSky\backend\BSkyClone.csproj]
C:\Projects\BlueSky\backend\Utilities\MstService.cs(266,51): warning CS8603: Possible null reference return. [C:\Projects\BlueSky\backend\BSkyClone.csproj]
C:\Projects\BlueSky\backend\Utilities\MstService.cs(268,39): warning CS8603: Possible null reference return. [C:\Projects\BlueSky\backend\BSkyClone.csproj]
C:\Projects\BlueSky\backend\Utilities\MstService.cs(277,38): warning CS8603: Possible null reference return. [C:\Projects\BlueSky\backend\BSkyClone.csproj]
C:\Projects\BlueSky\backend\Utilities\MstService.cs(278,89): warning CS8603: Possible null reference return. [C:\Projects\BlueSky\backend\BSkyClone.csproj]
C:\Projects\BlueSky\backend\Utilities\MstService.cs(379,38): warning CS8603: Possible null reference return. [C:\Projects\BlueSky\backend\BSkyClone.csproj]
C:\Projects\BlueSky\backend\Utilities\MstService.cs(382,71): warning CS8601: Possible null reference assignment. [C:\Projects\BlueSky\backend\BSkyClone.csproj]
C:\Projects\BlueSky\backend\Utilities\MstService.cs(392,36): warning CS8600: Converting null literal or possible null value to non-nullable type. [C:\Projects\BlueSky\backend\BSkyClone.csproj]
C:\Projects\BlueSky\backend\Utilities\MstService.cs(398,37): warning CS8601: Possible null reference assignment. [C:\Projects\BlueSky\backend\BSkyClone.csproj]
C:\Projects\BlueSky\backend\Utilities\MstService.cs(399,39): warning CS8601: Possible null reference assignment. [C:\Projects\BlueSky\backend\BSkyClone.csproj]
C:\Projects\BlueSky\backend\Utilities\MstService.cs(401,41): warning CS8601: Possible null reference assignment. [C:\Projects\BlueSky\backend\BSkyClone.csproj]
C:\Projects\BlueSky\backend\Program.cs(768,115): warning CS8604: Possible null reference argument for parameter 'valueCid' in 'Task<string> MstService.UpdateRecordAsync(string did, string key, string valueCid)'. [C:\Projects\BlueSky\backend\BSkyClone.csproj]
C:\Projects\BlueSky\backend\Program.cs(772,115): warning CS8604: Possible null reference argument for parameter 'valueCid' in 'Task<string> MstService.UpdateRecordAsync(string did, string key, string valueCid)'. [C:\Projects\BlueSky\backend\BSkyClone.csproj]
C:\Projects\BlueSky\backend\Program.cs(776,120): warning CS8604: Possible null reference argument for parameter 'valueCid' in 'Task<string> MstService.UpdateRecordAsync(string did, string key, string valueCid)'. [C:\Projects\BlueSky\backend\BSkyClone.csproj]
C:\Projects\BlueSky\backend\Program.cs(780,119): warning CS8604: Possible null reference argument for parameter 'valueCid' in 'Task<string> MstService.UpdateRecordAsync(string did, string key, string valueCid)'. [C:\Projects\BlueSky\backend\BSkyClone.csproj]
C:\Projects\BlueSky\backend\Services\ChatProxyService.cs(149,17): warning CS8625: Cannot convert null literal to non-nullable reference type. [C:\Projects\BlueSky\backend\BSkyClone.csproj]
C:\Projects\BlueSky\backend\Services\FirehoseService.cs(106,46): warning CS8604: Possible null reference argument for parameter 'body' in 'Task FirehoseService.HandleCommitEventAsync(Dictionary<string, object> body)'. [C:\Projects\BlueSky\backend\BSkyClone.csproj]
C:\Projects\BlueSky\backend\Services\PlcService.cs(77,33): warning CS1998: This async method lacks 'await' operators and will run synchronously. Consider using the 'await' operator to await non-blocking API calls, or 'await Task.Run(...)' to do CPU-bound work on a background thread. [C:\Projects\BlueSky\backend\BSkyClone.csproj]
C:\Projects\BlueSky\backend\Services\ML\MLModelService.cs(243,59): warning CS1998: This async method lacks 'await' operators and will run synchronously. Consider using the 'await' operator to await non-blocking API calls, or 'await Task.Run(...)' to do CPU-bound work on a background thread. [C:\Projects\BlueSky\backend\BSkyClone.csproj]
C:\Projects\BlueSky\backend\Services\ML\MLModelService.cs(287,51): warning CS1998: This async method lacks 'await' operators and will run synchronously. Consider using the 'await' operator to await non-blocking API calls, or 'await Task.Run(...)' to do CPU-bound work on a background thread. [C:\Projects\BlueSky\backend\BSkyClone.csproj]
C:\Projects\BlueSky\backend\Services\ML\MLModelService.cs(335,59): warning CS1998: This async method lacks 'await' operators and will run synchronously. Consider using the 'await' operator to await non-blocking API calls, or 'await Task.Run(...)' to do CPU-bound work on a background thread. [C:\Projects\BlueSky\backend\BSkyClone.csproj]
C:\Projects\BlueSky\backend\Services\ML\MLModelService.cs(375,32): warning CS1998: This async method lacks 'await' operators and will run synchronously. Consider using the 'await' operator to await non-blocking API calls, or 'await Task.Run(...)' to do CPU-bound work on a background thread. [C:\Projects\BlueSky\backend\BSkyClone.csproj]
C:\Projects\BlueSky\backend\Services\PostService.cs(682,78): warning CS8604: Possible null reference argument for parameter 'key' in 'bool Dictionary<string, JsonElement>.TryGetValue(string key, out JsonElement value)'. [C:\Projects\BlueSky\backend\BSkyClone.csproj]
C:\Projects\BlueSky\backend\Services\PostService.cs(707,65): warning CS8601: Possible null reference assignment. [C:\Projects\BlueSky\backend\BSkyClone.csproj]
C:\Projects\BlueSky\backend\Services\PostService.cs(717,77): warning CS8604: Possible null reference argument for parameter 'key' in 'bool Dictionary<string, JsonElement>.TryGetValue(string key, out JsonElement value)'. [C:\Projects\BlueSky\backend\BSkyClone.csproj]
C:\Projects\BlueSky\backend\Services\PostService.cs(739,112): warning CS8601: Possible null reference assignment. [C:\Projects\BlueSky\backend\BSkyClone.csproj]
C:\Projects\BlueSky\backend\Services\PostService.cs(772,21): warning CS8602: Dereference of a possibly null reference. [C:\Projects\BlueSky\backend\BSkyClone.csproj]
C:\Projects\BlueSky\backend\Services\PostService.cs(2308,47): warning CS8603: Possible null reference return. [C:\Projects\BlueSky\backend\BSkyClone.csproj]
C:\Projects\BlueSky\backend\Services\PostService.cs(2312,50): warning CS8603: Possible null reference return. [C:\Projects\BlueSky\backend\BSkyClone.csproj]
C:\Projects\BlueSky\backend\Services\PostService.cs(2315,42): warning CS8603: Possible null reference return. [C:\Projects\BlueSky\backend\BSkyClone.csproj]
C:\Projects\BlueSky\backend\Services\PostService.cs(2378,30): warning CS8600: Converting null literal or possible null value to non-nullable type. [C:\Projects\BlueSky\backend\BSkyClone.csproj]
C:\Projects\BlueSky\backend\Services\PostService.cs(2417,72): warning CS8600: Converting null literal or possible null value to non-nullable type. [C:\Projects\BlueSky\backend\BSkyClone.csproj]
C:\Projects\BlueSky\backend\Services\PostService.cs(2424,43): warning CS8604: Possible null reference argument for parameter 'item' in 'void List<JToken>.Add(JToken item)'. [C:\Projects\BlueSky\backend\BSkyClone.csproj]
C:\Projects\BlueSky\backend\Services\PostService.cs(2425,33): warning CS8602: Dereference of a possibly null reference. [C:\Projects\BlueSky\backend\BSkyClone.csproj]
C:\Projects\BlueSky\backend\Services\PostService.cs(2425,74): warning CS8602: Dereference of a possibly null reference. [C:\Projects\BlueSky\backend\BSkyClone.csproj]
C:\Projects\BlueSky\backend\Services\PostService.cs(2425,74): warning CS8602: Dereference of a possibly null reference. [C:\Projects\BlueSky\backend\BSkyClone.csproj]
C:\Projects\BlueSky\backend\Services\PostService.cs(2427,53): warning CS8602: Dereference of a possibly null reference. [C:\Projects\BlueSky\backend\BSkyClone.csproj]
C:\Projects\BlueSky\backend\Services\PostService.cs(2427,66): warning CS8604: Possible null reference argument for parameter 'obj' in 'void Action<JToken>.Invoke(JToken obj)'. [C:\Projects\BlueSky\backend\BSkyClone.csproj]
C:\Projects\BlueSky\backend\Services\PostService.cs(2430,51): warning CS8602: Dereference of a possibly null reference. [C:\Projects\BlueSky\backend\BSkyClone.csproj]
C:\Projects\BlueSky\backend\Services\PostService.cs(2430,68): warning CS8602: Dereference of a possibly null reference. [C:\Projects\BlueSky\backend\BSkyClone.csproj]
C:\Projects\BlueSky\backend\Services\PostService.cs(2449,34): warning CS8604: Possible null reference argument for parameter 'obj' in 'void Action<JToken>.Invoke(JToken obj)'. [C:\Projects\BlueSky\backend\BSkyClone.csproj]
C:\Projects\BlueSky\backend\Services\PostService.cs(2455,58): warning CS8604: Possible null reference argument for parameter 'item' in 'bool List<string>.Contains(string item)'. [C:\Projects\BlueSky\backend\BSkyClone.csproj]
C:\Projects\BlueSky\backend\Services\PostService.cs(2509,65): warning CS8604: Possible null reference argument for parameter 't' in 'int parseInt(JToken t)'. [C:\Projects\BlueSky\backend\BSkyClone.csproj]
C:\Projects\BlueSky\backend\Services\PostService.cs(2514,65): warning CS8604: Possible null reference argument for parameter 't' in 'int parseInt(JToken t)'. [C:\Projects\BlueSky\backend\BSkyClone.csproj]
C:\Projects\BlueSky\backend\Services\PostService.cs(2519,66): warning CS8604: Possible null reference argument for parameter 't' in 'int parseInt(JToken t)'. [C:\Projects\BlueSky\backend\BSkyClone.csproj]
C:\Projects\BlueSky\backend\Services\PostService.cs(2524,65): warning CS8604: Possible null reference argument for parameter 't' in 'int parseInt(JToken t)'. [C:\Projects\BlueSky\backend\BSkyClone.csproj]
C:\Projects\BlueSky\backend\Services\PostService.cs(2533,45): warning CS8602: Dereference of a possibly null reference. [C:\Projects\BlueSky\backend\BSkyClone.csproj]
C:\Projects\BlueSky\backend\Services\PostService.cs(2536,45): warning CS8602: Dereference of a possibly null reference. [C:\Projects\BlueSky\backend\BSkyClone.csproj]
C:\Projects\BlueSky\backend\Services\PostService.cs(2555,69): warning CS8604: Possible null reference argument for parameter 'source' in 'IEnumerable<string?> Enumerable.Select<JToken, string?>(IEnumerable<JToken> source, Func<JToken, string?> selector)'. [C:\Projects\BlueSky\backend\BSkyClone.csproj]
C:\Projects\BlueSky\backend\Services\PostService.cs(2580,54): warning CS8600: Converting null literal or possible null value to non-nullable type. [C:\Projects\BlueSky\backend\BSkyClone.csproj]
C:\Projects\BlueSky\backend\Services\PostService.cs(2580,54): warning CS8602: Dereference of a possibly null reference. [C:\Projects\BlueSky\backend\BSkyClone.csproj]
C:\Projects\BlueSky\backend\Services\PostService.cs(2592,28): warning CS8603: Possible null reference return. [C:\Projects\BlueSky\backend\BSkyClone.csproj]
C:\Projects\BlueSky\backend\Services\PostService.cs(2597,28): warning CS8603: Possible null reference return. [C:\Projects\BlueSky\backend\BSkyClone.csproj]
C:\Projects\BlueSky\backend\Services\PostService.cs(2601,20): warning CS8603: Possible null reference return. [C:\Projects\BlueSky\backend\BSkyClone.csproj]
C:\Projects\BlueSky\backend\Services\PostService.cs(2606,20): warning CS8603: Possible null reference return. [C:\Projects\BlueSky\backend\BSkyClone.csproj]
C:\Projects\BlueSky\backend\Services\PostService.cs(4541,98): warning CS8604: Possible null reference argument for parameter 'path4' in 'string Path.Combine(string path1, string path2, string path3, string path4)'. [C:\Projects\BlueSky\backend\BSkyClone.csproj]
C:\Projects\BlueSky\backend\Services\PostService.cs(4759,29): warning CS8602: Dereference of a possibly null reference. [C:\Projects\BlueSky\backend\BSkyClone.csproj]
C:\Projects\BlueSky\backend\Services\PostService.cs(4760,27): warning CS8602: Dereference of a possibly null reference. [C:\Projects\BlueSky\backend\BSkyClone.csproj]
C:\Projects\BlueSky\backend\Utilities\CarUtils.cs(79,19): warning CA2022: Avoid inexact read with 'System.IO.Stream.ReadAsync(byte[], int, int)' (https://learn.microsoft.com/dotnet/fundamentals/code-analysis/quality-rules/ca2022) [C:\Projects\BlueSky\backend\BSkyClone.csproj]
C:\Projects\BlueSky\backend\Utilities\CarUtils.cs(94,23): warning CA2022: Avoid inexact read with 'System.IO.Stream.ReadAsync(byte[], int, int)' (https://learn.microsoft.com/dotnet/fundamentals/code-analysis/quality-rules/ca2022) [C:\Projects\BlueSky\backend\BSkyClone.csproj]
C:\Projects\BlueSky\backend\Utilities\CborUtils.cs(147,25): warning CA2022: Avoid inexact read with 'System.IO.Stream.Read(byte[], int, int)' (https://learn.microsoft.com/dotnet/fundamentals/code-analysis/quality-rules/ca2022) [C:\Projects\BlueSky\backend\BSkyClone.csproj]
C:\Projects\BlueSky\backend\Utilities\CborUtils.cs(163,17): warning CA2022: Avoid inexact read with 'System.IO.Stream.Read(byte[], int, int)' (https://learn.microsoft.com/dotnet/fundamentals/code-analysis/quality-rules/ca2022) [C:\Projects\BlueSky\backend\BSkyClone.csproj]
C:\Projects\BlueSky\backend\Utilities\CborUtils.cs(169,17): warning CA2022: Avoid inexact read with 'System.IO.Stream.Read(byte[], int, int)' (https://learn.microsoft.com/dotnet/fundamentals/code-analysis/quality-rules/ca2022) [C:\Projects\BlueSky\backend\BSkyClone.csproj]
C:\Projects\BlueSky\backend\Utilities\CborUtils.cs(175,17): warning CA2022: Avoid inexact read with 'System.IO.Stream.Read(byte[], int, int)' (https://learn.microsoft.com/dotnet/fundamentals/code-analysis/quality-rules/ca2022) [C:\Projects\BlueSky\backend\BSkyClone.csproj]
C:\Projects\BlueSky\backend\Utilities\CborUtils.cs(185,13): warning CA2022: Avoid inexact read with 'System.IO.Stream.Read(byte[], int, int)' (https://learn.microsoft.com/dotnet/fundamentals/code-analysis/quality-rules/ca2022) [C:\Projects\BlueSky\backend\BSkyClone.csproj]
C:\Projects\BlueSky\backend\Services\ChatService.cs(36,45): error CS1061: 'IDistributedCache' does not contain a definition for 'GetStringAsync' and no accessible extension method 'GetStringAsync' accepting a first argument of type 'IDistributedCache' could be found (are you missing a using directive or an assembly reference?) [C:\Projects\BlueSky\backend\BSkyClone.csproj]
C:\Projects\BlueSky\backend\Services\ChatService.cs(63,45): error CS1061: 'IDistributedCache' does not contain a definition for 'GetStringAsync' and no accessible extension method 'GetStringAsync' accepting a first argument of type 'IDistributedCache' could be found (are you missing a using directive or an assembly reference?) [C:\Projects\BlueSky\backend\BSkyClone.csproj]
C:\Projects\BlueSky\backend\Services\ChatProxyService.cs(120,89): error CS1061: 'ChatProxyService.BlueskyMember' does not contain a definition for 'Email' and no accessible extension method 'Email' accepting a first argument of type 'ChatProxyService.BlueskyMember' could be found (are you missing a using directive or an assembly reference?) [C:\Projects\BlueSky\backend\BSkyClone.csproj]
C:\Projects\BlueSky\backend\Services\ChatService.cs(89,45): error CS1061: 'IDistributedCache' does not contain a definition for 'GetStringAsync' and no accessible extension method 'GetStringAsync' accepting a first argument of type 'IDistributedCache' could be found (are you missing a using directive or an assembly reference?) [C:\Projects\BlueSky\backend\BSkyClone.csproj]
C:\Projects\BlueSky\backend\Services\ChatService.cs(123,25): error CS0019: Operator '==' cannot be applied to operands of type 'Guid' and 'string' [C:\Projects\BlueSky\backend\BSkyClone.csproj]
C:\Projects\BlueSky\backend\Services\ChatService.cs(148,45): error CS1061: 'IDistributedCache' does not contain a definition for 'GetStringAsync' and no accessible extension method 'GetStringAsync' accepting a first argument of type 'IDistributedCache' could be found (are you missing a using directive or an assembly reference?) [C:\Projects\BlueSky\backend\BSkyClone.csproj]
C:\Projects\BlueSky\backend\Services\ChatService.cs(217,45): error CS1061: 'IDistributedCache' does not contain a definition for 'GetStringAsync' and no accessible extension method 'GetStringAsync' accepting a first argument of type 'IDistributedCache' could be found (are you missing a using directive or an assembly reference?) [C:\Projects\BlueSky\backend\BSkyClone.csproj]
C:\Projects\BlueSky\backend\Services\ChatService.cs(475,45): error CS1061: 'IDistributedCache' does not contain a definition for 'GetStringAsync' and no accessible extension method 'GetStringAsync' accepting a first argument of type 'IDistributedCache' could be found (are you missing a using directive or an assembly reference?) [C:\Projects\BlueSky\backend\BSkyClone.csproj]
C:\Projects\BlueSky\backend\Services\ChatService.cs(500,45): error CS1061: 'IDistributedCache' does not contain a definition for 'GetStringAsync' and no accessible extension method 'GetStringAsync' accepting a first argument of type 'IDistributedCache' could be found (are you missing a using directive or an assembly reference?) [C:\Projects\BlueSky\backend\BSkyClone.csproj]
    91 Warning(s)
    9 Error(s)

Time Elapsed 00:00:18.59

Workload updates are available. Run `dotnet workload list` for more information.
