C:\Projects\BlueSky\backend\Services\PostService.cs(3942,25): error CS0128: A local variable or function named 'threadNode' is already defined in this scope [C:\Projects\BlueSky\backend\BSkyClone.csproj]

Build FAILED.
    80 Warning(s)
    1 Error(s)

Time Elapsed 00:00:06.34

Workload updates are available. Run `dotnet workload list` for more information.
