  Determining projects to restore...
C:\Projects\BlueSky\backend\BSkyClone.csproj : warning NU1903: Package 'SixLabors.ImageSharp' 3.1.6 has a known high severity vulnerability, https://github.com/advisories/GHSA-2cmq-823j-5qj8 [C:\Projects\BlueSky\backend\BSkyClone.sln]
C:\Projects\BlueSky\backend\BSkyClone.csproj : warning NU1902: Package 'SixLabors.ImageSharp' 3.1.6 has a known moderate severity vulnerability, https://github.com/advisories/GHSA-rxmq-m78w-7wmc [C:\Projects\BlueSky\backend\BSkyClone.sln]
  All projects are up-to-date for restore.
C:\Projects\BlueSky\backend\BSkyClone.csproj : warning NU1903: Package 'SixLabors.ImageSharp' 3.1.6 has a known high severity vulnerability, https://github.com/advisories/GHSA-2cmq-823j-5qj8
C:\Projects\BlueSky\backend\BSkyClone.csproj : warning NU1902: Package 'SixLabors.ImageSharp' 3.1.6 has a known moderate severity vulnerability, https://github.com/advisories/GHSA-rxmq-m78w-7wmc
C:\Projects\BlueSky\backend\Lexicons\App\Bsky\Actor\Defs.cs(50,24): warning CS0108: 'ProfileViewDetailed.IndexedAt' hides inherited member 'ProfileView.IndexedAt'. Use the new keyword if hiding was intended. [C:\Projects\BlueSky\backend\BSkyClone.csproj]
C:\Projects\BlueSky\backend\Controllers\PostsController.cs(19,22): error CS0246: The type or namespace name 'BSkyDbContext' could not be found (are you missing a using directive or an assembly reference?) [C:\Projects\BlueSky\backend\BSkyClone.csproj]
C:\Projects\BlueSky\backend\Controllers\PostsController.cs(21,111): error CS0246: The type or namespace name 'BSkyDbContext' could not be found (are you missing a using directive or an assembly reference?) [C:\Projects\BlueSky\backend\BSkyClone.csproj]
C:\Projects\BlueSky\backend\Services\PostService.cs(2172,31): warning CS8613: Nullability of reference types in return type of 'Task<object> PostService.GetPostThreadAsync(string uri, int depth, int parentHeight, Guid? viewerId = null)' doesn't match implicitly implemented member 'Task<object?> IPostService.GetPostThreadAsync(string uri, int depth, int parentHeight, Guid? viewerId = null)'. [C:\Projects\BlueSky\backend\BSkyClone.csproj]

Build FAILED.

C:\Projects\BlueSky\backend\BSkyClone.csproj : warning NU1903: Package 'SixLabors.ImageSharp' 3.1.6 has a known high severity vulnerability, https://github.com/advisories/GHSA-2cmq-823j-5qj8 [C:\Projects\BlueSky\backend\BSkyClone.sln]
C:\Projects\BlueSky\backend\BSkyClone.csproj : warning NU1902: Package 'SixLabors.ImageSharp' 3.1.6 has a known moderate severity vulnerability, https://github.com/advisories/GHSA-rxmq-m78w-7wmc [C:\Projects\BlueSky\backend\BSkyClone.sln]
C:\Projects\BlueSky\backend\BSkyClone.csproj : warning NU1903: Package 'SixLabors.ImageSharp' 3.1.6 has a known high severity vulnerability, https://github.com/advisories/GHSA-2cmq-823j-5qj8
C:\Projects\BlueSky\backend\BSkyClone.csproj : warning NU1902: Package 'SixLabors.ImageSharp' 3.1.6 has a known moderate severity vulnerability, https://github.com/advisories/GHSA-rxmq-m78w-7wmc
C:\Projects\BlueSky\backend\Lexicons\App\Bsky\Actor\Defs.cs(50,24): warning CS0108: 'ProfileViewDetailed.IndexedAt' hides inherited member 'ProfileView.IndexedAt'. Use the new keyword if hiding was intended. [C:\Projects\BlueSky\backend\BSkyClone.csproj]
C:\Projects\BlueSky\backend\Services\PostService.cs(2172,31): warning CS8613: Nullability of reference types in return type of 'Task<object> PostService.GetPostThreadAsync(string uri, int depth, int parentHeight, Guid? viewerId = null)' doesn't match implicitly implemented member 'Task<object?> IPostService.GetPostThreadAsync(string uri, int depth, int parentHeight, Guid? viewerId = null)'. [C:\Projects\BlueSky\backend\BSkyClone.csproj]
C:\Projects\BlueSky\backend\Controllers\PostsController.cs(19,22): error CS0246: The type or namespace name 'BSkyDbContext' could not be found (are you missing a using directive or an assembly reference?) [C:\Projects\BlueSky\backend\BSkyClone.csproj]
C:\Projects\BlueSky\backend\Controllers\PostsController.cs(21,111): error CS0246: The type or namespace name 'BSkyDbContext' could not be found (are you missing a using directive or an assembly reference?) [C:\Projects\BlueSky\backend\BSkyClone.csproj]
    6 Warning(s)
    2 Error(s)

Time Elapsed 00:00:08.58

Workload updates are available. Run `dotnet workload list` for more information.
