  Determining projects to restore...
  All projects are up-to-date for restore.
C:\Projects\BlueSky\backend\Services\UserService.cs(193,39): error CS7036: There is no argument given that corresponds to the required parameter 'CreatedAt' of 'NotificationDto.NotificationDto(Guid, string, UserDto, Guid?, Guid?, bool, DateTime)' [C:\Projects\BlueSky\backend\BSkyClone.csproj]
C:\Projects\BlueSky\backend\Services\PostService.cs(508,39): error CS7036: There is no argument given that corresponds to the required parameter 'CreatedAt' of 'NotificationDto.NotificationDto(Guid, string, UserDto, Guid?, Guid?, bool, DateTime)' [C:\Projects\BlueSky\backend\BSkyClone.csproj]

Build FAILED.

C:\Projects\BlueSky\backend\Services\UserService.cs(193,39): error CS7036: There is no argument given that corresponds to the required parameter 'CreatedAt' of 'NotificationDto.NotificationDto(Guid, string, UserDto, Guid?, Guid?, bool, DateTime)' [C:\Projects\BlueSky\backend\BSkyClone.csproj]
C:\Projects\BlueSky\backend\Services\PostService.cs(508,39): error CS7036: There is no argument given that corresponds to the required parameter 'CreatedAt' of 'NotificationDto.NotificationDto(Guid, string, UserDto, Guid?, Guid?, bool, DateTime)' [C:\Projects\BlueSky\backend\BSkyClone.csproj]
    0 Warning(s)
    2 Error(s)

Time Elapsed 00:00:06.59

Workload updates are available. Run `dotnet workload list` for more information.
