  Determining projects to restore...
  All projects are up-to-date for restore.
C:\Projects\BlueSky\backend\Services\CacheService.cs(7,29): error CS0535: 'CacheService' does not implement interface member 'ICacheService.RemoveByPrefixAsync(string)' [C:\Projects\BlueSky\backend\BSkyClone.csproj]

Build FAILED.

C:\Projects\BlueSky\backend\Services\CacheService.cs(7,29): error CS0535: 'CacheService' does not implement interface member 'ICacheService.RemoveByPrefixAsync(string)' [C:\Projects\BlueSky\backend\BSkyClone.csproj]
    0 Warning(s)
    1 Error(s)

Time Elapsed 00:00:06.20

Workload updates are available. Run `dotnet workload list` for more information.
